 GetAddrInfo

 Timestamp is 5fb887c1 (Sat Nov 21 11:21:37 2020)

 Preferred load address is 0000000000000000

 Start         Length     Name                   Class
 0001:00000000 0000010cH .text                   CODE
 0001:0000010c 0001e8bfH .text$mn                CODE
 0002:00000000 00000580H .data                   DATA
 0002:00000580 00004920H .rdata                  DATA
 0002:00004ea0 00019b28H .bss                    DATA
 0002:0001e9c8 00000090H .rdata$zzzdbg           DATA
 0003:00000000 0000108cH .pdata                  DATA
 0004:00000000 00000aa0H .xdata                  DATA

  Address         Publics by Value              Rva+Base               Lib:Object

 0000:00000000       __dynamic_value_reloc_table 0000000000000000     <absolute>
 0000:00000000       __guard_iat_count          0000000000000000     <absolute>
 0000:00000000       __guard_iat_table          0000000000000000     <absolute>
 0000:00000000       __guard_longjmp_table      0000000000000000     <absolute>
 0000:00000000       __guard_longjmp_count      0000000000000000     <absolute>
 0000:00000000       __guard_fids_count         0000000000000000     <absolute>
 0000:00000000       __guard_fids_table         0000000000000000     <absolute>
 0000:00000000       __guard_flags              0000000000000000     <absolute>
 0000:00000000       __ImageBase                0000000000000000     <linker-defined>
 0001:00000000       SetJump                    00000000000002a0     BaseLib:SetJump.obj
 0001:00000090       InternalLongJump           0000000000000330     BaseLib:LongJump.obj
 0001:0000010c       _ModuleEntryPoint          00000000000003ac f   UefiApplicationEntryPoint:ApplicationEntryPoint.obj
 0001:00000154       UefiBootServicesTableLibConstructor 00000000000003f4 f   UefiBootServicesTableLib:UefiBootServicesTableLib.obj
 0001:00000170       ProcessLibraryConstructorList 0000000000000410 f   GetAddrInfo:AutoGen.obj
 0001:00000628       ProcessLibraryDestructorList 00000000000008c8 f   GetAddrInfo:AutoGen.obj
 0001:000008cc       ProcessModuleEntryPointList 0000000000000b6c f   GetAddrInfo:AutoGen.obj
 0001:000008f0       DebugPrint                 0000000000000b90 f   BaseDebugLibNull:DebugLib.obj
 0001:000008fc       DebugAssert                0000000000000b9c f   BaseDebugLibNull:DebugLib.obj
 0001:00000900       DebugPrintEnabled          0000000000000ba0 f   BaseDebugLibNull:DebugLib.obj
 0001:00000900       DebugAssertEnabled         0000000000000ba0 f   BaseDebugLibNull:DebugLib.obj
 0001:00000900       DebugPrintLevelEnabled     0000000000000ba0 f   BaseDebugLibNull:DebugLib.obj
 0001:00000904       ShellCEntryLib             0000000000000ba4 f   UefiShellCEntryLib:UefiShellCEntryLib.obj
 0001:000009b8       exitCleanup                0000000000000c58 f   LibC:Main.obj
 0001:00000a24       ShellAppMain               0000000000000cc4 f   LibC:Main.obj
 0001:00000ca8       __wchar_construct          0000000000000f48 f   LibWchar:ConsDecons.obj
 0001:00000cfc       __wchar_deconstruct        0000000000000f9c f   LibWchar:ConsDecons.obj
 0001:000010d0       da_ConOpen                 0000000000001370 f   DevConsole:daConsole.obj
 0001:0000131c       __Cons_construct           00000000000015bc f   DevConsole:daConsole.obj
 0001:00001524       __Cons_deconstruct         00000000000017c4 f   DevConsole:daConsole.obj
 0001:00001594       UefiRuntimeServicesTableLibConstructor 0000000000001834 f   UefiRuntimeServicesTableLib:UefiRuntimeServicesTableLib.obj
 0001:000015a4       fnullop_flush              0000000000001844 f   DevUtility:DevGenisis.obj
 0001:000015a4       UefiLibConstructor         0000000000001844 f   UefiLib:UefiLib.obj
 0001:000015a4       fnullop_fcntl              0000000000001844 f   DevUtility:DevGenisis.obj
 0001:000015a8       EfiGetCurrentTpl           0000000000001848 f   UefiLib:UefiLib.obj
 0001:000015d8       InternalPrint              0000000000001878 f   UefiLib:UefiLibPrint.obj
 0001:00001660       Print                      0000000000001900 f   UefiLib:UefiLibPrint.obj
 0001:00001690       ShellFindSE2               0000000000001930 f   UefiShellLib:UefiShellLib.obj
 0001:00001840       ShellLibConstructorWorker  0000000000001ae0 f   UefiShellLib:UefiShellLib.obj
 0001:00001ae0       ShellLibConstructor        0000000000001d80 f   UefiShellLib:UefiShellLib.obj
 0001:00001b14       ShellLibDestructor         0000000000001db4 f   UefiShellLib:UefiShellLib.obj
 0001:00001c28       ShellOpenFileByDevicePath  0000000000001ec8 f   UefiShellLib:UefiShellLib.obj
 0001:00001e5c       ShellOpenFileByName        00000000000020fc f   UefiShellLib:UefiShellLib.obj
 0001:0000207c       ShellFindFirstFile         000000000000231c f   UefiShellLib:UefiShellLib.obj
 0001:00002160       ShellIsFile                0000000000002400 f   UefiShellLib:UefiShellLib.obj
 0001:000021b0       UefiHiiServicesLibConstructor 0000000000002450 f   UefiHiiServicesLib:UefiHiiServicesLib.obj
 0001:00002808       da_ShellOpen               0000000000002aa8 f   DevShell:daShell.obj
 0001:00002da8       __ctor_DevShell            0000000000003048 f   DevShell:daShell.obj
 0001:00002ea4       __dtor_DevShell            0000000000003144 f   DevShell:daShell.obj
 0001:00002ee4       EslConstructor             0000000000003184 f   EfiSocketLib:Init.obj
 0001:00002eec       EslDestructor              000000000000318c f   EfiSocketLib:Init.obj
 0001:00002ef4       EslServiceFreeProtocol     0000000000003194 f   EfiSocketLib:UseEfiSocketLib.obj
 0001:00002fcc       EslServiceNetworkConnect   000000000000326c f   EfiSocketLib:UseEfiSocketLib.obj
 0001:000030e4       EslServiceNetworkDisconnect 0000000000003384 f   EfiSocketLib:UseEfiSocketLib.obj
 0001:000032e4       EslServiceConnect          0000000000003584 f   EfiSocketLib:Service.obj
 0001:00003508       EslSocket                  00000000000037a8 f   EfiSocketLib:Socket.obj
 0001:00003634       EslSocketAccept            00000000000038d4 f   EfiSocketLib:Socket.obj
 0001:00003820       EslSocketAllocate          0000000000003ac0 f   EfiSocketLib:Socket.obj
 0001:000039b8       EslSocketBind              0000000000003c58 f   EfiSocketLib:Socket.obj
 0001:00003b48       EslSocketBindTest          0000000000003de8 f   EfiSocketLib:Socket.obj
 0001:00003bd0       EslSocketClosePoll         0000000000003e70 f   EfiSocketLib:Socket.obj
 0001:00003cd8       EslSocketCloseStart        0000000000003f78 f   EfiSocketLib:Socket.obj
 0001:00003dc0       EslSocketConnect           0000000000004060 f   EfiSocketLib:Socket.obj
 0001:00004040       EslSocketCopyFragmentedBuffer 00000000000042e0 f   EfiSocketLib:Socket.obj
 0001:000040dc       EslSocketGetLocalAddress   000000000000437c f   EfiSocketLib:Socket.obj
 0001:0000427c       EslSocketGetPeerAddress    000000000000451c f   EfiSocketLib:Socket.obj
 0001:00004430       EslSocketIoFree            00000000000046d0 f   EfiSocketLib:Socket.obj
 0001:00004494       EslSocketIoInit            0000000000004734 f   EfiSocketLib:Socket.obj
 0001:00004544       EslSocketIsConfigured      00000000000047e4 f   EfiSocketLib:Socket.obj
 0001:000045dc       EslSocketListen            000000000000487c f   EfiSocketLib:Socket.obj
 0001:0000475c       EslSocketOptionGet         00000000000049fc f   EfiSocketLib:Socket.obj
 0001:000048f4       EslSocketOptionSet         0000000000004b94 f   EfiSocketLib:Socket.obj
 0001:00004a58       EslSocketPacketAllocate    0000000000004cf8 f   EfiSocketLib:Socket.obj
 0001:00004adc       EslSocketPoll              0000000000004d7c f   EfiSocketLib:Socket.obj
 0001:00004c74       EslSocketPortAllocate      0000000000004f14 f   EfiSocketLib:Socket.obj
 0001:00004ef4       EslSocketPortClose         0000000000005194 f   EfiSocketLib:Socket.obj
 0001:00005100       EslSocketPortCloseComplete 00000000000053a0 f   EfiSocketLib:Socket.obj
 0001:00005158       EslSocketPortCloseRxDone   00000000000053f8 f   EfiSocketLib:Socket.obj
 0001:000051a0       EslSocketPortCloseStart    0000000000005440 f   EfiSocketLib:Socket.obj
 0001:00005208       EslSocketPortCloseTxDone   00000000000054a8 f   EfiSocketLib:Socket.obj
 0001:000052a4       EslSocketReceive           0000000000005544 f   EfiSocketLib:Socket.obj
 0001:0000573c       EslSocketRxComplete        00000000000059dc f   EfiSocketLib:Socket.obj
 0001:000058b8       EslSocketRxStart           0000000000005b58 f   EfiSocketLib:Socket.obj
 0001:00005a00       EslSocketShutdown          0000000000005ca0 f   EfiSocketLib:Socket.obj
 0001:00005b24       EslSocketTransmit          0000000000005dc4 f   EfiSocketLib:Socket.obj
 0001:00005cdc       EslSocketTxComplete        0000000000005f7c f   EfiSocketLib:Socket.obj
 0001:00005de0       EslSocketTxStart           0000000000006080 f   EfiSocketLib:Socket.obj
 0001:00005eb0       EslTcp6Accept              0000000000006150 f   EfiSocketLib:Tcp6.obj
 0001:00005f34       EslTcp6ConnectComplete     00000000000061d4 f   EfiSocketLib:Tcp6.obj
 0001:00005fcc       EslTcp6ConnectPoll         000000000000626c f   EfiSocketLib:Tcp6.obj
 0001:00005fcc       EslTcp4ConnectPoll         000000000000626c f   EfiSocketLib:Tcp4.obj
 0001:00006184       EslTcp6ConnectStart        0000000000006424 f   EfiSocketLib:Tcp6.obj
 0001:00006290       EslTcp6Listen              0000000000006530 f   EfiSocketLib:Tcp6.obj
 0001:0000648c       EslTcp6ListenComplete      000000000000672c f   EfiSocketLib:Tcp6.obj
 0001:00006670       EslTcp6LocalAddressGet     0000000000006910 f   EfiSocketLib:Tcp6.obj
 0001:000066b4       EslTcp6LocalAddressSet     0000000000006954 f   EfiSocketLib:Tcp6.obj
 0001:0000674c       EslTcp6PacketFree          00000000000069ec f   EfiSocketLib:Tcp6.obj
 0001:0000674c       EslTcp4PacketFree          00000000000069ec f   EfiSocketLib:Tcp4.obj
 0001:00006754       EslTcp6PortAllocate        00000000000069f4 f   EfiSocketLib:Tcp6.obj
 0001:00006844       EslTcp6PortClose           0000000000006ae4 f   EfiSocketLib:Tcp6.obj
 0001:00006898       EslTcp6PortCloseOp         0000000000006b38 f   EfiSocketLib:Tcp6.obj
 0001:000068b8       EslTcp6Receive             0000000000006b58 f   EfiSocketLib:Tcp6.obj
 0001:00006984       EslTcp6RemoteAddressGet    0000000000006c24 f   EfiSocketLib:Tcp6.obj
 0001:000069c8       EslTcp6RemoteAddressSet    0000000000006c68 f   EfiSocketLib:Tcp6.obj
 0001:00006a0c       EslTcp4RxComplete          0000000000006cac f   EfiSocketLib:Tcp4.obj
 0001:00006a0c       EslTcp6RxComplete          0000000000006cac f   EfiSocketLib:Tcp6.obj
 0001:00006a34       EslTcp6RxStart             0000000000006cd4 f   EfiSocketLib:Tcp6.obj
 0001:00006a34       EslTcp4RxStart             0000000000006cd4 f   EfiSocketLib:Tcp4.obj
 0001:00006a5c       EslTcp6SocketIsConfigured  0000000000006cfc f   EfiSocketLib:Tcp6.obj
 0001:00006a5c       EslTcp4SocketIsConfigured  0000000000006cfc f   EfiSocketLib:Tcp4.obj
 0001:00006a78       EslTcp4TxBuffer            0000000000006d18 f   EfiSocketLib:Tcp4.obj
 0001:00006a78       EslTcp6TxBuffer            0000000000006d18 f   EfiSocketLib:Tcp6.obj
 0001:00006c90       EslTcp4TxComplete          0000000000006f30 f   EfiSocketLib:Tcp4.obj
 0001:00006c90       EslTcp6TxComplete          0000000000006f30 f   EfiSocketLib:Tcp6.obj
 0001:00006ce4       EslTcp6TxOobComplete       0000000000006f84 f   EfiSocketLib:Tcp6.obj
 0001:00006ce4       EslTcp4TxOobComplete       0000000000006f84 f   EfiSocketLib:Tcp4.obj
 0001:00006d40       EslTcp6VerifyLocalIpAddress 0000000000006fe0 f   EfiSocketLib:Tcp6.obj
 0001:00006fc8       EslIp4LocalAddressGet      0000000000007268 f   EfiSocketLib:Ip4.obj
 0001:00006fe8       EslIp4LocalAddressSet      0000000000007288 f   EfiSocketLib:Ip4.obj
 0001:00007090       EslIp4OptionGet            0000000000007330 f   EfiSocketLib:Ip4.obj
 0001:000070c4       EslIp4OptionSet            0000000000007364 f   EfiSocketLib:Ip4.obj
 0001:000070e8       EslIp4PacketFree           0000000000007388 f   EfiSocketLib:Ip4.obj
 0001:0000710c       EslIp4PortAllocate         00000000000073ac f   EfiSocketLib:Ip4.obj
 0001:000071a4       EslIp4Receive              0000000000007444 f   EfiSocketLib:Ip4.obj
 0001:00007270       EslIp4RemoteAddressGet     0000000000007510 f   EfiSocketLib:Ip4.obj
 0001:00007290       EslIp4RemoteAddressSet     0000000000007530 f   EfiSocketLib:Ip4.obj
 0001:000072c8       EslIp4RxComplete           0000000000007568 f   EfiSocketLib:Ip4.obj
 0001:000072f0       EslIp4SocketIsConfigured   0000000000007590 f   EfiSocketLib:Ip4.obj
 0001:00007498       EslIp4TxBuffer             0000000000007738 f   EfiSocketLib:Ip4.obj
 0001:000076d0       EslUdp6TxComplete          0000000000007970 f   EfiSocketLib:Udp6.obj
 0001:000076d0       EslIp4TxComplete           0000000000007970 f   EfiSocketLib:Ip4.obj
 0001:00007730       EslIp4VerifyLocalIpAddress 00000000000079d0 f   EfiSocketLib:Ip4.obj
 0001:00007864       EslTcp4Accept              0000000000007b04 f   EfiSocketLib:Tcp4.obj
 0001:00007904       EslTcp4ConnectComplete     0000000000007ba4 f   EfiSocketLib:Tcp4.obj
 0001:0000799c       EslTcp4ConnectStart        0000000000007c3c f   EfiSocketLib:Tcp4.obj
 0001:00007aa4       EslTcp4Listen              0000000000007d44 f   EfiSocketLib:Tcp4.obj
 0001:00007ca0       EslTcp4ListenComplete      0000000000007f40 f   EfiSocketLib:Tcp4.obj
 0001:00007e78       EslTcp4LocalAddressGet     0000000000008118 f   EfiSocketLib:Tcp4.obj
 0001:00007ebc       EslTcp4LocalAddressSet     000000000000815c f   EfiSocketLib:Tcp4.obj
 0001:00007fcc       EslTcp4PortAllocate        000000000000826c f   EfiSocketLib:Tcp4.obj
 0001:000080bc       EslTcp4PortClose           000000000000835c f   EfiSocketLib:Tcp4.obj
 0001:00008110       EslTcp4PortCloseOp         00000000000083b0 f   EfiSocketLib:Tcp4.obj
 0001:00008130       EslTcp4Receive             00000000000083d0 f   EfiSocketLib:Tcp4.obj
 0001:000081fc       EslTcp4RemoteAddressGet    000000000000849c f   EfiSocketLib:Tcp4.obj
 0001:00008240       EslTcp4RemoteAddressSet    00000000000084e0 f   EfiSocketLib:Tcp4.obj
 0001:000082b4       EslTcp4VerifyLocalIpAddress 0000000000008554 f   EfiSocketLib:Tcp4.obj
 0001:000083e8       EslUdp4LocalAddressGet     0000000000008688 f   EfiSocketLib:Udp4.obj
 0001:0000842c       EslUdp4LocalAddressSet     00000000000086cc f   EfiSocketLib:Udp4.obj
 0001:00008530       EslUdp4PacketFree          00000000000087d0 f   EfiSocketLib:Udp4.obj
 0001:00008554       EslUdp4PortAllocate        00000000000087f4 f   EfiSocketLib:Udp4.obj
 0001:000085d4       EslUdp4Receive             0000000000008874 f   EfiSocketLib:Udp4.obj
 0001:00008670       EslUdp4RemoteAddressGet    0000000000008910 f   EfiSocketLib:Udp4.obj
 0001:000086b4       EslUdp4RemoteAddressSet    0000000000008954 f   EfiSocketLib:Udp4.obj
 0001:00008708       EslUdp4RxComplete          00000000000089a8 f   EfiSocketLib:Udp4.obj
 0001:0000872c       EslUdp4SocketIsConfigured  00000000000089cc f   EfiSocketLib:Udp4.obj
 0001:000088cc       EslUdp4TxBuffer            0000000000008b6c f   EfiSocketLib:Udp4.obj
 0001:00008ad8       EslUdp4TxComplete          0000000000008d78 f   EfiSocketLib:Udp4.obj
 0001:00008b38       EslUdp4VerifyLocalIpAddress 0000000000008dd8 f   EfiSocketLib:Udp4.obj
 0001:00008c6c       EslUdp6LocalAddressGet     0000000000008f0c f   EfiSocketLib:Udp6.obj
 0001:00008cb0       EslUdp6LocalAddressSet     0000000000008f50 f   EfiSocketLib:Udp6.obj
 0001:00008d3c       EslUdp6PacketFree          0000000000008fdc f   EfiSocketLib:Udp6.obj
 0001:00008d60       EslUdp6PortAllocate        0000000000009000 f   EfiSocketLib:Udp6.obj
 0001:00008dd8       EslUdp6Receive             0000000000009078 f   EfiSocketLib:Udp6.obj
 0001:00008e74       EslUdp6RemoteAddressGet    0000000000009114 f   EfiSocketLib:Udp6.obj
 0001:00008eb8       EslUdp6RemoteAddressSet    0000000000009158 f   EfiSocketLib:Udp6.obj
 0001:00008efc       EslUdp6RxComplete          000000000000919c f   EfiSocketLib:Udp6.obj
 0001:00008f20       EslUdp6SocketIsConfigured  00000000000091c0 f   EfiSocketLib:Udp6.obj
 0001:000090c4       EslUdp6TxBuffer            0000000000009364 f   EfiSocketLib:Udp6.obj
 0001:000092bc       EslUdp6VerifyLocalIpAddress 000000000000955c f   EfiSocketLib:Udp6.obj
 0001:00009544       main                       00000000000097e4 f   GetAddrInfo:GetAddrInfo.obj
 0001:00009764       fbadop_mkdir               0000000000009a04 f   DevUtility:DevGenisis.obj
 0001:00009764       fbadop_ioctl               0000000000009a04 f   DevUtility:DevGenisis.obj
 0001:00009764       fbadop_delete              0000000000009a04 f   DevUtility:DevGenisis.obj
 0001:00009764       fbadop_stat                0000000000009a04 f   DevUtility:DevGenisis.obj
 0001:00009764       fbadop_rmdir               0000000000009a04 f   DevUtility:DevGenisis.obj
 0001:00009764       fbadop_rename              0000000000009a04 f   DevUtility:DevGenisis.obj
 0001:00009774       __DevRegister              0000000000009a14 f   DevUtility:DevGenisis.obj
 0001:00009840       ClassifyPath               0000000000009ae0 f   DevUtility:Path.obj
 0001:00009928       NormalizePath              0000000000009bc8 f   DevUtility:Path.obj
 0001:000099a8       ParsePath                  0000000000009c48 f   DevUtility:Path.obj
 0001:00009d7c       __DevSearch                000000000000a01c f   DevUtility:DevSearch.obj
 0001:00009e30       ValidateFD                 000000000000a0d0 f   LibUefi:SysCalls.obj
 0001:00009e5c       FindFreeFD                 000000000000a0fc f   LibUefi:SysCalls.obj
 0001:00009e9c       isatty                     000000000000a13c f   LibUefi:SysCalls.obj
 0001:00009ee0       close                      000000000000a180 f   LibUefi:SysCalls.obj
 0001:00009fac       lseek                      000000000000a24c f   LibUefi:SysCalls.obj
 0001:0000a020       open                       000000000000a2c0 f   LibUefi:SysCalls.obj
 0001:0000a178       fstat                      000000000000a418 f   LibUefi:SysCalls.obj
 0001:0000a1c8       read                       000000000000a468 f   LibUefi:SysCalls.obj
 0001:0000a254       write                      000000000000a4f4 f   LibUefi:SysCalls.obj
 0001:0000a2e8       EFI2errno                  000000000000a588 f   LibUefi:Xform.obj
 0001:0000ae28       time                       000000000000b0c8 f   LibTime:Time.obj
 0001:0000aee0       gmtsub                     000000000000b180 f   LibTime:Time.obj
 0001:0000b058       Efi2Time                   000000000000b2f8 f   LibTime:TimeEfi.obj
 0001:0000b0c4       Time2Efi                   000000000000b364 f   LibTime:TimeEfi.obj
 0001:0000ba7c       tzset                      000000000000bd1c f   LibTime:ZoneProc.obj
 0001:0000be18       DecodeOneStateful          000000000000c0b8 f   LibLocale:multibyte_Utf8.obj
 0001:0000bebc       OneWcToMcLen               000000000000c15c f   LibLocale:multibyte_Utf8.obj
 0001:0000bf04       EstimateWtoM               000000000000c1a4 f   LibLocale:multibyte_Utf8.obj
 0001:0000bf5c       EncodeUtf8                 000000000000c1fc f   LibLocale:multibyte_Utf8.obj
 0001:0000c008       wcrtomb                    000000000000c2a8 f   LibLocale:multibyte_Utf8.obj
 0001:0000c04c       wcsrtombs                  000000000000c2ec f   LibLocale:multibyte_Utf8.obj
 0001:0000c3c8       AsciiSPrint                000000000000c668 f   BasePrintLib:PrintLib.obj
 0001:0000c3f0       BasePrintLibFillBuffer     000000000000c690 f   BasePrintLib:PrintLibInternal.obj
 0001:0000c424       BasePrintLibValueToString  000000000000c6c4 f   BasePrintLib:PrintLibInternal.obj
 0001:0000c474       BasePrintLibSPrintMarker   000000000000c714 f   BasePrintLib:PrintLibInternal.obj
 0001:0000d204       BasePrintLibSPrint         000000000000d4a4 f   BasePrintLib:PrintLibInternal.obj
 0001:0000d228       printf                     000000000000d4c8 f   LibStdio:printf.obj
 0001:0000d258       snprintf                   000000000000d4f8 f   LibStdio:snprintf.obj
 0001:0000d5e4       __vfprintf_unlocked        000000000000d884 f   LibStdio:vfprintf.obj
 0001:00010624       __sfp                      00000000000108c4 f   LibStdio:findfp.obj
 0001:000107c0       _cleanup                   0000000000010a60 f   LibStdio:findfp.obj
 0001:000107cc       __sinit                    0000000000010a6c f   LibStdio:findfp.obj
 0001:00010814       __swsetup                  0000000000010ab4 f   LibStdio:wsetup.obj
 0001:000108cc       fflush                     0000000000010b6c f   LibStdio:fflush.obj
 0001:000108f8       __sflush                   0000000000010b98 f   LibStdio:fflush.obj
 0001:00010980       __sfvwrite                 0000000000010c20 f   LibStdio:fvwrite.obj
 0001:00010c78       __sread                    0000000000010f18 f   LibStdio:stdio.obj
 0001:00010cc0       __swrite                   0000000000010f60 f   LibStdio:stdio.obj
 0001:00010d30       __sseek                    0000000000010fd0 f   LibStdio:stdio.obj
 0001:00010d80       __sclose                   0000000000011020 f   LibStdio:stdio.obj
 0001:00010d9c       __smakebuf                 000000000001103c f   LibStdio:makebuf.obj
 0001:00010e68       __swhatbuf                 0000000000011108 f   LibStdio:makebuf.obj
 0001:00010f08       _fwalk                     00000000000111a8 f   LibStdio:fwalk.obj
 0001:00010f78       abort                      0000000000011218 f   LibStdLib:Environs.obj
 0001:00010ff8       exit                       0000000000011298 f   LibStdLib:Environs.obj
 0001:0001102c       getenv                     00000000000112cc f   LibStdLib:Environs.obj
 0001:0001109c       malloc                     000000000001133c f   LibStdLib:Malloc.obj
 0001:00011160       calloc                     0000000000011400 f   LibStdLib:Malloc.obj
 0001:000111a0       free                       0000000000011440 f   LibStdLib:Malloc.obj
 0001:00011210       realloc                    00000000000114b0 f   LibStdLib:Malloc.obj
 0001:000112f0       InternalAllocatePool       0000000000011590 f   UefiMemoryAllocationLib:MemoryAllocationLib.obj
 0001:00011320       AllocateZeroPool           00000000000115c0 f   UefiMemoryAllocationLib:MemoryAllocationLib.obj
 0001:00011348       AllocateCopyPool           00000000000115e8 f   UefiMemoryAllocationLib:MemoryAllocationLib.obj
 0001:00011380       __assert                   0000000000011620 f   LibC:assert.obj
 0001:00011918       New_cIIO                   0000000000011bb8 f   LibIIO:IIO.obj
 0001:00011a14       IIO_GetDeviceProto         0000000000011cb4 f   LibIIO:IIOutilities.obj
 0001:00011a54       IIO_GetCursorPosition      0000000000011cf4 f   LibIIO:IIOutilities.obj
 0001:00011ac0       IIO_SetCursorPosition      0000000000011d60 f   LibIIO:IIOutilities.obj
 0001:00011b4c       IIO_GetOutputSize          0000000000011dec f   LibIIO:IIOutilities.obj
 0001:00011bfc       IIO_WriteOne               0000000000011e9c f   LibIIO:IIOwrite.obj
 0001:00011e3c       IIO_EchoOne                00000000000120dc f   LibIIO:IIOecho.obj
 0001:0001204c       IIO_CanonRead              00000000000122ec f   LibIIO:CanonRead.obj
 0001:00012370       FileHandleGetInfo          0000000000012610 f   UefiFileHandleLib:UefiFileHandleLib.obj
 0001:000123f8       FileHandleSetInfo          0000000000012698 f   UefiFileHandleLib:UefiFileHandleLib.obj
 0001:00012420       FileHandleRead             00000000000126c0 f   UefiFileHandleLib:UefiFileHandleLib.obj
 0001:00012434       FileHandleWrite            00000000000126d4 f   UefiFileHandleLib:UefiFileHandleLib.obj
 0001:00012448       FileHandleClose            00000000000126e8 f   UefiFileHandleLib:UefiFileHandleLib.obj
 0001:0001245c       FileHandleDelete           00000000000126fc f   UefiFileHandleLib:UefiFileHandleLib.obj
 0001:00012470       FileHandleSetPosition      0000000000012710 f   UefiFileHandleLib:UefiFileHandleLib.obj
 0001:00012484       FileHandleGetPosition      0000000000012724 f   UefiFileHandleLib:UefiFileHandleLib.obj
 0001:000124a0       FileHandleFlush            0000000000012740 f   UefiFileHandleLib:UefiFileHandleLib.obj
 0001:000124b4       FileHandleIsDirectory      0000000000012754 f   UefiFileHandleLib:UefiFileHandleLib.obj
 0001:00012500       FileHandleGetSize          00000000000127a0 f   UefiFileHandleLib:UefiFileHandleLib.obj
 0001:00012554       nsdispatch                 00000000000127f4 f   BsdSocketLib:getaddrinfo.obj
 0001:0001255c       freeaddrinfo               00000000000127fc f   BsdSocketLib:getaddrinfo.obj
 0001:00012598       getaddrinfo                0000000000012838 f   BsdSocketLib:getaddrinfo.obj
 0001:00013e24       __hostalias                00000000000140c4 f   BsdSocketLib:res_query.obj
 0001:00013f98       __res_init                 0000000000014238 f   BsdSocketLib:res_init.obj
 0001:000148d8       __res_send                 0000000000014b78 f   BsdSocketLib:res_send.obj
 0001:000159a4       __res_close                0000000000015c44 f   BsdSocketLib:res_send.obj
 0001:000159d4       __res_mkquery              0000000000015c74 f   BsdSocketLib:res_mkquery.obj
 0001:00015b3c       __dn_expand                0000000000015ddc f   BsdSocketLib:res_comp.obj
 0001:00015cbc       __res_hnok                 0000000000015f5c f   BsdSocketLib:res_comp.obj
 0001:00015d38       getservbyname              0000000000015fd8 f   BsdSocketLib:getservbyname.obj
 0001:00015fac       BslFdToSocketProtocol      000000000001624c f   BsdSocketLib:socket.obj
 0001:00016014       socket                     00000000000162b4 f   BsdSocketLib:socket.obj
 0001:000163ac       sendto                     000000000001664c f   BsdSocketLib:sendto.obj
 0001:00016498       recvfrom                   0000000000016738 f   BsdSocketLib:recvfrom.obj
 0001:000166d0       connect                    0000000000016970 f   BsdSocketLib:connect.obj
 0001:00016a50       __fp_nquery                0000000000016cf0 f   BsdSocketLib:res_debug.obj
 0001:00016edc       __sym_ntos                 000000000001717c f   BsdSocketLib:res_debug.obj
 0001:00016fac       __loc_ntoa                 000000000001724c f   BsdSocketLib:res_debug.obj
 0001:00017308       __p_secstodate             00000000000175a8 f   BsdSocketLib:res_debug.obj
 0001:00017398       __ns_name_ntop             0000000000017638 f   BsdSocketLib:ns_name.obj
 0001:00017544       __ns_name_pack             00000000000177e4 f   BsdSocketLib:ns_name.obj
 0001:000177c4       __ns_name_compress         0000000000017a64 f   BsdSocketLib:ns_name.obj
 0001:00017984       BslSocketClose             0000000000017c24 f   BsdSocketLib:close.obj
 0001:00017a1c       BslSocketPoll              0000000000017cbc f   BsdSocketLib:poll.obj
 0001:00017a70       BslSocketRead              0000000000017d10 f   BsdSocketLib:read.obj
 0001:00017a94       BslSocketWrite             0000000000017d34 f   BsdSocketLib:write.obj
 0001:00017b64       __ns_initparse             0000000000017e04 f   BsdSocketLib:ns_parse.obj
 0001:00017ca0       __ns_parserr               0000000000017f40 f   BsdSocketLib:ns_parse.obj
 0001:00017e8c       __ns_format_ttl            000000000001812c f   BsdSocketLib:ns_ttl.obj
 0001:000180a8       __ns_sprintrrf             0000000000018348 f   BsdSocketLib:ns_print.obj
 0001:00019774       __b64_ntop                 0000000000019a14 f   BsdSocketLib:base64.obj
 0001:000199b8       inet_aton                  0000000000019c58 f   LibNetUtil:inet_addr.obj
 0001:0001a194       localeconv                 000000000001a434 f   LibLocale:localeconv.obj
 0001:0001a274       __dtoa                     000000000001a514 f   LibGdtoa:dtoa.obj
 0001:0001b02c       __nrv_alloc_D2A            000000000001b2cc f   LibGdtoa:dmisc.obj
 0001:0001b0b8       __quorem_D2A               000000000001b358 f   LibGdtoa:dmisc.obj
 0001:0001b200       __Balloc_D2A               000000000001b4a0 f   LibGdtoa:misc.obj
 0001:0001b2a4       __lo0bits_D2A              000000000001b544 f   LibGdtoa:misc.obj
 0001:0001b318       __multadd_D2A              000000000001b5b8 f   LibGdtoa:misc.obj
 0001:0001b3e8       __hi0bits_D2A              000000000001b688 f   LibGdtoa:misc.obj
 0001:0001b438       __mult_D2A                 000000000001b6d8 f   LibGdtoa:misc.obj
 0001:0001b568       __pow5mult_D2A             000000000001b808 f   LibGdtoa:misc.obj
 0001:0001b63c       __lshift_D2A               000000000001b8dc f   LibGdtoa:misc.obj
 0001:0001b74c       __cmp_D2A                  000000000001b9ec f   LibGdtoa:misc.obj
 0001:0001b790       __diff_D2A                 000000000001ba30 f   LibGdtoa:misc.obj
 0001:0001b8c8       __d2b_D2A                  000000000001bb68 f   LibGdtoa:misc.obj
 0001:0001b9e8       fopen                      000000000001bc88 f   LibStdio:fopen.obj
 0001:0001ba78       fclose                     000000000001bd18 f   LibStdio:fclose.obj
 0001:0001bb5c       fgets                      000000000001bdfc f   LibStdio:fgets.obj
 0001:0001bc40       setbuf                     000000000001bee0 f   LibStdio:setbuf.obj
 0001:0001bce4       sprintf                    000000000001bf84 f   LibStdio:sprintf.obj
 0001:0001bd50       fprintf                    000000000001bff0 f   LibStdio:fprintf.obj
 0001:0001bd88       __swbuf                    000000000001c028 f   LibStdio:wbuf.obj
 0001:0001be48       fputs                      000000000001c0e8 f   LibStdio:fputs.obj
 0001:0001bee8       __srefill                  000000000001c188 f   LibStdio:refill.obj
 0001:0001c000       fseeko                     000000000001c2a0 f   LibStdio:fseeko.obj
 0001:0001c2a4       atoi                       000000000001c544 f   LibStdLib:NumericInt.obj
 0001:0001c348       strtoul                    000000000001c5e8 f   LibStdLib:NumericInt.obj
 0001:0001c970       New_cFIFO                  000000000001cc10 f   LibContainer:Fifo.obj
 0001:0001ca60       isascii                    000000000001cd00 f   LibCtype:CClass.obj
 0001:0001ca6c       memset                     000000000001cd0c f   LibString:Misc.obj
 0001:0001ca7c       strerror                   000000000001cd1c f   LibString:Misc.obj
 0001:0001cab0       strerror_r                 000000000001cd50 f   LibString:Misc.obj
 0001:0001cb18       strlen                     000000000001cdb8 f   LibString:Misc.obj
 0001:0001cb20       memcpy                     000000000001cdc0 f   LibString:Copying.obj
 0001:0001cb28       strcpy                     000000000001cdc8 f   LibString:Copying.obj
 0001:0001cb30       strdup                     000000000001cdd0 f   LibString:Copying.obj
 0001:0001cb80       strncpy                    000000000001ce20 f   LibString:Copying.obj
 0001:0001cb88       strncpyX                   000000000001ce28 f   LibString:Copying.obj
 0001:0001cbc8       strcasecmp                 000000000001ce68 f   LibString:Comparison.obj
 0001:0001cbd0       strcmp                     000000000001ce70 f   LibString:Comparison.obj
 0001:0001cbd8       strncmp                    000000000001ce78 f   LibString:Comparison.obj
 0001:0001cbe0       AsciiStrCmp                000000000001ce80 f   BaseLib:String.obj
 0001:0001cc78       AsciiStrCpy                000000000001cf18 f   BaseLib:String.obj
 0001:0001cd38       AsciiStrDecimalToUintn     000000000001cfd8 f   BaseLib:String.obj
 0001:0001cd54       AsciiStrLen                000000000001cff4 f   BaseLib:String.obj
 0001:0001cddc       AsciiStrToUnicodeStr       000000000001d07c f   BaseLib:String.obj
 0001:0001cf24       AsciiStriCmp               000000000001d1c4 f   BaseLib:String.obj
 0001:0001d004       AsciiStrnCmp               000000000001d2a4 f   BaseLib:String.obj
 0001:0001d0f8       AsciiStrnCpy               000000000001d398 f   BaseLib:String.obj
 0001:0001d214       InternalAsciiIsDecimalDigitCharacter 000000000001d4b4 f   BaseLib:String.obj
 0001:0001d220       StrCmp                     000000000001d4c0 f   BaseLib:String.obj
 0001:0001d2d4       StrLen                     000000000001d574 f   BaseLib:String.obj
 0001:0001d38c       StrSize                    000000000001d62c f   BaseLib:String.obj
 0001:0001d3a4       StrStr                     000000000001d644 f   BaseLib:String.obj
 0001:0001d480       StrnCat                    000000000001d720 f   BaseLib:String.obj
 0001:0001d510       StrnCmp                    000000000001d7b0 f   BaseLib:String.obj
 0001:0001d620       StrnCpy                    000000000001d8c0 f   BaseLib:String.obj
 0001:0001d774       UnicodeStrToAsciiStr       000000000001da14 f   BaseLib:String.obj
 0001:0001d8e0       ReadUnaligned16            000000000001db80 f   BaseLib:Unaligned.obj
 0001:0001d918       ReadUnaligned32            000000000001dbb8 f   BaseLib:Unaligned.obj
 0001:0001d950       ReadUnaligned64            000000000001dbf0 f   BaseLib:Unaligned.obj
 0001:0001d988       AsciiStrDecimalToUintnS    000000000001dc28 f   BaseLib:SafeString.obj
 0001:0001db08       AsciiStrnLenS              000000000001dda8 f   BaseLib:SafeString.obj
 0001:0001db34       StrnLenS                   000000000001ddd4 f   BaseLib:SafeString.obj
 0001:0001dbb0       GetFirstNode               000000000001de50 f   BaseLib:LinkedList.obj
 0001:0001dbf0       GetNextNode                000000000001de90 f   BaseLib:LinkedList.obj
 0001:0001dc68       InsertTailList             000000000001df08 f   BaseLib:LinkedList.obj
 0001:0001dcf0       InternalBaseLibIsListValid 000000000001df90 f   BaseLib:LinkedList.obj
 0001:0001dda8       IsListEmpty                000000000001e048 f   BaseLib:LinkedList.obj
 0001:0001ddec       IsNodeInList               000000000001e08c f   BaseLib:LinkedList.obj
 0001:0001de94       RemoveEntryList            000000000001e134 f   BaseLib:LinkedList.obj
 0001:0001dee8       PathCleanUpDirectories     000000000001e188 f   BaseLib:FilePaths.obj
 0001:0001e044       PathRemoveLastItem         000000000001e2e4 f   BaseLib:FilePaths.obj
 0001:0001e0a0       LShiftU64                  000000000001e340 f   BaseLib:LShiftU64.obj
 0001:0001e0ec       SwapBytes16                000000000001e38c f   BaseLib:SwapBytes16.obj
 0001:0001e0fc       DivU64x32Remainder         000000000001e39c f   BaseLib:DivU64x32Remainder.obj
 0001:0001e154       InternalAssertJumpBuffer   000000000001e3f4 f   BaseLib:SetJump.obj
 0001:0001e1b0       InternalMathDivRemU64x32   000000000001e450 f   BaseLib:Math64.obj
 0001:0001e1cc       InternalMathLShiftU64      000000000001e46c f   BaseLib:Math64.obj
 0001:0001e1d8       SwapBytes32                000000000001e478 f   BaseLib:SwapBytes32.obj
 0001:0001e20c       CopyMem                    000000000001e4ac f   BaseMemoryLib:CopyMemWrapper.obj
 0001:0001e2b4       CompareGuid                000000000001e554 f   BaseMemoryLib:MemLibGuid.obj
 0001:0001e31c       ZeroMem                    000000000001e5bc f   BaseMemoryLib:ZeroMemWrapper.obj
 0001:0001e39c       SetMem                     000000000001e63c f   BaseMemoryLib:SetMemWrapper.obj
 0001:0001e40c       InternalMemCopyMem         000000000001e6ac f   BaseMemoryLib:CopyMem.obj
 0001:0001e5c0       InternalMemScanMem8        000000000001e860 f   BaseMemoryLib:MemLibGeneric.obj
 0001:0001e5d8       InternalMemSetMem16        000000000001e878 f   BaseMemoryLib:MemLibGeneric.obj
 0001:0001e5f8       InternalMemZeroMem         000000000001e898 f   BaseMemoryLib:MemLibGeneric.obj
 0001:0001e600       InternalMemSetMem          000000000001e8a0 f   BaseMemoryLib:SetMem.obj
 0001:0001e744       memchr                     000000000001e9e4 f   LibString:Searching.obj
 0001:0001e754       strchr                     000000000001e9f4 f   LibString:Searching.obj
 0001:0001e76c       strpbrk                    000000000001ea0c f   LibString:Searching.obj
 0001:0001e7bc       strlcpy                    000000000001ea5c f   LibString:strlcpy.obj
 0001:0001e7fc       LongJump                   000000000001ea9c f   BaseLib:LongJump.obj
 0001:0001e84c       SetMem16                   000000000001eaec f   BaseMemoryLib:SetMem16Wrapper.obj
 0001:0001e938       ScanMem8                   000000000001ebd8 f   BaseMemoryLib:ScanMem8Wrapper.obj
 0002:00000000       _cClass                    000000000001ec80     LibCtype:iCtype.obj
 0002:00000008       _uConvT                    000000000001ec88     LibCtype:iCtype.obj
 0002:00000010       _lConvT                    000000000001ec90     LibCtype:iCtype.obj
 0002:00000020       gEfiUnicodeCollation2ProtocolGuid 000000000001eca0     GetAddrInfo:AutoGen.obj
 0002:00000030       gEfiShellEnvironment2ExtGuid 000000000001ecb0     GetAddrInfo:AutoGen.obj
 0002:00000040       gEfiFileInfoGuid           000000000001ecc0     GetAddrInfo:AutoGen.obj
 0002:00000050       gEfiIp6ConfigProtocolGuid  000000000001ecd0     GetAddrInfo:AutoGen.obj
 0002:00000060       gEfiHiiConfigRoutingProtocolGuid 000000000001ece0     GetAddrInfo:AutoGen.obj
 0002:00000070       gEfiUdp4ServiceBindingProtocolGuid 000000000001ecf0     GetAddrInfo:AutoGen.obj
 0002:00000080       gEfiIp4Config2ProtocolGuid 000000000001ed00     GetAddrInfo:AutoGen.obj
 0002:00000090       gEfiHiiImageProtocolGuid   000000000001ed10     GetAddrInfo:AutoGen.obj
 0002:000000a0       gEfiIp4ServiceBindingProtocolGuid 000000000001ed20     GetAddrInfo:AutoGen.obj
 0002:000000b0       gEfiUdp6ProtocolGuid       000000000001ed30     GetAddrInfo:AutoGen.obj
 0002:000000c0       gEfiShellParametersProtocolGuid 000000000001ed40     GetAddrInfo:AutoGen.obj
 0002:000000d0       gEfiHiiDatabaseProtocolGuid 000000000001ed50     GetAddrInfo:AutoGen.obj
 0002:000000e0       gEfiSimpleFileSystemProtocolGuid 000000000001ed60     GetAddrInfo:AutoGen.obj
 0002:000000f0       gEfiHiiStringProtocolGuid  000000000001ed70     GetAddrInfo:AutoGen.obj
 0002:00000100       gEfiUdp6ServiceBindingProtocolGuid 000000000001ed80     GetAddrInfo:AutoGen.obj
 0002:00000110       gEfiShellEnvironment2Guid  000000000001ed90     GetAddrInfo:AutoGen.obj
 0002:00000120       gEfiIp4ProtocolGuid        000000000001eda0     GetAddrInfo:AutoGen.obj
 0002:00000130       gEfiSocketProtocolGuid     000000000001edb0     GetAddrInfo:AutoGen.obj
 0002:00000140       gEfiShellProtocolGuid      000000000001edc0     GetAddrInfo:AutoGen.obj
 0002:00000150       gEfiUdp4ProtocolGuid       000000000001edd0     GetAddrInfo:AutoGen.obj
 0002:00000160       gEfiTcp4ServiceBindingProtocolGuid 000000000001ede0     GetAddrInfo:AutoGen.obj
 0002:00000170       gEfiCallerIdGuid           000000000001edf0     GetAddrInfo:AutoGen.obj
 0002:00000180       gEfiTcp6ServiceBindingProtocolGuid 000000000001ee00     GetAddrInfo:AutoGen.obj
 0002:00000190       gEfiTcp6ProtocolGuid       000000000001ee10     GetAddrInfo:AutoGen.obj
 0002:000001a0       gEfiShellInterfaceGuid     000000000001ee20     GetAddrInfo:AutoGen.obj
 0002:000001b0       gEfiTcp4ProtocolGuid       000000000001ee30     GetAddrInfo:AutoGen.obj
 0002:000001c0       gEfiHiiFontProtocolGuid    000000000001ee40     GetAddrInfo:AutoGen.obj
 0002:000001d0       _fltused                   000000000001ee50     LibC:errno.obj
 0002:000001e0       cEslAfInet6Api             000000000001ee60     EfiSocketLib:Socket.obj
 0002:00000210       cEslAfInetApi              000000000001ee90     EfiSocketLib:Socket.obj
 0002:00000240       daDeviceList               000000000001eec0     DevUtility:DevGenisis.obj
 0002:00000250       tzname                     000000000001eed0     LibTime:ZoneProc.obj
 0002:00000280       __sF                       000000000001ef00     LibStdio:findfp.obj
 0002:00000490       __sglue                    000000000001f110     LibStdio:findfp.obj
 0002:000004f0       _ns_flagdata               000000000001f170     BsdSocketLib:ns_parse.obj
 0002:00000570       __nlocale_changed          000000000001f1f0     LibLocale:localeconv.obj
 0002:00000574       __mlocale_changed          000000000001f1f4     LibLocale:localeconv.obj
 0002:00000580       _C_CharClassTable          000000000001f200     LibCtype:iCtype.obj
 0002:00000680       _C_ToLowerTable            000000000001f300     LibCtype:iCtype.obj
 0002:00000700       _C_ToUpperTable            000000000001f380     LibCtype:iCtype.obj
 0002:00000780       ??_C@_0BD@FPJCFKFJ@Unknown?5Error?3?5?$CFd?4?$AA@ 000000000001f400     LibString:Misc.obj
 0002:000007a0       sys_errlist                000000000001f420     LibString:ErrorList.obj
 0002:00000ac0       ??_C@_0BC@CMDFCGIM@No?5Error?5Detected?$AA@ 000000000001f740     LibString:ErrorList.obj
 0002:00000ad8       ??_C@_0BI@BJFCGOHL@Operation?5not?5permitted?$AA@ 000000000001f758     LibString:ErrorList.obj
 0002:00000af0       ??_C@_0BK@FMDHKPNF@No?5such?5file?5or?5directory?$AA@ 000000000001f770     LibString:ErrorList.obj
 0002:00000b10       ??_C@_0BA@FKIAIBGA@No?5such?5process?$AA@ 000000000001f790     LibString:ErrorList.obj
 0002:00000b20       ??_C@_0BI@EAGLFFDI@Interrupted?5system?5call?$AA@ 000000000001f7a0     LibString:ErrorList.obj
 0002:00000b38       ??_C@_0BD@KKNFOBBD@Input?1output?5error?$AA@ 000000000001f7b8     LibString:ErrorList.obj
 0002:00000b50       ??_C@_0BG@IEPFGEGM@Device?5not?5configured?$AA@ 000000000001f7d0     LibString:ErrorList.obj
 0002:00000b68       ??_C@_0BH@CCELHCFA@Argument?5list?5too?5long?$AA@ 000000000001f7e8     LibString:ErrorList.obj
 0002:00000b80       ??_C@_0BC@HKPNECK@Exec?5format?5error?$AA@ 000000000001f800     LibString:ErrorList.obj
 0002:00000b98       ??_C@_0BE@NFGDDCEF@Bad?5file?5descriptor?$AA@ 000000000001f818     LibString:ErrorList.obj
 0002:00000bb0       ??_C@_0BD@LOHELEP@No?5child?5processes?$AA@ 000000000001f830     LibString:ErrorList.obj
 0002:00000bc8       ??_C@_0BK@JAEBMJJM@Resource?5deadlock?5avoided?$AA@ 000000000001f848     LibString:ErrorList.obj
 0002:00000be8       ??_C@_0BH@DBCLIABC@Cannot?5allocate?5memory?$AA@ 000000000001f868     LibString:ErrorList.obj
 0002:00000c00       ??_C@_0BC@HFNFNKAI@Permission?5denied?$AA@ 000000000001f880     LibString:ErrorList.obj
 0002:00000c18       ??_C@_0M@LOEHLCJD@Bad?5address?$AA@ 000000000001f898     LibString:ErrorList.obj
 0002:00000c28       ??_C@_0BG@DDDDJJIM@Block?5device?5required?$AA@ 000000000001f8a8     LibString:ErrorList.obj
 0002:00000c40       ??_C@_0M@KEEOMFM@Device?5busy?$AA@ 000000000001f8c0     LibString:ErrorList.obj
 0002:00000c50       ??_C@_0M@NAAJNNGH@File?5exists?$AA@ 000000000001f8d0     LibString:ErrorList.obj
 0002:00000c60       ??_C@_0BC@OFBLDMPL@Cross?9device?5link?$AA@ 000000000001f8e0     LibString:ErrorList.obj
 0002:00000c78       ??_C@_0CC@BGJGOOF@Operation?5not?5supported?5by?5devic@ 000000000001f8f8     LibString:ErrorList.obj
 0002:00000ca0       ??_C@_0BA@CJBACOOL@Not?5a?5directory?$AA@ 000000000001f920     LibString:ErrorList.obj
 0002:00000cb0       ??_C@_0P@NDHGCGKE@Is?5a?5directory?$AA@ 000000000001f930     LibString:ErrorList.obj
 0002:00000cc0       ??_C@_0BB@HMGGCEBG@Invalid?5argument?$AA@ 000000000001f940     LibString:ErrorList.obj
 0002:00000cd8       ??_C@_0BO@IIFBODJE@Too?5many?5open?5files?5in?5system?$AA@ 000000000001f958     LibString:ErrorList.obj
 0002:00000cf8       ??_C@_0BE@INBJMKGG@Too?5many?5open?5files?$AA@ 000000000001f978     LibString:ErrorList.obj
 0002:00000d10       ??_C@_0BP@NAOGGPDI@Inappropriate?5ioctl?5for?5device?$AA@ 000000000001f990     LibString:ErrorList.obj
 0002:00000d30       ??_C@_0P@HJGPGMF@Text?5file?5busy?$AA@ 000000000001f9b0     LibString:ErrorList.obj
 0002:00000d40       ??_C@_0P@LFMMIPAE@File?5too?5large?$AA@ 000000000001f9c0     LibString:ErrorList.obj
 0002:00000d50       ??_C@_0BI@FEALHKLD@No?5space?5left?5on?5device?$AA@ 000000000001f9d0     LibString:ErrorList.obj
 0002:00000d68       ??_C@_0N@JPKNIBBK@Illegal?5seek?$AA@ 000000000001f9e8     LibString:ErrorList.obj
 0002:00000d78       ??_C@_0BF@JEDIFMJD@Read?9only?5filesystem?$AA@ 000000000001f9f8     LibString:ErrorList.obj
 0002:00000d90       ??_C@_0P@PKCJJLLM@Too?5many?5links?$AA@ 000000000001fa10     LibString:ErrorList.obj
 0002:00000da0       ??_C@_0M@LHEPIIOM@Broken?5pipe?$AA@ 000000000001fa20     LibString:ErrorList.obj
 0002:00000db0       ??_C@_0CB@BNEAGFJG@Numerical?5argument?5out?5of?5domain@ 000000000001fa30     LibString:ErrorList.obj
 0002:00000dd8       ??_C@_0BB@FCBJFCAJ@Result?5too?5large?$AA@ 000000000001fa58     LibString:ErrorList.obj
 0002:00000df0       ??_C@_0CB@EPFKGNAK@Resource?5temporarily?5unavailable@ 000000000001fa70     LibString:ErrorList.obj
 0002:00000e18       ??_C@_0BK@LBMNDGCG@Operation?5now?5in?5progress?$AA@ 000000000001fa98     LibString:ErrorList.obj
 0002:00000e38       ??_C@_0BO@BMABNIPB@Operation?5already?5in?5progress?$AA@ 000000000001fab8     LibString:ErrorList.obj
 0002:00000e58       ??_C@_0BP@MCCLAMPH@Socket?5operation?5on?5non?9socket?$AA@ 000000000001fad8     LibString:ErrorList.obj
 0002:00000e78       ??_C@_0BN@HFCIEIME@Destination?5address?5required?$AA@ 000000000001faf8     LibString:ErrorList.obj
 0002:00000e98       ??_C@_0BB@NDAKHOCP@Message?5too?5long?$AA@ 000000000001fb18     LibString:ErrorList.obj
 0002:00000eb0       ??_C@_0BP@PDKJLOAE@Protocol?5wrong?5type?5for?5socket?$AA@ 000000000001fb30     LibString:ErrorList.obj
 0002:00000ed0       ??_C@_0BH@HPHKDMA@Protocol?5not?5available?$AA@ 000000000001fb50     LibString:ErrorList.obj
 0002:00000ee8       ??_C@_0BH@JNBKLLAJ@Protocol?5not?5supported?$AA@ 000000000001fb68     LibString:ErrorList.obj
 0002:00000f00       ??_C@_0BK@LMAIHBL@Socket?5type?5not?5supported?$AA@ 000000000001fb80     LibString:ErrorList.obj
 0002:00000f20       ??_C@_0BI@EDJAHLMH@Operation?5not?5supported?$AA@ 000000000001fba0     LibString:ErrorList.obj
 0002:00000f38       ??_C@_0BO@EBCCBLCJ@Protocol?5family?5not?5supported?$AA@ 000000000001fbb8     LibString:ErrorList.obj
 0002:00000f58       ??_C@_0DA@KDGLCJJO@Address?5family?5not?5supported?5by?5@ 000000000001fbd8     LibString:ErrorList.obj
 0002:00000f88       ??_C@_0BH@LOKACPE@Address?5already?5in?5use?$AA@ 000000000001fc08     LibString:ErrorList.obj
 0002:00000fa0       ??_C@_0BP@OKMOKAIP@Can?8t?5assign?5requested?5address?$AA@ 000000000001fc20     LibString:ErrorList.obj
 0002:00000fc0       ??_C@_0BA@LPIEBGEK@Network?5is?5down?$AA@ 000000000001fc40     LibString:ErrorList.obj
 0002:00000fd0       ??_C@_0BH@CIEOBPFM@Network?5is?5unreachable?$AA@ 000000000001fc50     LibString:ErrorList.obj
 0002:00000fe8       ??_C@_0CE@JHDCOCF@Network?5dropped?5connection?5on?5re@ 000000000001fc68     LibString:ErrorList.obj
 0002:00001010       ??_C@_0CB@DJAOADN@Software?5caused?5connection?5abort@ 000000000001fc90     LibString:ErrorList.obj
 0002:00001038       ??_C@_0BJ@FJAMCHKE@Connection?5reset?5by?5peer?$AA@ 000000000001fcb8     LibString:ErrorList.obj
 0002:00001058       ??_C@_0BK@OCAHGMEA@No?5buffer?5space?5available?$AA@ 000000000001fcd8     LibString:ErrorList.obj
 0002:00001078       ??_C@_0BM@CCONNCKE@Socket?5is?5already?5connected?$AA@ 000000000001fcf8     LibString:ErrorList.obj
 0002:00001098       ??_C@_0BI@ILAOGBJJ@Socket?5is?5not?5connected?$AA@ 000000000001fd18     LibString:ErrorList.obj
 0002:000010b0       ??_C@_0CB@IOOOMFJJ@Can?8t?5send?5after?5socket?5shutdown@ 000000000001fd30     LibString:ErrorList.obj
 0002:000010d8       ??_C@_0CC@HOLLLFLE@Too?5many?5references?3?5can?8t?5splic@ 000000000001fd58     LibString:ErrorList.obj
 0002:00001100       ??_C@_0BE@JAEOFJAL@Operation?5timed?5out?$AA@ 000000000001fd80     LibString:ErrorList.obj
 0002:00001118       ??_C@_0BD@NPDMPPFP@Connection?5refused?$AA@ 000000000001fd98     LibString:ErrorList.obj
 0002:00001130       ??_C@_0CC@CPDHMANB@Too?5many?5levels?5of?5symbolic?5link@ 000000000001fdb0     LibString:ErrorList.obj
 0002:00001158       ??_C@_0BD@CGPKCNP@File?5name?5too?5long?$AA@ 000000000001fdd8     LibString:ErrorList.obj
 0002:00001170       ??_C@_0N@OHOPOBEF@Host?5is?5down?$AA@ 000000000001fdf0     LibString:ErrorList.obj
 0002:00001180       ??_C@_0BB@PFBILCPA@No?5route?5to?5host?$AA@ 000000000001fe00     LibString:ErrorList.obj
 0002:00001198       ??_C@_0BE@ICMCHPHH@Directory?5not?5empty?$AA@ 000000000001fe18     LibString:ErrorList.obj
 0002:000011b0       ??_C@_0BD@LPHIGPM@Too?5many?5processes?$AA@ 000000000001fe30     LibString:ErrorList.obj
 0002:000011c8       ??_C@_0P@DAFGFIDC@Too?5many?5users?$AA@ 000000000001fe48     LibString:ErrorList.obj
 0002:000011d8       ??_C@_0BE@KMAIMPL@Disc?5quota?5exceeded?$AA@ 000000000001fe58     LibString:ErrorList.obj
 0002:000011f0       ??_C@_0BG@KNCBNNDC@Stale?5NFS?5file?5handle?$AA@ 000000000001fe70     LibString:ErrorList.obj
 0002:00001208       ??_C@_0CC@DBGGHIAG@Too?5many?5levels?5of?5remote?5in?5pat@ 000000000001fe88     LibString:ErrorList.obj
 0002:00001230       ??_C@_0BC@ICCGLAJN@RPC?5struct?5is?5bad?$AA@ 000000000001feb0     LibString:ErrorList.obj
 0002:00001248       ??_C@_0BC@FIMLNFGC@RPC?5version?5wrong?$AA@ 000000000001fec8     LibString:ErrorList.obj
 0002:00001260       ??_C@_0BE@HDGMLIGJ@RPC?5prog?4?5not?5avail?$AA@ 000000000001fee0     LibString:ErrorList.obj
 0002:00001278       ??_C@_0BG@JOMPHNJI@Program?5version?5wrong?$AA@ 000000000001fef8     LibString:ErrorList.obj
 0002:00001290       ??_C@_0BK@LKNMDCLJ@Bad?5procedure?5for?5program?$AA@ 000000000001ff10     LibString:ErrorList.obj
 0002:000012b0       ??_C@_0BD@CLHBCGPB@No?5locks?5available?$AA@ 000000000001ff30     LibString:ErrorList.obj
 0002:000012c8       ??_C@_0BJ@IHEHINLI@Function?5not?5implemented?$AA@ 000000000001ff48     LibString:ErrorList.obj
 0002:000012e8       ??_C@_0CC@GLJPLFOJ@Inappropriate?5file?5type?5or?5forma@ 000000000001ff68     LibString:ErrorList.obj
 0002:00001310       ??_C@_0BF@MOMJDFNI@Authentication?5error?$AA@ 000000000001ff90     LibString:ErrorList.obj
 0002:00001328       ??_C@_0BD@GDKJMNEO@Need?5authenticator?$AA@ 000000000001ffa8     LibString:ErrorList.obj
 0002:00001340       ??_C@_0BD@LJPFLIMC@Identifier?5removed?$AA@ 000000000001ffc0     LibString:ErrorList.obj
 0002:00001358       ??_C@_0BL@LAELPFGP@No?5message?5of?5desired?5type?$AA@ 000000000001ffd8     LibString:ErrorList.obj
 0002:00001378       ??_C@_0CK@NDEHDADK@Value?5too?5large?5to?5be?5stored?5in?5@ 000000000001fff8     LibString:ErrorList.obj
 0002:000013a8       ??_C@_0BG@KLEAJEFJ@Illegal?5byte?5sequence?$AA@ 0000000000020028     LibString:ErrorList.obj
 0002:000013c0       ??_C@_0N@JIEBMMEB@Bad?5errno?586?$AA@ 0000000000020040     LibString:ErrorList.obj
 0002:000013d0       ??_C@_0BD@OIDFIKFE@Operation?5canceled?$AA@ 0000000000020050     LibString:ErrorList.obj
 0002:000013e8       ??_C@_0M@OEPJJONH@Bad?5message?$AA@ 0000000000020068     LibString:ErrorList.obj
 0002:000013f8       ??_C@_0BF@GGKONPHM@No?5message?5available?$AA@ 0000000000020078     LibString:ErrorList.obj
 0002:00001410       ??_C@_0BE@HNNMKAI@No?5STREAM?5resources?$AA@ 0000000000020090     LibString:ErrorList.obj
 0002:00001428       ??_C@_0N@BFKFJNP@Not?5a?5STREAM?$AA@ 00000000000200a8     LibString:ErrorList.obj
 0002:00001438       ??_C@_0BF@BKBOOGBB@STREAM?5ioctl?5timeout?$AA@ 00000000000200b8     LibString:ErrorList.obj
 0002:00001450       ??_C@_0BE@BOJAKOGO@Attribute?5not?5found?$AA@ 00000000000200d0     LibString:ErrorList.obj
 0002:00001468       ??_C@_0BC@MPFABHFK@Programming?5error?$AA@ 00000000000200e8     LibString:ErrorList.obj
 0002:00001480       ??_C@_0BD@BLOHNAGF@Multihop?5attempted?$AA@ 0000000000020100     LibString:ErrorList.obj
 0002:00001498       ??_C@_0BG@JIGCCAHA@Link?5has?5been?5severed?$AA@ 0000000000020118     LibString:ErrorList.obj
 0002:000014b0       ??_C@_0P@NFDLBHIK@Protocol?5error?$AA@ 0000000000020130     LibString:ErrorList.obj
 0002:000014c0       ??_C@_0CA@JBGHAFDD@Buffer?5too?5small?5to?5hold?5result?$AA@ 0000000000020140     LibString:ErrorList.obj
 0002:000014e0       ??_C@_0CO@BCOPOIDC@System?5Error?5list?5and?5errno?4h?5ar@ 0000000000020160     LibString:ErrorList.obj
 0002:00001510       ??_C@_0DG@MHMNFEGH@d?3?2uefi_edk2_practice?2MdePkg?2Lib@ 0000000000020190     BaseLib:String.obj
 0002:00001548       ??_C@_0CI@LLKACKFD@?$CI?$CIUINTN?$CJ?5Destination?5?$CG?50x0000000@ 00000000000201c8     BaseLib:String.obj
 0002:00001570       ??_C@_0DA@MIOLHJCL@?$CIUINTN?$CJ?$CIDestination?5?9?5Source?$CJ?5?$DO?5@ 00000000000201f0     BaseLib:String.obj
 0002:000015a0       ??_C@_0CI@FOLEBOJ@?$CIUINTN?$CJ?$CISource?5?9?5Destination?$CJ?5?$DO?$DN@ 0000000000020220     BaseLib:String.obj
 0002:000015c8       ??_C@_0DL@LFIMEMJP@Length?5?$DM?$DN?5_gPcd_FixedAtBuild_Pcd@ 0000000000020248     BaseLib:String.obj
 0002:00001608       ??_C@_0CD@BDCLIGHD@?$CI?$CIUINTN?$CJ?5String?5?$CG?50x00000001?$CJ?5?$DN?$DN@ 0000000000020288     BaseLib:String.obj
 0002:00001630       ??_C@_0DK@EOJCOAME@Length?5?$DM?5_gPcd_FixedAtBuild_PcdM@ 00000000000202b0     BaseLib:String.obj
 0002:00001670       ??_C@_0BL@JAAMOCAJ@StrSize?5?$CIFirstString?$CJ?5?$CB?$DN?50?$AA@ 00000000000202f0     BaseLib:String.obj
 0002:00001690       ??_C@_0BM@DALBOILC@StrSize?5?$CISecondString?$CJ?5?$CB?$DN?50?$AA@ 0000000000020310     BaseLib:String.obj
 0002:000016b0       ??_C@_0BL@NAIOOBPB@StrSize?5?$CIDestination?$CJ?5?$CB?$DN?50?$AA@ 0000000000020330     BaseLib:String.obj
 0002:000016d0       ??_C@_0BG@KBNOLIGE@StrSize?5?$CIString?$CJ?5?$CB?$DN?50?$AA@ 0000000000020350     BaseLib:String.obj
 0002:000016e8       ??_C@_0BM@NNBLOHJD@StrSize?5?$CISearchString?$CJ?5?$CB?$DN?50?$AA@ 0000000000020368     BaseLib:String.obj
 0002:00001708       ??_C@_0BG@JJELHOCA@StrSize?5?$CISource?$CJ?5?$CB?$DN?50?$AA@ 0000000000020388     BaseLib:String.obj
 0002:00001720       ??_C@_0DN@HIFCOCOI@?$CIUINTN?$CJ?5?$CIDestination?5?9?5?$CICHAR8?5?$CK?$CJ@ 00000000000203a0     BaseLib:String.obj
 0002:00001760       ??_C@_0DL@LACPINOG@?$CIUINTN?$CJ?5?$CI?$CICHAR8?5?$CK?$CJ?5Source?5?9?5Dest@ 00000000000203e0     BaseLib:String.obj
 0002:000017a0       ??_C@_0BA@MFHLDCJH@?$CKSource?5?$DM?50x100?$AA@ 0000000000020420     BaseLib:String.obj
 0002:000017b0       ??_C@_0CA@FFIBMAAF@AsciiStrSize?5?$CIReturnValue?$CJ?5?$CB?$DN?50?$AA@ 0000000000020430     BaseLib:String.obj
 0002:000017d0       ??_C@_0DF@CDKFFDDI@?$CIUINTN?$CJ?$CIDestination?5?9?5Source?$CJ?5?$DO?5@ 0000000000020450     BaseLib:String.obj
 0002:00001808       ??_C@_0DF@CCGJKFCO@?$CIUINTN?$CJ?$CISource?5?9?5Destination?$CJ?5?$DO?5@ 0000000000020488     BaseLib:String.obj
 0002:00001840       ??_C@_0DJ@JJHGIFMP@Length?5?$DM?$DN?5_gPcd_FixedAtBuild_Pcd@ 00000000000204c0     BaseLib:String.obj
 0002:00001880       ??_C@_0DI@MDIKFADO@Length?5?$DM?5_gPcd_FixedAtBuild_PcdM@ 0000000000020500     BaseLib:String.obj
 0002:000018b8       ??_C@_0BL@IKFBNFIL@AsciiStrSize?5?$CIFirstString?$CJ?$AA@ 0000000000020538     BaseLib:String.obj
 0002:000018d8       ??_C@_0BM@EDNOKLLE@AsciiStrSize?5?$CISecondString?$CJ?$AA@ 0000000000020558     BaseLib:String.obj
 0002:000018f8       ??_C@_0BL@NNBEMOEP@AsciiStrSize?5?$CISource?$CJ?5?$CB?$DN?50?$AA@ 0000000000020578     BaseLib:String.obj
 0002:00001920       ??_C@_0EA@ELKIMFNG@?$CIUINTN?$CJ?5?$CI?$CICHAR8?5?$CK?$CJ?5Destination?5?9@ 00000000000205a0     BaseLib:String.obj
 0002:00001960       ??_C@_0FG@JICIAIMJ@?$CIUINTN?$CJ?5?$CISource?5?9?5?$CICHAR8?5?$CK?$CJ?5Dest@ 00000000000205e0     BaseLib:String.obj
 0002:000019b8       ??_C@_0BL@KAGEINIP@StrSize?5?$CIReturnValue?$CJ?5?$CB?$DN?50?$AA@ 0000000000020638     BaseLib:String.obj
 0002:000019d8       ??_C@_0DJ@BBGKHIDL@d?3?2uefi_edk2_practice?2MdePkg?2Lib@ 0000000000020658     BaseLib:Unaligned.obj
 0002:00001a18       ??_C@_0N@KGHEHMDL@Divisor?5?$CB?$DN?50?$AA@ 0000000000020698     BaseLib:DivU64x32.obj
 0002:00001a28       ??_C@_0DK@LCOMJOBN@d?3?2uefi_edk2_practice?2MdePkg?2Lib@ 00000000000206a8     BaseLib:SafeString.obj
 0002:00001a68       ??_C@_0BJ@MBBOBCLN@?$CIString?5?$CB?$DN?5?$CI?$CIvoid?5?$CK?$CJ?50?$CJ?$CJ?$AA@ 00000000000206e8     BaseLib:SafeString.obj
 0002:00001a88       ??_C@_0BH@JPMEDPAI@?$CIData?5?$CB?$DN?5?$CI?$CIvoid?5?$CK?$CJ?50?$CJ?$CJ?$AA@ 0000000000020708     BaseLib:SafeString.obj
 0002:00001aa0       ??_C@_0ID@JMCCGBLD@?$CIAsciiStrnLenS?5?$CIString?0?5?$CI_gPcd_F@ 0000000000020720     BaseLib:SafeString.obj
 0002:00001b28       ??_C@_0BF@NJNGJMPC@List?5?$CB?$DN?5?$CI?$CIvoid?5?$CK?$CJ?50?$CJ?$AA@ 00000000000207a8     BaseLib:LinkedList.obj
 0002:00001b40       ??_C@_0DK@IAINLHME@d?3?2uefi_edk2_practice?2MdePkg?2Lib@ 00000000000207c0     BaseLib:LinkedList.obj
 0002:00001b80       ??_C@_0CC@KDLPLAED@List?9?$DOForwardLink?5?$CB?$DN?5?$CI?$CIvoid?5?$CK?$CJ?50@ 0000000000020800     BaseLib:LinkedList.obj
 0002:00001ba8       ??_C@_0BP@IJJCCMAK@List?9?$DOBackLink?5?$CB?$DN?5?$CI?$CIvoid?5?$CK?$CJ?50?$CJ?$AA@ 0000000000020828     BaseLib:LinkedList.obj
 0002:00001bc8       ??_C@_0CI@BMHOPIIO@InternalBaseLibIsListValid?5?$CIFirs@ 0000000000020848     BaseLib:LinkedList.obj
 0002:00001bf0       ??_C@_0BM@BAIHHOEP@SecondEntry?5?$CB?$DN?5?$CI?$CIvoid?5?$CK?$CJ?50?$CJ?$AA@ 0000000000020870     BaseLib:LinkedList.obj
 0002:00001c10       ??_C@_0DI@HOMAKAJD@?$CI?$CIBOOLEAN?$CJ?$CI0?$DN?$DN1?$CJ?$CJ?5?$DN?$DN?5IsNodeInLis@ 0000000000020890     BaseLib:LinkedList.obj
 0002:00001c48       ??_C@_0CG@LGIALJFK@InternalBaseLibIsListValid?5?$CIList@ 00000000000208c8     BaseLib:LinkedList.obj
 0002:00001c70       ??_C@_0CC@JLDICICM@InternalBaseLibIsListValid?5?$CIList@ 00000000000208f0     BaseLib:LinkedList.obj
 0002:00001c98       ??_C@_0DD@OAAIDOJD@?$CI?$CIBOOLEAN?$CJ?$CI1?$DN?$DN1?$CJ?$CJ?5?$DN?$DN?5IsNodeInLis@ 0000000000020918     BaseLib:LinkedList.obj
 0002:00001cd0       ??_C@_0BF@NMBJJECB@?$CBIsListEmpty?5?$CIEntry?$CJ?$AA@ 0000000000020950     BaseLib:LinkedList.obj
 0002:00001ce8       ??_C@_17CECJBCED@?$AA?2?$AA?4?$AA?2?$AA?$AA@ 0000000000020968     BaseLib:FilePaths.obj
 0002:00001cf0       ??_C@_15HFJMEONN@?$AA?2?$AA?4?$AA?$AA@ 0000000000020970     BaseLib:FilePaths.obj
 0002:00001cf8       ??_C@_17OFBPHKFE@?$AA?2?$AA?4?$AA?4?$AA?$AA@ 0000000000020978     BaseLib:FilePaths.obj
 0002:00001d00       ??_C@_15LEKKCGMK@?$AA?2?$AA?2?$AA?$AA@ 0000000000020980     BaseLib:FilePaths.obj
 0002:00001d08       ??_C@_0L@MEMPDLHB@Count?5?$DM?564?$AA@ 0000000000020988     BaseLib:LShiftU64.obj
 0002:00001d18       ??_C@_0DJ@IALCBOOA@d?3?2uefi_edk2_practice?2MdePkg?2Lib@ 0000000000020998     BaseLib:LShiftU64.obj
 0002:00001d60       ??_C@_0EC@GDBMODPL@d?3?2uefi_edk2_practice?2MdePkg?2Lib@ 00000000000209e0     BaseLib:DivU64x32Remainder.obj
 0002:00001da8       ??_C@_0BL@CPGKAMND@JumpBuffer?5?$CB?$DN?5?$CI?$CIvoid?5?$CK?$CJ?50?$CJ?$AA@ 0000000000020a28     BaseLib:SetJump.obj
 0002:00001dc8       ??_C@_0DH@GOHBPBIE@d?3?2uefi_edk2_practice?2MdePkg?2Lib@ 0000000000020a48     BaseLib:SetJump.obj
 0002:00001e00       ??_C@_0CD@OEHNCIHG@?$CI?$CIUINTN?$CJJumpBuffer?5?$CG?5?$CI8?5?9?51?$CJ?$CJ?5?$DN?$DN@ 0000000000020a80     BaseLib:SetJump.obj
 0002:00001e30       ??_C@_0ED@MKGCMJG@?$CILength?5?9?51?$CJ?5?$DM?$DN?5?$CI0xFFFFFFFFFFFFF@ 0000000000020ab0     BaseMemoryLib:CopyMemWrapper.obj
 0002:00001e80       ??_C@_0EE@IBEKLMPP@d?3?2uefi_edk2_practice?2MdePkg?2Lib@ 0000000000020b00     BaseMemoryLib:CopyMemWrapper.obj
 0002:00001ec8       ??_C@_0DO@MAOBOFEG@?$CILength?5?9?51?$CJ?5?$DM?$DN?5?$CI0xFFFFFFFFFFFFF@ 0000000000020b48     BaseMemoryLib:CopyMemWrapper.obj
 0002:00001f08       ??_C@_0DG@EEENIGGL@Length?5?$DM?$DN?5?$CI0xFFFFFFFFFFFFFFFFULL@ 0000000000020b88     BaseMemoryLib:MemLibGuid.obj
 0002:00001f40       ??_C@_0EE@DFOINNDI@d?3?2uefi_edk2_practice?2MdePkg?2Lib@ 0000000000020bc0     BaseMemoryLib:ZeroMemWrapper.obj
 0002:00001f88       ??_C@_0DI@DAGDPLPG@?$CILength?5?9?51?$CJ?5?$DM?$DN?5?$CI0xFFFFFFFFFFFFF@ 0000000000020c08     BaseMemoryLib:SetMemWrapper.obj
 0002:00001fc0       ??_C@_0ED@BKDOOALI@d?3?2uefi_edk2_practice?2MdePkg?2Lib@ 0000000000020c40     BaseMemoryLib:SetMemWrapper.obj
 0002:00002008       ??_C@_0CO@LECKNDNC@?$CI?$CI?$CIUINTN?$CJBuffer?$CJ?5?$CG?5?$CIsizeof?5?$CIValu@ 0000000000020c88     BaseMemoryLib:SetMem64Wrapper.obj
 0002:00002038       ??_C@_0CF@LEICOABD@?$CILength?5?$CG?5?$CIsizeof?5?$CIValue?$CJ?5?9?51?$CJ?$CJ?5@ 0000000000020cb8     BaseMemoryLib:SetMem64Wrapper.obj
 0002:00002060       ??_C@_0L@KDHIOLNB@Value?5?$CB?$DN?50?$AA@ 0000000000020ce0     BaseLib:LongJump.obj
 0002:00002070       ??_C@_0DI@KPJEHBHM@d?3?2uefi_edk2_practice?2MdePkg?2Lib@ 0000000000020cf0     BaseLib:LongJump.obj
 0002:000020b0       ??_C@_0EF@BFEJIMHB@d?3?2uefi_edk2_practice?2MdePkg?2Lib@ 0000000000020d30     BaseMemoryLib:SetMem16Wrapper.obj
 0002:00002100       ??_C@_0EF@HIICAFBO@d?3?2uefi_edk2_practice?2MdePkg?2Lib@ 0000000000020d80     BaseMemoryLib:ScanMem8Wrapper.obj
 0002:00002148       ??_C@_0CB@DMEJJJHA@?6ASSERT_EFI_ERROR?5?$CIStatus?5?$DN?5?$CFr?$CJ?6@ 0000000000020dc8     GetAddrInfo:AutoGen.obj
 0002:00002170       ??_C@_0BE@DCHLEIGN@?$CBEFI_ERROR?5?$CIStatus?$CJ?$AA@ 0000000000020df0     GetAddrInfo:AutoGen.obj
 0002:00002190       ??_C@_0HN@FIIJMAEA@d?3?2uefi_edk2_practice?2Build?2AppP@ 0000000000020e10     GetAddrInfo:AutoGen.obj
 0002:00002210       _gPcd_FixedAtBuild_PcdMaximumLinkedListLength 0000000000020e90     GetAddrInfo:AutoGen.obj
 0002:00002214       _gPcd_FixedAtBuild_PcdMaximumUnicodeStringLength 0000000000020e94     GetAddrInfo:AutoGen.obj
 0002:00002218       _gPcd_FixedAtBuild_PcdMaximumAsciiStringLength 0000000000020e98     GetAddrInfo:AutoGen.obj
 0002:0000221c       _gPcd_FixedAtBuild_PcdVerifyNodeInList 0000000000020e9c     GetAddrInfo:AutoGen.obj
 0002:00002220       ??_C@_06GCNMPELH@stdin?3?$AA@ 0000000000020ea0     LibC:Main.obj
 0002:00002228       ??_C@_07CJCKBFG@stdout?3?$AA@ 0000000000020ea8     LibC:Main.obj
 0002:00002230       ??_C@_07NBHIPNPM@stderr?3?$AA@ 0000000000020eb0     LibC:Main.obj
 0002:00002240       ??_C@_1FI@OEFNJEF@?$AAE?$AAR?$AAR?$AAO?$AAR?$AA?5?$AAI?$AAn?$AAi?$AAt?$AAi?$AAa?$AAl?$AAi?$AAz?$AAi?$AAn?$AAg?$AA?5?$AAS?$AAt?$AAa?$AAn?$AAd?$AAa?$AAr?$AAd?$AA?5?$AAI?$AAO?$AA?3?$AA?5@ 0000000000020ec0     LibC:Main.obj
 0002:00002298       ??_C@_1O@CFMGMDFI@?$AAs?$AAt?$AAd?$AAi?$AAn?$AA?3?$AA?$AA@ 0000000000020f18     DevConsole:daConsole.obj
 0002:000022a8       ??_C@_1BA@PGAEEPHD@?$AAs?$AAt?$AAd?$AAo?$AAu?$AAt?$AA?3?$AA?$AA@ 0000000000020f28     DevConsole:daConsole.obj
 0002:000022b8       ??_C@_1BA@DNLKDFLO@?$AAs?$AAt?$AAd?$AAe?$AAr?$AAr?$AA?3?$AA?$AA@ 0000000000020f38     DevConsole:daConsole.obj
 0002:000022f8       ??_C@_0BH@IACGKAP@Buffer?5?$CB?$DN?5?$CI?$CIvoid?5?$CK?$CJ?50?$CJ?$AA@ 0000000000020f78     UefiLib:UefiLibPrint.obj
 0002:00002310       ??_C@_17CLELIOII@?$AAN?$AAU?$AAL?$AA?$AA@ 0000000000020f90     UefiShellLib:UefiShellLib.obj
 0002:00002318       ??_C@_19CIJIHAKK@?$AAN?$AAU?$AAL?$AAL?$AA?$AA@ 0000000000020f98     UefiShellLib:UefiShellLib.obj
 0002:00002328       ??_C@_0BM@NLNKOJGD@Destination?5?$CB?$DN?5?$CI?$CIvoid?5?$CK?$CJ?50?$CJ?$AA@ 0000000000020fa8     UefiShellLib:UefiShellLib.obj
 0002:00002348       mEslUdp4ServiceGuid        0000000000020fc8     EfiSocketLib:UseEfiSocketLib.obj
 0002:00002358       mEfiServiceBinding         0000000000020fd8     EfiSocketLib:UseEfiSocketLib.obj
 0002:00002368       mEslUdp6ServiceGuid        0000000000020fe8     EfiSocketLib:UseEfiSocketLib.obj
 0002:00002378       mEslTcp4ServiceGuid        0000000000020ff8     EfiSocketLib:UseEfiSocketLib.obj
 0002:00002388       mEslTcp6ServiceGuid        0000000000021008     EfiSocketLib:UseEfiSocketLib.obj
 0002:00002398       mEslIp4ServiceGuid         0000000000021018     EfiSocketLib:UseEfiSocketLib.obj
 0002:000023b0       cEslSocketBinding          0000000000021030     EfiSocketLib:Socket.obj
 0002:000024f0       ??_C@_17NIGEJLGH@?$AAI?$AAp?$AA4?$AA?$AA@ 0000000000021170     EfiSocketLib:Socket.obj
 0002:000024f8       ??_C@_19IGIFHENE@?$AAT?$AAc?$AAp?$AA4?$AA?$AA@ 0000000000021178     EfiSocketLib:Socket.obj
 0002:00002508       ??_C@_19CMIMLMFP@?$AAT?$AAc?$AAp?$AA6?$AA?$AA@ 0000000000021188     EfiSocketLib:Socket.obj
 0002:00002518       ??_C@_19GDICBGPD@?$AAU?$AAd?$AAp?$AA4?$AA?$AA@ 0000000000021198     EfiSocketLib:Socket.obj
 0002:00002528       ??_C@_19MJILNOHI@?$AAU?$AAd?$AAp?$AA6?$AA?$AA@ 00000000000211a8     EfiSocketLib:Socket.obj
 0002:00002540       cEslTcp6Api                00000000000211c0     EfiSocketLib:Tcp6.obj
 0002:00002648       ??_C@_05NEBMLMBB@TCPv6?$AA@ 00000000000212c8     EfiSocketLib:Tcp6.obj
 0002:00002650       cEslIp4Api                 00000000000212d0     EfiSocketLib:Ip4.obj
 0002:00002758       ??_C@_04EMGFNKGN@IPv4?$AA@ 00000000000213d8     EfiSocketLib:Ip4.obj
 0002:00002760       cEslTcp4Api                00000000000213e0     EfiSocketLib:Tcp4.obj
 0002:00002868       ??_C@_05OGCKNOJD@TCPv4?$AA@ 00000000000214e8     EfiSocketLib:Tcp4.obj
 0002:00002870       cEslUdp4Api                00000000000214f0     EfiSocketLib:Udp4.obj
 0002:00002978       ??_C@_05JPFGNBCG@UDPv4?$AA@ 00000000000215f8     EfiSocketLib:Udp4.obj
 0002:00002980       cEslUdp6Api                0000000000021600     EfiSocketLib:Udp6.obj
 0002:00002a88       ??_C@_05KNGALDKE@UDPv6?$AA@ 0000000000021708     EfiSocketLib:Udp6.obj
 0002:00002a90       ??_C@_0CB@INCGMHEO@?$CFs?5?5?$DMhost?5name?$DO?5?5?$DMserver?5name?$DO?$AN?6@ 0000000000021710     GetAddrInfo:GetAddrInfo.obj
 0002:00002ab8       ??_C@_0CM@LNNBNNBL@ERROR?5?9?5address?5info?5not?5found?0?5@ 0000000000021738     GetAddrInfo:GetAddrInfo.obj
 0002:00002ae8       ??_C@_0CO@LIADLAHD@ERROR?5?9?5No?5address?5info?5structur@ 0000000000021768     GetAddrInfo:GetAddrInfo.obj
 0002:00002b18       ??_C@_0BD@DCMECOMK@0x?$CF08x?3?5ai_flags?$AN?6?$AA@ 0000000000021798     GetAddrInfo:GetAddrInfo.obj
 0002:00002b30       ??_C@_0BE@OEGBDIMC@0x?$CF08x?3?5ai_family?$AN?6?$AA@ 00000000000217b0     GetAddrInfo:GetAddrInfo.obj
 0002:00002b48       ??_C@_0BG@FOEAAHLN@0x?$CF08x?3?5ai_socktype?$AN?6?$AA@ 00000000000217c8     GetAddrInfo:GetAddrInfo.obj
 0002:00002b60       ??_C@_0BG@OHBBNGH@0x?$CF08x?3?5ai_protocol?$AN?6?$AA@ 00000000000217e0     GetAddrInfo:GetAddrInfo.obj
 0002:00002b78       ??_C@_0BF@NEHAJDOM@0x?$CF08x?3?5ai_addrlen?$AN?6?$AA@ 00000000000217f8     GetAddrInfo:GetAddrInfo.obj
 0002:00002b90       ??_C@_0BD@DFANJMPN@?$CFs?3?5ai_canonname?$AN?6?$AA@ 0000000000021810     GetAddrInfo:GetAddrInfo.obj
 0002:00002ba8       ??_C@_0CA@KIOPPJJB@?5?5?5?5?5?50x?$CF02x?3?5ai_addr?9?$DOsa_len?$AN?6?$AA@ 0000000000021828     GetAddrInfo:GetAddrInfo.obj
 0002:00002bc8       ??_C@_0CD@EIIBLCOF@?5?5?5?5?5?50x?$CF02x?3?5ai_addr?9?$DOsa_family@ 0000000000021848     GetAddrInfo:GetAddrInfo.obj
 0002:00002bf0       ??_C@_0CH@BFHCIDMG@?5?5?5?5?5?50x?$CF02x?3?5ai_addr?9?$DOsa_data?$FL?$CF@ 0000000000021870     GetAddrInfo:GetAddrInfo.obj
 0002:00002c18       ??_C@_15KKOHIOBF@?$AA?2?$AA?3?$AA?$AA@ 0000000000021898     DevUtility:Path.obj
 0002:00002c20       year_lengths               00000000000218a0     LibTime:Time.obj
 0002:00002c30       mon_lengths                00000000000218b0     LibTime:Time.obj
 0002:00002c90       ??_C@_0BA@NFHJAOCJ@?0M4?41?40?0M10?45?40?$AA@ 0000000000021910     LibTime:ZoneProc.obj
 0002:00002ca0       ??_C@_02CLFPBFFP@TZ?$AA@   0000000000021920     LibTime:ZoneProc.obj
 0002:00002ca8       wildabbr                   0000000000021928     LibTime:ZoneProc.obj
 0002:00002cb4       gmt                        0000000000021934     LibTime:ZoneProc.obj
 0002:00002cb8       ??_C@_0CI@BKHCEFMF@?$CILength?5?$DO?50x007F?$CJ?5?$CG?$CG?5?$CILength?5?$DM?$DN?5@ 0000000000021938     LibLocale:multibyte_Utf8.obj
 0002:00002ce0       ??_C@_0P@CCFDOHOB@ProcessOneByte?$AA@ 0000000000021960     LibLocale:multibyte_Utf8.obj
 0002:00002cf0       ??_C@_0DK@LMKFJPBM@d?3?2uefi_edk2_practice?2StdLib?2Lib@ 0000000000021970     LibLocale:multibyte_Utf8.obj
 0002:00002d30       ??_C@_0CI@NHCOAOJN@?$CILength?5?$DO?50x07FF?$CJ?5?$CG?$CG?5?$CILength?5?$DM?$DN?5@ 00000000000219b0     LibLocale:multibyte_Utf8.obj
 0002:00002d58       ??_C@_0CK@ECFFLHAE@?$CILength?5?$DO?50xFFFF?$CJ?5?$CG?$CG?5?$CILength?5?$DM?$DN?5@ 00000000000219d8     LibLocale:multibyte_Utf8.obj
 0002:00002e90       ??_C@_07PBILKAFL@Success?$AA@ 0000000000021b10     BasePrintLib:PrintLibInternal.obj
 0002:00002e98       ??_C@_0BG@CFJMNNJK@Warning?5Unknown?5Glyph?$AA@ 0000000000021b18     BasePrintLib:PrintLibInternal.obj
 0002:00002eb0       ??_C@_0BH@GKKCJEPJ@Warning?5Delete?5Failure?$AA@ 0000000000021b30     BasePrintLib:PrintLibInternal.obj
 0002:00002ec8       ??_C@_0BG@ECIJMOED@Warning?5Write?5Failure?$AA@ 0000000000021b48     BasePrintLib:PrintLibInternal.obj
 0002:00002ee0       ??_C@_0BJ@ODIPDGHB@Warning?5Buffer?5Too?5Small?$AA@ 0000000000021b60     BasePrintLib:PrintLibInternal.obj
 0002:00002f00       ??_C@_0BD@IFJNJCCO@Warning?5Stale?5Data?$AA@ 0000000000021b80     BasePrintLib:PrintLibInternal.obj
 0002:00002f18       ??_C@_0L@PLPBEPPC@Load?5Error?$AA@ 0000000000021b98     BasePrintLib:PrintLibInternal.obj
 0002:00002f28       ??_C@_0BC@HOFHKGJN@Invalid?5Parameter?$AA@ 0000000000021ba8     BasePrintLib:PrintLibInternal.obj
 0002:00002f40       ??_C@_0M@BEECMOIL@Unsupported?$AA@ 0000000000021bc0     BasePrintLib:PrintLibInternal.obj
 0002:00002f50       ??_C@_0BA@FLNMPMCF@Bad?5Buffer?5Size?$AA@ 0000000000021bd0     BasePrintLib:PrintLibInternal.obj
 0002:00002f60       ??_C@_0BB@EGELJFOB@Buffer?5Too?5Small?$AA@ 0000000000021be0     BasePrintLib:PrintLibInternal.obj
 0002:00002f78       ??_C@_09NKFGCIPN@Not?5Ready?$AA@ 0000000000021bf8     BasePrintLib:PrintLibInternal.obj
 0002:00002f88       ??_C@_0N@HHEABDHO@Device?5Error?$AA@ 0000000000021c08     BasePrintLib:PrintLibInternal.obj
 0002:00002f98       ??_C@_0BA@LNEDDFNB@Write?5Protected?$AA@ 0000000000021c18     BasePrintLib:PrintLibInternal.obj
 0002:00002fa8       ??_C@_0BB@GOILNEAA@Out?5of?5Resources?$AA@ 0000000000021c28     BasePrintLib:PrintLibInternal.obj
 0002:00002fc0       ??_C@_0P@EIOJGIF@Volume?5Corrupt?$AA@ 0000000000021c40     BasePrintLib:PrintLibInternal.obj
 0002:00002fd0       ??_C@_0M@HDLEPOFA@Volume?5Full?$AA@ 0000000000021c50     BasePrintLib:PrintLibInternal.obj
 0002:00002fe0       ??_C@_08KEGAJDNN@No?5Media?$AA@ 0000000000021c60     BasePrintLib:PrintLibInternal.obj
 0002:00002ff0       ??_C@_0O@JNCJKCCD@Media?5changed?$AA@ 0000000000021c70     BasePrintLib:PrintLibInternal.obj
 0002:00003000       ??_C@_09CFCBFJND@Not?5Found?$AA@ 0000000000021c80     BasePrintLib:PrintLibInternal.obj
 0002:00003010       ??_C@_0O@NFHOBIDO@Access?5Denied?$AA@ 0000000000021c90     BasePrintLib:PrintLibInternal.obj
 0002:00003020       ??_C@_0M@ENKCBFEP@No?5Response?$AA@ 0000000000021ca0     BasePrintLib:PrintLibInternal.obj
 0002:00003030       ??_C@_0L@IFPBNFC@No?5mapping?$AA@ 0000000000021cb0     BasePrintLib:PrintLibInternal.obj
 0002:00003040       ??_C@_08PAFJCNGP@Time?5out?$AA@ 0000000000021cc0     BasePrintLib:PrintLibInternal.obj
 0002:00003050       ??_C@_0M@DCJFAFHJ@Not?5started?$AA@ 0000000000021cd0     BasePrintLib:PrintLibInternal.obj
 0002:00003060       ??_C@_0BA@IGIBFFPH@Already?5started?$AA@ 0000000000021ce0     BasePrintLib:PrintLibInternal.obj
 0002:00003070       ??_C@_07LCKDCBKK@Aborted?$AA@ 0000000000021cf0     BasePrintLib:PrintLibInternal.obj
 0002:00003078       ??_C@_0L@LKIFCMNO@ICMP?5Error?$AA@ 0000000000021cf8     BasePrintLib:PrintLibInternal.obj
 0002:00003088       ??_C@_0L@DJKNJKHM@TFTP?5Error?$AA@ 0000000000021d08     BasePrintLib:PrintLibInternal.obj
 0002:00003098       ??_C@_0P@NCJHBCLM@Protocol?5Error?$AA@ 0000000000021d18     BasePrintLib:PrintLibInternal.obj
 0002:000030a8       ??_C@_0BF@EHOBGFMI@Incompatible?5Version?$AA@ 0000000000021d28     BasePrintLib:PrintLibInternal.obj
 0002:000030c0       ??_C@_0BD@KHMPCIOG@Security?5Violation?$AA@ 0000000000021d40     BasePrintLib:PrintLibInternal.obj
 0002:000030d8       ??_C@_09BOMAGJEG@CRC?5Error?$AA@ 0000000000021d58     BasePrintLib:PrintLibInternal.obj
 0002:000030e8       ??_C@_0N@JEJDHPO@End?5of?5Media?$AA@ 0000000000021d68     BasePrintLib:PrintLibInternal.obj
 0002:000030f8       ??_C@_0O@NMJOLAMF@Reserved?5?$CI29?$CJ?$AA@ 0000000000021d78     BasePrintLib:PrintLibInternal.obj
 0002:00003108       ??_C@_0O@GLPDOMCP@Reserved?5?$CI30?$CJ?$AA@ 0000000000021d88     BasePrintLib:PrintLibInternal.obj
 0002:00003118       ??_C@_0M@FKGOBENP@End?5of?5File?$AA@ 0000000000021d98     BasePrintLib:PrintLibInternal.obj
 0002:00003128       ??_C@_0BB@KFJAMCOC@Invalid?5Language?$AA@ 0000000000021da8     BasePrintLib:PrintLibInternal.obj
 0002:00003140       ??_C@_0BB@MFGDFIJM@Compromised?5Data?$AA@ 0000000000021dc0     BasePrintLib:PrintLibInternal.obj
 0002:00003158       ??_C@_0O@MLOLIMFM@?$DMnull?5string?$DO?$AA@ 0000000000021dd8     BasePrintLib:PrintLibInternal.obj
 0002:00003168       ??_C@_0M@BJJDNPHK@?$DMnull?5guid?$DO?$AA@ 0000000000021de8     BasePrintLib:PrintLibInternal.obj
 0002:00003178       ??_C@_0DB@PMLHLBMO@?$CF08x?9?$CF04x?9?$CF04x?9?$CF02x?$CF02x?9?$CF02x?$CF02x@ 0000000000021df8     BasePrintLib:PrintLibInternal.obj
 0002:000031b0       ??_C@_0M@LHGBCIKM@?$DMnull?5time?$DO?$AA@ 0000000000021e30     BasePrintLib:PrintLibInternal.obj
 0002:000031c0       ??_C@_0BK@FCPKCIDD@?$CF02d?1?$CF02d?1?$CF04d?5?5?$CF02d?3?$CF02d?$AA@ 0000000000021e40     BasePrintLib:PrintLibInternal.obj
 0002:000031dc       ??_C@_04JIMNDDED@?$CF08X?$AA@ 0000000000021e5c     BasePrintLib:PrintLibInternal.obj
 0002:000031e4       ??_C@_02PCIJFNDE@?$AN?6?$AA@ 0000000000021e64     BasePrintLib:PrintLibInternal.obj
 0002:000031e8       ??_C@_01LIIJDEN@?$AN?$AA@  0000000000021e68     BasePrintLib:PrintLibInternal.obj
 0002:000031f0       mStatusString              0000000000021e70     BasePrintLib:PrintLibInternal.obj
 0002:00003330       mHexStr                    0000000000021fb0     BasePrintLib:PrintLibInternal.obj
 0002:00003340       ??_C@_03OEIAHPBN@INF?$AA@  0000000000021fc0     LibStdio:vfprintf.obj
 0002:00003344       ??_C@_03OJHLLCGB@inf?$AA@  0000000000021fc4     LibStdio:vfprintf.obj
 0002:00003348       ??_C@_03LKNCIKJB@NAN?$AA@  0000000000021fc8     LibStdio:vfprintf.obj
 0002:0000334c       ??_C@_03LHCJEHON@nan?$AA@  0000000000021fcc     LibStdio:vfprintf.obj
 0002:00003350       ??_C@_06OJHGLDPL@?$CInull?$CJ?$AA@ 0000000000021fd0     LibStdio:vfprintf.obj
 0002:00003388       ??_C@_0N@KJMLEBIL@Head?5?$CB?$DN?5NULL?$AA@ 0000000000022008     LibStdLib:Malloc.obj
 0002:00003398       ??_C@_06GLDDLHNF@malloc?$AA@ 0000000000022018     LibStdLib:Malloc.obj
 0002:000033a0       ??_C@_0DC@ILALPCHL@d?3?2uefi_edk2_practice?2StdLib?2Lib@ 0000000000022020     LibStdLib:Malloc.obj
 0002:000033d4       ??_C@_04LIAPHEDB@free?$AA@ 0000000000022054     LibStdLib:Malloc.obj
 0002:000033e0       ??_C@_07EOOHGPEI@realloc?$AA@ 0000000000022060     LibStdLib:Malloc.obj
 0002:000033e8       ??_C@_0CL@CALHJIEG@Assertion?5failed?3?5?$CI?$CFs?$CJ?0?5file?5?$CFs?0@ 0000000000022068     LibC:assert.obj
 0002:00003418       ??_C@_0DI@IOHIAJDA@Assertion?5failed?3?5?$CI?$CFs?$CJ?0?5file?5?$CFs?0@ 0000000000022098     LibC:assert.obj
 0002:00003450       ??_C@_0O@IDFELCHE@RowDelta?5?$DO?$DN?50?$AA@ 00000000000220d0     LibIIO:IIOutilities.obj
 0002:00003460       ??_C@_0BA@HPMMKBFI@IIO_CursorDelta?$AA@ 00000000000220e0     LibIIO:IIOutilities.obj
 0002:00003470       ??_C@_0EE@FNCJIDNM@d?3?2uefi_edk2_practice?2StdLib?2Lib@ 00000000000220f0     LibIIO:IIOutilities.obj
 0002:000034c0       ??_C@_0BH@MAAHKCPC@String?5?$CB?$DN?5?$CI?$CIvoid?5?$CK?$CJ?50?$CJ?$AA@ 0000000000022140     UefiHiiLib:HiiString.obj
 0002:000034d7       ??_C@_00CNPNBAHC@?$AA@     0000000000022157     UefiHiiLib:HiiString.obj
 0002:000034d8       ??_C@_03OCLLGKEH@udp?$AA@  0000000000022158     BsdSocketLib:getaddrinfo.obj
 0002:000034dc       ??_C@_03FPEIBLKH@tcp?$AA@  000000000002215c     BsdSocketLib:getaddrinfo.obj
 0002:000034e0       ??_C@_05DPEMMMGC@files?$AA@ 0000000000022160     BsdSocketLib:getaddrinfo.obj
 0002:000034e8       ??_C@_03CMKEIMKI@dns?$AA@  0000000000022168     BsdSocketLib:getaddrinfo.obj
 0002:000034f0       ??_C@_0M@MBIPAJOD@getaddrinfo?$AA@ 0000000000022170     BsdSocketLib:getaddrinfo.obj
 0002:000034fc       ??_C@_05JPJINGDM@hosts?$AA@ 000000000002217c     BsdSocketLib:getaddrinfo.obj
 0002:00003508       ??_C@_0BG@KMKAEGG@?1Efi?1StdLib?1etc?1hosts?$AA@ 0000000000022188     BsdSocketLib:getaddrinfo.obj
 0002:00003520       ??_C@_02MAFKDGNO@?$CD?6?$AA@ 00000000000221a0     BsdSocketLib:getaddrinfo.obj
 0002:00003524       ??_C@_02OJDBNLEE@?5?7?$AA@ 00000000000221a4     BsdSocketLib:getaddrinfo.obj
 0002:00003528       ??_C@_05NNFHCGPF@?$CFs?4?$CFs?$AA@ 00000000000221a8     BsdSocketLib:getaddrinfo.obj
 0002:00003798       ??_C@_0M@JPEPCOFF@HOSTALIASES?$AA@ 0000000000022418     BsdSocketLib:res_query.obj
 0002:000037a8       ??_C@_0M@OKJFMMDK@LOCALDOMAIN?$AA@ 0000000000022428     BsdSocketLib:res_init.obj
 0002:000037b8       ??_C@_0BM@MOODCCJF@?1Efi?1StdLib?1etc?1resolv?4conf?$AA@ 0000000000022438     BsdSocketLib:res_init.obj
 0002:000037d4       ??_C@_06LKIIGAOE@domain?$AA@ 0000000000022454     BsdSocketLib:res_init.obj
 0002:000037dc       ??_C@_03ILLHFMNI@?5?7?6?$AA@ 000000000002245c     BsdSocketLib:res_init.obj
 0002:000037e0       ??_C@_06GFPLNGOC@search?$AA@ 0000000000022460     BsdSocketLib:res_init.obj
 0002:000037e8       ??_C@_0L@IGDCFOEA@nameserver?$AA@ 0000000000022468     BsdSocketLib:res_init.obj
 0002:000037f8       ??_C@_08DFFPGALN@sortlist?$AA@ 0000000000022478     BsdSocketLib:res_init.obj
 0002:00003808       ??_C@_07FOPBDDAL@options?$AA@ 0000000000022488     BsdSocketLib:res_init.obj
 0002:00003810       ??_C@_04PFOEMICB@conf?$AA@ 0000000000022490     BsdSocketLib:res_init.obj
 0002:00003818       ??_C@_0CC@NOIFGLPA@?$DL?$DL?5res_setoptions?$CI?$CC?$CFs?$CC?0?5?$CC?$CFs?$CC?$CJ?4?4?4@ 0000000000022498     BsdSocketLib:res_init.obj
 0002:0000383c       ??_C@_06KGFOIFFC@ndots?3?$AA@ 00000000000224bc     BsdSocketLib:res_init.obj
 0002:00003848       ??_C@_0N@CHFKDCBI@?$DL?$DL?7ndots?$DN?$CFd?6?$AA@ 00000000000224c8     BsdSocketLib:res_init.obj
 0002:00003858       ??_C@_05GFCDIDHO@debug?$AA@ 00000000000224d8     BsdSocketLib:res_init.obj
 0002:00003860       ??_C@_0CB@CPMIDNFF@?$DL?$DL?5res_setoptions?$CI?$CC?$CFs?$CC?0?5?$CC?$CFs?$CC?$CJ?4?4?6@ 00000000000224e0     BsdSocketLib:res_init.obj
 0002:00003888       ??_C@_09BAOJBMNB@?$DL?$DL?7debug?6?$AA@ 0000000000022508     BsdSocketLib:res_init.obj
 0002:00003894       ??_C@_05JBNIJPCK@inet6?$AA@ 0000000000022514     BsdSocketLib:res_init.obj
 0002:000038a0       ??_C@_0N@CFOLBNCO@no_tld_query?$AA@ 0000000000022520     BsdSocketLib:res_init.obj
 0002:000038b8       ??_C@_0BM@KPHOALJL@res_send?3?5?$CFs?5?$CI?$FL?$CFs?$FN?4?$CFu?$CJ?3?5?$CFs?6?$AA@ 0000000000022538     BsdSocketLib:res_send.obj
 0002:000038d8       ??_C@_0BC@JFLCKNFG@res_send?3?5?$CFs?3?5?$CFs?6?$AA@ 0000000000022558     BsdSocketLib:res_send.obj
 0002:000038f0       ??_C@_0P@DJGAACBE@?$DL?$DL?5res_send?$CI?$CJ?6?$AA@ 0000000000022570     BsdSocketLib:res_send.obj
 0002:00003900       ??_C@_0CI@EFFJKMPN@?$DL?$DL?5Querying?5server?5?$CI?$CD?5?$CFd?$CJ?5addres@ 0000000000022580     BsdSocketLib:res_send.obj
 0002:00003928       ??_C@_0L@MDDEHJBC@socket?$CIvc?$CJ?$AA@ 00000000000225a8     BsdSocketLib:res_send.obj
 0002:00003938       ??_C@_0L@JBCDMCDP@connect?1vc?$AA@ 00000000000225b8     BsdSocketLib:res_send.obj
 0002:00003948       ??_C@_0N@EFFFKIOH@write?5failed?$AA@ 00000000000225c8     BsdSocketLib:res_send.obj
 0002:00003958       ??_C@_0M@CKJFJOPO@read?5failed?$AA@ 00000000000225d8     BsdSocketLib:res_send.obj
 0002:00003968       ??_C@_0BH@FDCFHDAN@?$DL?$DL?5response?5truncated?6?$AA@ 00000000000225e8     BsdSocketLib:res_send.obj
 0002:00003980       ??_C@_0BD@NAEJELAM@?$DL?$DL?5undersized?3?5?$CFd?6?$AA@ 0000000000022600     BsdSocketLib:res_send.obj
 0002:00003998       ??_C@_08FADONFNH@read?$CIvc?$CJ?$AA@ 0000000000022618     BsdSocketLib:res_send.obj
 0002:000039a8       ??_C@_0BN@DOENLAPH@?$DL?$DL?5old?5answer?5?$CIunexpected?$CJ?3?6?$AA@ 0000000000022628     BsdSocketLib:res_send.obj
 0002:000039c8       ??_C@_0L@DOCNEONK@socket?$CIdg?$CJ?$AA@ 0000000000022648     BsdSocketLib:res_send.obj
 0002:000039d8       ??_C@_0M@LNIIHKMM@connect?$CIdg?$CJ?$AA@ 0000000000022658     BsdSocketLib:res_send.obj
 0002:000039e4       ??_C@_04MIIPNNEF@send?$AA@ 0000000000022664     BsdSocketLib:res_send.obj
[...]
 0004:000000b4       $unwind$res_setoptions     000000000003e834     BsdSocketLib:res_init.obj
 0004:000000b4       $unwind$__Cons_deconstruct 000000000003e834     DevConsole:daConsole.obj
 0004:000000b4       $unwind$EslUdp4LocalAddressGet 000000000003e834     EfiSocketLib:Udp4.obj
 0004:000000b4       $unwind$EslTcp4LocalAddressGet 000000000003e834     EfiSocketLib:Tcp4.obj
 0004:000000b4       $unwind$da_ShellStat       000000000003e834     DevShell:daShell.obj
 0004:000000b4       $unwind$time               000000000003e834     LibTime:Time.obj
 0004:000000b4       $unwind$AsciiStrLen        000000000003e834     BaseLib:String.obj
 0004:000000b4       $unwind$da_ConClose        000000000003e834     DevConsole:daConsole.obj
 0004:000000b4       $unwind$BuildBitmap        000000000003e834     LibString:Searching.obj
 0004:000000b4       $unwind$SwapBytes32        000000000003e834     BaseLib:SwapBytes32.obj
 0004:000000b4       $unwind$AsciiStrCmp        000000000003e834     BaseLib:String.obj
 0004:000000b4       $unwind$EslTcp4RemoteAddressGet 000000000003e834     EfiSocketLib:Tcp4.obj
 0004:000000b4       $unwind$AsciiStriCmp       000000000003e834     BaseLib:String.obj
 0004:000000b4       $unwind$EslTcp4RemoteAddressSet 000000000003e834     EfiSocketLib:Tcp4.obj
 0004:000000b4       $unwind$EslSocketPortCloseTxDone 000000000003e834     EfiSocketLib:Socket.obj
 0004:000000b4       $unwind$EslUdp6RemoteAddressSet 000000000003e834     EfiSocketLib:Udp6.obj
 0004:000000b4       $unwind$EslSocketPortCloseComplete 000000000003e834     EfiSocketLib:Socket.obj
 0004:000000b4       $unwind$EslUdp6RemoteAddressGet 000000000003e834     EfiSocketLib:Udp6.obj
 0004:000000b4       $unwind$LongJump           000000000003e834     BaseLib:LongJump.obj
 0004:000000b4       $unwind$InternalBaseLibIsListValid 000000000003e834     BaseLib:LinkedList.obj
 0004:000000b4       $unwind$GetNextNode        000000000003e834     BaseLib:LinkedList.obj
 0004:000000b4       $unwind$__swsetup          000000000003e834     LibStdio:wsetup.obj
 0004:000000b4       $unwind$EslUdp6LocalAddressGet 000000000003e834     EfiSocketLib:Udp6.obj
 0004:000000b4       $unwind$calloc             000000000003e834     LibStdLib:Malloc.obj
 0004:000000b4       $unwind$ShellLibDestructor 000000000003e834     UefiShellLib:UefiShellLib.obj
 0004:000000b4       $unwind$free               000000000003e834     LibStdLib:Malloc.obj
 0004:000000b4       $unwind$setbuf             000000000003e834     LibStdio:setbuf.obj
 0004:000000b4       $unwind$LShiftU64          000000000003e834     BaseLib:LShiftU64.obj
 0004:000000b4       $unwind$BuildBitmap        000000000003e834     LibWchar:Searching.obj
 0004:000000b4       $unwind$AllocateCopyPool   000000000003e834     UefiMemoryAllocationLib:MemoryAllocationLib.obj
 0004:000000b4       $unwind$EslTcp6ConnectComplete 000000000003e834     EfiSocketLib:Tcp6.obj
 0004:000000b4       $unwind$ZeroMem            000000000003e834     BaseMemoryLib:ZeroMemWrapper.obj
 0004:000000b4       $unwind$__Balloc_D2A       000000000003e834     LibGdtoa:misc.obj
 0004:000000b4       $unwind$EslTcp6RemoteAddressSet 000000000003e834     EfiSocketLib:Tcp6.obj
 0004:000000b4       $unwind$IIO_GetCursorPosition 000000000003e834     LibIIO:IIOutilities.obj
 0004:000000b4       $unwind$EslTcp6RemoteAddressGet 000000000003e834     EfiSocketLib:Tcp6.obj
 0004:000000b4       $unwind$EslTcp6LocalAddressGet 000000000003e834     EfiSocketLib:Tcp6.obj
 0004:000000b4       $unwind$InsertTailList     000000000003e834     BaseLib:LinkedList.obj
 0004:000000b4       $unwind$read               000000000003e834     LibUefi:SysCalls.obj
 0004:000000b4       $unwind$IsNodeInList       000000000003e834     BaseLib:LinkedList.obj
 0004:000000b4       $unwind$FIFO_IsFull        000000000003e834     LibContainer:Fifo.obj
 0004:000000b4       $unwind$write              000000000003e834     LibUefi:SysCalls.obj
 0004:000000c0       $unwind$__Cons_construct   000000000003e840     DevConsole:daConsole.obj
 0004:000000c0       $unwind$EslSocketTransmit  000000000003e840     EfiSocketLib:Socket.obj
 0004:000000dc       $unwind$EslUdp4Receive     000000000003e85c     EfiSocketLib:Udp4.obj
 0004:000000dc       $unwind$EslUdp6Receive     000000000003e85c     EfiSocketLib:Udp6.obj
 0004:000000dc       $unwind$InternalPrint      000000000003e85c     UefiLib:UefiLibPrint.obj
 0004:000000dc       $unwind$EslSocketTxComplete 000000000003e85c     EfiSocketLib:Socket.obj
 0004:000000f0       $unwind$Print              000000000003e870     UefiLib:UefiLibPrint.obj
 0004:000000f0       $unwind$printf             000000000003e870     LibStdio:printf.obj
 0004:000000f8       $unwind$ShellFindSE2       000000000003e878     UefiShellLib:UefiShellLib.obj
 0004:0000010c       $unwind$EslTcp6PortAllocate 000000000003e88c     EfiSocketLib:Tcp6.obj
 0004:0000010c       $unwind$ShellLibConstructorWorker 000000000003e88c     UefiShellLib:UefiShellLib.obj
 0004:0000010c       $unwind$EslTcp4PortAllocate 000000000003e88c     EfiSocketLib:Tcp4.obj
 0004:00000118       $unwind$ShellOpenFileByDevicePath 000000000003e898     UefiShellLib:UefiShellLib.obj
 0004:00000134       $unwind$ShellOpenFileByName 000000000003e8b4     UefiShellLib:UefiShellLib.obj
 0004:00000144       $unwind$ShellFindFirstFile 000000000003e8c4     UefiShellLib:UefiShellLib.obj
 0004:00000154       $unwind$da_ShellMkdir      000000000003e8d4     DevShell:daShell.obj
 0004:00000168       $unwind$da_ShellOpen       000000000003e8e8     DevShell:daShell.obj
 0004:00000180       $unwind$da_ShellRmdir      000000000003e900     DevShell:daShell.obj
 0004:00000194       $unwind$fputs              000000000003e914     LibStdio:fputs.obj
 0004:00000194       $unwind$strpbrk            000000000003e914     LibString:Searching.obj
 0004:00000194       $unwind$__ctor_DevShell    000000000003e914     DevShell:daShell.obj
 0004:0000019c       $unwind$EslServiceNetworkConnect 000000000003e91c     EfiSocketLib:UseEfiSocketLib.obj
 0004:000001b0       $unwind$EslServiceNetworkDisconnect 000000000003e930     EfiSocketLib:UseEfiSocketLib.obj
 0004:000001c4       $unwind$EslServiceConnect  000000000003e944     EfiSocketLib:Service.obj
 0004:000001dc       $unwind$EslSocket          000000000003e95c     EfiSocketLib:Socket.obj
 0004:000001ec       $unwind$FIFO_Enqueue       000000000003e96c     LibContainer:Fifo.obj
 0004:000001ec       $unwind$__ns_initparse     000000000003e96c     BsdSocketLib:ns_parse.obj
 0004:000001ec       $unwind$EslSocketGetLocalAddress 000000000003e96c     EfiSocketLib:Socket.obj
 0004:000001ec       $unwind$EslSocketRxComplete 000000000003e96c     EfiSocketLib:Socket.obj
 0004:000001ec       $unwind$EslSocketAccept    000000000003e96c     EfiSocketLib:Socket.obj
 0004:000001ec       $unwind$EslSocketGetPeerAddress 000000000003e96c     EfiSocketLib:Socket.obj
 0004:000001ec       $unwind$EslSocketCopyFragmentedBuffer 000000000003e96c     EfiSocketLib:Socket.obj
 0004:00000208       $unwind$EslSocketAllocate  000000000003e988     EfiSocketLib:Socket.obj
 0004:00000220       $unwind$EslSocketBind      000000000003e9a0     EfiSocketLib:Socket.obj
 0004:00000234       $unwind$EslSocketCloseStart 000000000003e9b4     EfiSocketLib:Socket.obj
 0004:0000024c       $unwind$EslSocketConnect   000000000003e9cc     EfiSocketLib:Socket.obj
 0004:0000024c       $unwind$EslUdp4SocketIsConfigured 000000000003e9cc     EfiSocketLib:Udp4.obj
 0004:00000268       $unwind$EslSocketIoInit    000000000003e9e8     EfiSocketLib:Socket.obj
 0004:00000268       $unwind$EslSocketListen    000000000003e9e8     EfiSocketLib:Socket.obj
 0004:00000268       $unwind$EslTcp4Listen      000000000003e9e8     EfiSocketLib:Tcp4.obj
 0004:00000268       $unwind$EslTcp6Listen      000000000003e9e8     EfiSocketLib:Tcp6.obj
 0004:00000268       $unwind$addname            000000000003e9e8     BsdSocketLib:ns_print.obj
 0004:00000280       $unwind$EslSocketOptionGet 000000000003ea00     EfiSocketLib:Socket.obj
 0004:00000298       $unwind$EslSocketPacketAllocate 000000000003ea18     EfiSocketLib:Socket.obj
 0004:000002ac       $unwind$__quorem_D2A       000000000003ea2c     LibGdtoa:dmisc.obj
 0004:000002ac       $unwind$EslSocketPoll      000000000003ea2c     EfiSocketLib:Socket.obj
 0004:000002ac       $unwind$charstr            000000000003ea2c     BsdSocketLib:ns_print.obj
 0004:000002ac       $unwind$__mult_D2A         000000000003ea2c     LibGdtoa:misc.obj
 0004:000002ac       $unwind$FIFO_Dequeue       000000000003ea2c     LibContainer:Fifo.obj
 0004:000002c8       $unwind$EslSocketPortAllocate 000000000003ea48     EfiSocketLib:Socket.obj
 0004:000002e4       $unwind$EslSocketReceive   000000000003ea64     EfiSocketLib:Socket.obj
 0004:00000300       $unwind$EslSocketRxStart   000000000003ea80     EfiSocketLib:Socket.obj
 0004:00000314       $unwind$fgets              000000000003ea94     LibStdio:fgets.obj
 0004:00000314       $unwind$_fwalk             000000000003ea94     LibStdio:fwalk.obj
 0004:00000314       $unwind$__diff_D2A         000000000003ea94     LibGdtoa:misc.obj
 0004:00000314       $unwind$EslSocketShutdown  000000000003ea94     EfiSocketLib:Socket.obj
 0004:00000314       $unwind$addtab             000000000003ea94     BsdSocketLib:ns_print.obj
 0004:00000314       $unwind$__grow_type_table  000000000003ea94     LibStdio:vfprintf.obj
 0004:0000032c       $unwind$EslTcp4ConnectStart 000000000003eaac     EfiSocketLib:Tcp4.obj
 0004:0000032c       $unwind$EslTcp6ConnectStart 000000000003eaac     EfiSocketLib:Tcp6.obj
 0004:00000344       $unwind$EslTcp6ListenComplete 000000000003eac4     EfiSocketLib:Tcp6.obj
 0004:00000358       $unwind$EslTcp4TxBuffer    000000000003ead8     EfiSocketLib:Tcp4.obj
 0004:00000358       $unwind$EslTcp6TxBuffer    000000000003ead8     EfiSocketLib:Tcp6.obj
 0004:00000370       $unwind$EslTcp4TxOobComplete 000000000003eaf0     EfiSocketLib:Tcp4.obj
 0004:00000370       $unwind$EslTcp6TxComplete  000000000003eaf0     EfiSocketLib:Tcp6.obj
 0004:00000370       $unwind$EslUdp4TxComplete  000000000003eaf0     EfiSocketLib:Udp4.obj
 0004:00000370       $unwind$EslTcp4TxComplete  000000000003eaf0     EfiSocketLib:Tcp4.obj
 0004:00000370       $unwind$EslUdp6TxComplete  000000000003eaf0     EfiSocketLib:Udp6.obj
 0004:00000370       $unwind$EslIp4TxComplete   000000000003eaf0     EfiSocketLib:Ip4.obj
 0004:00000370       $unwind$EslTcp6TxOobComplete 000000000003eaf0     EfiSocketLib:Tcp6.obj
 0004:00000378       $unwind$EslUdp6VerifyLocalIpAddress 000000000003eaf8     EfiSocketLib:Udp6.obj
 0004:00000378       $unwind$EslTcp6VerifyLocalIpAddress 000000000003eaf8     EfiSocketLib:Tcp6.obj
 0004:00000388       $unwind$EslIp4Receive      000000000003eb08     EfiSocketLib:Ip4.obj
 0004:00000388       $unwind$realloc            000000000003eb08     LibStdLib:Malloc.obj
 0004:00000388       $unwind$__ns_parserr       000000000003eb08     BsdSocketLib:ns_parse.obj
 0004:000003a0       $unwind$EslIp4SocketIsConfigured 000000000003eb20     EfiSocketLib:Ip4.obj
 0004:000003a0       $unwind$explore_numeric_scope 000000000003eb20     BsdSocketLib:getaddrinfo.obj
 0004:000003bc       $unwind$EslIp4TxBuffer     000000000003eb3c     EfiSocketLib:Ip4.obj
 0004:000003bc       $unwind$EslUdp6TxBuffer    000000000003eb3c     EfiSocketLib:Udp6.obj
 0004:000003d8       $unwind$EslIp4VerifyLocalIpAddress 000000000003eb58     EfiSocketLib:Ip4.obj
 0004:000003d8       $unwind$EslUdp4VerifyLocalIpAddress 000000000003eb58     EfiSocketLib:Udp4.obj
 0004:000003d8       $unwind$EslTcp4VerifyLocalIpAddress 000000000003eb58     EfiSocketLib:Tcp4.obj
 0004:000003e8       $unwind$EslTcp4ListenComplete 000000000003eb68     EfiSocketLib:Tcp4.obj
 0004:000003fc       $unwind$EslUdp4TxBuffer    000000000003eb7c     EfiSocketLib:Udp4.obj
 0004:00000414       $unwind$EslUdp6SocketIsConfigured 000000000003eb94     EfiSocketLib:Udp6.obj
 0004:0000042c       $unwind$main               000000000003ebac     GetAddrInfo:GetAddrInfo.obj
 0004:00000434       $unwind$ParsePath          000000000003ebb4     DevUtility:Path.obj
 0004:0000044c       $unwind$open               000000000003ebcc     LibUefi:SysCalls.obj
 0004:00000460       $unwind$timesub            000000000003ebe0     LibTime:Time.obj
 0004:00000474       $unwind$normalize_overflow 000000000003ebf4     LibTime:Time.obj
 0004:00000474       $unwind$skiprr             000000000003ebf4     BsdSocketLib:ns_parse.obj
 0004:0000047c       $unwind$time2sub           000000000003ebfc     LibTime:Time.obj
 0004:00000494       $unwind$time1              000000000003ec14     LibTime:Time.obj
 0004:000004b4       $unwind$Time2Efi           000000000003ec34     LibTime:TimeEfi.obj
 0004:000004c0       $unwind$transtime          000000000003ec40     LibTime:ZoneProc.obj
 0004:000004d8       $unwind$tzparse            000000000003ec58     LibTime:ZoneProc.obj
 0004:000004f0       $unwind$AsciiSPrint        000000000003ec70     BasePrintLib:PrintLib.obj
 0004:000004f8       $unwind$FileHandleGetInfo  000000000003ec78     UefiFileHandleLib:UefiFileHandleLib.obj
 0004:000004f8       $unwind$BasePrintLibValueToString 000000000003ec78     BasePrintLib:PrintLibInternal.obj
 0004:00000504       $unwind$BasePrintLibSPrintMarker 000000000003ec84     BasePrintLib:PrintLibInternal.obj
 0004:00000520       $unwind$BasePrintLibSPrint 000000000003eca0     BasePrintLib:PrintLibInternal.obj
 0004:00000528       $unwind$snprintf           000000000003eca8     LibStdio:snprintf.obj
 0004:00000534       $unwind$__sbprintf         000000000003ecb4     LibStdio:vfprintf.obj
 0004:00000548       $unwind$__wcsconv          000000000003ecc8     LibStdio:vfprintf.obj
 0004:00000558       $unwind$__vfprintf_unlocked 000000000003ecd8     LibStdio:vfprintf.obj
 0004:00000574       $unwind$__find_arguments   000000000003ecf4     LibStdio:vfprintf.obj
 0004:0000058c       $unwind$cvt                000000000003ed0c     LibStdio:vfprintf.obj
 0004:000005ac       $unwind$exponent           000000000003ed2c     LibStdio:vfprintf.obj
 0004:000005b4       $unwind$__sfvwrite         000000000003ed34     LibStdio:fvwrite.obj
 0004:000005cc       $unwind$__smakebuf         000000000003ed4c     LibStdio:makebuf.obj
 0004:000005dc       $unwind$__swhatbuf         000000000003ed5c     LibStdio:makebuf.obj
 0004:000005f0       $unwind$malloc             000000000003ed70     LibStdLib:Malloc.obj
 0004:000005fc       $unwind$BslSocketRead      000000000003ed7c     BsdSocketLib:read.obj
 0004:000005fc       $unwind$BslSocketWrite     000000000003ed7c     BsdSocketLib:write.obj
 0004:000005fc       $unwind$__assert           000000000003ed7c     LibC:assert.obj
 0004:00000604       $unwind$IIO_Read           000000000003ed84     LibIIO:IIO.obj
 0004:00000618       $unwind$IIO_Write          000000000003ed98     LibIIO:IIO.obj
 0004:00000630       $unwind$inet_aton          000000000003edb0     LibNetUtil:inet_addr.obj
 0004:00000630       $unwind$IIO_Echo           000000000003edb0     LibIIO:IIO.obj
 0004:0000064c       $unwind$IIO_Delete         000000000003edcc     LibIIO:IIO.obj
 0004:00000654       $unwind$__swbuf            000000000003edd4     LibStdio:wbuf.obj
 0004:00000654       $unwind$New_cIIO           000000000003edd4     LibIIO:IIO.obj
 0004:00000660       $unwind$IIO_GetOutputSize  000000000003ede0     LibIIO:IIOutilities.obj
 0004:00000674       $unwind$IIO_WriteOne       000000000003edf4     LibIIO:IIOwrite.obj
 0004:00000690       $unwind$IIO_EchoOne        000000000003ee10     LibIIO:IIOecho.obj
 0004:000006a8       $unwind$IIO_CanonRead      000000000003ee28     LibIIO:CanonRead.obj
 0004:000006c0       $unwind$getaddrinfo        000000000003ee40     BsdSocketLib:getaddrinfo.obj
 0004:000006e8       $unwind$AsciiStrDecimalToUintnS 000000000003ee68     BaseLib:SafeString.obj
 0004:000006e8       $unwind$explore_null       000000000003ee68     BsdSocketLib:getaddrinfo.obj
 0004:000006e8       $unwind$StrnCat            000000000003ee68     BaseLib:String.obj
 0004:000006fc       $unwind$explore_numeric    000000000003ee7c     BsdSocketLib:getaddrinfo.obj
 0004:00000714       $unwind$get_port           000000000003ee94     BsdSocketLib:getaddrinfo.obj
 0004:00000724       $unwind$getanswer          000000000003eea4     BsdSocketLib:getaddrinfo.obj
 0004:0000073c       $unwind$_dns_getaddrinfo   000000000003eebc     BsdSocketLib:getaddrinfo.obj
 0004:00000758       $unwind$_gethtent          000000000003eed8     BsdSocketLib:getaddrinfo.obj
 0004:00000770       $unwind$_files_getaddrinfo 000000000003eef0     BsdSocketLib:getaddrinfo.obj
 0004:00000788       $unwind$res_queryN         000000000003ef08     BsdSocketLib:getaddrinfo.obj
 0004:000007a4       $unwind$res_searchN        000000000003ef24     BsdSocketLib:getaddrinfo.obj
 0004:000007bc       $unwind$res_querydomainN   000000000003ef3c     BsdSocketLib:getaddrinfo.obj
 0004:000007d8       $unwind$__hostalias        000000000003ef58     BsdSocketLib:res_query.obj
 0004:000007f0       $unwind$__res_init         000000000003ef70     BsdSocketLib:res_init.obj
 0004:00000808       $unwind$Aerror             000000000003ef88     BsdSocketLib:res_send.obj
 0004:0000081c       $unwind$__res_send         000000000003ef9c     BsdSocketLib:res_send.obj
 0004:00000834       $unwind$__res_mkquery      000000000003efb4     BsdSocketLib:res_mkquery.obj
 0004:00000850       $unwind$__dn_expand        000000000003efd0     BsdSocketLib:res_comp.obj
 0004:0000086c       $unwind$__lshift_D2A       000000000003efec     LibGdtoa:misc.obj
 0004:0000086c       $unwind$getservbyname      000000000003efec     BsdSocketLib:getservbyname.obj
 0004:00000888       $unwind$socket             000000000003f008     BsdSocketLib:socket.obj
 0004:0000089c       $unwind$inet_pton4         000000000003f01c     BsdSocketLib:inet_pton.obj
 0004:000008b4       $unwind$inet_pton6         000000000003f034     BsdSocketLib:inet_pton.obj
 0004:000008cc       $unwind$sendto             000000000003f04c     BsdSocketLib:sendto.obj
 0004:000008e8       $unwind$recvfrom           000000000003f068     BsdSocketLib:recvfrom.obj
 0004:00000904       $unwind$do_section         000000000003f084     BsdSocketLib:res_debug.obj
 0004:00000924       $unwind$__fp_nquery        000000000003f0a4     BsdSocketLib:res_debug.obj
 0004:00000940       $unwind$__loc_ntoa         000000000003f0c0     BsdSocketLib:res_debug.obj
 0004:00000958       $unwind$__p_secstodate     000000000003f0d8     BsdSocketLib:res_debug.obj
 0004:00000960       $unwind$__ns_name_ntop     000000000003f0e0     BsdSocketLib:ns_name.obj
 0004:00000978       $unwind$__ns_name_pack     000000000003f0f8     BsdSocketLib:ns_name.obj
 0004:0000098c       $unwind$__ns_name_compress 000000000003f10c     BsdSocketLib:ns_name.obj
 0004:000009ac       $unwind$__ns_format_ttl    000000000003f12c     BsdSocketLib:ns_ttl.obj
 0004:000009c4       $unwind$fmt1               000000000003f144     BsdSocketLib:ns_ttl.obj
 0004:000009d4       $unwind$__ns_sprintrrf     000000000003f154     BsdSocketLib:ns_print.obj
 0004:000009f0       $unwind$__b64_ntop         000000000003f170     BsdSocketLib:base64.obj
 0004:00000a0c       $unwind$inet_ntop4         000000000003f18c     LibNetUtil:inet_ntop.obj
 0004:00000a18       $unwind$inet_ntop6         000000000003f198     LibNetUtil:inet_ntop.obj
 0004:00000a30       $unwind$selscan            000000000003f1b0     LibUefi:select.obj
 0004:00000a48       $unwind$__dtoa             000000000003f1c8     LibGdtoa:dtoa.obj
 0004:00000a68       $unwind$__d2b_D2A          000000000003f1e8     LibGdtoa:misc.obj
 0004:00000a74       $unwind$sprintf            000000000003f1f4     LibStdio:sprintf.obj
 0004:00000a80       $unwind$fprintf            000000000003f200     LibStdio:fprintf.obj
 0004:00000a88       $unwind$fseeko             000000000003f208     LibStdio:fseeko.obj
