 MyPciScan_v3

 Timestamp is 5fb887b7 (Sat Nov 21 11:21:27 2020)

 Preferred load address is 0000000000000000

 Start         Length     Name                   Class
 0001:00000000 000019a2H .text$mn                CODE
 0002:00000000 000000a0H .data                   DATA
 0002:000000a0 00000770H .rdata                  DATA
 0002:00000810 00000078H .bss                    DATA
 0002:00000888 00000080H .rdata$zzzdbg           DATA
 0003:00000000 00000108H .pdata                  DATA
 0004:00000000 000000c4H .xdata                  DATA

  Address         Publics by Value              Rva+Base               Lib:Object

 0000:00000000       __guard_iat_count          0000000000000000     <absolute>
 0000:00000000       __guard_flags              0000000000000000     <absolute>
 0000:00000000       __guard_longjmp_table      0000000000000000     <absolute>
 0000:00000000       __guard_longjmp_count      0000000000000000     <absolute>
 0000:00000000       __dynamic_value_reloc_table 0000000000000000     <absolute>
 0000:00000000       __guard_iat_table          0000000000000000     <absolute>
 0000:00000000       __guard_fids_count         0000000000000000     <absolute>
 0000:00000000       __guard_fids_table         0000000000000000     <absolute>
 0001:00000000       _ModuleEntryPoint          0000000000000280 f   UefiApplicationEntryPoint:ApplicationEntryPoint.obj
 0001:00000030       ProcessLibraryConstructorList 00000000000002b0 f   MyPciScan_v3:AutoGen.obj
 0001:00000124       ProcessModuleEntryPointList 00000000000003a4 f   MyPciScan_v3:AutoGen.obj
 0001:0000023c       DebugAssert                00000000000004bc f   BaseDebugLibNull:DebugLib.obj
 0001:00000240       DebugAssertEnabled         00000000000004c0 f   BaseDebugLibNull:DebugLib.obj
 0001:00000244       InternalPrint              00000000000004c4 f   UefiLib:UefiLibPrint.obj
 0001:000002cc       Print                      000000000000054c f   UefiLib:UefiLibPrint.obj
 0001:000002fc       ShellFindSE2               000000000000057c f   UefiShellLib:UefiShellLib.obj
 0001:000004ac       ShellLibConstructorWorker  000000000000072c f   UefiShellLib:UefiShellLib.obj
 0001:00000614       ShellLibDestructor         0000000000000894 f   UefiShellLib:UefiShellLib.obj
 0001:00000728       InternalAllocatePool       00000000000009a8 f   UefiMemoryAllocationLib:MemoryAllocationLib.obj
 0001:00000758       AllocateZeroPool           00000000000009d8 f   UefiMemoryAllocationLib:MemoryAllocationLib.obj
 0001:00000780       BasePrintLibFillBuffer     0000000000000a00 f   BasePrintLib:PrintLibInternal.obj
 0001:000007b4       BasePrintLibValueToString  0000000000000a34 f   BasePrintLib:PrintLibInternal.obj
 0001:00000804       BasePrintLibSPrintMarker   0000000000000a84 f   BasePrintLib:PrintLibInternal.obj
 0001:00001594       BasePrintLibSPrint         0000000000001814 f   BasePrintLib:PrintLibInternal.obj
 0001:000015b8       CompareGuid                0000000000001838 f   BaseMemoryLib:MemLibGuid.obj
 0001:00001620       ZeroMem                    00000000000018a0 f   BaseMemoryLib:ZeroMemWrapper.obj
 0001:000016a0       InternalMemZeroMem         0000000000001920 f   BaseMemoryLib:MemLibGeneric.obj
 0001:000016a8       InternalMemSetMem          0000000000001928 f   BaseMemoryLib:SetMem.obj
 0001:00001788       ReadUnaligned16            0000000000001a08 f   BaseLib:Unaligned.obj
 0001:000017c0       ReadUnaligned32            0000000000001a40 f   BaseLib:Unaligned.obj
 0001:000017f8       ReadUnaligned64            0000000000001a78 f   BaseLib:Unaligned.obj
 0001:00001830       AsciiStrnLenS              0000000000001ab0 f   BaseLib:SafeString.obj
 0001:0000185c       StrnLenS                   0000000000001adc f   BaseLib:SafeString.obj
 0001:000018d8       LShiftU64                  0000000000001b58 f   BaseLib:LShiftU64.obj
 0001:00001924       InternalMathDivRemU64x32   0000000000001ba4 f   BaseLib:Math64.obj
 0001:00001940       InternalMathLShiftU64      0000000000001bc0 f   BaseLib:Math64.obj
 0001:0000194c       DivU64x32Remainder         0000000000001bcc f   BaseLib:DivU64x32Remainder.obj
 0002:00000000       gEfiShellEnvironment2ExtGuid 0000000000001c40     MyPciScan_v3:AutoGen.obj
 0002:00000010       gEfiHiiConfigRoutingProtocolGuid 0000000000001c50     MyPciScan_v3:AutoGen.obj
 0002:00000020       gEfiHiiImageProtocolGuid   0000000000001c60     MyPciScan_v3:AutoGen.obj
 0002:00000030       gEfiShellParametersProtocolGuid 0000000000001c70     MyPciScan_v3:AutoGen.obj
 0002:00000040       gEfiHiiDatabaseProtocolGuid 0000000000001c80     MyPciScan_v3:AutoGen.obj
 0002:00000050       gEfiHiiStringProtocolGuid  0000000000001c90     MyPciScan_v3:AutoGen.obj
 0002:00000060       gEfiShellEnvironment2Guid  0000000000001ca0     MyPciScan_v3:AutoGen.obj
 0002:00000070       gEfiShellProtocolGuid      0000000000001cb0     MyPciScan_v3:AutoGen.obj
 0002:00000080       gEfiShellInterfaceGuid     0000000000001cc0     MyPciScan_v3:AutoGen.obj
 0002:00000090       gEfiHiiFontProtocolGuid    0000000000001cd0     MyPciScan_v3:AutoGen.obj
 0002:000000a0       ??_C@_0DG@EEENIGGL@Length?5?$DM?$DN?5?$CI0xFFFFFFFFFFFFFFFFULL@ 0000000000001ce0     BaseMemoryLib:MemLibGuid.obj
 0002:000000e0       ??_C@_0EE@DFOINNDI@d?3?2uefi_edk2_practice?2MdePkg?2Lib@ 0000000000001d20     BaseMemoryLib:ZeroMemWrapper.obj
 0002:00000128       ??_C@_0CD@BDCLIGHD@?$CI?$CIUINTN?$CJ?5String?5?$CG?50x00000001?$CJ?5?$DN?$DN@ 0000000000001d68     BaseLib:String.obj
 0002:00000150       ??_C@_0DJ@BBGKHIDL@d?3?2uefi_edk2_practice?2MdePkg?2Lib@ 0000000000001d90     BaseLib:Unaligned.obj
 0002:00000190       ??_C@_0N@KGHEHMDL@Divisor?5?$CB?$DN?50?$AA@ 0000000000001dd0     BaseLib:DivU64x32.obj
 0002:000001a0       ??_C@_0DK@LCOMJOBN@d?3?2uefi_edk2_practice?2MdePkg?2Lib@ 0000000000001de0     BaseLib:SafeString.obj
 0002:000001e0       ??_C@_0L@MEMPDLHB@Count?5?$DM?564?$AA@ 0000000000001e20     BaseLib:LShiftU64.obj
 0002:000001f0       ??_C@_0DJ@IALCBOOA@d?3?2uefi_edk2_practice?2MdePkg?2Lib@ 0000000000001e30     BaseLib:LShiftU64.obj
 0002:00000230       ??_C@_0EC@GDBMODPL@d?3?2uefi_edk2_practice?2MdePkg?2Lib@ 0000000000001e70     BaseLib:DivU64x32Remainder.obj
 0002:00000278       ??_C@_1DK@PHOMIPD@?$AAB?$AAu?$AAs?$AA?2?$AAD?$AAe?$AAv?$AA?2?$AAF?$AAu?$AAn?$AA?0?$AA?5?$AA?$CF?$AA0?$AA2?$AAx?$AA?2?$AA?$CF?$AA0?$AA2?$AAx?$AA?2?$AA?$CF?$AA0?$AA2?$AAx?$AA?6?$AA?$AA@ 0000000000001eb8     MyPciScan_v3:PciScan_v3.obj
 0002:000002b8       ??_C@_1CE@EBCPKKPE@?$AAV?$AAe?$AAn?$AAd?$AAo?$AAr?$AA?5?$AAI?$AAd?$AA?5?$AA0?$AAx?$AA?$CF?$AA0?$AA4?$AAx?$AA?6?$AA?$AA@ 0000000000001ef8     MyPciScan_v3:PciScan_v3.obj
 0002:000002e0       ??_C@_1CE@CDMPHAJF@?$AAD?$AAe?$AAv?$AAi?$AAc?$AAe?$AA?5?$AAI?$AAd?$AA?5?$AA0?$AAx?$AA?$CF?$AA0?$AA4?$AAx?$AA?6?$AA?$AA@ 0000000000001f20     MyPciScan_v3:PciScan_v3.obj
 0002:00000308       ??_C@_1BE@EPIDJKKC@?$AAT?$AAo?$AAt?$AAa?$AAl?$AA?5?$AA?$CF?$AAd?$AA?6?$AA?$AA@ 0000000000001f48     MyPciScan_v3:PciScan_v3.obj
 0002:00000320       ??_C@_0BH@IACGKAP@Buffer?5?$CB?$DN?5?$CI?$CIvoid?5?$CK?$CJ?50?$CJ?$AA@ 0000000000001f60     UefiLib:UefiLibPrint.obj
 0002:00000338       ??_C@_07PBILKAFL@Success?$AA@ 0000000000001f78     BasePrintLib:PrintLibInternal.obj
 0002:00000340       ??_C@_0BG@CFJMNNJK@Warning?5Unknown?5Glyph?$AA@ 0000000000001f80     BasePrintLib:PrintLibInternal.obj
 0002:00000358       ??_C@_0BH@GKKCJEPJ@Warning?5Delete?5Failure?$AA@ 0000000000001f98     BasePrintLib:PrintLibInternal.obj
 0002:00000370       ??_C@_0BG@ECIJMOED@Warning?5Write?5Failure?$AA@ 0000000000001fb0     BasePrintLib:PrintLibInternal.obj
 0002:00000388       ??_C@_0BJ@ODIPDGHB@Warning?5Buffer?5Too?5Small?$AA@ 0000000000001fc8     BasePrintLib:PrintLibInternal.obj
 0002:000003a8       ??_C@_0BD@IFJNJCCO@Warning?5Stale?5Data?$AA@ 0000000000001fe8     BasePrintLib:PrintLibInternal.obj
 0002:000003c0       ??_C@_0L@PLPBEPPC@Load?5Error?$AA@ 0000000000002000     BasePrintLib:PrintLibInternal.obj
 0002:000003d0       ??_C@_0BC@HOFHKGJN@Invalid?5Parameter?$AA@ 0000000000002010     BasePrintLib:PrintLibInternal.obj
 0002:000003e8       ??_C@_0M@BEECMOIL@Unsupported?$AA@ 0000000000002028     BasePrintLib:PrintLibInternal.obj
 0002:000003f8       ??_C@_0BA@FLNMPMCF@Bad?5Buffer?5Size?$AA@ 0000000000002038     BasePrintLib:PrintLibInternal.obj
 0002:00000408       ??_C@_0BB@EGELJFOB@Buffer?5Too?5Small?$AA@ 0000000000002048     BasePrintLib:PrintLibInternal.obj
 0002:00000420       ??_C@_09NKFGCIPN@Not?5Ready?$AA@ 0000000000002060     BasePrintLib:PrintLibInternal.obj
 0002:00000430       ??_C@_0N@HHEABDHO@Device?5Error?$AA@ 0000000000002070     BasePrintLib:PrintLibInternal.obj
 0002:00000440       ??_C@_0BA@LNEDDFNB@Write?5Protected?$AA@ 0000000000002080     BasePrintLib:PrintLibInternal.obj
 0002:00000450       ??_C@_0BB@GOILNEAA@Out?5of?5Resources?$AA@ 0000000000002090     BasePrintLib:PrintLibInternal.obj
 0002:00000468       ??_C@_0P@EIOJGIF@Volume?5Corrupt?$AA@ 00000000000020a8     BasePrintLib:PrintLibInternal.obj
 0002:00000478       ??_C@_0M@HDLEPOFA@Volume?5Full?$AA@ 00000000000020b8     BasePrintLib:PrintLibInternal.obj
 0002:00000488       ??_C@_08KEGAJDNN@No?5Media?$AA@ 00000000000020c8     BasePrintLib:PrintLibInternal.obj
 0002:00000498       ??_C@_0O@JNCJKCCD@Media?5changed?$AA@ 00000000000020d8     BasePrintLib:PrintLibInternal.obj
 0002:000004a8       ??_C@_09CFCBFJND@Not?5Found?$AA@ 00000000000020e8     BasePrintLib:PrintLibInternal.obj
 0002:000004b8       ??_C@_0O@NFHOBIDO@Access?5Denied?$AA@ 00000000000020f8     BasePrintLib:PrintLibInternal.obj
 0002:000004c8       ??_C@_0M@ENKCBFEP@No?5Response?$AA@ 0000000000002108     BasePrintLib:PrintLibInternal.obj
 0002:000004d8       ??_C@_0L@IFPBNFC@No?5mapping?$AA@ 0000000000002118     BasePrintLib:PrintLibInternal.obj
 0002:000004e8       ??_C@_08PAFJCNGP@Time?5out?$AA@ 0000000000002128     BasePrintLib:PrintLibInternal.obj
 0002:000004f8       ??_C@_0M@DCJFAFHJ@Not?5started?$AA@ 0000000000002138     BasePrintLib:PrintLibInternal.obj
 0002:00000508       ??_C@_0BA@IGIBFFPH@Already?5started?$AA@ 0000000000002148     BasePrintLib:PrintLibInternal.obj
 0002:00000518       ??_C@_07LCKDCBKK@Aborted?$AA@ 0000000000002158     BasePrintLib:PrintLibInternal.obj
 0002:00000520       ??_C@_0L@LKIFCMNO@ICMP?5Error?$AA@ 0000000000002160     BasePrintLib:PrintLibInternal.obj
 0002:00000530       ??_C@_0L@DJKNJKHM@TFTP?5Error?$AA@ 0000000000002170     BasePrintLib:PrintLibInternal.obj
 0002:00000540       ??_C@_0P@NCJHBCLM@Protocol?5Error?$AA@ 0000000000002180     BasePrintLib:PrintLibInternal.obj
 0002:00000550       ??_C@_0BF@EHOBGFMI@Incompatible?5Version?$AA@ 0000000000002190     BasePrintLib:PrintLibInternal.obj
 0002:00000568       ??_C@_0BD@KHMPCIOG@Security?5Violation?$AA@ 00000000000021a8     BasePrintLib:PrintLibInternal.obj
 0002:00000580       ??_C@_09BOMAGJEG@CRC?5Error?$AA@ 00000000000021c0     BasePrintLib:PrintLibInternal.obj
 0002:00000590       ??_C@_0N@JEJDHPO@End?5of?5Media?$AA@ 00000000000021d0     BasePrintLib:PrintLibInternal.obj
 0002:000005a0       ??_C@_0O@NMJOLAMF@Reserved?5?$CI29?$CJ?$AA@ 00000000000021e0     BasePrintLib:PrintLibInternal.obj
 0002:000005b0       ??_C@_0O@GLPDOMCP@Reserved?5?$CI30?$CJ?$AA@ 00000000000021f0     BasePrintLib:PrintLibInternal.obj
 0002:000005c0       ??_C@_0M@FKGOBENP@End?5of?5File?$AA@ 0000000000002200     BasePrintLib:PrintLibInternal.obj
 0002:000005d0       ??_C@_0BB@KFJAMCOC@Invalid?5Language?$AA@ 0000000000002210     BasePrintLib:PrintLibInternal.obj
 0002:000005e8       ??_C@_0BB@MFGDFIJM@Compromised?5Data?$AA@ 0000000000002228     BasePrintLib:PrintLibInternal.obj
 0002:00000600       ??_C@_0O@MLOLIMFM@?$DMnull?5string?$DO?$AA@ 0000000000002240     BasePrintLib:PrintLibInternal.obj
 0002:00000610       ??_C@_0M@BJJDNPHK@?$DMnull?5guid?$DO?$AA@ 0000000000002250     BasePrintLib:PrintLibInternal.obj
 0002:00000620       ??_C@_0DB@PMLHLBMO@?$CF08x?9?$CF04x?9?$CF04x?9?$CF02x?$CF02x?9?$CF02x?$CF02x@ 0000000000002260     BasePrintLib:PrintLibInternal.obj
 0002:00000658       ??_C@_0M@LHGBCIKM@?$DMnull?5time?$DO?$AA@ 0000000000002298     BasePrintLib:PrintLibInternal.obj
 0002:00000668       ??_C@_0BK@FCPKCIDD@?$CF02d?1?$CF02d?1?$CF04d?5?5?$CF02d?3?$CF02d?$AA@ 00000000000022a8     BasePrintLib:PrintLibInternal.obj
 0002:00000684       ??_C@_04JIMNDDED@?$CF08X?$AA@ 00000000000022c4     BasePrintLib:PrintLibInternal.obj
 0002:0000068c       ??_C@_02PCIJFNDE@?$AN?6?$AA@ 00000000000022cc     BasePrintLib:PrintLibInternal.obj
 0002:00000690       ??_C@_01LIIJDEN@?$AN?$AA@  00000000000022d0     BasePrintLib:PrintLibInternal.obj
 0002:000006a0       mStatusString              00000000000022e0     BasePrintLib:PrintLibInternal.obj
 0002:000007e0       mHexStr                    0000000000002420     BasePrintLib:PrintLibInternal.obj
 0002:00000810       gST                        0000000000002450     UefiBootServicesTableLib:UefiBootServicesTableLib.obj
 0002:00000818       gImageHandle               0000000000002458     UefiBootServicesTableLib:UefiBootServicesTableLib.obj
 0002:00000820       gBS                        0000000000002460     UefiBootServicesTableLib:UefiBootServicesTableLib.obj
 0002:00000828       gRT                        0000000000002468     UefiRuntimeServicesTableLib:UefiRuntimeServicesTableLib.obj
 0002:00000830       gHiiString                 0000000000002470     UefiHiiServicesLib:UefiHiiServicesLib.obj
 0002:00000838       gHiiFont                   0000000000002478     UefiHiiServicesLib:UefiHiiServicesLib.obj
 0002:00000840       gHiiConfigRouting          0000000000002480     UefiHiiServicesLib:UefiHiiServicesLib.obj
 0002:00000848       gHiiImage                  0000000000002488     UefiHiiServicesLib:UefiHiiServicesLib.obj
 0002:00000850       gHiiDatabase               0000000000002490     UefiHiiServicesLib:UefiHiiServicesLib.obj
 0002:00000858       gEfiShellParametersProtocol 0000000000002498     <common>
 0002:00000860       mEfiShellEnvironment2      00000000000024a0     <common>
 0002:00000868       mEfiShellInterface         00000000000024a8     <common>
 0002:00000870       gEfiShellProtocol          00000000000024b0     <common>
 0002:00000878       mUnicodeCollationProtocol  00000000000024b8     <common>
 0002:00000880       mEfiShellEnvironment2Handle 00000000000024c0     <common>

 entry point at        0001:00000000

 Static symbols

 0003:00000000       $pdata$_ModuleEntryPoint   0000000000002560     UefiApplicationEntryPoint:ApplicationEntryPoint.obj
 0003:0000000c       $pdata$ProcessLibraryConstructorList 000000000000256c     MyPciScan_v3:AutoGen.obj
 0003:00000018       $pdata$ProcessModuleEntryPointList 0000000000002578     MyPciScan_v3:AutoGen.obj
 0003:00000024       $pdata$InternalPrint       0000000000002584     UefiLib:UefiLibPrint.obj
 0003:00000030       $pdata$Print               0000000000002590     UefiLib:UefiLibPrint.obj
 0003:0000003c       $pdata$ShellFindSE2        000000000000259c     UefiShellLib:UefiShellLib.obj
 0003:00000048       $pdata$ShellLibConstructorWorker 00000000000025a8     UefiShellLib:UefiShellLib.obj
 0003:00000054       $pdata$ShellLibDestructor  00000000000025b4     UefiShellLib:UefiShellLib.obj
 0003:00000060       $pdata$InternalAllocatePool 00000000000025c0     UefiMemoryAllocationLib:MemoryAllocationLib.obj
 0003:0000006c       $pdata$AllocateZeroPool    00000000000025cc     UefiMemoryAllocationLib:MemoryAllocationLib.obj
 0003:00000078       $pdata$BasePrintLibValueToString 00000000000025d8     BasePrintLib:PrintLibInternal.obj
 0003:00000084       $pdata$BasePrintLibSPrintMarker 00000000000025e4     BasePrintLib:PrintLibInternal.obj
 0003:00000090       $pdata$BasePrintLibSPrint  00000000000025f0     BasePrintLib:PrintLibInternal.obj
 0003:0000009c       $pdata$CompareGuid         00000000000025fc     BaseMemoryLib:MemLibGuid.obj
 0003:000000a8       $pdata$ZeroMem             0000000000002608     BaseMemoryLib:ZeroMemWrapper.obj
 0003:000000b4       $pdata$InternalMemSetMem   0000000000002614     BaseMemoryLib:SetMem.obj
 0003:000000c0       $pdata$ReadUnaligned16     0000000000002620     BaseLib:Unaligned.obj
 0003:000000cc       $pdata$ReadUnaligned32     000000000000262c     BaseLib:Unaligned.obj
 0003:000000d8       $pdata$ReadUnaligned64     0000000000002638     BaseLib:Unaligned.obj
 0003:000000e4       $pdata$StrnLenS            0000000000002644     BaseLib:SafeString.obj
 0003:000000f0       $pdata$LShiftU64           0000000000002650     BaseLib:LShiftU64.obj
 0003:000000fc       $pdata$DivU64x32Remainder  000000000000265c     BaseLib:DivU64x32Remainder.obj
 0004:00000000       $unwind$ShellLibDestructor 0000000000002680     UefiShellLib:UefiShellLib.obj
 0004:00000000       $unwind$_ModuleEntryPoint  0000000000002680     UefiApplicationEntryPoint:ApplicationEntryPoint.obj
 0004:00000000       $unwind$LShiftU64          0000000000002680     BaseLib:LShiftU64.obj
 0004:00000000       $unwind$ZeroMem            0000000000002680     BaseMemoryLib:ZeroMemWrapper.obj
 0004:0000000c       $unwind$ReadUnaligned64    000000000000268c     BaseLib:Unaligned.obj
 0004:0000000c       $unwind$ProcessLibraryConstructorList 000000000000268c     MyPciScan_v3:AutoGen.obj
 0004:0000000c       $unwind$AllocateZeroPool   000000000000268c     UefiMemoryAllocationLib:MemoryAllocationLib.obj
 0004:0000000c       $unwind$ReadUnaligned32    000000000000268c     BaseLib:Unaligned.obj
 0004:0000000c       $unwind$ReadUnaligned16    000000000000268c     BaseLib:Unaligned.obj
 0004:00000014       $unwind$ProcessModuleEntryPointList 0000000000002694     MyPciScan_v3:AutoGen.obj
 0004:0000002c       $unwind$InternalPrint      00000000000026ac     UefiLib:UefiLibPrint.obj
 0004:00000040       $unwind$Print              00000000000026c0     UefiLib:UefiLibPrint.obj
 0004:00000048       $unwind$ShellFindSE2       00000000000026c8     UefiShellLib:UefiShellLib.obj
 0004:0000005c       $unwind$ShellLibConstructorWorker 00000000000026dc     UefiShellLib:UefiShellLib.obj
 0004:00000068       $unwind$InternalAllocatePool 00000000000026e8     UefiMemoryAllocationLib:MemoryAllocationLib.obj
 0004:00000070       $unwind$BasePrintLibValueToString 00000000000026f0     BasePrintLib:PrintLibInternal.obj
 0004:0000007c       $unwind$BasePrintLibSPrintMarker 00000000000026fc     BasePrintLib:PrintLibInternal.obj
 0004:00000098       $unwind$BasePrintLibSPrint 0000000000002718     BasePrintLib:PrintLibInternal.obj
 0004:000000a0       $unwind$CompareGuid        0000000000002720     BaseMemoryLib:MemLibGuid.obj
 0004:000000a0       $unwind$InternalMemSetMem  0000000000002720     BaseMemoryLib:SetMem.obj
 0004:000000b4       $unwind$DivU64x32Remainder 0000000000002734     BaseLib:DivU64x32Remainder.obj
 0004:000000b4       $unwind$StrnLenS           0000000000002734     BaseLib:SafeString.obj
