 GetNetByName

 Timestamp is 5fb88486 (Sat Nov 21 11:07:50 2020)

 Preferred load address is 0000000000000000

 Start         Length     Name                   Class
 0001:00000000 0000010cH .text                   CODE
 0001:0000010c 0001d723H .text$mn                CODE
 0002:00000000 00000630H .data                   DATA
 0002:00000630 00004670H .rdata                  DATA
 0002:00004ca0 00005e68H .bss                    DATA
 0002:0000ab08 00000090H .rdata$zzzdbg           DATA
 0003:00000000 00001014H .pdata                  DATA
 0004:00000000 000009f4H .xdata                  DATA

  Address         Publics by Value              Rva+Base               Lib:Object

 0000:00000000       __dynamic_value_reloc_table 0000000000000000     <absolute>
 0000:00000000       __guard_iat_count          0000000000000000     <absolute>
 0000:00000000       __guard_iat_table          0000000000000000     <absolute>
 0000:00000000       __guard_longjmp_table      0000000000000000     <absolute>
 0000:00000000       __guard_longjmp_count      0000000000000000     <absolute>
 0000:00000000       __guard_fids_count         0000000000000000     <absolute>
 0000:00000000       __guard_fids_table         0000000000000000     <absolute>
 0000:00000000       __guard_flags              0000000000000000     <absolute>
 0000:00000000       __ImageBase                0000000000000000     <linker-defined>
 0001:00000000       SetJump                    00000000000002a0     BaseLib:SetJump.obj
 0001:00000090       InternalLongJump           0000000000000330     BaseLib:LongJump.obj
 0001:0000010c       _ModuleEntryPoint          00000000000003ac f   UefiApplicationEntryPoint:ApplicationEntryPoint.obj
 0001:00000154       UefiBootServicesTableLibConstructor 00000000000003f4 f   UefiBootServicesTableLib:UefiBootServicesTableLib.obj
 0001:00000170       ProcessLibraryConstructorList 0000000000000410 f   GetNetByName:AutoGen.obj
 0001:00000628       ProcessLibraryDestructorList 00000000000008c8 f   GetNetByName:AutoGen.obj
 0001:000008cc       ProcessModuleEntryPointList 0000000000000b6c f   GetNetByName:AutoGen.obj
 0001:000008f0       ShellCEntryLib             0000000000000b90 f   UefiShellCEntryLib:UefiShellCEntryLib.obj
 0001:000009a4       exitCleanup                0000000000000c44 f   LibC:Main.obj
 0001:00000a10       ShellAppMain               0000000000000cb0 f   LibC:Main.obj
 0001:00000c94       DebugPrint                 0000000000000f34 f   BaseDebugLibNull:DebugLib.obj
 0001:00000ca0       DebugAssert                0000000000000f40 f   BaseDebugLibNull:DebugLib.obj
 0001:00000ca4       DebugAssertEnabled         0000000000000f44 f   BaseDebugLibNull:DebugLib.obj
 0001:00000ca4       DebugPrintEnabled          0000000000000f44 f   BaseDebugLibNull:DebugLib.obj
 0001:00000ca4       DebugPrintLevelEnabled     0000000000000f44 f   BaseDebugLibNull:DebugLib.obj
 0001:00000ca8       __wchar_construct          0000000000000f48 f   LibWchar:ConsDecons.obj
 0001:00000cfc       __wchar_deconstruct        0000000000000f9c f   LibWchar:ConsDecons.obj
 0001:000010d0       da_ConOpen                 0000000000001370 f   DevConsole:daConsole.obj
 0001:0000131c       __Cons_construct           00000000000015bc f   DevConsole:daConsole.obj
 0001:00001524       __Cons_deconstruct         00000000000017c4 f   DevConsole:daConsole.obj
 0001:00001594       UefiRuntimeServicesTableLibConstructor 0000000000001834 f   UefiRuntimeServicesTableLib:UefiRuntimeServicesTableLib.obj
 0001:000015a4       fnullop_flush              0000000000001844 f   DevUtility:DevGenisis.obj
 0001:000015a4       fnullop_fcntl              0000000000001844 f   DevUtility:DevGenisis.obj
 0001:000015a4       UefiLibConstructor         0000000000001844 f   UefiLib:UefiLib.obj
 0001:000015a8       EfiGetCurrentTpl           0000000000001848 f   UefiLib:UefiLib.obj
 0001:000015d8       InternalPrint              0000000000001878 f   UefiLib:UefiLibPrint.obj
 0001:00001660       Print                      0000000000001900 f   UefiLib:UefiLibPrint.obj
 0001:00001690       ShellFindSE2               0000000000001930 f   UefiShellLib:UefiShellLib.obj
 0001:00001840       ShellLibConstructorWorker  0000000000001ae0 f   UefiShellLib:UefiShellLib.obj
 0001:00001ae0       ShellLibConstructor        0000000000001d80 f   UefiShellLib:UefiShellLib.obj
 0001:00001b14       ShellLibDestructor         0000000000001db4 f   UefiShellLib:UefiShellLib.obj
 0001:00001c28       ShellOpenFileByDevicePath  0000000000001ec8 f   UefiShellLib:UefiShellLib.obj
 0001:00001e5c       ShellOpenFileByName        00000000000020fc f   UefiShellLib:UefiShellLib.obj
 0001:0000207c       ShellFindFirstFile         000000000000231c f   UefiShellLib:UefiShellLib.obj
 0001:00002160       ShellIsFile                0000000000002400 f   UefiShellLib:UefiShellLib.obj
 0001:000021b0       UefiHiiServicesLibConstructor 0000000000002450 f   UefiHiiServicesLib:UefiHiiServicesLib.obj
 0001:00002808       da_ShellOpen               0000000000002aa8 f   DevShell:daShell.obj
 0001:00002da8       __ctor_DevShell            0000000000003048 f   DevShell:daShell.obj
 0001:00002ea4       __dtor_DevShell            0000000000003144 f   DevShell:daShell.obj
 0001:00002ee4       EslConstructor             0000000000003184 f   EfiSocketLib:Init.obj
 0001:00002eec       EslDestructor              000000000000318c f   EfiSocketLib:Init.obj
 0001:00002ef4       EslServiceFreeProtocol     0000000000003194 f   EfiSocketLib:UseEfiSocketLib.obj
 0001:00002fcc       EslServiceNetworkConnect   000000000000326c f   EfiSocketLib:UseEfiSocketLib.obj
 0001:000030e4       EslServiceNetworkDisconnect 0000000000003384 f   EfiSocketLib:UseEfiSocketLib.obj
 0001:000032e4       EslServiceConnect          0000000000003584 f   EfiSocketLib:Service.obj
 0001:00003508       EslSocket                  00000000000037a8 f   EfiSocketLib:Socket.obj
 0001:00003634       EslSocketAccept            00000000000038d4 f   EfiSocketLib:Socket.obj
 0001:00003820       EslSocketAllocate          0000000000003ac0 f   EfiSocketLib:Socket.obj
 0001:000039b8       EslSocketBind              0000000000003c58 f   EfiSocketLib:Socket.obj
 0001:00003b48       EslSocketBindTest          0000000000003de8 f   EfiSocketLib:Socket.obj
 0001:00003bd0       EslSocketClosePoll         0000000000003e70 f   EfiSocketLib:Socket.obj
 0001:00003cd8       EslSocketCloseStart        0000000000003f78 f   EfiSocketLib:Socket.obj
 0001:00003dc0       EslSocketConnect           0000000000004060 f   EfiSocketLib:Socket.obj
 0001:00004040       EslSocketCopyFragmentedBuffer 00000000000042e0 f   EfiSocketLib:Socket.obj
 0001:000040dc       EslSocketGetLocalAddress   000000000000437c f   EfiSocketLib:Socket.obj
 0001:0000427c       EslSocketGetPeerAddress    000000000000451c f   EfiSocketLib:Socket.obj
 0001:00004430       EslSocketIoFree            00000000000046d0 f   EfiSocketLib:Socket.obj
 0001:00004494       EslSocketIoInit            0000000000004734 f   EfiSocketLib:Socket.obj
 0001:00004544       EslSocketIsConfigured      00000000000047e4 f   EfiSocketLib:Socket.obj
 0001:000045dc       EslSocketListen            000000000000487c f   EfiSocketLib:Socket.obj
 0001:0000475c       EslSocketOptionGet         00000000000049fc f   EfiSocketLib:Socket.obj
 0001:000048f4       EslSocketOptionSet         0000000000004b94 f   EfiSocketLib:Socket.obj
 0001:00004a58       EslSocketPacketAllocate    0000000000004cf8 f   EfiSocketLib:Socket.obj
 0001:00004adc       EslSocketPoll              0000000000004d7c f   EfiSocketLib:Socket.obj
 0001:00004c74       EslSocketPortAllocate      0000000000004f14 f   EfiSocketLib:Socket.obj
 0001:00004ef4       EslSocketPortClose         0000000000005194 f   EfiSocketLib:Socket.obj
 0001:00005100       EslSocketPortCloseComplete 00000000000053a0 f   EfiSocketLib:Socket.obj
 0001:00005158       EslSocketPortCloseRxDone   00000000000053f8 f   EfiSocketLib:Socket.obj
 0001:000051a0       EslSocketPortCloseStart    0000000000005440 f   EfiSocketLib:Socket.obj
 0001:00005208       EslSocketPortCloseTxDone   00000000000054a8 f   EfiSocketLib:Socket.obj
 0001:000052a4       EslSocketReceive           0000000000005544 f   EfiSocketLib:Socket.obj
 0001:0000573c       EslSocketRxComplete        00000000000059dc f   EfiSocketLib:Socket.obj
 0001:000058b8       EslSocketRxStart           0000000000005b58 f   EfiSocketLib:Socket.obj
 0001:00005a00       EslSocketShutdown          0000000000005ca0 f   EfiSocketLib:Socket.obj
 0001:00005b24       EslSocketTransmit          0000000000005dc4 f   EfiSocketLib:Socket.obj
 0001:00005cdc       EslSocketTxComplete        0000000000005f7c f   EfiSocketLib:Socket.obj
 0001:00005de0       EslSocketTxStart           0000000000006080 f   EfiSocketLib:Socket.obj
 0001:00005eb0       EslTcp6Accept              0000000000006150 f   EfiSocketLib:Tcp6.obj
 0001:00005f34       EslTcp6ConnectComplete     00000000000061d4 f   EfiSocketLib:Tcp6.obj
 0001:00005fcc       EslTcp4ConnectPoll         000000000000626c f   EfiSocketLib:Tcp4.obj
 0001:00005fcc       EslTcp6ConnectPoll         000000000000626c f   EfiSocketLib:Tcp6.obj
 0001:00006184       EslTcp6ConnectStart        0000000000006424 f   EfiSocketLib:Tcp6.obj
 0001:00006290       EslTcp6Listen              0000000000006530 f   EfiSocketLib:Tcp6.obj
 0001:0000648c       EslTcp6ListenComplete      000000000000672c f   EfiSocketLib:Tcp6.obj
 0001:00006670       EslTcp6LocalAddressGet     0000000000006910 f   EfiSocketLib:Tcp6.obj
 0001:000066b4       EslTcp6LocalAddressSet     0000000000006954 f   EfiSocketLib:Tcp6.obj
 0001:0000674c       EslTcp6PacketFree          00000000000069ec f   EfiSocketLib:Tcp6.obj
 0001:0000674c       EslTcp4PacketFree          00000000000069ec f   EfiSocketLib:Tcp4.obj
 0001:00006754       EslTcp6PortAllocate        00000000000069f4 f   EfiSocketLib:Tcp6.obj
 0001:00006844       EslTcp6PortClose           0000000000006ae4 f   EfiSocketLib:Tcp6.obj
 0001:00006898       EslTcp6PortCloseOp         0000000000006b38 f   EfiSocketLib:Tcp6.obj
 0001:000068b8       EslTcp6Receive             0000000000006b58 f   EfiSocketLib:Tcp6.obj
 0001:00006984       EslTcp6RemoteAddressGet    0000000000006c24 f   EfiSocketLib:Tcp6.obj
 0001:000069c8       EslTcp6RemoteAddressSet    0000000000006c68 f   EfiSocketLib:Tcp6.obj
 0001:00006a0c       EslTcp6RxComplete          0000000000006cac f   EfiSocketLib:Tcp6.obj
 0001:00006a0c       EslTcp4RxComplete          0000000000006cac f   EfiSocketLib:Tcp4.obj
 0001:00006a34       EslTcp6RxStart             0000000000006cd4 f   EfiSocketLib:Tcp6.obj
 0001:00006a34       EslTcp4RxStart             0000000000006cd4 f   EfiSocketLib:Tcp4.obj
 0001:00006a5c       EslTcp6SocketIsConfigured  0000000000006cfc f   EfiSocketLib:Tcp6.obj
 0001:00006a5c       EslTcp4SocketIsConfigured  0000000000006cfc f   EfiSocketLib:Tcp4.obj
 0001:00006a78       EslTcp6TxBuffer            0000000000006d18 f   EfiSocketLib:Tcp6.obj
 0001:00006a78       EslTcp4TxBuffer            0000000000006d18 f   EfiSocketLib:Tcp4.obj
 0001:00006c90       EslTcp6TxComplete          0000000000006f30 f   EfiSocketLib:Tcp6.obj
 0001:00006c90       EslTcp4TxComplete          0000000000006f30 f   EfiSocketLib:Tcp4.obj
 0001:00006ce4       EslTcp6TxOobComplete       0000000000006f84 f   EfiSocketLib:Tcp6.obj
 0001:00006ce4       EslTcp4TxOobComplete       0000000000006f84 f   EfiSocketLib:Tcp4.obj
 0001:00006d40       EslTcp6VerifyLocalIpAddress 0000000000006fe0 f   EfiSocketLib:Tcp6.obj
 0001:00006fc8       EslIp4LocalAddressGet      0000000000007268 f   EfiSocketLib:Ip4.obj
 0001:00006fe8       EslIp4LocalAddressSet      0000000000007288 f   EfiSocketLib:Ip4.obj
 0001:00007090       EslIp4OptionGet            0000000000007330 f   EfiSocketLib:Ip4.obj
 0001:000070c4       EslIp4OptionSet            0000000000007364 f   EfiSocketLib:Ip4.obj
 0001:000070e8       EslIp4PacketFree           0000000000007388 f   EfiSocketLib:Ip4.obj
 0001:0000710c       EslIp4PortAllocate         00000000000073ac f   EfiSocketLib:Ip4.obj
 0001:000071a4       EslIp4Receive              0000000000007444 f   EfiSocketLib:Ip4.obj
 0001:00007270       EslIp4RemoteAddressGet     0000000000007510 f   EfiSocketLib:Ip4.obj
 0001:00007290       EslIp4RemoteAddressSet     0000000000007530 f   EfiSocketLib:Ip4.obj
 0001:000072c8       EslIp4RxComplete           0000000000007568 f   EfiSocketLib:Ip4.obj
 0001:000072f0       EslIp4SocketIsConfigured   0000000000007590 f   EfiSocketLib:Ip4.obj
 0001:00007498       EslIp4TxBuffer             0000000000007738 f   EfiSocketLib:Ip4.obj
 0001:000076d0       EslUdp6TxComplete          0000000000007970 f   EfiSocketLib:Udp6.obj
 0001:000076d0       EslIp4TxComplete           0000000000007970 f   EfiSocketLib:Ip4.obj
 0001:00007730       EslIp4VerifyLocalIpAddress 00000000000079d0 f   EfiSocketLib:Ip4.obj
 0001:00007864       EslTcp4Accept              0000000000007b04 f   EfiSocketLib:Tcp4.obj
 0001:00007904       EslTcp4ConnectComplete     0000000000007ba4 f   EfiSocketLib:Tcp4.obj
 0001:0000799c       EslTcp4ConnectStart        0000000000007c3c f   EfiSocketLib:Tcp4.obj
 0001:00007aa4       EslTcp4Listen              0000000000007d44 f   EfiSocketLib:Tcp4.obj
 0001:00007ca0       EslTcp4ListenComplete      0000000000007f40 f   EfiSocketLib:Tcp4.obj
 0001:00007e78       EslTcp4LocalAddressGet     0000000000008118 f   EfiSocketLib:Tcp4.obj
 0001:00007ebc       EslTcp4LocalAddressSet     000000000000815c f   EfiSocketLib:Tcp4.obj
 0001:00007fcc       EslTcp4PortAllocate        000000000000826c f   EfiSocketLib:Tcp4.obj
 0001:000080bc       EslTcp4PortClose           000000000000835c f   EfiSocketLib:Tcp4.obj
 0001:00008110       EslTcp4PortCloseOp         00000000000083b0 f   EfiSocketLib:Tcp4.obj
 0001:00008130       EslTcp4Receive             00000000000083d0 f   EfiSocketLib:Tcp4.obj
 0001:000081fc       EslTcp4RemoteAddressGet    000000000000849c f   EfiSocketLib:Tcp4.obj
 0001:00008240       EslTcp4RemoteAddressSet    00000000000084e0 f   EfiSocketLib:Tcp4.obj
 0001:000082b4       EslTcp4VerifyLocalIpAddress 0000000000008554 f   EfiSocketLib:Tcp4.obj
 0001:000083e8       EslUdp4LocalAddressGet     0000000000008688 f   EfiSocketLib:Udp4.obj
 0001:0000842c       EslUdp4LocalAddressSet     00000000000086cc f   EfiSocketLib:Udp4.obj
 0001:00008530       EslUdp4PacketFree          00000000000087d0 f   EfiSocketLib:Udp4.obj
 0001:00008554       EslUdp4PortAllocate        00000000000087f4 f   EfiSocketLib:Udp4.obj
 0001:000085d4       EslUdp4Receive             0000000000008874 f   EfiSocketLib:Udp4.obj
 0001:00008670       EslUdp4RemoteAddressGet    0000000000008910 f   EfiSocketLib:Udp4.obj
 0001:000086b4       EslUdp4RemoteAddressSet    0000000000008954 f   EfiSocketLib:Udp4.obj
 0001:00008708       EslUdp4RxComplete          00000000000089a8 f   EfiSocketLib:Udp4.obj
 0001:0000872c       EslUdp4SocketIsConfigured  00000000000089cc f   EfiSocketLib:Udp4.obj
 0001:000088cc       EslUdp4TxBuffer            0000000000008b6c f   EfiSocketLib:Udp4.obj
 0001:00008ad8       EslUdp4TxComplete          0000000000008d78 f   EfiSocketLib:Udp4.obj
 0001:00008b38       EslUdp4VerifyLocalIpAddress 0000000000008dd8 f   EfiSocketLib:Udp4.obj
 0001:00008c6c       EslUdp6LocalAddressGet     0000000000008f0c f   EfiSocketLib:Udp6.obj
 0001:00008cb0       EslUdp6LocalAddressSet     0000000000008f50 f   EfiSocketLib:Udp6.obj
 0001:00008d3c       EslUdp6PacketFree          0000000000008fdc f   EfiSocketLib:Udp6.obj
 0001:00008d60       EslUdp6PortAllocate        0000000000009000 f   EfiSocketLib:Udp6.obj
 0001:00008dd8       EslUdp6Receive             0000000000009078 f   EfiSocketLib:Udp6.obj
 0001:00008e74       EslUdp6RemoteAddressGet    0000000000009114 f   EfiSocketLib:Udp6.obj
 0001:00008eb8       EslUdp6RemoteAddressSet    0000000000009158 f   EfiSocketLib:Udp6.obj
 0001:00008efc       EslUdp6RxComplete          000000000000919c f   EfiSocketLib:Udp6.obj
 0001:00008f20       EslUdp6SocketIsConfigured  00000000000091c0 f   EfiSocketLib:Udp6.obj
 0001:000090c4       EslUdp6TxBuffer            0000000000009364 f   EfiSocketLib:Udp6.obj
 0001:000092bc       EslUdp6VerifyLocalIpAddress 000000000000955c f   EfiSocketLib:Udp6.obj
 0001:00009544       main                       00000000000097e4 f   GetNetByName:GetNetByName.obj
 0001:00009694       fbadop_ioctl               0000000000009934 f   DevUtility:DevGenisis.obj
 0001:00009694       fbadop_mkdir               0000000000009934 f   DevUtility:DevGenisis.obj
 0001:00009694       fbadop_delete              0000000000009934 f   DevUtility:DevGenisis.obj
 0001:00009694       fbadop_rename              0000000000009934 f   DevUtility:DevGenisis.obj
 0001:00009694       fbadop_rmdir               0000000000009934 f   DevUtility:DevGenisis.obj
 0001:00009694       fbadop_stat                0000000000009934 f   DevUtility:DevGenisis.obj
 0001:000096a4       __DevRegister              0000000000009944 f   DevUtility:DevGenisis.obj
 0001:00009770       ClassifyPath               0000000000009a10 f   DevUtility:Path.obj
 0001:00009858       NormalizePath              0000000000009af8 f   DevUtility:Path.obj
 0001:000098d8       ParsePath                  0000000000009b78 f   DevUtility:Path.obj
 0001:00009cac       __DevSearch                0000000000009f4c f   DevUtility:DevSearch.obj
 0001:00009d60       ValidateFD                 000000000000a000 f   LibUefi:SysCalls.obj
 0001:00009d8c       FindFreeFD                 000000000000a02c f   LibUefi:SysCalls.obj
 0001:00009dcc       isatty                     000000000000a06c f   LibUefi:SysCalls.obj
 0001:00009e10       close                      000000000000a0b0 f   LibUefi:SysCalls.obj
 0001:00009edc       lseek                      000000000000a17c f   LibUefi:SysCalls.obj
 0001:00009f50       open                       000000000000a1f0 f   LibUefi:SysCalls.obj
 0001:0000a0a8       fstat                      000000000000a348 f   LibUefi:SysCalls.obj
 0001:0000a0f8       read                       000000000000a398 f   LibUefi:SysCalls.obj
 0001:0000a184       write                      000000000000a424 f   LibUefi:SysCalls.obj
 0001:0000a218       EFI2errno                  000000000000a4b8 f   LibUefi:Xform.obj
 0001:0000ad58       time                       000000000000aff8 f   LibTime:Time.obj
 0001:0000ae10       gmtsub                     000000000000b0b0 f   LibTime:Time.obj
 0001:0000af88       Efi2Time                   000000000000b228 f   LibTime:TimeEfi.obj
 0001:0000aff4       Time2Efi                   000000000000b294 f   LibTime:TimeEfi.obj
 0001:0000b9ac       tzset                      000000000000bc4c f   LibTime:ZoneProc.obj
 0001:0000bd48       DecodeOneStateful          000000000000bfe8 f   LibLocale:multibyte_Utf8.obj
 0001:0000bdec       OneWcToMcLen               000000000000c08c f   LibLocale:multibyte_Utf8.obj
 0001:0000be34       EstimateWtoM               000000000000c0d4 f   LibLocale:multibyte_Utf8.obj
 0001:0000be8c       EncodeUtf8                 000000000000c12c f   LibLocale:multibyte_Utf8.obj
 0001:0000bf38       wcrtomb                    000000000000c1d8 f   LibLocale:multibyte_Utf8.obj
 0001:0000bf7c       wcsrtombs                  000000000000c21c f   LibLocale:multibyte_Utf8.obj
 0001:0000c2f8       snprintf                   000000000000c598 f   LibStdio:snprintf.obj
 0001:0000c684       __vfprintf_unlocked        000000000000c924 f   LibStdio:vfprintf.obj
 0001:0000f6c4       __swsetup                  000000000000f964 f   LibStdio:wsetup.obj
 0001:0000f77c       fflush                     000000000000fa1c f   LibStdio:fflush.obj
 0001:0000f7a8       __sflush                   000000000000fa48 f   LibStdio:fflush.obj
 0001:0000f830       __sfvwrite                 000000000000fad0 f   LibStdio:fvwrite.obj
 0001:0000fb28       __smakebuf                 000000000000fdc8 f   LibStdio:makebuf.obj
 0001:0000fbf4       __swhatbuf                 000000000000fe94 f   LibStdio:makebuf.obj
 0001:0000fc94       __sfp                      000000000000ff34 f   LibStdio:findfp.obj
 0001:0000fe30       _cleanup                   00000000000100d0 f   LibStdio:findfp.obj
 0001:0000fe3c       __sinit                    00000000000100dc f   LibStdio:findfp.obj
 0001:0000fe84       _fwalk                     0000000000010124 f   LibStdio:fwalk.obj
 0001:0000fef4       __sread                    0000000000010194 f   LibStdio:stdio.obj
 0001:0000ff3c       __swrite                   00000000000101dc f   LibStdio:stdio.obj
 0001:0000ffac       __sseek                    000000000001024c f   LibStdio:stdio.obj
 0001:0000fffc       __sclose                   000000000001029c f   LibStdio:stdio.obj
 0001:00010018       abort                      00000000000102b8 f   LibStdLib:Environs.obj
 0001:00010098       exit                       0000000000010338 f   LibStdLib:Environs.obj
 0001:000100cc       getenv                     000000000001036c f   LibStdLib:Environs.obj
 0001:0001013c       malloc                     00000000000103dc f   LibStdLib:Malloc.obj
 0001:00010200       calloc                     00000000000104a0 f   LibStdLib:Malloc.obj
 0001:00010240       free                       00000000000104e0 f   LibStdLib:Malloc.obj
 0001:000102b0       realloc                    0000000000010550 f   LibStdLib:Malloc.obj
 0001:00010390       InternalAllocatePool       0000000000010630 f   UefiMemoryAllocationLib:MemoryAllocationLib.obj
 0001:000103c0       AllocateZeroPool           0000000000010660 f   UefiMemoryAllocationLib:MemoryAllocationLib.obj
 0001:000103e8       AllocateCopyPool           0000000000010688 f   UefiMemoryAllocationLib:MemoryAllocationLib.obj
 0001:00010420       AsciiSPrint                00000000000106c0 f   BasePrintLib:PrintLib.obj
 0001:00010448       BasePrintLibFillBuffer     00000000000106e8 f   BasePrintLib:PrintLibInternal.obj
 0001:0001047c       BasePrintLibValueToString  000000000001071c f   BasePrintLib:PrintLibInternal.obj
 0001:000104cc       BasePrintLibSPrintMarker   000000000001076c f   BasePrintLib:PrintLibInternal.obj
 0001:0001125c       BasePrintLibSPrint         00000000000114fc f   BasePrintLib:PrintLibInternal.obj
 0001:00011280       __assert                   0000000000011520 f   LibC:assert.obj
 0001:00011818       New_cIIO                   0000000000011ab8 f   LibIIO:IIO.obj
 0001:00011914       IIO_GetDeviceProto         0000000000011bb4 f   LibIIO:IIOutilities.obj
 0001:00011954       IIO_GetCursorPosition      0000000000011bf4 f   LibIIO:IIOutilities.obj
 0001:000119c0       IIO_SetCursorPosition      0000000000011c60 f   LibIIO:IIOutilities.obj
 0001:00011a4c       IIO_GetOutputSize          0000000000011cec f   LibIIO:IIOutilities.obj
 0001:00011afc       IIO_WriteOne               0000000000011d9c f   LibIIO:IIOwrite.obj
 0001:00011d3c       IIO_EchoOne                0000000000011fdc f   LibIIO:IIOecho.obj
 0001:00011f4c       IIO_CanonRead              00000000000121ec f   LibIIO:CanonRead.obj
 0001:00012270       FileHandleGetInfo          0000000000012510 f   UefiFileHandleLib:UefiFileHandleLib.obj
 0001:000122f8       FileHandleSetInfo          0000000000012598 f   UefiFileHandleLib:UefiFileHandleLib.obj
 0001:00012320       FileHandleRead             00000000000125c0 f   UefiFileHandleLib:UefiFileHandleLib.obj
 0001:00012334       FileHandleWrite            00000000000125d4 f   UefiFileHandleLib:UefiFileHandleLib.obj
 0001:00012348       FileHandleClose            00000000000125e8 f   UefiFileHandleLib:UefiFileHandleLib.obj
 0001:0001235c       FileHandleDelete           00000000000125fc f   UefiFileHandleLib:UefiFileHandleLib.obj
 0001:00012370       FileHandleSetPosition      0000000000012610 f   UefiFileHandleLib:UefiFileHandleLib.obj
 0001:00012384       FileHandleGetPosition      0000000000012624 f   UefiFileHandleLib:UefiFileHandleLib.obj
 0001:000123a0       FileHandleFlush            0000000000012640 f   UefiFileHandleLib:UefiFileHandleLib.obj
 0001:000123b4       FileHandleIsDirectory      0000000000012654 f   UefiFileHandleLib:UefiFileHandleLib.obj
 0001:00012400       FileHandleGetSize          00000000000126a0 f   UefiFileHandleLib:UefiFileHandleLib.obj
 0001:000125e4       getnetbyname               0000000000012884 f   BsdSocketLib:getnetnamadr.obj
 0001:00012760       setnetent                  0000000000012a00 f   BsdSocketLib:getnetnamadr.obj
 0001:00012ab4       getnetent                  0000000000012d54 f   BsdSocketLib:getnetbyht.obj
 0001:00012c24       __res_init                 0000000000012ec4 f   BsdSocketLib:res_init.obj
 0001:000134b4       __dn_expand                0000000000013754 f   BsdSocketLib:res_comp.obj
 0001:00013634       __res_hnok                 00000000000138d4 f   BsdSocketLib:res_comp.obj
 0001:000137b4       __res_send                 0000000000013a54 f   BsdSocketLib:res_send.obj
 0001:000148b0       __res_close                0000000000014b50 f   BsdSocketLib:res_send.obj
 0001:000148e0       __res_query                0000000000014b80 f   BsdSocketLib:res_query.obj
 0001:00014a54       __res_search               0000000000014cf4 f   BsdSocketLib:res_query.obj
 0001:00014de0       __res_querydomain          0000000000015080 f   BsdSocketLib:res_query.obj
 0001:00014f00       __ns_name_ntop             00000000000151a0 f   BsdSocketLib:ns_name.obj
 0001:000150ac       __ns_name_pack             000000000001534c f   BsdSocketLib:ns_name.obj
 0001:0001532c       __ns_name_compress         00000000000155cc f   BsdSocketLib:ns_name.obj
 0001:000154ec       sendto                     000000000001578c f   BsdSocketLib:sendto.obj
 0001:000155d8       recvfrom                   0000000000015878 f   BsdSocketLib:recvfrom.obj
 0001:00015810       connect                    0000000000015ab0 f   BsdSocketLib:connect.obj
 0001:000158a4       BslFdToSocketProtocol      0000000000015b44 f   BsdSocketLib:socket.obj
 0001:0001590c       socket                     0000000000015bac f   BsdSocketLib:socket.obj
 0001:00015cd0       __fp_nquery                0000000000015f70 f   BsdSocketLib:res_debug.obj
 0001:0001615c       __sym_ntos                 00000000000163fc f   BsdSocketLib:res_debug.obj
 0001:0001622c       __loc_ntoa                 00000000000164cc f   BsdSocketLib:res_debug.obj
 0001:00016588       __p_secstodate             0000000000016828 f   BsdSocketLib:res_debug.obj
 0001:00016618       __res_mkquery              00000000000168b8 f   BsdSocketLib:res_mkquery.obj
 0001:0001674c       BslSocketClose             00000000000169ec f   BsdSocketLib:close.obj
 0001:000167e4       BslSocketPoll              0000000000016a84 f   BsdSocketLib:poll.obj
 0001:00016838       BslSocketRead              0000000000016ad8 f   BsdSocketLib:read.obj
 0001:0001685c       BslSocketWrite             0000000000016afc f   BsdSocketLib:write.obj
 0001:0001692c       __ns_initparse             0000000000016bcc f   BsdSocketLib:ns_parse.obj
 0001:00016a68       __ns_parserr               0000000000016d08 f   BsdSocketLib:ns_parse.obj
 0001:00016c54       __ns_format_ttl            0000000000016ef4 f   BsdSocketLib:ns_ttl.obj
 0001:00016e70       __ns_sprintrrf             0000000000017110 f   BsdSocketLib:ns_print.obj
 0001:0001853c       __b64_ntop                 00000000000187dc f   BsdSocketLib:base64.obj
 0001:00018780       inet_network               0000000000018a20 f   LibNetUtil:inet_network.obj
 0001:0001891c       inet_aton                  0000000000018bbc f   LibNetUtil:inet_addr.obj
 0001:000190f8       localeconv                 0000000000019398 f   LibLocale:localeconv.obj
 0001:000191d8       __dtoa                     0000000000019478 f   LibGdtoa:dtoa.obj
 0001:00019f90       __nrv_alloc_D2A            000000000001a230 f   LibGdtoa:dmisc.obj
 0001:0001a01c       __quorem_D2A               000000000001a2bc f   LibGdtoa:dmisc.obj
 0001:0001a164       __Balloc_D2A               000000000001a404 f   LibGdtoa:misc.obj
 0001:0001a208       __lo0bits_D2A              000000000001a4a8 f   LibGdtoa:misc.obj
 0001:0001a27c       __multadd_D2A              000000000001a51c f   LibGdtoa:misc.obj
 0001:0001a34c       __hi0bits_D2A              000000000001a5ec f   LibGdtoa:misc.obj
 0001:0001a39c       __mult_D2A                 000000000001a63c f   LibGdtoa:misc.obj
 0001:0001a4cc       __pow5mult_D2A             000000000001a76c f   LibGdtoa:misc.obj
 0001:0001a5a0       __lshift_D2A               000000000001a840 f   LibGdtoa:misc.obj
 0001:0001a6b0       __cmp_D2A                  000000000001a950 f   LibGdtoa:misc.obj
 0001:0001a6f4       __diff_D2A                 000000000001a994 f   LibGdtoa:misc.obj
 0001:0001a82c       __d2b_D2A                  000000000001aacc f   LibGdtoa:misc.obj
 0001:0001a94c       printf                     000000000001abec f   LibStdio:printf.obj
 0001:0001a97c       fopen                      000000000001ac1c f   LibStdio:fopen.obj
 0001:0001aa0c       fclose                     000000000001acac f   LibStdio:fclose.obj
 0001:0001aaf0       fgets                      000000000001ad90 f   LibStdio:fgets.obj
 0001:0001abd4       sprintf                    000000000001ae74 f   LibStdio:sprintf.obj
 0001:0001ac40       fprintf                    000000000001aee0 f   LibStdio:fprintf.obj
 0001:0001ac78       setbuf                     000000000001af18 f   LibStdio:setbuf.obj
 0001:0001ad1c       __swbuf                    000000000001afbc f   LibStdio:wbuf.obj
 0001:0001addc       fputs                      000000000001b07c f   LibStdio:fputs.obj
 0001:0001ae7c       __srefill                  000000000001b11c f   LibStdio:refill.obj
 0001:0001af94       fseeko                     000000000001b234 f   LibStdio:fseeko.obj
 0001:0001b764       New_cFIFO                  000000000001ba04 f   LibContainer:Fifo.obj
 0001:0001b854       isascii                    000000000001baf4 f   LibCtype:CClass.obj
 0001:0001b860       memset                     000000000001bb00 f   LibString:Misc.obj
 0001:0001b870       strerror                   000000000001bb10 f   LibString:Misc.obj
 0001:0001b8a4       strerror_r                 000000000001bb44 f   LibString:Misc.obj
 0001:0001b90c       strlen                     000000000001bbac f   LibString:Misc.obj
 0001:0001b914       memcpy                     000000000001bbb4 f   LibString:Copying.obj
 0001:0001b91c       strcpy                     000000000001bbbc f   LibString:Copying.obj
 0001:0001b924       strdup                     000000000001bbc4 f   LibString:Copying.obj
 0001:0001b974       strncpy                    000000000001bc14 f   LibString:Copying.obj
 0001:0001b97c       strncpyX                   000000000001bc1c f   LibString:Copying.obj
 0001:0001b9bc       strcasecmp                 000000000001bc5c f   LibString:Comparison.obj
 0001:0001b9c4       strcmp                     000000000001bc64 f   LibString:Comparison.obj
 0001:0001b9cc       strncmp                    000000000001bc6c f   LibString:Comparison.obj
 0001:0001b9d4       AsciiStrCat                000000000001bc74 f   BaseLib:String.obj
 0001:0001ba34       AsciiStrCmp                000000000001bcd4 f   BaseLib:String.obj
 0001:0001bacc       AsciiStrCpy                000000000001bd6c f   BaseLib:String.obj
 0001:0001bb8c       AsciiStrDecimalToUintn     000000000001be2c f   BaseLib:String.obj
 0001:0001bba8       AsciiStrLen                000000000001be48 f   BaseLib:String.obj
 0001:0001bc30       AsciiStrToUnicodeStr       000000000001bed0 f   BaseLib:String.obj
 0001:0001bd78       AsciiStriCmp               000000000001c018 f   BaseLib:String.obj
 0001:0001be58       AsciiStrnCmp               000000000001c0f8 f   BaseLib:String.obj
 0001:0001bf4c       AsciiStrnCpy               000000000001c1ec f   BaseLib:String.obj
 0001:0001c068       InternalAsciiIsDecimalDigitCharacter 000000000001c308 f   BaseLib:String.obj
 0001:0001c074       StrCmp                     000000000001c314 f   BaseLib:String.obj
 0001:0001c128       StrLen                     000000000001c3c8 f   BaseLib:String.obj
 0001:0001c1e0       StrSize                    000000000001c480 f   BaseLib:String.obj
 0001:0001c1f8       StrStr                     000000000001c498 f   BaseLib:String.obj
 0001:0001c2d4       StrnCat                    000000000001c574 f   BaseLib:String.obj
 0001:0001c364       StrnCmp                    000000000001c604 f   BaseLib:String.obj
 0001:0001c474       StrnCpy                    000000000001c714 f   BaseLib:String.obj
 0001:0001c5c8       UnicodeStrToAsciiStr       000000000001c868 f   BaseLib:String.obj
 0001:0001c734       ReadUnaligned16            000000000001c9d4 f   BaseLib:Unaligned.obj
 0001:0001c76c       ReadUnaligned32            000000000001ca0c f   BaseLib:Unaligned.obj
 0001:0001c7a4       ReadUnaligned64            000000000001ca44 f   BaseLib:Unaligned.obj
 0001:0001c7dc       AsciiStrDecimalToUintnS    000000000001ca7c f   BaseLib:SafeString.obj
 0001:0001c95c       AsciiStrnLenS              000000000001cbfc f   BaseLib:SafeString.obj
 0001:0001c988       StrnLenS                   000000000001cc28 f   BaseLib:SafeString.obj
 0001:0001ca04       GetFirstNode               000000000001cca4 f   BaseLib:LinkedList.obj
 0001:0001ca44       GetNextNode                000000000001cce4 f   BaseLib:LinkedList.obj
 0001:0001cabc       InsertTailList             000000000001cd5c f   BaseLib:LinkedList.obj
 0001:0001cb44       InternalBaseLibIsListValid 000000000001cde4 f   BaseLib:LinkedList.obj
 0001:0001cbfc       IsListEmpty                000000000001ce9c f   BaseLib:LinkedList.obj
 0001:0001cc40       IsNodeInList               000000000001cee0 f   BaseLib:LinkedList.obj
 0001:0001cce8       RemoveEntryList            000000000001cf88 f   BaseLib:LinkedList.obj
 0001:0001cd3c       PathCleanUpDirectories     000000000001cfdc f   BaseLib:FilePaths.obj
 0001:0001ce98       PathRemoveLastItem         000000000001d138 f   BaseLib:FilePaths.obj
 0001:0001cef4       LShiftU64                  000000000001d194 f   BaseLib:LShiftU64.obj
 0001:0001cf40       SwapBytes16                000000000001d1e0 f   BaseLib:SwapBytes16.obj
 0001:0001cf50       InternalAssertJumpBuffer   000000000001d1f0 f   BaseLib:SetJump.obj
 0001:0001cfac       InternalMathDivRemU64x32   000000000001d24c f   BaseLib:Math64.obj
 0001:0001cfc8       InternalMathLShiftU64      000000000001d268 f   BaseLib:Math64.obj
 0001:0001cfd4       SwapBytes32                000000000001d274 f   BaseLib:SwapBytes32.obj
 0001:0001d008       CopyMem                    000000000001d2a8 f   BaseMemoryLib:CopyMemWrapper.obj
 0001:0001d0b0       CompareGuid                000000000001d350 f   BaseMemoryLib:MemLibGuid.obj
 0001:0001d118       ZeroMem                    000000000001d3b8 f   BaseMemoryLib:ZeroMemWrapper.obj
 0001:0001d198       SetMem                     000000000001d438 f   BaseMemoryLib:SetMemWrapper.obj
 0001:0001d208       InternalMemCopyMem         000000000001d4a8 f   BaseMemoryLib:CopyMem.obj
 0001:0001d3bc       InternalMemScanMem8        000000000001d65c f   BaseMemoryLib:MemLibGeneric.obj
 0001:0001d3d4       InternalMemSetMem16        000000000001d674 f   BaseMemoryLib:MemLibGeneric.obj
 0001:0001d3f4       InternalMemZeroMem         000000000001d694 f   BaseMemoryLib:MemLibGeneric.obj
 0001:0001d3fc       InternalMemSetMem          000000000001d69c f   BaseMemoryLib:SetMem.obj
 0001:0001d540       memchr                     000000000001d7e0 f   LibString:Searching.obj
 0001:0001d550       strchr                     000000000001d7f0 f   LibString:Searching.obj
 0001:0001d568       strpbrk                    000000000001d808 f   LibString:Searching.obj
 0001:0001d5b8       strsep                     000000000001d858 f   LibString:strsep.obj
 0001:0001d600       strcat                     000000000001d8a0 f   LibString:Concatenation.obj
 0001:0001d608       DivU64x32Remainder         000000000001d8a8 f   BaseLib:DivU64x32Remainder.obj
 0001:0001d660       LongJump                   000000000001d900 f   BaseLib:LongJump.obj
 0001:0001d6b0       SetMem16                   000000000001d950 f   BaseMemoryLib:SetMem16Wrapper.obj
 0001:0001d79c       ScanMem8                   000000000001da3c f   BaseMemoryLib:ScanMem8Wrapper.obj
 0002:00000000       _cClass                    000000000001dae0     LibCtype:iCtype.obj
 0002:00000008       _lConvT                    000000000001dae8     LibCtype:iCtype.obj
 0002:00000018       gEfiUnicodeCollation2ProtocolGuid 000000000001daf8     GetNetByName:AutoGen.obj
 0002:00000028       gEfiShellEnvironment2ExtGuid 000000000001db08     GetNetByName:AutoGen.obj
 0002:00000038       gEfiFileInfoGuid           000000000001db18     GetNetByName:AutoGen.obj
 0002:00000048       gEfiIp6ConfigProtocolGuid  000000000001db28     GetNetByName:AutoGen.obj
 0002:00000058       gEfiHiiConfigRoutingProtocolGuid 000000000001db38     GetNetByName:AutoGen.obj
 0002:00000068       gEfiUdp4ServiceBindingProtocolGuid 000000000001db48     GetNetByName:AutoGen.obj
 0002:00000078       gEfiIp4Config2ProtocolGuid 000000000001db58     GetNetByName:AutoGen.obj
 0002:00000088       gEfiHiiImageProtocolGuid   000000000001db68     GetNetByName:AutoGen.obj
 0002:00000098       gEfiIp4ServiceBindingProtocolGuid 000000000001db78     GetNetByName:AutoGen.obj
 0002:000000a8       gEfiUdp6ProtocolGuid       000000000001db88     GetNetByName:AutoGen.obj
 0002:000000b8       gEfiShellParametersProtocolGuid 000000000001db98     GetNetByName:AutoGen.obj
 0002:000000c8       gEfiHiiDatabaseProtocolGuid 000000000001dba8     GetNetByName:AutoGen.obj
 0002:000000d8       gEfiSimpleFileSystemProtocolGuid 000000000001dbb8     GetNetByName:AutoGen.obj
 0002:000000e8       gEfiHiiStringProtocolGuid  000000000001dbc8     GetNetByName:AutoGen.obj
 0002:000000f8       gEfiUdp6ServiceBindingProtocolGuid 000000000001dbd8     GetNetByName:AutoGen.obj
 0002:00000108       gEfiShellEnvironment2Guid  000000000001dbe8     GetNetByName:AutoGen.obj
 0002:00000118       gEfiIp4ProtocolGuid        000000000001dbf8     GetNetByName:AutoGen.obj
 0002:00000128       gEfiSocketProtocolGuid     000000000001dc08     GetNetByName:AutoGen.obj
 0002:00000138       gEfiShellProtocolGuid      000000000001dc18     GetNetByName:AutoGen.obj
 0002:00000148       gEfiUdp4ProtocolGuid       000000000001dc28     GetNetByName:AutoGen.obj
 0002:00000158       gEfiTcp4ServiceBindingProtocolGuid 000000000001dc38     GetNetByName:AutoGen.obj
 0002:00000168       gEfiCallerIdGuid           000000000001dc48     GetNetByName:AutoGen.obj
 0002:00000178       gEfiTcp6ServiceBindingProtocolGuid 000000000001dc58     GetNetByName:AutoGen.obj
 0002:00000188       gEfiTcp6ProtocolGuid       000000000001dc68     GetNetByName:AutoGen.obj
 0002:00000198       gEfiShellInterfaceGuid     000000000001dc78     GetNetByName:AutoGen.obj
 0002:000001a8       gEfiTcp4ProtocolGuid       000000000001dc88     GetNetByName:AutoGen.obj
 0002:000001b8       gEfiHiiFontProtocolGuid    000000000001dc98     GetNetByName:AutoGen.obj
 0002:000001c8       _fltused                   000000000001dca8     LibC:errno.obj
 0002:000001d0       cEslAfInet6Api             000000000001dcb0     EfiSocketLib:Socket.obj
 0002:00000200       cEslAfInetApi              000000000001dce0     EfiSocketLib:Socket.obj
 0002:00000230       daDeviceList               000000000001dd10     DevUtility:DevGenisis.obj
 0002:00000240       tzname                     000000000001dd20     LibTime:ZoneProc.obj
 0002:00000270       __sF                       000000000001dd50     LibStdio:findfp.obj
 0002:00000480       __sglue                    000000000001df60     LibStdio:findfp.obj
 0002:000005a0       _ns_flagdata               000000000001e080     BsdSocketLib:ns_parse.obj
 0002:00000620       __nlocale_changed          000000000001e100     LibLocale:localeconv.obj
 0002:00000624       __mlocale_changed          000000000001e104     LibLocale:localeconv.obj
 0002:00000630       _C_CharClassTable          000000000001e110     LibCtype:iCtype.obj
 0002:00000730       _C_ToLowerTable            000000000001e210     LibCtype:iCtype.obj
 0002:000007b0       ??_C@_0BD@FPJCFKFJ@Unknown?5Error?3?5?$CFd?4?$AA@ 000000000001e290     LibString:Misc.obj
 0002:000007d0       sys_errlist                000000000001e2b0     LibString:ErrorList.obj
 0002:00000af0       ??_C@_0BC@CMDFCGIM@No?5Error?5Detected?$AA@ 000000000001e5d0     LibString:ErrorList.obj
 0002:00000b08       ??_C@_0BI@BJFCGOHL@Operation?5not?5permitted?$AA@ 000000000001e5e8     LibString:ErrorList.obj
 0002:00000b20       ??_C@_0BK@FMDHKPNF@No?5such?5file?5or?5directory?$AA@ 000000000001e600     LibString:ErrorList.obj
 0002:00000b40       ??_C@_0BA@FKIAIBGA@No?5such?5process?$AA@ 000000000001e620     LibString:ErrorList.obj
 0002:00000b50       ??_C@_0BI@EAGLFFDI@Interrupted?5system?5call?$AA@ 000000000001e630     LibString:ErrorList.obj
 0002:00000b68       ??_C@_0BD@KKNFOBBD@Input?1output?5error?$AA@ 000000000001e648     LibString:ErrorList.obj
 0002:00000b80       ??_C@_0BG@IEPFGEGM@Device?5not?5configured?$AA@ 000000000001e660     LibString:ErrorList.obj
 0002:00000b98       ??_C@_0BH@CCELHCFA@Argument?5list?5too?5long?$AA@ 000000000001e678     LibString:ErrorList.obj
 0002:00000bb0       ??_C@_0BC@HKPNECK@Exec?5format?5error?$AA@ 000000000001e690     LibString:ErrorList.obj
 0002:00000bc8       ??_C@_0BE@NFGDDCEF@Bad?5file?5descriptor?$AA@ 000000000001e6a8     LibString:ErrorList.obj
 0002:00000be0       ??_C@_0BD@LOHELEP@No?5child?5processes?$AA@ 000000000001e6c0     LibString:ErrorList.obj
 0002:00000bf8       ??_C@_0BK@JAEBMJJM@Resource?5deadlock?5avoided?$AA@ 000000000001e6d8     LibString:ErrorList.obj
 0002:00000c18       ??_C@_0BH@DBCLIABC@Cannot?5allocate?5memory?$AA@ 000000000001e6f8     LibString:ErrorList.obj
 0002:00000c30       ??_C@_0BC@HFNFNKAI@Permission?5denied?$AA@ 000000000001e710     LibString:ErrorList.obj
 0002:00000c48       ??_C@_0M@LOEHLCJD@Bad?5address?$AA@ 000000000001e728     LibString:ErrorList.obj
 0002:00000c58       ??_C@_0BG@DDDDJJIM@Block?5device?5required?$AA@ 000000000001e738     LibString:ErrorList.obj
 0002:00000c70       ??_C@_0M@KEEOMFM@Device?5busy?$AA@ 000000000001e750     LibString:ErrorList.obj
 0002:00000c80       ??_C@_0M@NAAJNNGH@File?5exists?$AA@ 000000000001e760     LibString:ErrorList.obj
 0002:00000c90       ??_C@_0BC@OFBLDMPL@Cross?9device?5link?$AA@ 000000000001e770     LibString:ErrorList.obj
 0002:00000ca8       ??_C@_0CC@BGJGOOF@Operation?5not?5supported?5by?5devic@ 000000000001e788     LibString:ErrorList.obj
 0002:00000cd0       ??_C@_0BA@CJBACOOL@Not?5a?5directory?$AA@ 000000000001e7b0     LibString:ErrorList.obj
 0002:00000ce0       ??_C@_0P@NDHGCGKE@Is?5a?5directory?$AA@ 000000000001e7c0     LibString:ErrorList.obj
 0002:00000cf0       ??_C@_0BB@HMGGCEBG@Invalid?5argument?$AA@ 000000000001e7d0     LibString:ErrorList.obj
 0002:00000d08       ??_C@_0BO@IIFBODJE@Too?5many?5open?5files?5in?5system?$AA@ 000000000001e7e8     LibString:ErrorList.obj
 0002:00000d28       ??_C@_0BE@INBJMKGG@Too?5many?5open?5files?$AA@ 000000000001e808     LibString:ErrorList.obj
 0002:00000d40       ??_C@_0BP@NAOGGPDI@Inappropriate?5ioctl?5for?5device?$AA@ 000000000001e820     LibString:ErrorList.obj
 0002:00000d60       ??_C@_0P@HJGPGMF@Text?5file?5busy?$AA@ 000000000001e840     LibString:ErrorList.obj
 0002:00000d70       ??_C@_0P@LFMMIPAE@File?5too?5large?$AA@ 000000000001e850     LibString:ErrorList.obj
 0002:00000d80       ??_C@_0BI@FEALHKLD@No?5space?5left?5on?5device?$AA@ 000000000001e860     LibString:ErrorList.obj
 0002:00000d98       ??_C@_0N@JPKNIBBK@Illegal?5seek?$AA@ 000000000001e878     LibString:ErrorList.obj
 0002:00000da8       ??_C@_0BF@JEDIFMJD@Read?9only?5filesystem?$AA@ 000000000001e888     LibString:ErrorList.obj
 0002:00000dc0       ??_C@_0P@PKCJJLLM@Too?5many?5links?$AA@ 000000000001e8a0     LibString:ErrorList.obj
 0002:00000dd0       ??_C@_0M@LHEPIIOM@Broken?5pipe?$AA@ 000000000001e8b0     LibString:ErrorList.obj
 0002:00000de0       ??_C@_0CB@BNEAGFJG@Numerical?5argument?5out?5of?5domain@ 000000000001e8c0     LibString:ErrorList.obj
 0002:00000e08       ??_C@_0BB@FCBJFCAJ@Result?5too?5large?$AA@ 000000000001e8e8     LibString:ErrorList.obj
 0002:00000e20       ??_C@_0CB@EPFKGNAK@Resource?5temporarily?5unavailable@ 000000000001e900     LibString:ErrorList.obj
 0002:00000e48       ??_C@_0BK@LBMNDGCG@Operation?5now?5in?5progress?$AA@ 000000000001e928     LibString:ErrorList.obj
 0002:00000e68       ??_C@_0BO@BMABNIPB@Operation?5already?5in?5progress?$AA@ 000000000001e948     LibString:ErrorList.obj
 0002:00000e88       ??_C@_0BP@MCCLAMPH@Socket?5operation?5on?5non?9socket?$AA@ 000000000001e968     LibString:ErrorList.obj
 0002:00000ea8       ??_C@_0BN@HFCIEIME@Destination?5address?5required?$AA@ 000000000001e988     LibString:ErrorList.obj
 0002:00000ec8       ??_C@_0BB@NDAKHOCP@Message?5too?5long?$AA@ 000000000001e9a8     LibString:ErrorList.obj
 0002:00000ee0       ??_C@_0BP@PDKJLOAE@Protocol?5wrong?5type?5for?5socket?$AA@ 000000000001e9c0     LibString:ErrorList.obj
 0002:00000f00       ??_C@_0BH@HPHKDMA@Protocol?5not?5available?$AA@ 000000000001e9e0     LibString:ErrorList.obj
 0002:00000f18       ??_C@_0BH@JNBKLLAJ@Protocol?5not?5supported?$AA@ 000000000001e9f8     LibString:ErrorList.obj
 0002:00000f30       ??_C@_0BK@LMAIHBL@Socket?5type?5not?5supported?$AA@ 000000000001ea10     LibString:ErrorList.obj
 0002:00000f50       ??_C@_0BI@EDJAHLMH@Operation?5not?5supported?$AA@ 000000000001ea30     LibString:ErrorList.obj
 0002:00000f68       ??_C@_0BO@EBCCBLCJ@Protocol?5family?5not?5supported?$AA@ 000000000001ea48     LibString:ErrorList.obj
 0002:00000f88       ??_C@_0DA@KDGLCJJO@Address?5family?5not?5supported?5by?5@ 000000000001ea68     LibString:ErrorList.obj
 0002:00000fb8       ??_C@_0BH@LOKACPE@Address?5already?5in?5use?$AA@ 000000000001ea98     LibString:ErrorList.obj
 0002:00000fd0       ??_C@_0BP@OKMOKAIP@Can?8t?5assign?5requested?5address?$AA@ 000000000001eab0     LibString:ErrorList.obj
 0002:00000ff0       ??_C@_0BA@LPIEBGEK@Network?5is?5down?$AA@ 000000000001ead0     LibString:ErrorList.obj
 0002:00001000       ??_C@_0BH@CIEOBPFM@Network?5is?5unreachable?$AA@ 000000000001eae0     LibString:ErrorList.obj
 0002:00001018       ??_C@_0CE@JHDCOCF@Network?5dropped?5connection?5on?5re@ 000000000001eaf8     LibString:ErrorList.obj
 0002:00001040       ??_C@_0CB@DJAOADN@Software?5caused?5connection?5abort@ 000000000001eb20     LibString:ErrorList.obj
 0002:00001068       ??_C@_0BJ@FJAMCHKE@Connection?5reset?5by?5peer?$AA@ 000000000001eb48     LibString:ErrorList.obj
 0002:00001088       ??_C@_0BK@OCAHGMEA@No?5buffer?5space?5available?$AA@ 000000000001eb68     LibString:ErrorList.obj
 0002:000010a8       ??_C@_0BM@CCONNCKE@Socket?5is?5already?5connected?$AA@ 000000000001eb88     LibString:ErrorList.obj
 0002:000010c8       ??_C@_0BI@ILAOGBJJ@Socket?5is?5not?5connected?$AA@ 000000000001eba8     LibString:ErrorList.obj
 0002:000010e0       ??_C@_0CB@IOOOMFJJ@Can?8t?5send?5after?5socket?5shutdown@ 000000000001ebc0     LibString:ErrorList.obj
 0002:00001108       ??_C@_0CC@HOLLLFLE@Too?5many?5references?3?5can?8t?5splic@ 000000000001ebe8     LibString:ErrorList.obj
 0002:00001130       ??_C@_0BE@JAEOFJAL@Operation?5timed?5out?$AA@ 000000000001ec10     LibString:ErrorList.obj
 0002:00001148       ??_C@_0BD@NPDMPPFP@Connection?5refused?$AA@ 000000000001ec28     LibString:ErrorList.obj
 0002:00001160       ??_C@_0CC@CPDHMANB@Too?5many?5levels?5of?5symbolic?5link@ 000000000001ec40     LibString:ErrorList.obj
 0002:00001188       ??_C@_0BD@CGPKCNP@File?5name?5too?5long?$AA@ 000000000001ec68     LibString:ErrorList.obj
 0002:000011a0       ??_C@_0N@OHOPOBEF@Host?5is?5down?$AA@ 000000000001ec80     LibString:ErrorList.obj
 0002:000011b0       ??_C@_0BB@PFBILCPA@No?5route?5to?5host?$AA@ 000000000001ec90     LibString:ErrorList.obj
 0002:000011c8       ??_C@_0BE@ICMCHPHH@Directory?5not?5empty?$AA@ 000000000001eca8     LibString:ErrorList.obj
 0002:000011e0       ??_C@_0BD@LPHIGPM@Too?5many?5processes?$AA@ 000000000001ecc0     LibString:ErrorList.obj
 0002:000011f8       ??_C@_0P@DAFGFIDC@Too?5many?5users?$AA@ 000000000001ecd8     LibString:ErrorList.obj
 0002:00001208       ??_C@_0BE@KMAIMPL@Disc?5quota?5exceeded?$AA@ 000000000001ece8     LibString:ErrorList.obj
 0002:00001220       ??_C@_0BG@KNCBNNDC@Stale?5NFS?5file?5handle?$AA@ 000000000001ed00     LibString:ErrorList.obj
 0002:00001238       ??_C@_0CC@DBGGHIAG@Too?5many?5levels?5of?5remote?5in?5pat@ 000000000001ed18     LibString:ErrorList.obj
 0002:00001260       ??_C@_0BC@ICCGLAJN@RPC?5struct?5is?5bad?$AA@ 000000000001ed40     LibString:ErrorList.obj
 0002:00001278       ??_C@_0BC@FIMLNFGC@RPC?5version?5wrong?$AA@ 000000000001ed58     LibString:ErrorList.obj
 0002:00001290       ??_C@_0BE@HDGMLIGJ@RPC?5prog?4?5not?5avail?$AA@ 000000000001ed70     LibString:ErrorList.obj
 0002:000012a8       ??_C@_0BG@JOMPHNJI@Program?5version?5wrong?$AA@ 000000000001ed88     LibString:ErrorList.obj
 0002:000012c0       ??_C@_0BK@LKNMDCLJ@Bad?5procedure?5for?5program?$AA@ 000000000001eda0     LibString:ErrorList.obj
 0002:000012e0       ??_C@_0BD@CLHBCGPB@No?5locks?5available?$AA@ 000000000001edc0     LibString:ErrorList.obj
 0002:000012f8       ??_C@_0BJ@IHEHINLI@Function?5not?5implemented?$AA@ 000000000001edd8     LibString:ErrorList.obj
 0002:00001318       ??_C@_0CC@GLJPLFOJ@Inappropriate?5file?5type?5or?5forma@ 000000000001edf8     LibString:ErrorList.obj
 0002:00001340       ??_C@_0BF@MOMJDFNI@Authentication?5error?$AA@ 000000000001ee20     LibString:ErrorList.obj
 0002:00001358       ??_C@_0BD@GDKJMNEO@Need?5authenticator?$AA@ 000000000001ee38     LibString:ErrorList.obj
 0002:00001370       ??_C@_0BD@LJPFLIMC@Identifier?5removed?$AA@ 000000000001ee50     LibString:ErrorList.obj
 0002:00001388       ??_C@_0BL@LAELPFGP@No?5message?5of?5desired?5type?$AA@ 000000000001ee68     LibString:ErrorList.obj
 0002:000013a8       ??_C@_0CK@NDEHDADK@Value?5too?5large?5to?5be?5stored?5in?5@ 000000000001ee88     LibString:ErrorList.obj
 0002:000013d8       ??_C@_0BG@KLEAJEFJ@Illegal?5byte?5sequence?$AA@ 000000000001eeb8     LibString:ErrorList.obj
 0002:000013f0       ??_C@_0N@JIEBMMEB@Bad?5errno?586?$AA@ 000000000001eed0     LibString:ErrorList.obj
 0002:00001400       ??_C@_0BD@OIDFIKFE@Operation?5canceled?$AA@ 000000000001eee0     LibString:ErrorList.obj
 0002:00001418       ??_C@_0M@OEPJJONH@Bad?5message?$AA@ 000000000001eef8     LibString:ErrorList.obj
 0002:00001428       ??_C@_0BF@GGKONPHM@No?5message?5available?$AA@ 000000000001ef08     LibString:ErrorList.obj
 0002:00001440       ??_C@_0BE@HNNMKAI@No?5STREAM?5resources?$AA@ 000000000001ef20     LibString:ErrorList.obj
 0002:00001458       ??_C@_0N@BFKFJNP@Not?5a?5STREAM?$AA@ 000000000001ef38     LibString:ErrorList.obj
 0002:00001468       ??_C@_0BF@BKBOOGBB@STREAM?5ioctl?5timeout?$AA@ 000000000001ef48     LibString:ErrorList.obj
 0002:00001480       ??_C@_0BE@BOJAKOGO@Attribute?5not?5found?$AA@ 000000000001ef60     LibString:ErrorList.obj
 0002:00001498       ??_C@_0BC@MPFABHFK@Programming?5error?$AA@ 000000000001ef78     LibString:ErrorList.obj
 0002:000014b0       ??_C@_0BD@BLOHNAGF@Multihop?5attempted?$AA@ 000000000001ef90     LibString:ErrorList.obj
 0002:000014c8       ??_C@_0BG@JIGCCAHA@Link?5has?5been?5severed?$AA@ 000000000001efa8     LibString:ErrorList.obj
 0002:000014e0       ??_C@_0P@NFDLBHIK@Protocol?5error?$AA@ 000000000001efc0     LibString:ErrorList.obj
 0002:000014f0       ??_C@_0CA@JBGHAFDD@Buffer?5too?5small?5to?5hold?5result?$AA@ 000000000001efd0     LibString:ErrorList.obj
 0002:00001510       ??_C@_0CO@BCOPOIDC@System?5Error?5list?5and?5errno?4h?5ar@ 000000000001eff0     LibString:ErrorList.obj
 0002:00001540       ??_C@_0DG@MFCDKOLN@g?3?2uefi_edk2_practice?2MdePkg?2Lib@ 000000000001f020     BaseLib:String.obj
 0002:00001578       ??_C@_0CI@LLKACKFD@?$CI?$CIUINTN?$CJ?5Destination?5?$CG?50x0000000@ 000000000001f058     BaseLib:String.obj
 0002:000015a0       ??_C@_0DA@MIOLHJCL@?$CIUINTN?$CJ?$CIDestination?5?9?5Source?$CJ?5?$DO?5@ 000000000001f080     BaseLib:String.obj
 0002:000015d0       ??_C@_0CI@FOLEBOJ@?$CIUINTN?$CJ?$CISource?5?9?5Destination?$CJ?5?$DO?$DN@ 000000000001f0b0     BaseLib:String.obj
 0002:000015f8       ??_C@_0DL@LFIMEMJP@Length?5?$DM?$DN?5_gPcd_FixedAtBuild_Pcd@ 000000000001f0d8     BaseLib:String.obj
 0002:00001638       ??_C@_0CD@BDCLIGHD@?$CI?$CIUINTN?$CJ?5String?5?$CG?50x00000001?$CJ?5?$DN?$DN@ 000000000001f118     BaseLib:String.obj
 0002:00001660       ??_C@_0DK@EOJCOAME@Length?5?$DM?5_gPcd_FixedAtBuild_PcdM@ 000000000001f140     BaseLib:String.obj
 0002:000016a0       ??_C@_0BL@JAAMOCAJ@StrSize?5?$CIFirstString?$CJ?5?$CB?$DN?50?$AA@ 000000000001f180     BaseLib:String.obj
 0002:000016c0       ??_C@_0BM@DALBOILC@StrSize?5?$CISecondString?$CJ?5?$CB?$DN?50?$AA@ 000000000001f1a0     BaseLib:String.obj
 0002:000016e0       ??_C@_0BL@NAIOOBPB@StrSize?5?$CIDestination?$CJ?5?$CB?$DN?50?$AA@ 000000000001f1c0     BaseLib:String.obj
 0002:00001700       ??_C@_0BG@KBNOLIGE@StrSize?5?$CIString?$CJ?5?$CB?$DN?50?$AA@ 000000000001f1e0     BaseLib:String.obj
 0002:00001718       ??_C@_0BM@NNBLOHJD@StrSize?5?$CISearchString?$CJ?5?$CB?$DN?50?$AA@ 000000000001f1f8     BaseLib:String.obj
 0002:00001738       ??_C@_0BG@JJELHOCA@StrSize?5?$CISource?$CJ?5?$CB?$DN?50?$AA@ 000000000001f218     BaseLib:String.obj
 0002:00001750       ??_C@_0DN@HIFCOCOI@?$CIUINTN?$CJ?5?$CIDestination?5?9?5?$CICHAR8?5?$CK?$CJ@ 000000000001f230     BaseLib:String.obj
 0002:00001790       ??_C@_0DL@LACPINOG@?$CIUINTN?$CJ?5?$CI?$CICHAR8?5?$CK?$CJ?5Source?5?9?5Dest@ 000000000001f270     BaseLib:String.obj
 0002:000017d0       ??_C@_0BA@MFHLDCJH@?$CKSource?5?$DM?50x100?$AA@ 000000000001f2b0     BaseLib:String.obj
 0002:000017e0       ??_C@_0CA@FFIBMAAF@AsciiStrSize?5?$CIReturnValue?$CJ?5?$CB?$DN?50?$AA@ 000000000001f2c0     BaseLib:String.obj
 0002:00001800       ??_C@_0DF@CDKFFDDI@?$CIUINTN?$CJ?$CIDestination?5?9?5Source?$CJ?5?$DO?5@ 000000000001f2e0     BaseLib:String.obj
 0002:00001838       ??_C@_0DF@CCGJKFCO@?$CIUINTN?$CJ?$CISource?5?9?5Destination?$CJ?5?$DO?5@ 000000000001f318     BaseLib:String.obj
 0002:00001870       ??_C@_0DJ@JJHGIFMP@Length?5?$DM?$DN?5_gPcd_FixedAtBuild_Pcd@ 000000000001f350     BaseLib:String.obj
 0002:000018b0       ??_C@_0DI@MDIKFADO@Length?5?$DM?5_gPcd_FixedAtBuild_PcdM@ 000000000001f390     BaseLib:String.obj
 0002:000018e8       ??_C@_0BL@IKFBNFIL@AsciiStrSize?5?$CIFirstString?$CJ?$AA@ 000000000001f3c8     BaseLib:String.obj
 0002:00001908       ??_C@_0BM@EDNOKLLE@AsciiStrSize?5?$CISecondString?$CJ?$AA@ 000000000001f3e8     BaseLib:String.obj
 0002:00001928       ??_C@_0CA@CFGLKMHL@AsciiStrSize?5?$CIDestination?$CJ?5?$CB?$DN?50?$AA@ 000000000001f408     BaseLib:String.obj
 0002:00001948       ??_C@_0BL@NNBEMOEP@AsciiStrSize?5?$CISource?$CJ?5?$CB?$DN?50?$AA@ 000000000001f428     BaseLib:String.obj
 0002:00001970       ??_C@_0EA@ELKIMFNG@?$CIUINTN?$CJ?5?$CI?$CICHAR8?5?$CK?$CJ?5Destination?5?9@ 000000000001f450     BaseLib:String.obj
 0002:000019b0       ??_C@_0FG@JICIAIMJ@?$CIUINTN?$CJ?5?$CISource?5?9?5?$CICHAR8?5?$CK?$CJ?5Dest@ 000000000001f490     BaseLib:String.obj
 0002:00001a08       ??_C@_0BL@KAGEINIP@StrSize?5?$CIReturnValue?$CJ?5?$CB?$DN?50?$AA@ 000000000001f4e8     BaseLib:String.obj
 0002:00001a28       ??_C@_0DJ@DIJFAOJH@g?3?2uefi_edk2_practice?2MdePkg?2Lib@ 000000000001f508     BaseLib:Unaligned.obj
 0002:00001a68       ??_C@_0N@KGHEHMDL@Divisor?5?$CB?$DN?50?$AA@ 000000000001f548     BaseLib:DivU64x32.obj
 0002:00001a78       ??_C@_0DK@GNKFIOKI@g?3?2uefi_edk2_practice?2MdePkg?2Lib@ 000000000001f558     BaseLib:SafeString.obj
 0002:00001ab8       ??_C@_0BJ@MBBOBCLN@?$CIString?5?$CB?$DN?5?$CI?$CIvoid?5?$CK?$CJ?50?$CJ?$CJ?$AA@ 000000000001f598     BaseLib:SafeString.obj
 0002:00001ad8       ??_C@_0BH@JPMEDPAI@?$CIData?5?$CB?$DN?5?$CI?$CIvoid?5?$CK?$CJ?50?$CJ?$CJ?$AA@ 000000000001f5b8     BaseLib:SafeString.obj
 0002:00001af0       ??_C@_0ID@JMCCGBLD@?$CIAsciiStrnLenS?5?$CIString?0?5?$CI_gPcd_F@ 000000000001f5d0     BaseLib:SafeString.obj
 0002:00001b78       ??_C@_0BF@NJNGJMPC@List?5?$CB?$DN?5?$CI?$CIvoid?5?$CK?$CJ?50?$CJ?$AA@ 000000000001f658     BaseLib:LinkedList.obj
 0002:00001b90       ??_C@_0DK@FPMEKHHB@g?3?2uefi_edk2_practice?2MdePkg?2Lib@ 000000000001f670     BaseLib:LinkedList.obj
 0002:00001bd0       ??_C@_0CC@KDLPLAED@List?9?$DOForwardLink?5?$CB?$DN?5?$CI?$CIvoid?5?$CK?$CJ?50@ 000000000001f6b0     BaseLib:LinkedList.obj
 0002:00001bf8       ??_C@_0BP@IJJCCMAK@List?9?$DOBackLink?5?$CB?$DN?5?$CI?$CIvoid?5?$CK?$CJ?50?$CJ?$AA@ 000000000001f6d8     BaseLib:LinkedList.obj
 0002:00001c18       ??_C@_0CI@BMHOPIIO@InternalBaseLibIsListValid?5?$CIFirs@ 000000000001f6f8     BaseLib:LinkedList.obj
 0002:00001c40       ??_C@_0BM@BAIHHOEP@SecondEntry?5?$CB?$DN?5?$CI?$CIvoid?5?$CK?$CJ?50?$CJ?$AA@ 000000000001f720     BaseLib:LinkedList.obj
 0002:00001c60       ??_C@_0DI@HOMAKAJD@?$CI?$CIBOOLEAN?$CJ?$CI0?$DN?$DN1?$CJ?$CJ?5?$DN?$DN?5IsNodeInLis@ 000000000001f740     BaseLib:LinkedList.obj
 0002:00001c98       ??_C@_0CG@LGIALJFK@InternalBaseLibIsListValid?5?$CIList@ 000000000001f778     BaseLib:LinkedList.obj
 0002:00001cc0       ??_C@_0CC@JLDICICM@InternalBaseLibIsListValid?5?$CIList@ 000000000001f7a0     BaseLib:LinkedList.obj
 0002:00001ce8       ??_C@_0DD@OAAIDOJD@?$CI?$CIBOOLEAN?$CJ?$CI1?$DN?$DN1?$CJ?$CJ?5?$DN?$DN?5IsNodeInLis@ 000000000001f7c8     BaseLib:LinkedList.obj
 0002:00001d20       ??_C@_0BF@NMBJJECB@?$CBIsListEmpty?5?$CIEntry?$CJ?$AA@ 000000000001f800     BaseLib:LinkedList.obj
 0002:00001d38       ??_C@_17CECJBCED@?$AA?2?$AA?4?$AA?2?$AA?$AA@ 000000000001f818     BaseLib:FilePaths.obj
 0002:00001d40       ??_C@_15HFJMEONN@?$AA?2?$AA?4?$AA?$AA@ 000000000001f820     BaseLib:FilePaths.obj
 0002:00001d48       ??_C@_17OFBPHKFE@?$AA?2?$AA?4?$AA?4?$AA?$AA@ 000000000001f828     BaseLib:FilePaths.obj
 0002:00001d50       ??_C@_15LEKKCGMK@?$AA?2?$AA?2?$AA?$AA@ 000000000001f830     BaseLib:FilePaths.obj
 0002:00001d58       ??_C@_0L@MEMPDLHB@Count?5?$DM?564?$AA@ 000000000001f838     BaseLib:LShiftU64.obj
 0002:00001d68       ??_C@_0DJ@KJENGIEM@g?3?2uefi_edk2_practice?2MdePkg?2Lib@ 000000000001f848     BaseLib:LShiftU64.obj
 0002:00001da8       ??_C@_0BL@CPGKAMND@JumpBuffer?5?$CB?$DN?5?$CI?$CIvoid?5?$CK?$CJ?50?$CJ?$AA@ 000000000001f888     BaseLib:SetJump.obj
 0002:00001dc8       ??_C@_0DH@IHFCELE@g?3?2uefi_edk2_practice?2MdePkg?2Lib@ 000000000001f8a8     BaseLib:SetJump.obj
 0002:00001e00       ??_C@_0CD@OEHNCIHG@?$CI?$CIUINTN?$CJJumpBuffer?5?$CG?5?$CI8?5?9?51?$CJ?$CJ?5?$DN?$DN@ 000000000001f8e0     BaseLib:SetJump.obj
 0002:00001e30       ??_C@_0ED@MKGCMJG@?$CILength?5?9?51?$CJ?5?$DM?$DN?5?$CI0xFFFFFFFFFFFFF@ 000000000001f910     BaseMemoryLib:CopyMemWrapper.obj
 0002:00001e80       ??_C@_0EE@COAMBEJJ@g?3?2uefi_edk2_practice?2MdePkg?2Lib@ 000000000001f960     BaseMemoryLib:CopyMemWrapper.obj
 0002:00001ec8       ??_C@_0DO@MAOBOFEG@?$CILength?5?9?51?$CJ?5?$DM?$DN?5?$CI0xFFFFFFFFFFFFF@ 000000000001f9a8     BaseMemoryLib:CopyMemWrapper.obj
 0002:00001f08       ??_C@_0DG@EEENIGGL@Length?5?$DM?$DN?5?$CI0xFFFFFFFFFFFFFFFFULL@ 000000000001f9e8     BaseMemoryLib:MemLibGuid.obj
 0002:00001f40       ??_C@_0EE@JKKOHFFO@g?3?2uefi_edk2_practice?2MdePkg?2Lib@ 000000000001fa20     BaseMemoryLib:ZeroMemWrapper.obj
 0002:00001f88       ??_C@_0DI@DAGDPLPG@?$CILength?5?9?51?$CJ?5?$DM?$DN?5?$CI0xFFFFFFFFFFFFF@ 000000000001fa68     BaseMemoryLib:SetMemWrapper.obj
 0002:00001fc0       ??_C@_0ED@FGINMKBB@g?3?2uefi_edk2_practice?2MdePkg?2Lib@ 000000000001faa0     BaseMemoryLib:SetMemWrapper.obj
 0002:00002008       ??_C@_0CO@LECKNDNC@?$CI?$CI?$CIUINTN?$CJBuffer?$CJ?5?$CG?5?$CIsizeof?5?$CIValu@ 000000000001fae8     BaseMemoryLib:SetMem64Wrapper.obj
 0002:00002038       ??_C@_0CF@LEICOABD@?$CILength?5?$CG?5?$CIsizeof?5?$CIValue?$CJ?5?9?51?$CJ?$CJ?5@ 000000000001fb18     BaseMemoryLib:SetMem64Wrapper.obj
 0002:00002060       ??_C@_0EC@LJCGBENK@g?3?2uefi_edk2_practice?2MdePkg?2Lib@ 000000000001fb40     BaseLib:DivU64x32Remainder.obj
 0002:000020a8       ??_C@_0L@KDHIOLNB@Value?5?$CB?$DN?50?$AA@ 000000000001fb88     BaseLib:LongJump.obj
 0002:000020b8       ??_C@_0DI@IJCLEFAF@g?3?2uefi_edk2_practice?2MdePkg?2Lib@ 000000000001fb98     BaseLib:LongJump.obj
 0002:000020f0       ??_C@_0EF@LBDHAOLE@g?3?2uefi_edk2_practice?2MdePkg?2Lib@ 000000000001fbd0     BaseMemoryLib:SetMem16Wrapper.obj
 0002:00002140       ??_C@_0EF@NMPMIHNL@g?3?2uefi_edk2_practice?2MdePkg?2Lib@ 000000000001fc20     BaseMemoryLib:ScanMem8Wrapper.obj
 0002:00002188       ??_C@_0CB@DMEJJJHA@?6ASSERT_EFI_ERROR?5?$CIStatus?5?$DN?5?$CFr?$CJ?6@ 000000000001fc68     GetNetByName:AutoGen.obj
 0002:000021b0       ??_C@_0BE@DCHLEIGN@?$CBEFI_ERROR?5?$CIStatus?$CJ?$AA@ 000000000001fc90     GetNetByName:AutoGen.obj
 0002:000021d0       ??_C@_0HP@KDNJOFAG@g?3?2uefi_edk2_practice?2Build?2AppP@ 000000000001fcb0     GetNetByName:AutoGen.obj
 0002:00002250       _gPcd_FixedAtBuild_PcdMaximumLinkedListLength 000000000001fd30     GetNetByName:AutoGen.obj
 0002:00002254       _gPcd_FixedAtBuild_PcdMaximumUnicodeStringLength 000000000001fd34     GetNetByName:AutoGen.obj
 0002:00002258       _gPcd_FixedAtBuild_PcdMaximumAsciiStringLength 000000000001fd38     GetNetByName:AutoGen.obj
 0002:0000225c       _gPcd_FixedAtBuild_PcdVerifyNodeInList 000000000001fd3c     GetNetByName:AutoGen.obj
 0002:00002260       ??_C@_06GCNMPELH@stdin?3?$AA@ 000000000001fd40     LibC:Main.obj
 0002:00002268       ??_C@_07CJCKBFG@stdout?3?$AA@ 000000000001fd48     LibC:Main.obj
 0002:00002270       ??_C@_07NBHIPNPM@stderr?3?$AA@ 000000000001fd50     LibC:Main.obj
 0002:00002280       ??_C@_1FI@OEFNJEF@?$AAE?$AAR?$AAR?$AAO?$AAR?$AA?5?$AAI?$AAn?$AAi?$AAt?$AAi?$AAa?$AAl?$AAi?$AAz?$AAi?$AAn?$AAg?$AA?5?$AAS?$AAt?$AAa?$AAn?$AAd?$AAa?$AAr?$AAd?$AA?5?$AAI?$AAO?$AA?3?$AA?5@ 000000000001fd60     LibC:Main.obj
 0002:000022d8       ??_C@_1O@CFMGMDFI@?$AAs?$AAt?$AAd?$AAi?$AAn?$AA?3?$AA?$AA@ 000000000001fdb8     DevConsole:daConsole.obj
 0002:000022e8       ??_C@_1BA@PGAEEPHD@?$AAs?$AAt?$AAd?$AAo?$AAu?$AAt?$AA?3?$AA?$AA@ 000000000001fdc8     DevConsole:daConsole.obj
 0002:000022f8       ??_C@_1BA@DNLKDFLO@?$AAs?$AAt?$AAd?$AAe?$AAr?$AAr?$AA?3?$AA?$AA@ 000000000001fdd8     DevConsole:daConsole.obj
 0002:00002338       ??_C@_0BH@IACGKAP@Buffer?5?$CB?$DN?5?$CI?$CIvoid?5?$CK?$CJ?50?$CJ?$AA@ 000000000001fe18     UefiLib:UefiLibPrint.obj
 0002:00002350       ??_C@_17CLELIOII@?$AAN?$AAU?$AAL?$AA?$AA@ 000000000001fe30     UefiShellLib:UefiShellLib.obj
 0002:00002358       ??_C@_19CIJIHAKK@?$AAN?$AAU?$AAL?$AAL?$AA?$AA@ 000000000001fe38     UefiShellLib:UefiShellLib.obj
 0002:00002368       ??_C@_0BM@NLNKOJGD@Destination?5?$CB?$DN?5?$CI?$CIvoid?5?$CK?$CJ?50?$CJ?$AA@ 000000000001fe48     UefiShellLib:UefiShellLib.obj
 0002:00002388       mEslUdp4ServiceGuid        000000000001fe68     EfiSocketLib:UseEfiSocketLib.obj
 0002:00002398       mEfiServiceBinding         000000000001fe78     EfiSocketLib:UseEfiSocketLib.obj
 0002:000023a8       mEslUdp6ServiceGuid        000000000001fe88     EfiSocketLib:UseEfiSocketLib.obj
 0002:000023b8       mEslTcp4ServiceGuid        000000000001fe98     EfiSocketLib:UseEfiSocketLib.obj
 0002:000023c8       mEslTcp6ServiceGuid        000000000001fea8     EfiSocketLib:UseEfiSocketLib.obj
 0002:000023d8       mEslIp4ServiceGuid         000000000001feb8     EfiSocketLib:UseEfiSocketLib.obj
 0002:000023f0       cEslSocketBinding          000000000001fed0     EfiSocketLib:Socket.obj
 0002:00002530       ??_C@_17NIGEJLGH@?$AAI?$AAp?$AA4?$AA?$AA@ 0000000000020010     EfiSocketLib:Socket.obj
 0002:00002538       ??_C@_19IGIFHENE@?$AAT?$AAc?$AAp?$AA4?$AA?$AA@ 0000000000020018     EfiSocketLib:Socket.obj
 0002:00002548       ??_C@_19CMIMLMFP@?$AAT?$AAc?$AAp?$AA6?$AA?$AA@ 0000000000020028     EfiSocketLib:Socket.obj
 0002:00002558       ??_C@_19GDICBGPD@?$AAU?$AAd?$AAp?$AA4?$AA?$AA@ 0000000000020038     EfiSocketLib:Socket.obj
 0002:00002568       ??_C@_19MJILNOHI@?$AAU?$AAd?$AAp?$AA6?$AA?$AA@ 0000000000020048     EfiSocketLib:Socket.obj
 0002:00002580       cEslTcp6Api                0000000000020060     EfiSocketLib:Tcp6.obj
 0002:00002688       ??_C@_05NEBMLMBB@TCPv6?$AA@ 0000000000020168     EfiSocketLib:Tcp6.obj
 0002:00002690       cEslIp4Api                 0000000000020170     EfiSocketLib:Ip4.obj
 0002:00002798       ??_C@_04EMGFNKGN@IPv4?$AA@ 0000000000020278     EfiSocketLib:Ip4.obj
 0002:000027a0       cEslTcp4Api                0000000000020280     EfiSocketLib:Tcp4.obj
 0002:000028a8       ??_C@_05OGCKNOJD@TCPv4?$AA@ 0000000000020388     EfiSocketLib:Tcp4.obj
 0002:000028b0       cEslUdp4Api                0000000000020390     EfiSocketLib:Udp4.obj
 0002:000029b8       ??_C@_05JPFGNBCG@UDPv4?$AA@ 0000000000020498     EfiSocketLib:Udp4.obj
 0002:000029c0       cEslUdp6Api                00000000000204a0     EfiSocketLib:Udp6.obj
 0002:00002ac8       ??_C@_05KNGALDKE@UDPv6?$AA@ 00000000000205a8     EfiSocketLib:Udp6.obj
 0002:00002ad0       ??_C@_0O@NEMAINFB@?$CFa?5starting?$AN?6?$AA@ 00000000000205b0     GetNetByName:GetNetByName.obj
 0002:00002ae0       ??_C@_1CK@PNNNLCFB@?$AA?$CF?$AAa?$AA?5?$AA?5?$AA?$DM?$AAn?$AAe?$AAt?$AAw?$AAo?$AAr?$AAk?$AA?5?$AAn?$AAa?$AAm?$AAe?$AA?$DO?$AA?$AN?$AA?6?$AA?$AA@ 00000000000205c0     GetNetByName:GetNetByName.obj
 0002:00002b10       ??_C@_1EO@JGLBJEPL@?$AAE?$AAR?$AAR?$AAO?$AAR?$AA?5?$AA?9?$AA?5?$AAn?$AAe?$AAt?$AAw?$AAo?$AAr?$AAk?$AA?5?$AAn?$AAo?$AAt?$AA?5?$AAf?$AAo?$AAu?$AAn?$AAd?$AA?0?$AA?5?$AAe?$AAr?$AAr?$AAn?$AAo@ 00000000000205f0     GetNetByName:GetNetByName.obj
 0002:00002b60       ??_C@_1DG@IOPCFDNC@?$AA?$CF?$AAa?$AA?3?$AA?5?$AAT?$AAy?$AAp?$AAe?$AA?5?$AA?$CF?$AAd?$AA?0?$AA?5?$AA?$CF?$AAd?$AA?4?$AA?$CF?$AAd?$AA?4?$AA?$CF?$AAd?$AA?4?$AA?$CF?$AAd?$AA?$AN?$AA?6?$AA?$AA@ 0000000000020640     GetNetByName:GetNetByName.obj
 0002:00002b98       ??_C@_15KKOHIOBF@?$AA?2?$AA?3?$AA?$AA@ 0000000000020678     DevUtility:Path.obj
 0002:00002ba0       year_lengths               0000000000020680     LibTime:Time.obj
 0002:00002bb0       mon_lengths                0000000000020690     LibTime:Time.obj
 0002:00002c10       ??_C@_0BA@NFHJAOCJ@?0M4?41?40?0M10?45?40?$AA@ 00000000000206f0     LibTime:ZoneProc.obj
 0002:00002c20       ??_C@_02CLFPBFFP@TZ?$AA@   0000000000020700     LibTime:ZoneProc.obj
 0002:00002c28       wildabbr                   0000000000020708     LibTime:ZoneProc.obj
 0002:00002c34       gmt                        0000000000020714     LibTime:ZoneProc.obj
 0002:00002c38       ??_C@_0CI@BKHCEFMF@?$CILength?5?$DO?50x007F?$CJ?5?$CG?$CG?5?$CILength?5?$DM?$DN?5@ 0000000000020718     LibLocale:multibyte_Utf8.obj
 0002:00002c60       ??_C@_0P@CCFDOHOB@ProcessOneByte?$AA@ 0000000000020740     LibLocale:multibyte_Utf8.obj
 0002:00002c70       ??_C@_0DK@GDOMIPKJ@g?3?2uefi_edk2_practice?2StdLib?2Lib@ 0000000000020750     LibLocale:multibyte_Utf8.obj
 0002:00002cb0       ??_C@_0CI@NHCOAOJN@?$CILength?5?$DO?50x07FF?$CJ?5?$CG?$CG?5?$CILength?5?$DM?$DN?5@ 0000000000020790     LibLocale:multibyte_Utf8.obj
 0002:00002cd8       ??_C@_0CK@ECFFLHAE@?$CILength?5?$DO?50xFFFF?$CJ?5?$CG?$CG?5?$CILength?5?$DM?$DN?5@ 00000000000207b8     LibLocale:multibyte_Utf8.obj
 0002:00002e10       ??_C@_03OEIAHPBN@INF?$AA@  00000000000208f0     LibStdio:vfprintf.obj
 0002:00002e14       ??_C@_03OJHLLCGB@inf?$AA@  00000000000208f4     LibStdio:vfprintf.obj
 0002:00002e18       ??_C@_03LKNCIKJB@NAN?$AA@  00000000000208f8     LibStdio:vfprintf.obj
 0002:00002e1c       ??_C@_03LHCJEHON@nan?$AA@  00000000000208fc     LibStdio:vfprintf.obj
 0002:00002e20       ??_C@_06OJHGLDPL@?$CInull?$CJ?$AA@ 0000000000020900     LibStdio:vfprintf.obj
 0002:00002e58       ??_C@_0N@KJMLEBIL@Head?5?$CB?$DN?5NULL?$AA@ 0000000000020938     LibStdLib:Malloc.obj
 0002:00002e68       ??_C@_06GLDDLHNF@malloc?$AA@ 0000000000020948     LibStdLib:Malloc.obj
 0002:00002e70       ??_C@_0DC@NMCJNOCJ@g?3?2uefi_edk2_practice?2StdLib?2Lib@ 0000000000020950     LibStdLib:Malloc.obj
 0002:00002ea4       ??_C@_04LIAPHEDB@free?$AA@ 0000000000020984     LibStdLib:Malloc.obj
 0002:00002eb0       ??_C@_07EOOHGPEI@realloc?$AA@ 0000000000020990     LibStdLib:Malloc.obj
 0002:00002eb8       ??_C@_07PBILKAFL@Success?$AA@ 0000000000020998     BasePrintLib:PrintLibInternal.obj
 0002:00002ec0       ??_C@_0BG@CFJMNNJK@Warning?5Unknown?5Glyph?$AA@ 00000000000209a0     BasePrintLib:PrintLibInternal.obj
 0002:00002ed8       ??_C@_0BH@GKKCJEPJ@Warning?5Delete?5Failure?$AA@ 00000000000209b8     BasePrintLib:PrintLibInternal.obj
 0002:00002ef0       ??_C@_0BG@ECIJMOED@Warning?5Write?5Failure?$AA@ 00000000000209d0     BasePrintLib:PrintLibInternal.obj
 0002:00002f08       ??_C@_0BJ@ODIPDGHB@Warning?5Buffer?5Too?5Small?$AA@ 00000000000209e8     BasePrintLib:PrintLibInternal.obj
 0002:00002f28       ??_C@_0BD@IFJNJCCO@Warning?5Stale?5Data?$AA@ 0000000000020a08     BasePrintLib:PrintLibInternal.obj
 0002:00002f40       ??_C@_0L@PLPBEPPC@Load?5Error?$AA@ 0000000000020a20     BasePrintLib:PrintLibInternal.obj
 0002:00002f50       ??_C@_0BC@HOFHKGJN@Invalid?5Parameter?$AA@ 0000000000020a30     BasePrintLib:PrintLibInternal.obj
 0002:00002f68       ??_C@_0M@BEECMOIL@Unsupported?$AA@ 0000000000020a48     BasePrintLib:PrintLibInternal.obj
 0002:00002f78       ??_C@_0BA@FLNMPMCF@Bad?5Buffer?5Size?$AA@ 0000000000020a58     BasePrintLib:PrintLibInternal.obj
 0002:00002f88       ??_C@_0BB@EGELJFOB@Buffer?5Too?5Small?$AA@ 0000000000020a68     BasePrintLib:PrintLibInternal.obj
 0002:00002fa0       ??_C@_09NKFGCIPN@Not?5Ready?$AA@ 0000000000020a80     BasePrintLib:PrintLibInternal.obj
 0002:00002fb0       ??_C@_0N@HHEABDHO@Device?5Error?$AA@ 0000000000020a90     BasePrintLib:PrintLibInternal.obj
 0002:00002fc0       ??_C@_0BA@LNEDDFNB@Write?5Protected?$AA@ 0000000000020aa0     BasePrintLib:PrintLibInternal.obj
 0002:00002fd0       ??_C@_0BB@GOILNEAA@Out?5of?5Resources?$AA@ 0000000000020ab0     BasePrintLib:PrintLibInternal.obj
 0002:00002fe8       ??_C@_0P@EIOJGIF@Volume?5Corrupt?$AA@ 0000000000020ac8     BasePrintLib:PrintLibInternal.obj
 0002:00002ff8       ??_C@_0M@HDLEPOFA@Volume?5Full?$AA@ 0000000000020ad8     BasePrintLib:PrintLibInternal.obj
 0002:00003008       ??_C@_08KEGAJDNN@No?5Media?$AA@ 0000000000020ae8     BasePrintLib:PrintLibInternal.obj
 0002:00003018       ??_C@_0O@JNCJKCCD@Media?5changed?$AA@ 0000000000020af8     BasePrintLib:PrintLibInternal.obj
 0002:00003028       ??_C@_09CFCBFJND@Not?5Found?$AA@ 0000000000020b08     BasePrintLib:PrintLibInternal.obj
 0002:00003038       ??_C@_0O@NFHOBIDO@Access?5Denied?$AA@ 0000000000020b18     BasePrintLib:PrintLibInternal.obj
 0002:00003048       ??_C@_0M@ENKCBFEP@No?5Response?$AA@ 0000000000020b28     BasePrintLib:PrintLibInternal.obj
 0002:00003058       ??_C@_0L@IFPBNFC@No?5mapping?$AA@ 0000000000020b38     BasePrintLib:PrintLibInternal.obj
 0002:00003068       ??_C@_08PAFJCNGP@Time?5out?$AA@ 0000000000020b48     BasePrintLib:PrintLibInternal.obj
 0002:00003078       ??_C@_0M@DCJFAFHJ@Not?5started?$AA@ 0000000000020b58     BasePrintLib:PrintLibInternal.obj
 0002:00003088       ??_C@_0BA@IGIBFFPH@Already?5started?$AA@ 0000000000020b68     BasePrintLib:PrintLibInternal.obj
 0002:00003098       ??_C@_07LCKDCBKK@Aborted?$AA@ 0000000000020b78     BasePrintLib:PrintLibInternal.obj
 0002:000030a0       ??_C@_0L@LKIFCMNO@ICMP?5Error?$AA@ 0000000000020b80     BasePrintLib:PrintLibInternal.obj
 0002:000030b0       ??_C@_0L@DJKNJKHM@TFTP?5Error?$AA@ 0000000000020b90     BasePrintLib:PrintLibInternal.obj
 0002:000030c0       ??_C@_0P@NCJHBCLM@Protocol?5Error?$AA@ 0000000000020ba0     BasePrintLib:PrintLibInternal.obj
 0002:000030d0       ??_C@_0BF@EHOBGFMI@Incompatible?5Version?$AA@ 0000000000020bb0     BasePrintLib:PrintLibInternal.obj
 0002:000030e8       ??_C@_0BD@KHMPCIOG@Security?5Violation?$AA@ 0000000000020bc8     BasePrintLib:PrintLibInternal.obj
 0002:00003100       ??_C@_09BOMAGJEG@CRC?5Error?$AA@ 0000000000020be0     BasePrintLib:PrintLibInternal.obj
 0002:00003110       ??_C@_0N@JEJDHPO@End?5of?5Media?$AA@ 0000000000020bf0     BasePrintLib:PrintLibInternal.obj
 0002:00003120       ??_C@_0O@NMJOLAMF@Reserved?5?$CI29?$CJ?$AA@ 0000000000020c00     BasePrintLib:PrintLibInternal.obj
 0002:00003130       ??_C@_0O@GLPDOMCP@Reserved?5?$CI30?$CJ?$AA@ 0000000000020c10     BasePrintLib:PrintLibInternal.obj
 0002:00003140       ??_C@_0M@FKGOBENP@End?5of?5File?$AA@ 0000000000020c20     BasePrintLib:PrintLibInternal.obj
 0002:00003150       ??_C@_0BB@KFJAMCOC@Invalid?5Language?$AA@ 0000000000020c30     BasePrintLib:PrintLibInternal.obj
 0002:00003168       ??_C@_0BB@MFGDFIJM@Compromised?5Data?$AA@ 0000000000020c48     BasePrintLib:PrintLibInternal.obj
 0002:00003180       ??_C@_0O@MLOLIMFM@?$DMnull?5string?$DO?$AA@ 0000000000020c60     BasePrintLib:PrintLibInternal.obj
 0002:00003190       ??_C@_0M@BJJDNPHK@?$DMnull?5guid?$DO?$AA@ 0000000000020c70     BasePrintLib:PrintLibInternal.obj
 0002:000031a0       ??_C@_0DB@PMLHLBMO@?$CF08x?9?$CF04x?9?$CF04x?9?$CF02x?$CF02x?9?$CF02x?$CF02x@ 0000000000020c80     BasePrintLib:PrintLibInternal.obj
 0002:000031d8       ??_C@_0M@LHGBCIKM@?$DMnull?5time?$DO?$AA@ 0000000000020cb8     BasePrintLib:PrintLibInternal.obj
 0002:000031e8       ??_C@_0BK@FCPKCIDD@?$CF02d?1?$CF02d?1?$CF04d?5?5?$CF02d?3?$CF02d?$AA@ 0000000000020cc8     BasePrintLib:PrintLibInternal.obj
 0002:00003204       ??_C@_04JIMNDDED@?$CF08X?$AA@ 0000000000020ce4     BasePrintLib:PrintLibInternal.obj
 0002:0000320c       ??_C@_02PCIJFNDE@?$AN?6?$AA@ 0000000000020cec     BasePrintLib:PrintLibInternal.obj
 0002:00003210       ??_C@_01LIIJDEN@?$AN?$AA@  0000000000020cf0     BasePrintLib:PrintLibInternal.obj
 0002:00003220       mStatusString              0000000000020d00     BasePrintLib:PrintLibInternal.obj
 0002:00003360       mHexStr                    0000000000020e40     BasePrintLib:PrintLibInternal.obj
 0002:00003370       ??_C@_0CL@CALHJIEG@Assertion?5failed?3?5?$CI?$CFs?$CJ?0?5file?5?$CFs?0@ 0000000000020e50     LibC:assert.obj
 0002:000033a0       ??_C@_0DI@IOHIAJDA@Assertion?5failed?3?5?$CI?$CFs?$CJ?0?5file?5?$CFs?0@ 0000000000020e80     LibC:assert.obj
 0002:000033d8       ??_C@_0O@IDFELCHE@RowDelta?5?$DO?$DN?50?$AA@ 0000000000020eb8     LibIIO:IIOutilities.obj
 0002:000033e8       ??_C@_0BA@HPMMKBFI@IIO_CursorDelta?$AA@ 0000000000020ec8     LibIIO:IIOutilities.obj
 0002:00003400       ??_C@_0EE@PCGPCLLK@g?3?2uefi_edk2_practice?2StdLib?2Lib@ 0000000000020ee0     LibIIO:IIOutilities.obj
 0002:00003450       ??_C@_0BH@MAAHKCPC@String?5?$CB?$DN?5?$CI?$CIvoid?5?$CK?$CJ?50?$CJ?$AA@ 0000000000020f30     UefiHiiLib:HiiString.obj
 0002:00003467       ??_C@_00CNPNBAHC@?$AA@     0000000000020f47     UefiHiiLib:HiiString.obj
 0002:00003468       ??_C@_05JPJINGDM@hosts?$AA@ 0000000000020f48     BsdSocketLib:getnetnamadr.obj
 0002:00003470       ??_C@_0BG@KMKAEGG@?1Efi?1StdLib?1etc?1hosts?$AA@ 0000000000020f50     BsdSocketLib:getnetnamadr.obj
 0002:00003488       ??_C@_09JLOOHMDH@hosttable?$AA@ 0000000000020f68     BsdSocketLib:getnetnamadr.obj
 0002:00003494       ??_C@_06CGEDKBAH@htable?$AA@ 0000000000020f74     BsdSocketLib:getnetnamadr.obj
 0002:0000349c       ??_C@_04NPNJNMMP@bind?$AA@ 0000000000020f7c     BsdSocketLib:getnetnamadr.obj
 0002:000034a4       ??_C@_03CMKEIMKI@dns?$AA@  0000000000020f84     BsdSocketLib:getnetnamadr.obj
 0002:000034a8       ??_C@_06LKIIGAOE@domain?$AA@ 0000000000020f88     BsdSocketLib:getnetnamadr.obj
 0002:000034b0       ??_C@_02HEKBAMME@yp?$AA@   0000000000020f90     BsdSocketLib:getnetnamadr.obj
 0002:000034b8       ??_C@_0M@OENMNAL@yellowpages?$AA@ 0000000000020f98     BsdSocketLib:getnetnamadr.obj
 0002:000034c4       ??_C@_03EGFGHKEJ@nis?$AA@  0000000000020fa4     BsdSocketLib:getnetnamadr.obj
 0002:000034c8       ??_C@_0BK@LEKNANDD@?1Efi?1StdLib?1etc?1host?4conf?$AA@ 0000000000020fa8     BsdSocketLib:getnetnamadr.obj
 0002:000034e4       ??_C@_06DDPFIHHA@?6?5?7?0?3?$DL?$AA@ 0000000000020fc4     BsdSocketLib:getnetnamadr.obj
 0002:000034f0       ??_C@_0BC@EALALDDE@res_query?5failed?6?$AA@ 0000000000020fd0     BsdSocketLib:getnetbydns.obj
 0002:00003508       ??_C@_0M@CDHNGIPM@?$CFu?4?$CFu?4?$CFu?4?$CFu?$AA@ 0000000000020fe8     BsdSocketLib:getnetbynis.obj
 0002:00003518       ??_C@_0BJ@NGNIGMDA@?1Efi?1StdLib?1etc?1networks?$AA@ 0000000000020ff8     BsdSocketLib:getnetbyht.obj
 0002:00003534       ??_C@_02MAFKDGNO@?$CD?6?$AA@ 0000000000021014     BsdSocketLib:getnetbyht.obj
 0002:00003538       ??_C@_02OJDBNLEE@?5?7?$AA@ 0000000000021018     BsdSocketLib:getnetbyht.obj
 0002:00003540       ??_C@_0M@OKJFMMDK@LOCALDOMAIN?$AA@ 0000000000021020     BsdSocketLib:res_init.obj
 0002:00003550       ??_C@_0BM@MOODCCJF@?1Efi?1StdLib?1etc?1resolv?4conf?$AA@ 0000000000021030     BsdSocketLib:res_init.obj
 0002:0000356c       ??_C@_03ILLHFMNI@?5?7?6?$AA@ 000000000002104c     BsdSocketLib:res_init.obj
 0002:00003570       ??_C@_06GFPLNGOC@search?$AA@ 0000000000021050     BsdSocketLib:res_init.obj
 0002:00003578       ??_C@_0L@IGDCFOEA@nameserver?$AA@ 0000000000021058     BsdSocketLib:res_init.obj
 0002:00003588       ??_C@_08DFFPGALN@sortlist?$AA@ 0000000000021068     BsdSocketLib:res_init.obj
 0002:00003598       ??_C@_07FOPBDDAL@options?$AA@ 0000000000021078     BsdSocketLib:res_init.obj
 0002:000035a0       ??_C@_04PFOEMICB@conf?$AA@ 0000000000021080     BsdSocketLib:res_init.obj
 0002:000035a8       ??_C@_0CC@NOIFGLPA@?$DL?$DL?5res_setoptions?$CI?$CC?$CFs?$CC?0?5?$CC?$CFs?$CC?$CJ?4?4?4@ 0000000000021088     BsdSocketLib:res_init.obj
 0002:000035cc       ??_C@_06KGFOIFFC@ndots?3?$AA@ 00000000000210ac     BsdSocketLib:res_init.obj
 0002:000035d8       ??_C@_0N@CHFKDCBI@?$DL?$DL?7ndots?$DN?$CFd?6?$AA@ 00000000000210b8     BsdSocketLib:res_init.obj
 0002:000035e8       ??_C@_05GFCDIDHO@debug?$AA@ 00000000000210c8     BsdSocketLib:res_init.obj
 0002:000035f0       ??_C@_0CB@CPMIDNFF@?$DL?$DL?5res_setoptions?$CI?$CC?$CFs?$CC?0?5?$CC?$CFs?$CC?$CJ?4?4?6@ 00000000000210d0     BsdSocketLib:res_init.obj
 0002:00003618       ??_C@_09BAOJBMNB@?$DL?$DL?7debug?6?$AA@ 00000000000210f8     BsdSocketLib:res_init.obj
 0002:00003624       ??_C@_05JBNIJPCK@inet6?$AA@ 0000000000021104     BsdSocketLib:res_init.obj
 0002:00003630       ??_C@_0N@CFOLBNCO@no_tld_query?$AA@ 0000000000021110     BsdSocketLib:res_init.obj
 0002:00003648       ??_C@_0BM@KPHOALJL@res_send?3?5?$CFs?5?$CI?$FL?$CFs?$FN?4?$CFu?$CJ?3?5?$CFs?6?$AA@ 0000000000021128     BsdSocketLib:res_send.obj
 0002:00003668       ??_C@_0BC@JFLCKNFG@res_send?3?5?$CFs?3?5?$CFs?6?$AA@ 0000000000021148     BsdSocketLib:res_send.obj
 0002:00003680       ??_C@_0P@DJGAACBE@?$DL?$DL?5res_send?$CI?$CJ?6?$AA@ 0000000000021160     BsdSocketLib:res_send.obj
 0002:00003690       ??_C@_0CI@EFFJKMPN@?$DL?$DL?5Querying?5server?5?$CI?$CD?5?$CFd?$CJ?5addres@ 0000000000021170     BsdSocketLib:res_send.obj
 0002:000036b8       ??_C@_0L@MDDEHJBC@socket?$CIvc?$CJ?$AA@ 0000000000021198     BsdSocketLib:res_send.obj
 0002:000036c8       ??_C@_0L@JBCDMCDP@connect?1vc?$AA@ 00000000000211a8     BsdSocketLib:res_send.obj
 0002:000036d8       ??_C@_0N@EFFFKIOH@write?5failed?$AA@ 00000000000211b8     BsdSocketLib:res_send.obj
 0002:000036e8       ??_C@_0M@CKJFJOPO@read?5failed?$AA@ 00000000000211c8     BsdSocketLib:res_send.obj
 0002:000036f8       ??_C@_0BH@FDCFHDAN@?$DL?$DL?5response?5truncated?6?$AA@ 00000000000211d8     BsdSocketLib:res_send.obj
 0002:00003710       ??_C@_0BD@NAEJELAM@?$DL?$DL?5undersized?3?5?$CFd?6?$AA@ 00000000000211f0     BsdSocketLib:res_send.obj
 0002:00003728       ??_C@_08FADONFNH@read?$CIvc?$CJ?$AA@ 0000000000021208     BsdSocketLib:res_send.obj
 0002:00003738       ??_C@_0BN@DOENLAPH@?$DL?$DL?5old?5answer?5?$CIunexpected?$CJ?3?6?$AA@ 0000000000021218     BsdSocketLib:res_send.obj
 0002:00003758       ??_C@_0L@DOCNEONK@socket?$CIdg?$CJ?$AA@ 0000000000021238     BsdSocketLib:res_send.obj
 0002:00003768       ??_C@_0M@LNIIHKMM@connect?$CIdg?$CJ?$AA@ 0000000000021248     BsdSocketLib:res_send.obj
 0002:00003774       ??_C@_04MIIPNNEF@send?$AA@ 0000000000021254     BsdSocketLib:res_send.obj
[...]
 0004:000000a0       $unwind$EslUdp4LocalAddressSet 0000000000029740     EfiSocketLib:Udp4.obj
 0004:000000a0       $unwind$da_ConFlush        0000000000029740     DevConsole:daConsole.obj
 0004:000000a0       $unwind$EslTcp4LocalAddressSet 0000000000029740     EfiSocketLib:Tcp4.obj
 0004:000000b4       $unwind$EslTcp4LocalAddressGet 0000000000029754     EfiSocketLib:Tcp4.obj
 0004:000000b4       $unwind$time               0000000000029754     LibTime:Time.obj
 0004:000000b4       $unwind$AsciiStrCmp        0000000000029754     BaseLib:String.obj
 0004:000000b4       $unwind$setbuf             0000000000029754     LibStdio:setbuf.obj
 0004:000000b4       $unwind$AsciiStrLen        0000000000029754     BaseLib:String.obj
 0004:000000b4       $unwind$IsNodeInList       0000000000029754     BaseLib:LinkedList.obj
 0004:000000b4       $unwind$EslTcp4RemoteAddressGet 0000000000029754     EfiSocketLib:Tcp4.obj
 0004:000000b4       $unwind$AsciiStriCmp       0000000000029754     BaseLib:String.obj
 0004:000000b4       $unwind$EslTcp4RemoteAddressSet 0000000000029754     EfiSocketLib:Tcp4.obj
 0004:000000b4       $unwind$New_cFIFO          0000000000029754     LibContainer:Fifo.obj
 0004:000000b4       $unwind$InsertTailList     0000000000029754     BaseLib:LinkedList.obj
 0004:000000b4       $unwind$EslTcp4ConnectComplete 0000000000029754     EfiSocketLib:Tcp4.obj
 0004:000000b4       $unwind$AsciiStrCpy        0000000000029754     BaseLib:String.obj
 0004:000000b4       $unwind$LShiftU64          0000000000029754     BaseLib:LShiftU64.obj
 0004:000000b4       $unwind$wcrtomb            0000000000029754     LibLocale:multibyte_Utf8.obj
 0004:000000b4       $unwind$EstimateWtoM       0000000000029754     LibLocale:multibyte_Utf8.obj
 0004:000000b4       $unwind$ShellLibDestructor 0000000000029754     UefiShellLib:UefiShellLib.obj
 0004:000000b4       $unwind$LongJump           0000000000029754     BaseLib:LongJump.obj
 0004:000000b4       $unwind$GetNextNode        0000000000029754     BaseLib:LinkedList.obj
 0004:000000b4       $unwind$SwapBytes32        0000000000029754     BaseLib:SwapBytes32.obj
 0004:000000b4       $unwind$AsciiStrCat        0000000000029754     BaseLib:String.obj
 0004:000000b4       $unwind$BuildBitmap        0000000000029754     LibString:Searching.obj
 0004:000000b4       $unwind$EslSocketPortCloseComplete 0000000000029754     EfiSocketLib:Socket.obj
 0004:000000b4       $unwind$EslUdp4RemoteAddressGet 0000000000029754     EfiSocketLib:Udp4.obj
 0004:000000b4       $unwind$setnetent          0000000000029754     BsdSocketLib:getnetnamadr.obj
 0004:000000b4       $unwind$EslTcp6ConnectComplete 0000000000029754     EfiSocketLib:Tcp6.obj
 0004:000000b4       $unwind$da_ShellStat       0000000000029754     DevShell:daShell.obj
 0004:000000b4       $unwind$read               0000000000029754     LibUefi:SysCalls.obj
 0004:000000b4       $unwind$__Cons_deconstruct 0000000000029754     DevConsole:daConsole.obj
 0004:000000b4       $unwind$EslUdp4LocalAddressGet 0000000000029754     EfiSocketLib:Udp4.obj
 0004:000000b4       $unwind$__swsetup          0000000000029754     LibStdio:wsetup.obj
 0004:000000b4       $unwind$BuildBitmap        0000000000029754     LibWchar:Searching.obj
 0004:000000b4       $unwind$EslTcp6LocalAddressGet 0000000000029754     EfiSocketLib:Tcp6.obj
 0004:000000b4       $unwind$EslSocketPortCloseTxDone 0000000000029754     EfiSocketLib:Socket.obj
 0004:000000b4       $unwind$InternalBaseLibIsListValid 0000000000029754     BaseLib:LinkedList.obj
 0004:000000b4       $unwind$IIO_GetCursorPosition 0000000000029754     LibIIO:IIOutilities.obj
 0004:000000b4       $unwind$ZeroMem            0000000000029754     BaseMemoryLib:ZeroMemWrapper.obj
 0004:000000b4       $unwind$calloc             0000000000029754     LibStdLib:Malloc.obj
 0004:000000b4       $unwind$__Balloc_D2A       0000000000029754     LibGdtoa:misc.obj
 0004:000000b4       $unwind$write              0000000000029754     LibUefi:SysCalls.obj
 0004:000000b4       $unwind$free               0000000000029754     LibStdLib:Malloc.obj
 0004:000000b4       $unwind$EslTcp6RemoteAddressGet 0000000000029754     EfiSocketLib:Tcp6.obj
 0004:000000b4       $unwind$EslUdp6RemoteAddressSet 0000000000029754     EfiSocketLib:Udp6.obj
 0004:000000b4       $unwind$EslTcp6RemoteAddressSet 0000000000029754     EfiSocketLib:Tcp6.obj
 0004:000000b4       $unwind$AllocateCopyPool   0000000000029754     UefiMemoryAllocationLib:MemoryAllocationLib.obj
 0004:000000b4       $unwind$EslUdp6RemoteAddressGet 0000000000029754     EfiSocketLib:Udp6.obj
 0004:000000b4       $unwind$EslUdp6LocalAddressGet 0000000000029754     EfiSocketLib:Udp6.obj
 0004:000000b4       $unwind$da_ConClose        0000000000029754     DevConsole:daConsole.obj
 0004:000000b4       $unwind$FIFO_IsFull        0000000000029754     LibContainer:Fifo.obj
 0004:000000c0       $unwind$EslSocketTransmit  0000000000029760     EfiSocketLib:Socket.obj
 0004:000000c0       $unwind$__Cons_construct   0000000000029760     DevConsole:daConsole.obj
 0004:000000dc       $unwind$InternalPrint      000000000002977c     UefiLib:UefiLibPrint.obj
 0004:000000dc       $unwind$EslSocketTxComplete 000000000002977c     EfiSocketLib:Socket.obj
 0004:000000dc       $unwind$EslUdp6Receive     000000000002977c     EfiSocketLib:Udp6.obj
 0004:000000dc       $unwind$EslUdp4Receive     000000000002977c     EfiSocketLib:Udp4.obj
 0004:000000f0       $unwind$Print              0000000000029790     UefiLib:UefiLibPrint.obj
 0004:000000f0       $unwind$printf             0000000000029790     LibStdio:printf.obj
 0004:000000f8       $unwind$ShellFindSE2       0000000000029798     UefiShellLib:UefiShellLib.obj
 0004:0000010c       $unwind$EslTcp6PortAllocate 00000000000297ac     EfiSocketLib:Tcp6.obj
 0004:0000010c       $unwind$EslTcp4PortAllocate 00000000000297ac     EfiSocketLib:Tcp4.obj
 0004:0000010c       $unwind$ShellLibConstructorWorker 00000000000297ac     UefiShellLib:UefiShellLib.obj
 0004:00000118       $unwind$ShellOpenFileByDevicePath 00000000000297b8     UefiShellLib:UefiShellLib.obj
 0004:00000134       $unwind$ShellOpenFileByName 00000000000297d4     UefiShellLib:UefiShellLib.obj
 0004:00000144       $unwind$ShellFindFirstFile 00000000000297e4     UefiShellLib:UefiShellLib.obj
 0004:00000154       $unwind$da_ShellMkdir      00000000000297f4     DevShell:daShell.obj
 0004:00000168       $unwind$da_ShellOpen       0000000000029808     DevShell:daShell.obj
 0004:00000180       $unwind$da_ShellRmdir      0000000000029820     DevShell:daShell.obj
 0004:00000194       $unwind$strpbrk            0000000000029834     LibString:Searching.obj
 0004:00000194       $unwind$__ctor_DevShell    0000000000029834     DevShell:daShell.obj
 0004:00000194       $unwind$fputs              0000000000029834     LibStdio:fputs.obj
 0004:0000019c       $unwind$EslServiceNetworkConnect 000000000002983c     EfiSocketLib:UseEfiSocketLib.obj
 0004:000001b0       $unwind$EslServiceNetworkDisconnect 0000000000029850     EfiSocketLib:UseEfiSocketLib.obj
 0004:000001c4       $unwind$EslServiceConnect  0000000000029864     EfiSocketLib:Service.obj
 0004:000001dc       $unwind$EslSocket          000000000002987c     EfiSocketLib:Socket.obj
 0004:000001ec       $unwind$EslSocketCopyFragmentedBuffer 000000000002988c     EfiSocketLib:Socket.obj
 0004:000001ec       $unwind$EslSocketAccept    000000000002988c     EfiSocketLib:Socket.obj
 0004:000001ec       $unwind$EslSocketGetPeerAddress 000000000002988c     EfiSocketLib:Socket.obj
 0004:000001ec       $unwind$FIFO_Enqueue       000000000002988c     LibContainer:Fifo.obj
 0004:000001ec       $unwind$__ns_initparse     000000000002988c     BsdSocketLib:ns_parse.obj
 0004:000001ec       $unwind$EslSocketRxComplete 000000000002988c     EfiSocketLib:Socket.obj
 0004:000001ec       $unwind$EslSocketGetLocalAddress 000000000002988c     EfiSocketLib:Socket.obj
 0004:00000208       $unwind$EslSocketAllocate  00000000000298a8     EfiSocketLib:Socket.obj
 0004:00000220       $unwind$EslSocketBind      00000000000298c0     EfiSocketLib:Socket.obj
 0004:00000234       $unwind$EslSocketCloseStart 00000000000298d4     EfiSocketLib:Socket.obj
 0004:0000024c       $unwind$EslUdp4SocketIsConfigured 00000000000298ec     EfiSocketLib:Udp4.obj
 0004:0000024c       $unwind$EslSocketConnect   00000000000298ec     EfiSocketLib:Socket.obj
 0004:00000268       $unwind$EslSocketIoInit    0000000000029908     EfiSocketLib:Socket.obj
 0004:00000268       $unwind$addname            0000000000029908     BsdSocketLib:ns_print.obj
 0004:00000268       $unwind$EslTcp6Listen      0000000000029908     EfiSocketLib:Tcp6.obj
 0004:00000268       $unwind$EslTcp4Listen      0000000000029908     EfiSocketLib:Tcp4.obj
 0004:00000268       $unwind$EslSocketListen    0000000000029908     EfiSocketLib:Socket.obj
 0004:00000280       $unwind$EslSocketOptionGet 0000000000029920     EfiSocketLib:Socket.obj
 0004:00000298       $unwind$EslSocketPacketAllocate 0000000000029938     EfiSocketLib:Socket.obj
 0004:000002ac       $unwind$EslSocketPoll      000000000002994c     EfiSocketLib:Socket.obj
 0004:000002ac       $unwind$charstr            000000000002994c     BsdSocketLib:ns_print.obj
 0004:000002ac       $unwind$__quorem_D2A       000000000002994c     LibGdtoa:dmisc.obj
 0004:000002ac       $unwind$FIFO_Dequeue       000000000002994c     LibContainer:Fifo.obj
 0004:000002ac       $unwind$__mult_D2A         000000000002994c     LibGdtoa:misc.obj
 0004:000002c8       $unwind$EslSocketPortAllocate 0000000000029968     EfiSocketLib:Socket.obj
 0004:000002e4       $unwind$EslSocketReceive   0000000000029984     EfiSocketLib:Socket.obj
 0004:00000300       $unwind$EslSocketRxStart   00000000000299a0     EfiSocketLib:Socket.obj
 0004:00000314       $unwind$__grow_type_table  00000000000299b4     LibStdio:vfprintf.obj
 0004:00000314       $unwind$_fwalk             00000000000299b4     LibStdio:fwalk.obj
 0004:00000314       $unwind$addtab             00000000000299b4     BsdSocketLib:ns_print.obj
 0004:00000314       $unwind$__diff_D2A         00000000000299b4     LibGdtoa:misc.obj
 0004:00000314       $unwind$EslSocketShutdown  00000000000299b4     EfiSocketLib:Socket.obj
 0004:00000314       $unwind$fgets              00000000000299b4     LibStdio:fgets.obj
 0004:0000032c       $unwind$EslTcp4ConnectStart 00000000000299cc     EfiSocketLib:Tcp4.obj
 0004:0000032c       $unwind$EslTcp6ConnectStart 00000000000299cc     EfiSocketLib:Tcp6.obj
 0004:00000344       $unwind$EslTcp6ListenComplete 00000000000299e4     EfiSocketLib:Tcp6.obj
 0004:00000358       $unwind$EslTcp4TxBuffer    00000000000299f8     EfiSocketLib:Tcp4.obj
 0004:00000358       $unwind$EslTcp6TxBuffer    00000000000299f8     EfiSocketLib:Tcp6.obj
 0004:00000370       $unwind$EslTcp6TxOobComplete 0000000000029a10     EfiSocketLib:Tcp6.obj
 0004:00000370       $unwind$EslTcp4TxComplete  0000000000029a10     EfiSocketLib:Tcp4.obj
 0004:00000370       $unwind$EslTcp6TxComplete  0000000000029a10     EfiSocketLib:Tcp6.obj
 0004:00000370       $unwind$EslUdp6TxComplete  0000000000029a10     EfiSocketLib:Udp6.obj
 0004:00000370       $unwind$EslTcp4TxOobComplete 0000000000029a10     EfiSocketLib:Tcp4.obj
 0004:00000370       $unwind$EslIp4TxComplete   0000000000029a10     EfiSocketLib:Ip4.obj
 0004:00000370       $unwind$EslUdp4TxComplete  0000000000029a10     EfiSocketLib:Udp4.obj
 0004:00000378       $unwind$EslUdp6VerifyLocalIpAddress 0000000000029a18     EfiSocketLib:Udp6.obj
 0004:00000378       $unwind$EslTcp6VerifyLocalIpAddress 0000000000029a18     EfiSocketLib:Tcp6.obj
 0004:00000388       $unwind$realloc            0000000000029a28     LibStdLib:Malloc.obj
 0004:00000388       $unwind$__ns_parserr       0000000000029a28     BsdSocketLib:ns_parse.obj
 0004:00000388       $unwind$EslIp4Receive      0000000000029a28     EfiSocketLib:Ip4.obj
 0004:000003a0       $unwind$EslIp4SocketIsConfigured 0000000000029a40     EfiSocketLib:Ip4.obj
 0004:000003bc       $unwind$EslUdp6TxBuffer    0000000000029a5c     EfiSocketLib:Udp6.obj
 0004:000003bc       $unwind$EslIp4TxBuffer     0000000000029a5c     EfiSocketLib:Ip4.obj
 0004:000003d8       $unwind$EslTcp4VerifyLocalIpAddress 0000000000029a78     EfiSocketLib:Tcp4.obj
 0004:000003d8       $unwind$EslUdp4VerifyLocalIpAddress 0000000000029a78     EfiSocketLib:Udp4.obj
 0004:000003d8       $unwind$EslIp4VerifyLocalIpAddress 0000000000029a78     EfiSocketLib:Ip4.obj
 0004:000003e8       $unwind$EslTcp4ListenComplete 0000000000029a88     EfiSocketLib:Tcp4.obj
 0004:000003fc       $unwind$EslUdp4TxBuffer    0000000000029a9c     EfiSocketLib:Udp4.obj
 0004:00000414       $unwind$EslUdp6SocketIsConfigured 0000000000029ab4     EfiSocketLib:Udp6.obj
 0004:0000042c       $unwind$main               0000000000029acc     GetNetByName:GetNetByName.obj
 0004:00000434       $unwind$ParsePath          0000000000029ad4     DevUtility:Path.obj
 0004:0000044c       $unwind$open               0000000000029aec     LibUefi:SysCalls.obj
 0004:00000460       $unwind$timesub            0000000000029b00     LibTime:Time.obj
 0004:00000474       $unwind$normalize_overflow 0000000000029b14     LibTime:Time.obj
 0004:00000474       $unwind$skiprr             0000000000029b14     BsdSocketLib:ns_parse.obj
 0004:0000047c       $unwind$time2sub           0000000000029b1c     LibTime:Time.obj
 0004:00000494       $unwind$time1              0000000000029b34     LibTime:Time.obj
 0004:000004b4       $unwind$Time2Efi           0000000000029b54     LibTime:TimeEfi.obj
 0004:000004c0       $unwind$transtime          0000000000029b60     LibTime:ZoneProc.obj
 0004:000004d8       $unwind$tzparse            0000000000029b78     LibTime:ZoneProc.obj
 0004:000004f0       $unwind$snprintf           0000000000029b90     LibStdio:snprintf.obj
 0004:000004fc       $unwind$__sbprintf         0000000000029b9c     LibStdio:vfprintf.obj
 0004:00000510       $unwind$__wcsconv          0000000000029bb0     LibStdio:vfprintf.obj
 0004:00000520       $unwind$__vfprintf_unlocked 0000000000029bc0     LibStdio:vfprintf.obj
 0004:0000053c       $unwind$__find_arguments   0000000000029bdc     LibStdio:vfprintf.obj
 0004:00000554       $unwind$cvt                0000000000029bf4     LibStdio:vfprintf.obj
 0004:00000574       $unwind$exponent           0000000000029c14     LibStdio:vfprintf.obj
 0004:0000057c       $unwind$__sfvwrite         0000000000029c1c     LibStdio:fvwrite.obj
 0004:00000594       $unwind$__smakebuf         0000000000029c34     LibStdio:makebuf.obj
 0004:000005a4       $unwind$__swhatbuf         0000000000029c44     LibStdio:makebuf.obj
 0004:000005b8       $unwind$malloc             0000000000029c58     LibStdLib:Malloc.obj
 0004:000005c4       $unwind$AsciiSPrint        0000000000029c64     BasePrintLib:PrintLib.obj
 0004:000005cc       $unwind$FileHandleGetInfo  0000000000029c6c     UefiFileHandleLib:UefiFileHandleLib.obj
 0004:000005cc       $unwind$BasePrintLibValueToString 0000000000029c6c     BasePrintLib:PrintLibInternal.obj
 0004:000005d8       $unwind$BasePrintLibSPrintMarker 0000000000029c78     BasePrintLib:PrintLibInternal.obj
 0004:000005f4       $unwind$BasePrintLibSPrint 0000000000029c94     BasePrintLib:PrintLibInternal.obj
 0004:000005fc       $unwind$BslSocketWrite     0000000000029c9c     BsdSocketLib:write.obj
 0004:000005fc       $unwind$__assert           0000000000029c9c     LibC:assert.obj
 0004:000005fc       $unwind$BslSocketRead      0000000000029c9c     BsdSocketLib:read.obj
 0004:00000604       $unwind$IIO_Read           0000000000029ca4     LibIIO:IIO.obj
 0004:00000618       $unwind$IIO_Write          0000000000029cb8     LibIIO:IIO.obj
 0004:00000630       $unwind$IIO_Echo           0000000000029cd0     LibIIO:IIO.obj
 0004:00000630       $unwind$inet_aton          0000000000029cd0     LibNetUtil:inet_addr.obj
 0004:0000064c       $unwind$IIO_Delete         0000000000029cec     LibIIO:IIO.obj
 0004:00000654       $unwind$__swbuf            0000000000029cf4     LibStdio:wbuf.obj
 0004:00000654       $unwind$New_cIIO           0000000000029cf4     LibIIO:IIO.obj
 0004:00000660       $unwind$IIO_GetOutputSize  0000000000029d00     LibIIO:IIOutilities.obj
 0004:00000674       $unwind$IIO_WriteOne       0000000000029d14     LibIIO:IIOwrite.obj
 0004:00000690       $unwind$IIO_EchoOne        0000000000029d30     LibIIO:IIOecho.obj
 0004:000006a8       $unwind$IIO_CanonRead      0000000000029d48     LibIIO:CanonRead.obj
 0004:000006c0       $unwind$init_services      0000000000029d60     BsdSocketLib:getnetnamadr.obj
 0004:000006dc       $unwind$getnetbyname       0000000000029d7c     BsdSocketLib:getnetnamadr.obj
 0004:000006f4       $unwind$getnetanswer       0000000000029d94     BsdSocketLib:getnetbydns.obj
 0004:00000710       $unwind$__res_init         0000000000029db0     BsdSocketLib:res_init.obj
 0004:00000728       $unwind$__dn_expand        0000000000029dc8     BsdSocketLib:res_comp.obj
 0004:00000744       $unwind$Aerror             0000000000029de4     BsdSocketLib:res_send.obj
 0004:00000758       $unwind$__res_send         0000000000029df8     BsdSocketLib:res_send.obj
 0004:00000770       $unwind$__res_query        0000000000029e10     BsdSocketLib:res_query.obj
 0004:00000784       $unwind$__res_search       0000000000029e24     BsdSocketLib:res_query.obj
 0004:000007a0       $unwind$__res_querydomain  0000000000029e40     BsdSocketLib:res_query.obj
 0004:000007b8       $unwind$__ns_name_ntop     0000000000029e58     BsdSocketLib:ns_name.obj
 0004:000007d0       $unwind$__ns_name_pack     0000000000029e70     BsdSocketLib:ns_name.obj
 0004:000007e4       $unwind$__ns_name_compress 0000000000029e84     BsdSocketLib:ns_name.obj
 0004:00000804       $unwind$sendto             0000000000029ea4     BsdSocketLib:sendto.obj
 0004:00000820       $unwind$recvfrom           0000000000029ec0     BsdSocketLib:recvfrom.obj
 0004:0000083c       $unwind$socket             0000000000029edc     BsdSocketLib:socket.obj
 0004:0000084c       $unwind$do_section         0000000000029eec     BsdSocketLib:res_debug.obj
 0004:0000086c       $unwind$__fp_nquery        0000000000029f0c     BsdSocketLib:res_debug.obj
 0004:00000888       $unwind$__loc_ntoa         0000000000029f28     BsdSocketLib:res_debug.obj
 0004:000008a0       $unwind$__p_secstodate     0000000000029f40     BsdSocketLib:res_debug.obj
 0004:000008a8       $unwind$__res_mkquery      0000000000029f48     BsdSocketLib:res_mkquery.obj
 0004:000008c0       $unwind$__ns_format_ttl    0000000000029f60     BsdSocketLib:ns_ttl.obj
 0004:000008d8       $unwind$fmt1               0000000000029f78     BsdSocketLib:ns_ttl.obj
 0004:000008e8       $unwind$__ns_sprintrrf     0000000000029f88     BsdSocketLib:ns_print.obj
 0004:00000904       $unwind$__b64_ntop         0000000000029fa4     BsdSocketLib:base64.obj
 0004:00000920       $unwind$inet_network       0000000000029fc0     LibNetUtil:inet_network.obj
 0004:00000930       $unwind$inet_ntop4         0000000000029fd0     LibNetUtil:inet_ntop.obj
 0004:0000093c       $unwind$inet_ntop6         0000000000029fdc     LibNetUtil:inet_ntop.obj
 0004:00000954       $unwind$selscan            0000000000029ff4     LibUefi:select.obj
 0004:0000096c       $unwind$__dtoa             000000000002a00c     LibGdtoa:dtoa.obj
 0004:0000098c       $unwind$__lshift_D2A       000000000002a02c     LibGdtoa:misc.obj
 0004:000009a8       $unwind$__d2b_D2A          000000000002a048     LibGdtoa:misc.obj
 0004:000009b4       $unwind$sprintf            000000000002a054     LibStdio:sprintf.obj
 0004:000009c0       $unwind$fprintf            000000000002a060     LibStdio:fprintf.obj
 0004:000009c8       $unwind$fseeko             000000000002a068     LibStdio:fseeko.obj
 0004:000009e0       $unwind$StrnCat            000000000002a080     BaseLib:String.obj
 0004:000009e0       $unwind$AsciiStrDecimalToUintnS 000000000002a080     BaseLib:SafeString.obj
