 RecvDgram

 Timestamp is 5fb887cc (Sat Nov 21 11:21:48 2020)

 Preferred load address is 0000000000000000

 Start         Length     Name                   Class
 0001:00000000 0000010cH .text                   CODE
 0001:0000010c 00015ea7H .text$mn                CODE
 0002:00000000 000004d0H .data                   DATA
 0002:000004d0 00003150H .rdata                  DATA
 0002:00003620 000120c0H .bss                    DATA
 0002:000156e0 00000090H .rdata$zzzdbg           DATA
 0003:00000000 00000cf0H .pdata                  DATA
 0004:00000000 00000764H .xdata                  DATA

  Address         Publics by Value              Rva+Base               Lib:Object

 0000:00000000       __dynamic_value_reloc_table 0000000000000000     <absolute>
 0000:00000000       __guard_iat_count          0000000000000000     <absolute>
 0000:00000000       __guard_iat_table          0000000000000000     <absolute>
 0000:00000000       __guard_longjmp_table      0000000000000000     <absolute>
 0000:00000000       __guard_longjmp_count      0000000000000000     <absolute>
 0000:00000000       __guard_fids_count         0000000000000000     <absolute>
 0000:00000000       __guard_fids_table         0000000000000000     <absolute>
 0000:00000000       __guard_flags              0000000000000000     <absolute>
 0000:00000000       __ImageBase                0000000000000000     <linker-defined>
 0001:00000000       SetJump                    00000000000002a0     BaseLib:SetJump.obj
 0001:00000090       InternalLongJump           0000000000000330     BaseLib:LongJump.obj
 0001:0000010c       _ModuleEntryPoint          00000000000003ac f   UefiApplicationEntryPoint:ApplicationEntryPoint.obj
 0001:00000154       UefiBootServicesTableLibConstructor 00000000000003f4 f   UefiBootServicesTableLib:UefiBootServicesTableLib.obj
 0001:00000170       ProcessLibraryConstructorList 0000000000000410 f   RecvDgram:AutoGen.obj
 0001:00000628       ProcessLibraryDestructorList 00000000000008c8 f   RecvDgram:AutoGen.obj
 0001:000008cc       ProcessModuleEntryPointList 0000000000000b6c f   RecvDgram:AutoGen.obj
 0001:000008f0       ShellCEntryLib             0000000000000b90 f   UefiShellCEntryLib:UefiShellCEntryLib.obj
 0001:000009a4       exitCleanup                0000000000000c44 f   LibC:Main.obj
 0001:00000a10       ShellAppMain               0000000000000cb0 f   LibC:Main.obj
 0001:00000c94       DebugPrint                 0000000000000f34 f   BaseDebugLibNull:DebugLib.obj
 0001:00000ca0       DebugAssert                0000000000000f40 f   BaseDebugLibNull:DebugLib.obj
 0001:00000ca4       DebugPrintEnabled          0000000000000f44 f   BaseDebugLibNull:DebugLib.obj
 0001:00000ca4       DebugAssertEnabled         0000000000000f44 f   BaseDebugLibNull:DebugLib.obj
 0001:00000ca4       DebugPrintLevelEnabled     0000000000000f44 f   BaseDebugLibNull:DebugLib.obj
 0001:00000ca8       UefiRuntimeServicesTableLibConstructor 0000000000000f48 f   UefiRuntimeServicesTableLib:UefiRuntimeServicesTableLib.obj
 0001:00000cb8       fnullop_fcntl              0000000000000f58 f   DevUtility:DevGenisis.obj
 0001:00000cb8       UefiLibConstructor         0000000000000f58 f   UefiLib:UefiLib.obj
 0001:00000cb8       fnullop_flush              0000000000000f58 f   DevUtility:DevGenisis.obj
 0001:00000cbc       EfiGetCurrentTpl           0000000000000f5c f   UefiLib:UefiLib.obj
 0001:00000cec       InternalPrint              0000000000000f8c f   UefiLib:UefiLibPrint.obj
 0001:00000d74       Print                      0000000000001014 f   UefiLib:UefiLibPrint.obj
 0001:00000da4       ShellFindSE2               0000000000001044 f   UefiShellLib:UefiShellLib.obj
 0001:00000f54       ShellLibConstructorWorker  00000000000011f4 f   UefiShellLib:UefiShellLib.obj
 0001:000011f4       ShellLibConstructor        0000000000001494 f   UefiShellLib:UefiShellLib.obj
 0001:00001228       ShellLibDestructor         00000000000014c8 f   UefiShellLib:UefiShellLib.obj
 0001:0000133c       ShellOpenFileByDevicePath  00000000000015dc f   UefiShellLib:UefiShellLib.obj
 0001:00001570       ShellOpenFileByName        0000000000001810 f   UefiShellLib:UefiShellLib.obj
 0001:00001790       ShellFindFirstFile         0000000000001a30 f   UefiShellLib:UefiShellLib.obj
 0001:00001874       ShellIsFile                0000000000001b14 f   UefiShellLib:UefiShellLib.obj
 0001:000018c4       __wchar_construct          0000000000001b64 f   LibWchar:ConsDecons.obj
 0001:00001918       __wchar_deconstruct        0000000000001bb8 f   LibWchar:ConsDecons.obj
 0001:00001940       UefiHiiServicesLibConstructor 0000000000001be0 f   UefiHiiServicesLib:UefiHiiServicesLib.obj
 0001:00001d88       da_ConOpen                 0000000000002028 f   DevConsole:daConsole.obj
 0001:00001fd4       __Cons_construct           0000000000002274 f   DevConsole:daConsole.obj
 0001:000021dc       __Cons_deconstruct         000000000000247c f   DevConsole:daConsole.obj
 0001:00002808       da_ShellOpen               0000000000002aa8 f   DevShell:daShell.obj
 0001:00002da8       __ctor_DevShell            0000000000003048 f   DevShell:daShell.obj
 0001:00002ea4       __dtor_DevShell            0000000000003144 f   DevShell:daShell.obj
 0001:00002ee4       EslConstructor             0000000000003184 f   EfiSocketLib:Init.obj
 0001:00002eec       EslDestructor              000000000000318c f   EfiSocketLib:Init.obj
 0001:00002ef4       EslServiceFreeProtocol     0000000000003194 f   EfiSocketLib:UseEfiSocketLib.obj
 0001:00002fcc       EslServiceNetworkConnect   000000000000326c f   EfiSocketLib:UseEfiSocketLib.obj
 0001:000030e4       EslServiceNetworkDisconnect 0000000000003384 f   EfiSocketLib:UseEfiSocketLib.obj
 0001:000032e4       EslServiceConnect          0000000000003584 f   EfiSocketLib:Service.obj
 0001:00003508       EslSocket                  00000000000037a8 f   EfiSocketLib:Socket.obj
 0001:00003634       EslSocketAccept            00000000000038d4 f   EfiSocketLib:Socket.obj
 0001:00003820       EslSocketAllocate          0000000000003ac0 f   EfiSocketLib:Socket.obj
 0001:000039b8       EslSocketBind              0000000000003c58 f   EfiSocketLib:Socket.obj
 0001:00003b48       EslSocketBindTest          0000000000003de8 f   EfiSocketLib:Socket.obj
 0001:00003bd0       EslSocketClosePoll         0000000000003e70 f   EfiSocketLib:Socket.obj
 0001:00003cd8       EslSocketCloseStart        0000000000003f78 f   EfiSocketLib:Socket.obj
 0001:00003dc0       EslSocketConnect           0000000000004060 f   EfiSocketLib:Socket.obj
 0001:00004040       EslSocketCopyFragmentedBuffer 00000000000042e0 f   EfiSocketLib:Socket.obj
 0001:000040dc       EslSocketGetLocalAddress   000000000000437c f   EfiSocketLib:Socket.obj
 0001:0000427c       EslSocketGetPeerAddress    000000000000451c f   EfiSocketLib:Socket.obj
 0001:00004430       EslSocketIoFree            00000000000046d0 f   EfiSocketLib:Socket.obj
 0001:00004494       EslSocketIoInit            0000000000004734 f   EfiSocketLib:Socket.obj
 0001:00004544       EslSocketIsConfigured      00000000000047e4 f   EfiSocketLib:Socket.obj
 0001:000045dc       EslSocketListen            000000000000487c f   EfiSocketLib:Socket.obj
 0001:0000475c       EslSocketOptionGet         00000000000049fc f   EfiSocketLib:Socket.obj
 0001:000048f4       EslSocketOptionSet         0000000000004b94 f   EfiSocketLib:Socket.obj
 0001:00004a58       EslSocketPacketAllocate    0000000000004cf8 f   EfiSocketLib:Socket.obj
 0001:00004adc       EslSocketPoll              0000000000004d7c f   EfiSocketLib:Socket.obj
 0001:00004c74       EslSocketPortAllocate      0000000000004f14 f   EfiSocketLib:Socket.obj
 0001:00004ef4       EslSocketPortClose         0000000000005194 f   EfiSocketLib:Socket.obj
 0001:00005100       EslSocketPortCloseComplete 00000000000053a0 f   EfiSocketLib:Socket.obj
 0001:00005158       EslSocketPortCloseRxDone   00000000000053f8 f   EfiSocketLib:Socket.obj
 0001:000051a0       EslSocketPortCloseStart    0000000000005440 f   EfiSocketLib:Socket.obj
 0001:00005208       EslSocketPortCloseTxDone   00000000000054a8 f   EfiSocketLib:Socket.obj
 0001:000052a4       EslSocketReceive           0000000000005544 f   EfiSocketLib:Socket.obj
 0001:0000573c       EslSocketRxComplete        00000000000059dc f   EfiSocketLib:Socket.obj
 0001:000058b8       EslSocketRxStart           0000000000005b58 f   EfiSocketLib:Socket.obj
 0001:00005a00       EslSocketShutdown          0000000000005ca0 f   EfiSocketLib:Socket.obj
 0001:00005b24       EslSocketTransmit          0000000000005dc4 f   EfiSocketLib:Socket.obj
 0001:00005cdc       EslSocketTxComplete        0000000000005f7c f   EfiSocketLib:Socket.obj
 0001:00005de0       EslSocketTxStart           0000000000006080 f   EfiSocketLib:Socket.obj
 0001:00005eb0       EslTcp6Accept              0000000000006150 f   EfiSocketLib:Tcp6.obj
 0001:00005f34       EslTcp6ConnectComplete     00000000000061d4 f   EfiSocketLib:Tcp6.obj
 0001:00005fcc       EslTcp6ConnectPoll         000000000000626c f   EfiSocketLib:Tcp6.obj
 0001:00005fcc       EslTcp4ConnectPoll         000000000000626c f   EfiSocketLib:Tcp4.obj
 0001:00006184       EslTcp6ConnectStart        0000000000006424 f   EfiSocketLib:Tcp6.obj
 0001:00006290       EslTcp6Listen              0000000000006530 f   EfiSocketLib:Tcp6.obj
 0001:0000648c       EslTcp6ListenComplete      000000000000672c f   EfiSocketLib:Tcp6.obj
 0001:00006670       EslTcp6LocalAddressGet     0000000000006910 f   EfiSocketLib:Tcp6.obj
 0001:000066b4       EslTcp6LocalAddressSet     0000000000006954 f   EfiSocketLib:Tcp6.obj
 0001:0000674c       EslTcp4PacketFree          00000000000069ec f   EfiSocketLib:Tcp4.obj
 0001:0000674c       EslTcp6PacketFree          00000000000069ec f   EfiSocketLib:Tcp6.obj
 0001:00006754       EslTcp6PortAllocate        00000000000069f4 f   EfiSocketLib:Tcp6.obj
 0001:00006844       EslTcp6PortClose           0000000000006ae4 f   EfiSocketLib:Tcp6.obj
 0001:00006898       EslTcp6PortCloseOp         0000000000006b38 f   EfiSocketLib:Tcp6.obj
 0001:000068b8       EslTcp6Receive             0000000000006b58 f   EfiSocketLib:Tcp6.obj
 0001:00006984       EslTcp6RemoteAddressGet    0000000000006c24 f   EfiSocketLib:Tcp6.obj
 0001:000069c8       EslTcp6RemoteAddressSet    0000000000006c68 f   EfiSocketLib:Tcp6.obj
 0001:00006a0c       EslTcp6RxComplete          0000000000006cac f   EfiSocketLib:Tcp6.obj
 0001:00006a0c       EslTcp4RxComplete          0000000000006cac f   EfiSocketLib:Tcp4.obj
 0001:00006a34       EslTcp6RxStart             0000000000006cd4 f   EfiSocketLib:Tcp6.obj
 0001:00006a34       EslTcp4RxStart             0000000000006cd4 f   EfiSocketLib:Tcp4.obj
 0001:00006a5c       EslTcp6SocketIsConfigured  0000000000006cfc f   EfiSocketLib:Tcp6.obj
 0001:00006a5c       EslTcp4SocketIsConfigured  0000000000006cfc f   EfiSocketLib:Tcp4.obj
 0001:00006a78       EslTcp6TxBuffer            0000000000006d18 f   EfiSocketLib:Tcp6.obj
 0001:00006a78       EslTcp4TxBuffer            0000000000006d18 f   EfiSocketLib:Tcp4.obj
 0001:00006c90       EslTcp4TxComplete          0000000000006f30 f   EfiSocketLib:Tcp4.obj
 0001:00006c90       EslTcp6TxComplete          0000000000006f30 f   EfiSocketLib:Tcp6.obj
 0001:00006ce4       EslTcp4TxOobComplete       0000000000006f84 f   EfiSocketLib:Tcp4.obj
 0001:00006ce4       EslTcp6TxOobComplete       0000000000006f84 f   EfiSocketLib:Tcp6.obj
 0001:00006d40       EslTcp6VerifyLocalIpAddress 0000000000006fe0 f   EfiSocketLib:Tcp6.obj
 0001:00006fc8       EslIp4LocalAddressGet      0000000000007268 f   EfiSocketLib:Ip4.obj
 0001:00006fe8       EslIp4LocalAddressSet      0000000000007288 f   EfiSocketLib:Ip4.obj
 0001:00007090       EslIp4OptionGet            0000000000007330 f   EfiSocketLib:Ip4.obj
 0001:000070c4       EslIp4OptionSet            0000000000007364 f   EfiSocketLib:Ip4.obj
 0001:000070e8       EslIp4PacketFree           0000000000007388 f   EfiSocketLib:Ip4.obj
 0001:0000710c       EslIp4PortAllocate         00000000000073ac f   EfiSocketLib:Ip4.obj
 0001:000071a4       EslIp4Receive              0000000000007444 f   EfiSocketLib:Ip4.obj
 0001:00007270       EslIp4RemoteAddressGet     0000000000007510 f   EfiSocketLib:Ip4.obj
 0001:00007290       EslIp4RemoteAddressSet     0000000000007530 f   EfiSocketLib:Ip4.obj
 0001:000072c8       EslIp4RxComplete           0000000000007568 f   EfiSocketLib:Ip4.obj
 0001:000072f0       EslIp4SocketIsConfigured   0000000000007590 f   EfiSocketLib:Ip4.obj
 0001:00007498       EslIp4TxBuffer             0000000000007738 f   EfiSocketLib:Ip4.obj
 0001:000076d0       EslUdp6TxComplete          0000000000007970 f   EfiSocketLib:Udp6.obj
 0001:000076d0       EslIp4TxComplete           0000000000007970 f   EfiSocketLib:Ip4.obj
 0001:00007730       EslIp4VerifyLocalIpAddress 00000000000079d0 f   EfiSocketLib:Ip4.obj
 0001:00007864       EslTcp4Accept              0000000000007b04 f   EfiSocketLib:Tcp4.obj
 0001:00007904       EslTcp4ConnectComplete     0000000000007ba4 f   EfiSocketLib:Tcp4.obj
 0001:0000799c       EslTcp4ConnectStart        0000000000007c3c f   EfiSocketLib:Tcp4.obj
 0001:00007aa4       EslTcp4Listen              0000000000007d44 f   EfiSocketLib:Tcp4.obj
 0001:00007ca0       EslTcp4ListenComplete      0000000000007f40 f   EfiSocketLib:Tcp4.obj
 0001:00007e78       EslTcp4LocalAddressGet     0000000000008118 f   EfiSocketLib:Tcp4.obj
 0001:00007ebc       EslTcp4LocalAddressSet     000000000000815c f   EfiSocketLib:Tcp4.obj
 0001:00007fcc       EslTcp4PortAllocate        000000000000826c f   EfiSocketLib:Tcp4.obj
 0001:000080bc       EslTcp4PortClose           000000000000835c f   EfiSocketLib:Tcp4.obj
 0001:00008110       EslTcp4PortCloseOp         00000000000083b0 f   EfiSocketLib:Tcp4.obj
 0001:00008130       EslTcp4Receive             00000000000083d0 f   EfiSocketLib:Tcp4.obj
 0001:000081fc       EslTcp4RemoteAddressGet    000000000000849c f   EfiSocketLib:Tcp4.obj
 0001:00008240       EslTcp4RemoteAddressSet    00000000000084e0 f   EfiSocketLib:Tcp4.obj
 0001:000082b4       EslTcp4VerifyLocalIpAddress 0000000000008554 f   EfiSocketLib:Tcp4.obj
 0001:000083e8       EslUdp4LocalAddressGet     0000000000008688 f   EfiSocketLib:Udp4.obj
 0001:0000842c       EslUdp4LocalAddressSet     00000000000086cc f   EfiSocketLib:Udp4.obj
 0001:00008530       EslUdp4PacketFree          00000000000087d0 f   EfiSocketLib:Udp4.obj
 0001:00008554       EslUdp4PortAllocate        00000000000087f4 f   EfiSocketLib:Udp4.obj
 0001:000085d4       EslUdp4Receive             0000000000008874 f   EfiSocketLib:Udp4.obj
 0001:00008670       EslUdp4RemoteAddressGet    0000000000008910 f   EfiSocketLib:Udp4.obj
 0001:000086b4       EslUdp4RemoteAddressSet    0000000000008954 f   EfiSocketLib:Udp4.obj
 0001:00008708       EslUdp4RxComplete          00000000000089a8 f   EfiSocketLib:Udp4.obj
 0001:0000872c       EslUdp4SocketIsConfigured  00000000000089cc f   EfiSocketLib:Udp4.obj
 0001:000088cc       EslUdp4TxBuffer            0000000000008b6c f   EfiSocketLib:Udp4.obj
 0001:00008ad8       EslUdp4TxComplete          0000000000008d78 f   EfiSocketLib:Udp4.obj
 0001:00008b38       EslUdp4VerifyLocalIpAddress 0000000000008dd8 f   EfiSocketLib:Udp4.obj
 0001:00008c6c       EslUdp6LocalAddressGet     0000000000008f0c f   EfiSocketLib:Udp6.obj
 0001:00008cb0       EslUdp6LocalAddressSet     0000000000008f50 f   EfiSocketLib:Udp6.obj
 0001:00008d3c       EslUdp6PacketFree          0000000000008fdc f   EfiSocketLib:Udp6.obj
 0001:00008d60       EslUdp6PortAllocate        0000000000009000 f   EfiSocketLib:Udp6.obj
 0001:00008dd8       EslUdp6Receive             0000000000009078 f   EfiSocketLib:Udp6.obj
 0001:00008e74       EslUdp6RemoteAddressGet    0000000000009114 f   EfiSocketLib:Udp6.obj
 0001:00008eb8       EslUdp6RemoteAddressSet    0000000000009158 f   EfiSocketLib:Udp6.obj
 0001:00008efc       EslUdp6RxComplete          000000000000919c f   EfiSocketLib:Udp6.obj
 0001:00008f20       EslUdp6SocketIsConfigured  00000000000091c0 f   EfiSocketLib:Udp6.obj
 0001:000090c4       EslUdp6TxBuffer            0000000000009364 f   EfiSocketLib:Udp6.obj
 0001:000092bc       EslUdp6VerifyLocalIpAddress 000000000000955c f   EfiSocketLib:Udp6.obj
 0001:00009544       main                       00000000000097e4 f   RecvDgram:RecvDgram.obj
 0001:0000a124       time                       000000000000a3c4 f   LibTime:Time.obj
 0001:0000a1dc       gmtsub                     000000000000a47c f   LibTime:Time.obj
 0001:0000a354       Efi2Time                   000000000000a5f4 f   LibTime:TimeEfi.obj
 0001:0000a3c0       Time2Efi                   000000000000a660 f   LibTime:TimeEfi.obj
 0001:0000ad78       tzset                      000000000000b018 f   LibTime:ZoneProc.obj
 0001:0000b168       DecodeOneStateful          000000000000b408 f   LibLocale:multibyte_Utf8.obj
 0001:0000b20c       OneWcToMcLen               000000000000b4ac f   LibLocale:multibyte_Utf8.obj
 0001:0000b254       EstimateWtoM               000000000000b4f4 f   LibLocale:multibyte_Utf8.obj
 0001:0000b2ac       EncodeUtf8                 000000000000b54c f   LibLocale:multibyte_Utf8.obj
 0001:0000b358       wcrtomb                    000000000000b5f8 f   LibLocale:multibyte_Utf8.obj
 0001:0000b39c       wcsrtombs                  000000000000b63c f   LibLocale:multibyte_Utf8.obj
 0001:0000b468       fbadop_mkdir               000000000000b708 f   DevUtility:DevGenisis.obj
 0001:0000b468       fbadop_rmdir               000000000000b708 f   DevUtility:DevGenisis.obj
 0001:0000b468       fbadop_rename              000000000000b708 f   DevUtility:DevGenisis.obj
 0001:0000b468       fbadop_ioctl               000000000000b708 f   DevUtility:DevGenisis.obj
 0001:0000b468       fbadop_delete              000000000000b708 f   DevUtility:DevGenisis.obj
 0001:0000b468       fbadop_stat                000000000000b708 f   DevUtility:DevGenisis.obj
 0001:0000b478       __DevRegister              000000000000b718 f   DevUtility:DevGenisis.obj
 0001:0000b544       ClassifyPath               000000000000b7e4 f   DevUtility:Path.obj
 0001:0000b62c       NormalizePath              000000000000b8cc f   DevUtility:Path.obj
 0001:0000b6ac       ParsePath                  000000000000b94c f   DevUtility:Path.obj
 0001:0000ba80       __DevSearch                000000000000bd20 f   DevUtility:DevSearch.obj
 0001:0000bb34       ValidateFD                 000000000000bdd4 f   LibUefi:SysCalls.obj
 0001:0000bb60       FindFreeFD                 000000000000be00 f   LibUefi:SysCalls.obj
 0001:0000bba0       isatty                     000000000000be40 f   LibUefi:SysCalls.obj
 0001:0000bbe4       close                      000000000000be84 f   LibUefi:SysCalls.obj
 0001:0000bcb0       lseek                      000000000000bf50 f   LibUefi:SysCalls.obj
 0001:0000bd24       open                       000000000000bfc4 f   LibUefi:SysCalls.obj
 0001:0000be7c       EFI2errno                  000000000000c11c f   LibUefi:Xform.obj
 0001:0000c47c       __vfprintf_unlocked        000000000000c71c f   LibStdio:vfprintf.obj
 0001:0000f20c       __swsetup                  000000000000f4ac f   LibStdio:wsetup.obj
 0001:0000f2c4       fflush                     000000000000f564 f   LibStdio:fflush.obj
 0001:0000f358       __sflush                   000000000000f5f8 f   LibStdio:fflush.obj
 0001:0000f3e0       __sfvwrite                 000000000000f680 f   LibStdio:fvwrite.obj
 0001:0000f6ec       __smakebuf                 000000000000f98c f   LibStdio:makebuf.obj
 0001:0000f7b8       __swhatbuf                 000000000000fa58 f   LibStdio:makebuf.obj
 0001:0000f894       _cleanup                   000000000000fb34 f   LibStdio:findfp.obj
 0001:0000f89c       __sinit                    000000000000fb3c f   LibStdio:findfp.obj
 0001:0000f8e4       __sread                    000000000000fb84 f   LibStdio:stdio.obj
 0001:0000f9b0       __swrite                   000000000000fc50 f   LibStdio:stdio.obj
 0001:0000fa80       __sseek                    000000000000fd20 f   LibStdio:stdio.obj
 0001:0000fad0       __sclose                   000000000000fd70 f   LibStdio:stdio.obj
 0001:0000faec       abort                      000000000000fd8c f   LibStdLib:Environs.obj
 0001:0000fb6c       exit                       000000000000fe0c f   LibStdLib:Environs.obj
 0001:0000fba0       malloc                     000000000000fe40 f   LibStdLib:Malloc.obj
 0001:0000fc64       calloc                     000000000000ff04 f   LibStdLib:Malloc.obj
 0001:0000fca4       free                       000000000000ff44 f   LibStdLib:Malloc.obj
 0001:0000fd24       realloc                    000000000000ffc4 f   LibStdLib:Malloc.obj
 0001:0000fe04       InternalAllocatePool       00000000000100a4 f   UefiMemoryAllocationLib:MemoryAllocationLib.obj
 0001:0000fe34       AllocateZeroPool           00000000000100d4 f   UefiMemoryAllocationLib:MemoryAllocationLib.obj
 0001:0000fe5c       AllocateCopyPool           00000000000100fc f   UefiMemoryAllocationLib:MemoryAllocationLib.obj
 0001:0000fe94       AsciiSPrint                0000000000010134 f   BasePrintLib:PrintLib.obj
 0001:0000febc       BasePrintLibFillBuffer     000000000001015c f   BasePrintLib:PrintLibInternal.obj
 0001:0000fef0       BasePrintLibValueToString  0000000000010190 f   BasePrintLib:PrintLibInternal.obj
 0001:0000ff40       BasePrintLibSPrintMarker   00000000000101e0 f   BasePrintLib:PrintLibInternal.obj
 0001:00010cd0       BasePrintLibSPrint         0000000000010f70 f   BasePrintLib:PrintLibInternal.obj
 0001:00010cf4       bswap16                    0000000000010f94 f   LibC:ByteSwap.obj
 0001:00010cfc       __assert                   0000000000010f9c f   LibC:assert.obj
 0001:00010d44       FileHandleGetInfo          0000000000010fe4 f   UefiFileHandleLib:UefiFileHandleLib.obj
 0001:00010dcc       FileHandleSetInfo          000000000001106c f   UefiFileHandleLib:UefiFileHandleLib.obj
 0001:00010df4       FileHandleRead             0000000000011094 f   UefiFileHandleLib:UefiFileHandleLib.obj
 0001:00010e08       FileHandleWrite            00000000000110a8 f   UefiFileHandleLib:UefiFileHandleLib.obj
 0001:00010e1c       FileHandleClose            00000000000110bc f   UefiFileHandleLib:UefiFileHandleLib.obj
 0001:00010e30       FileHandleDelete           00000000000110d0 f   UefiFileHandleLib:UefiFileHandleLib.obj
 0001:00010e44       FileHandleSetPosition      00000000000110e4 f   UefiFileHandleLib:UefiFileHandleLib.obj
 0001:00010e58       FileHandleGetPosition      00000000000110f8 f   UefiFileHandleLib:UefiFileHandleLib.obj
 0001:00010e74       FileHandleFlush            0000000000011114 f   UefiFileHandleLib:UefiFileHandleLib.obj
 0001:00010e88       FileHandleIsDirectory      0000000000011128 f   UefiFileHandleLib:UefiFileHandleLib.obj
 0001:00010ed4       FileHandleGetSize          0000000000011174 f   UefiFileHandleLib:UefiFileHandleLib.obj
 0001:000114e4       New_cIIO                   0000000000011784 f   LibIIO:IIO.obj
 0001:000115e0       IIO_GetDeviceProto         0000000000011880 f   LibIIO:IIOutilities.obj
 0001:00011620       IIO_GetCursorPosition      00000000000118c0 f   LibIIO:IIOutilities.obj
 0001:0001168c       IIO_SetCursorPosition      000000000001192c f   LibIIO:IIOutilities.obj
 0001:00011718       IIO_GetOutputSize          00000000000119b8 f   LibIIO:IIOutilities.obj
 0001:000117c8       IIO_WriteOne               0000000000011a68 f   LibIIO:IIOwrite.obj
 0001:00011a08       IIO_EchoOne                0000000000011ca8 f   LibIIO:IIOecho.obj
 0001:00011c18       IIO_CanonRead              0000000000011eb8 f   LibIIO:CanonRead.obj
 0001:00011ed0       setsockopt                 0000000000012170 f   BsdSocketLib:setsockopt.obj
 0001:00011f34       recvfrom                   00000000000121d4 f   BsdSocketLib:recvfrom.obj
 0001:00012170       BslFdToSocketProtocol      0000000000012410 f   BsdSocketLib:socket.obj
 0001:000121d8       socket                     0000000000012478 f   BsdSocketLib:socket.obj
 0001:000122c0       BslSocketClose             0000000000012560 f   BsdSocketLib:close.obj
 0001:00012358       BslSocketPoll              00000000000125f8 f   BsdSocketLib:poll.obj
 0001:000123ac       BslSocketRead              000000000001264c f   BsdSocketLib:read.obj
 0001:000123d0       BslSocketWrite             0000000000012670 f   BsdSocketLib:write.obj
 0001:00012498       __dtoa                     0000000000012738 f   LibGdtoa:dtoa.obj
 0001:00013250       __nrv_alloc_D2A            00000000000134f0 f   LibGdtoa:dmisc.obj
 0001:000132dc       __quorem_D2A               000000000001357c f   LibGdtoa:dmisc.obj
 0001:00013424       __Balloc_D2A               00000000000136c4 f   LibGdtoa:misc.obj
 0001:000134c8       __lo0bits_D2A              0000000000013768 f   LibGdtoa:misc.obj
 0001:0001353c       __multadd_D2A              00000000000137dc f   LibGdtoa:misc.obj
 0001:0001360c       __hi0bits_D2A              00000000000138ac f   LibGdtoa:misc.obj
 0001:0001365c       __mult_D2A                 00000000000138fc f   LibGdtoa:misc.obj
 0001:0001378c       __pow5mult_D2A             0000000000013a2c f   LibGdtoa:misc.obj
 0001:00013860       __lshift_D2A               0000000000013b00 f   LibGdtoa:misc.obj
 0001:00013970       __cmp_D2A                  0000000000013c10 f   LibGdtoa:misc.obj
 0001:000139b4       __diff_D2A                 0000000000013c54 f   LibGdtoa:misc.obj
 0001:00013aec       __d2b_D2A                  0000000000013d8c f   LibGdtoa:misc.obj
 0001:00013ebc       localeconv                 000000000001415c f   LibLocale:localeconv.obj
 0001:00013f9c       printf                     000000000001423c f   LibStdio:printf.obj
 0001:000144f8       New_cFIFO                  0000000000014798 f   LibContainer:Fifo.obj
 0001:000145e8       memset                     0000000000014888 f   LibString:Misc.obj
 0001:000145f8       strerror                   0000000000014898 f   LibString:Misc.obj
 0001:0001462c       strerror_r                 00000000000148cc f   LibString:Misc.obj
 0001:00014694       strlen                     0000000000014934 f   LibString:Misc.obj
 0001:0001469c       memcpy                     000000000001493c f   LibString:Copying.obj
 0001:000146a4       strdup                     0000000000014944 f   LibString:Copying.obj
 0001:000146f4       strncpy                    0000000000014994 f   LibString:Copying.obj
 0001:000146fc       strncpyX                   000000000001499c f   LibString:Copying.obj
 0001:0001473c       strcmp                     00000000000149dc f   LibString:Comparison.obj
 0001:00014744       AsciiStrCmp                00000000000149e4 f   BaseLib:String.obj
 0001:000147dc       AsciiStrLen                0000000000014a7c f   BaseLib:String.obj
 0001:00014864       AsciiStrToUnicodeStr       0000000000014b04 f   BaseLib:String.obj
 0001:000149ac       AsciiStrnCpy               0000000000014c4c f   BaseLib:String.obj
 0001:00014ac8       StrCmp                     0000000000014d68 f   BaseLib:String.obj
 0001:00014b7c       StrLen                     0000000000014e1c f   BaseLib:String.obj
 0001:00014c34       StrSize                    0000000000014ed4 f   BaseLib:String.obj
 0001:00014c4c       StrStr                     0000000000014eec f   BaseLib:String.obj
 0001:00014d28       StrnCat                    0000000000014fc8 f   BaseLib:String.obj
 0001:00014db8       StrnCmp                    0000000000015058 f   BaseLib:String.obj
 0001:00014ec8       StrnCpy                    0000000000015168 f   BaseLib:String.obj
 0001:0001501c       UnicodeStrToAsciiStr       00000000000152bc f   BaseLib:String.obj
 0001:00015188       ReadUnaligned16            0000000000015428 f   BaseLib:Unaligned.obj
 0001:000151c0       ReadUnaligned32            0000000000015460 f   BaseLib:Unaligned.obj
 0001:000151f8       ReadUnaligned64            0000000000015498 f   BaseLib:Unaligned.obj
 0001:00015230       AsciiStrnLenS              00000000000154d0 f   BaseLib:SafeString.obj
 0001:0001525c       StrnLenS                   00000000000154fc f   BaseLib:SafeString.obj
 0001:000152d8       GetFirstNode               0000000000015578 f   BaseLib:LinkedList.obj
 0001:00015318       GetNextNode                00000000000155b8 f   BaseLib:LinkedList.obj
 0001:00015390       InsertTailList             0000000000015630 f   BaseLib:LinkedList.obj
 0001:00015418       InternalBaseLibIsListValid 00000000000156b8 f   BaseLib:LinkedList.obj
 0001:000154d0       IsListEmpty                0000000000015770 f   BaseLib:LinkedList.obj
 0001:00015514       IsNodeInList               00000000000157b4 f   BaseLib:LinkedList.obj
 0001:000155bc       RemoveEntryList            000000000001585c f   BaseLib:LinkedList.obj
 0001:00015610       PathCleanUpDirectories     00000000000158b0 f   BaseLib:FilePaths.obj
 0001:0001576c       PathRemoveLastItem         0000000000015a0c f   BaseLib:FilePaths.obj
 0001:000157c8       LShiftU64                  0000000000015a68 f   BaseLib:LShiftU64.obj
 0001:00015814       SwapBytes16                0000000000015ab4 f   BaseLib:SwapBytes16.obj
 0001:00015824       InternalAssertJumpBuffer   0000000000015ac4 f   BaseLib:SetJump.obj
 0001:00015880       InternalMathDivRemU64x32   0000000000015b20 f   BaseLib:Math64.obj
 0001:0001589c       InternalMathLShiftU64      0000000000015b3c f   BaseLib:Math64.obj
 0001:000158a8       CopyMem                    0000000000015b48 f   BaseMemoryLib:CopyMemWrapper.obj
 0001:00015950       CompareGuid                0000000000015bf0 f   BaseMemoryLib:MemLibGuid.obj
 0001:000159b8       ZeroMem                    0000000000015c58 f   BaseMemoryLib:ZeroMemWrapper.obj
 0001:00015a38       SetMem                     0000000000015cd8 f   BaseMemoryLib:SetMemWrapper.obj
 0001:00015aa8       InternalMemCopyMem         0000000000015d48 f   BaseMemoryLib:CopyMem.obj
 0001:00015c5c       InternalMemScanMem8        0000000000015efc f   BaseMemoryLib:MemLibGeneric.obj
 0001:00015c74       InternalMemSetMem16        0000000000015f14 f   BaseMemoryLib:MemLibGeneric.obj
 0001:00015c94       InternalMemZeroMem         0000000000015f34 f   BaseMemoryLib:MemLibGeneric.obj
 0001:00015c9c       InternalMemSetMem          0000000000015f3c f   BaseMemoryLib:SetMem.obj
 0001:00015d7c       memchr                     000000000001601c f   LibString:Searching.obj
 0001:00015d8c       DivU64x32Remainder         000000000001602c f   BaseLib:DivU64x32Remainder.obj
 0001:00015de4       LongJump                   0000000000016084 f   BaseLib:LongJump.obj
 0001:00015e34       SetMem16                   00000000000160d4 f   BaseMemoryLib:SetMem16Wrapper.obj
 0001:00015f20       ScanMem8                   00000000000161c0 f   BaseMemoryLib:ScanMem8Wrapper.obj
 0002:00000000       _cClass                    0000000000016260     LibCtype:iCtype.obj
 0002:00000008       gEfiUnicodeCollation2ProtocolGuid 0000000000016268     RecvDgram:AutoGen.obj
 0002:00000018       gEfiShellEnvironment2ExtGuid 0000000000016278     RecvDgram:AutoGen.obj
 0002:00000028       gEfiFileInfoGuid           0000000000016288     RecvDgram:AutoGen.obj
 0002:00000038       gEfiIp6ConfigProtocolGuid  0000000000016298     RecvDgram:AutoGen.obj
 0002:00000048       gEfiHiiConfigRoutingProtocolGuid 00000000000162a8     RecvDgram:AutoGen.obj
 0002:00000058       gEfiUdp4ServiceBindingProtocolGuid 00000000000162b8     RecvDgram:AutoGen.obj
 0002:00000068       gEfiIp4Config2ProtocolGuid 00000000000162c8     RecvDgram:AutoGen.obj
 0002:00000078       gEfiHiiImageProtocolGuid   00000000000162d8     RecvDgram:AutoGen.obj
 0002:00000088       gEfiIp4ServiceBindingProtocolGuid 00000000000162e8     RecvDgram:AutoGen.obj
 0002:00000098       gEfiUdp6ProtocolGuid       00000000000162f8     RecvDgram:AutoGen.obj
 0002:000000a8       gEfiShellParametersProtocolGuid 0000000000016308     RecvDgram:AutoGen.obj
 0002:000000b8       gEfiHiiDatabaseProtocolGuid 0000000000016318     RecvDgram:AutoGen.obj
 0002:000000c8       gEfiSimpleFileSystemProtocolGuid 0000000000016328     RecvDgram:AutoGen.obj
 0002:000000d8       gEfiHiiStringProtocolGuid  0000000000016338     RecvDgram:AutoGen.obj
 0002:000000e8       gEfiUdp6ServiceBindingProtocolGuid 0000000000016348     RecvDgram:AutoGen.obj
 0002:000000f8       gEfiShellEnvironment2Guid  0000000000016358     RecvDgram:AutoGen.obj
 0002:00000108       gEfiIp4ProtocolGuid        0000000000016368     RecvDgram:AutoGen.obj
 0002:00000118       gEfiSocketProtocolGuid     0000000000016378     RecvDgram:AutoGen.obj
 0002:00000128       gEfiShellProtocolGuid      0000000000016388     RecvDgram:AutoGen.obj
 0002:00000138       gEfiUdp4ProtocolGuid       0000000000016398     RecvDgram:AutoGen.obj
 0002:00000148       gEfiTcp4ServiceBindingProtocolGuid 00000000000163a8     RecvDgram:AutoGen.obj
 0002:00000158       gEfiCallerIdGuid           00000000000163b8     RecvDgram:AutoGen.obj
 0002:00000168       gEfiTcp6ServiceBindingProtocolGuid 00000000000163c8     RecvDgram:AutoGen.obj
 0002:00000178       gEfiTcp6ProtocolGuid       00000000000163d8     RecvDgram:AutoGen.obj
 0002:00000188       gEfiShellInterfaceGuid     00000000000163e8     RecvDgram:AutoGen.obj
 0002:00000198       gEfiTcp4ProtocolGuid       00000000000163f8     RecvDgram:AutoGen.obj
 0002:000001a8       gEfiHiiFontProtocolGuid    0000000000016408     RecvDgram:AutoGen.obj
 0002:000001b8       _fltused                   0000000000016418     LibC:errno.obj
 0002:000001c0       cEslAfInet6Api             0000000000016420     EfiSocketLib:Socket.obj
 0002:000001f0       cEslAfInetApi              0000000000016450     EfiSocketLib:Socket.obj
 0002:00000220       tzname                     0000000000016480     LibTime:ZoneProc.obj
 0002:00000230       daDeviceList               0000000000016490     DevUtility:DevGenisis.obj
 0002:00000260       __sF                       00000000000164c0     LibStdio:findfp.obj
 0002:00000470       __sglue                    00000000000166d0     LibStdio:findfp.obj
 0002:000004c8       __nlocale_changed          0000000000016728     LibLocale:localeconv.obj
 0002:000004cc       __mlocale_changed          000000000001672c     LibLocale:localeconv.obj
 0002:000004d0       ??_C@_0BD@FPJCFKFJ@Unknown?5Error?3?5?$CFd?4?$AA@ 0000000000016730     LibString:Misc.obj
 0002:000004f0       sys_errlist                0000000000016750     LibString:ErrorList.obj
 0002:00000810       ??_C@_0BC@CMDFCGIM@No?5Error?5Detected?$AA@ 0000000000016a70     LibString:ErrorList.obj
 0002:00000828       ??_C@_0BI@BJFCGOHL@Operation?5not?5permitted?$AA@ 0000000000016a88     LibString:ErrorList.obj
 0002:00000840       ??_C@_0BK@FMDHKPNF@No?5such?5file?5or?5directory?$AA@ 0000000000016aa0     LibString:ErrorList.obj
 0002:00000860       ??_C@_0BA@FKIAIBGA@No?5such?5process?$AA@ 0000000000016ac0     LibString:ErrorList.obj
 0002:00000870       ??_C@_0BI@EAGLFFDI@Interrupted?5system?5call?$AA@ 0000000000016ad0     LibString:ErrorList.obj
 0002:00000888       ??_C@_0BD@KKNFOBBD@Input?1output?5error?$AA@ 0000000000016ae8     LibString:ErrorList.obj
 0002:000008a0       ??_C@_0BG@IEPFGEGM@Device?5not?5configured?$AA@ 0000000000016b00     LibString:ErrorList.obj
 0002:000008b8       ??_C@_0BH@CCELHCFA@Argument?5list?5too?5long?$AA@ 0000000000016b18     LibString:ErrorList.obj
 0002:000008d0       ??_C@_0BC@HKPNECK@Exec?5format?5error?$AA@ 0000000000016b30     LibString:ErrorList.obj
 0002:000008e8       ??_C@_0BE@NFGDDCEF@Bad?5file?5descriptor?$AA@ 0000000000016b48     LibString:ErrorList.obj
 0002:00000900       ??_C@_0BD@LOHELEP@No?5child?5processes?$AA@ 0000000000016b60     LibString:ErrorList.obj
 0002:00000918       ??_C@_0BK@JAEBMJJM@Resource?5deadlock?5avoided?$AA@ 0000000000016b78     LibString:ErrorList.obj
 0002:00000938       ??_C@_0BH@DBCLIABC@Cannot?5allocate?5memory?$AA@ 0000000000016b98     LibString:ErrorList.obj
 0002:00000950       ??_C@_0BC@HFNFNKAI@Permission?5denied?$AA@ 0000000000016bb0     LibString:ErrorList.obj
 0002:00000968       ??_C@_0M@LOEHLCJD@Bad?5address?$AA@ 0000000000016bc8     LibString:ErrorList.obj
 0002:00000978       ??_C@_0BG@DDDDJJIM@Block?5device?5required?$AA@ 0000000000016bd8     LibString:ErrorList.obj
 0002:00000990       ??_C@_0M@KEEOMFM@Device?5busy?$AA@ 0000000000016bf0     LibString:ErrorList.obj
 0002:000009a0       ??_C@_0M@NAAJNNGH@File?5exists?$AA@ 0000000000016c00     LibString:ErrorList.obj
 0002:000009b0       ??_C@_0BC@OFBLDMPL@Cross?9device?5link?$AA@ 0000000000016c10     LibString:ErrorList.obj
 0002:000009c8       ??_C@_0CC@BGJGOOF@Operation?5not?5supported?5by?5devic@ 0000000000016c28     LibString:ErrorList.obj
 0002:000009f0       ??_C@_0BA@CJBACOOL@Not?5a?5directory?$AA@ 0000000000016c50     LibString:ErrorList.obj
 0002:00000a00       ??_C@_0P@NDHGCGKE@Is?5a?5directory?$AA@ 0000000000016c60     LibString:ErrorList.obj
 0002:00000a10       ??_C@_0BB@HMGGCEBG@Invalid?5argument?$AA@ 0000000000016c70     LibString:ErrorList.obj
 0002:00000a28       ??_C@_0BO@IIFBODJE@Too?5many?5open?5files?5in?5system?$AA@ 0000000000016c88     LibString:ErrorList.obj
 0002:00000a48       ??_C@_0BE@INBJMKGG@Too?5many?5open?5files?$AA@ 0000000000016ca8     LibString:ErrorList.obj
 0002:00000a60       ??_C@_0BP@NAOGGPDI@Inappropriate?5ioctl?5for?5device?$AA@ 0000000000016cc0     LibString:ErrorList.obj
 0002:00000a80       ??_C@_0P@HJGPGMF@Text?5file?5busy?$AA@ 0000000000016ce0     LibString:ErrorList.obj
 0002:00000a90       ??_C@_0P@LFMMIPAE@File?5too?5large?$AA@ 0000000000016cf0     LibString:ErrorList.obj
 0002:00000aa0       ??_C@_0BI@FEALHKLD@No?5space?5left?5on?5device?$AA@ 0000000000016d00     LibString:ErrorList.obj
 0002:00000ab8       ??_C@_0N@JPKNIBBK@Illegal?5seek?$AA@ 0000000000016d18     LibString:ErrorList.obj
 0002:00000ac8       ??_C@_0BF@JEDIFMJD@Read?9only?5filesystem?$AA@ 0000000000016d28     LibString:ErrorList.obj
 0002:00000ae0       ??_C@_0P@PKCJJLLM@Too?5many?5links?$AA@ 0000000000016d40     LibString:ErrorList.obj
 0002:00000af0       ??_C@_0M@LHEPIIOM@Broken?5pipe?$AA@ 0000000000016d50     LibString:ErrorList.obj
 0002:00000b00       ??_C@_0CB@BNEAGFJG@Numerical?5argument?5out?5of?5domain@ 0000000000016d60     LibString:ErrorList.obj
 0002:00000b28       ??_C@_0BB@FCBJFCAJ@Result?5too?5large?$AA@ 0000000000016d88     LibString:ErrorList.obj
 0002:00000b40       ??_C@_0CB@EPFKGNAK@Resource?5temporarily?5unavailable@ 0000000000016da0     LibString:ErrorList.obj
 0002:00000b68       ??_C@_0BK@LBMNDGCG@Operation?5now?5in?5progress?$AA@ 0000000000016dc8     LibString:ErrorList.obj
 0002:00000b88       ??_C@_0BO@BMABNIPB@Operation?5already?5in?5progress?$AA@ 0000000000016de8     LibString:ErrorList.obj
 0002:00000ba8       ??_C@_0BP@MCCLAMPH@Socket?5operation?5on?5non?9socket?$AA@ 0000000000016e08     LibString:ErrorList.obj
 0002:00000bc8       ??_C@_0BN@HFCIEIME@Destination?5address?5required?$AA@ 0000000000016e28     LibString:ErrorList.obj
 0002:00000be8       ??_C@_0BB@NDAKHOCP@Message?5too?5long?$AA@ 0000000000016e48     LibString:ErrorList.obj
 0002:00000c00       ??_C@_0BP@PDKJLOAE@Protocol?5wrong?5type?5for?5socket?$AA@ 0000000000016e60     LibString:ErrorList.obj
 0002:00000c20       ??_C@_0BH@HPHKDMA@Protocol?5not?5available?$AA@ 0000000000016e80     LibString:ErrorList.obj
 0002:00000c38       ??_C@_0BH@JNBKLLAJ@Protocol?5not?5supported?$AA@ 0000000000016e98     LibString:ErrorList.obj
 0002:00000c50       ??_C@_0BK@LMAIHBL@Socket?5type?5not?5supported?$AA@ 0000000000016eb0     LibString:ErrorList.obj
 0002:00000c70       ??_C@_0BI@EDJAHLMH@Operation?5not?5supported?$AA@ 0000000000016ed0     LibString:ErrorList.obj
 0002:00000c88       ??_C@_0BO@EBCCBLCJ@Protocol?5family?5not?5supported?$AA@ 0000000000016ee8     LibString:ErrorList.obj
 0002:00000ca8       ??_C@_0DA@KDGLCJJO@Address?5family?5not?5supported?5by?5@ 0000000000016f08     LibString:ErrorList.obj
 0002:00000cd8       ??_C@_0BH@LOKACPE@Address?5already?5in?5use?$AA@ 0000000000016f38     LibString:ErrorList.obj
 0002:00000cf0       ??_C@_0BP@OKMOKAIP@Can?8t?5assign?5requested?5address?$AA@ 0000000000016f50     LibString:ErrorList.obj
 0002:00000d10       ??_C@_0BA@LPIEBGEK@Network?5is?5down?$AA@ 0000000000016f70     LibString:ErrorList.obj
 0002:00000d20       ??_C@_0BH@CIEOBPFM@Network?5is?5unreachable?$AA@ 0000000000016f80     LibString:ErrorList.obj
 0002:00000d38       ??_C@_0CE@JHDCOCF@Network?5dropped?5connection?5on?5re@ 0000000000016f98     LibString:ErrorList.obj
 0002:00000d60       ??_C@_0CB@DJAOADN@Software?5caused?5connection?5abort@ 0000000000016fc0     LibString:ErrorList.obj
 0002:00000d88       ??_C@_0BJ@FJAMCHKE@Connection?5reset?5by?5peer?$AA@ 0000000000016fe8     LibString:ErrorList.obj
 0002:00000da8       ??_C@_0BK@OCAHGMEA@No?5buffer?5space?5available?$AA@ 0000000000017008     LibString:ErrorList.obj
 0002:00000dc8       ??_C@_0BM@CCONNCKE@Socket?5is?5already?5connected?$AA@ 0000000000017028     LibString:ErrorList.obj
 0002:00000de8       ??_C@_0BI@ILAOGBJJ@Socket?5is?5not?5connected?$AA@ 0000000000017048     LibString:ErrorList.obj
 0002:00000e00       ??_C@_0CB@IOOOMFJJ@Can?8t?5send?5after?5socket?5shutdown@ 0000000000017060     LibString:ErrorList.obj
 0002:00000e28       ??_C@_0CC@HOLLLFLE@Too?5many?5references?3?5can?8t?5splic@ 0000000000017088     LibString:ErrorList.obj
 0002:00000e50       ??_C@_0BE@JAEOFJAL@Operation?5timed?5out?$AA@ 00000000000170b0     LibString:ErrorList.obj
 0002:00000e68       ??_C@_0BD@NPDMPPFP@Connection?5refused?$AA@ 00000000000170c8     LibString:ErrorList.obj
 0002:00000e80       ??_C@_0CC@CPDHMANB@Too?5many?5levels?5of?5symbolic?5link@ 00000000000170e0     LibString:ErrorList.obj
 0002:00000ea8       ??_C@_0BD@CGPKCNP@File?5name?5too?5long?$AA@ 0000000000017108     LibString:ErrorList.obj
 0002:00000ec0       ??_C@_0N@OHOPOBEF@Host?5is?5down?$AA@ 0000000000017120     LibString:ErrorList.obj
 0002:00000ed0       ??_C@_0BB@PFBILCPA@No?5route?5to?5host?$AA@ 0000000000017130     LibString:ErrorList.obj
 0002:00000ee8       ??_C@_0BE@ICMCHPHH@Directory?5not?5empty?$AA@ 0000000000017148     LibString:ErrorList.obj
 0002:00000f00       ??_C@_0BD@LPHIGPM@Too?5many?5processes?$AA@ 0000000000017160     LibString:ErrorList.obj
 0002:00000f18       ??_C@_0P@DAFGFIDC@Too?5many?5users?$AA@ 0000000000017178     LibString:ErrorList.obj
 0002:00000f28       ??_C@_0BE@KMAIMPL@Disc?5quota?5exceeded?$AA@ 0000000000017188     LibString:ErrorList.obj
 0002:00000f40       ??_C@_0BG@KNCBNNDC@Stale?5NFS?5file?5handle?$AA@ 00000000000171a0     LibString:ErrorList.obj
 0002:00000f58       ??_C@_0CC@DBGGHIAG@Too?5many?5levels?5of?5remote?5in?5pat@ 00000000000171b8     LibString:ErrorList.obj
 0002:00000f80       ??_C@_0BC@ICCGLAJN@RPC?5struct?5is?5bad?$AA@ 00000000000171e0     LibString:ErrorList.obj
 0002:00000f98       ??_C@_0BC@FIMLNFGC@RPC?5version?5wrong?$AA@ 00000000000171f8     LibString:ErrorList.obj
 0002:00000fb0       ??_C@_0BE@HDGMLIGJ@RPC?5prog?4?5not?5avail?$AA@ 0000000000017210     LibString:ErrorList.obj
 0002:00000fc8       ??_C@_0BG@JOMPHNJI@Program?5version?5wrong?$AA@ 0000000000017228     LibString:ErrorList.obj
 0002:00000fe0       ??_C@_0BK@LKNMDCLJ@Bad?5procedure?5for?5program?$AA@ 0000000000017240     LibString:ErrorList.obj
 0002:00001000       ??_C@_0BD@CLHBCGPB@No?5locks?5available?$AA@ 0000000000017260     LibString:ErrorList.obj
 0002:00001018       ??_C@_0BJ@IHEHINLI@Function?5not?5implemented?$AA@ 0000000000017278     LibString:ErrorList.obj
 0002:00001038       ??_C@_0CC@GLJPLFOJ@Inappropriate?5file?5type?5or?5forma@ 0000000000017298     LibString:ErrorList.obj
 0002:00001060       ??_C@_0BF@MOMJDFNI@Authentication?5error?$AA@ 00000000000172c0     LibString:ErrorList.obj
 0002:00001078       ??_C@_0BD@GDKJMNEO@Need?5authenticator?$AA@ 00000000000172d8     LibString:ErrorList.obj
 0002:00001090       ??_C@_0BD@LJPFLIMC@Identifier?5removed?$AA@ 00000000000172f0     LibString:ErrorList.obj
 0002:000010a8       ??_C@_0BL@LAELPFGP@No?5message?5of?5desired?5type?$AA@ 0000000000017308     LibString:ErrorList.obj
 0002:000010c8       ??_C@_0CK@NDEHDADK@Value?5too?5large?5to?5be?5stored?5in?5@ 0000000000017328     LibString:ErrorList.obj
 0002:000010f8       ??_C@_0BG@KLEAJEFJ@Illegal?5byte?5sequence?$AA@ 0000000000017358     LibString:ErrorList.obj
 0002:00001110       ??_C@_0N@JIEBMMEB@Bad?5errno?586?$AA@ 0000000000017370     LibString:ErrorList.obj
 0002:00001120       ??_C@_0BD@OIDFIKFE@Operation?5canceled?$AA@ 0000000000017380     LibString:ErrorList.obj
 0002:00001138       ??_C@_0M@OEPJJONH@Bad?5message?$AA@ 0000000000017398     LibString:ErrorList.obj
 0002:00001148       ??_C@_0BF@GGKONPHM@No?5message?5available?$AA@ 00000000000173a8     LibString:ErrorList.obj
 0002:00001160       ??_C@_0BE@HNNMKAI@No?5STREAM?5resources?$AA@ 00000000000173c0     LibString:ErrorList.obj
 0002:00001178       ??_C@_0N@BFKFJNP@Not?5a?5STREAM?$AA@ 00000000000173d8     LibString:ErrorList.obj
 0002:00001188       ??_C@_0BF@BKBOOGBB@STREAM?5ioctl?5timeout?$AA@ 00000000000173e8     LibString:ErrorList.obj
 0002:000011a0       ??_C@_0BE@BOJAKOGO@Attribute?5not?5found?$AA@ 0000000000017400     LibString:ErrorList.obj
 0002:000011b8       ??_C@_0BC@MPFABHFK@Programming?5error?$AA@ 0000000000017418     LibString:ErrorList.obj
 0002:000011d0       ??_C@_0BD@BLOHNAGF@Multihop?5attempted?$AA@ 0000000000017430     LibString:ErrorList.obj
 0002:000011e8       ??_C@_0BG@JIGCCAHA@Link?5has?5been?5severed?$AA@ 0000000000017448     LibString:ErrorList.obj
 0002:00001200       ??_C@_0P@NFDLBHIK@Protocol?5error?$AA@ 0000000000017460     LibString:ErrorList.obj
 0002:00001210       ??_C@_0CA@JBGHAFDD@Buffer?5too?5small?5to?5hold?5result?$AA@ 0000000000017470     LibString:ErrorList.obj
 0002:00001230       ??_C@_0CO@BCOPOIDC@System?5Error?5list?5and?5errno?4h?5ar@ 0000000000017490     LibString:ErrorList.obj
 0002:00001260       ??_C@_0DG@MHMNFEGH@d?3?2uefi_edk2_practice?2MdePkg?2Lib@ 00000000000174c0     BaseLib:String.obj
 0002:00001298       ??_C@_0CI@LLKACKFD@?$CI?$CIUINTN?$CJ?5Destination?5?$CG?50x0000000@ 00000000000174f8     BaseLib:String.obj
 0002:000012c0       ??_C@_0DA@MIOLHJCL@?$CIUINTN?$CJ?$CIDestination?5?9?5Source?$CJ?5?$DO?5@ 0000000000017520     BaseLib:String.obj
 0002:000012f0       ??_C@_0CI@FOLEBOJ@?$CIUINTN?$CJ?$CISource?5?9?5Destination?$CJ?5?$DO?$DN@ 0000000000017550     BaseLib:String.obj
 0002:00001318       ??_C@_0DL@LFIMEMJP@Length?5?$DM?$DN?5_gPcd_FixedAtBuild_Pcd@ 0000000000017578     BaseLib:String.obj
 0002:00001358       ??_C@_0CD@BDCLIGHD@?$CI?$CIUINTN?$CJ?5String?5?$CG?50x00000001?$CJ?5?$DN?$DN@ 00000000000175b8     BaseLib:String.obj
 0002:00001380       ??_C@_0DK@EOJCOAME@Length?5?$DM?5_gPcd_FixedAtBuild_PcdM@ 00000000000175e0     BaseLib:String.obj
 0002:000013c0       ??_C@_0BL@JAAMOCAJ@StrSize?5?$CIFirstString?$CJ?5?$CB?$DN?50?$AA@ 0000000000017620     BaseLib:String.obj
 0002:000013e0       ??_C@_0BM@DALBOILC@StrSize?5?$CISecondString?$CJ?5?$CB?$DN?50?$AA@ 0000000000017640     BaseLib:String.obj
 0002:00001400       ??_C@_0BL@NAIOOBPB@StrSize?5?$CIDestination?$CJ?5?$CB?$DN?50?$AA@ 0000000000017660     BaseLib:String.obj
 0002:00001420       ??_C@_0BG@KBNOLIGE@StrSize?5?$CIString?$CJ?5?$CB?$DN?50?$AA@ 0000000000017680     BaseLib:String.obj
 0002:00001438       ??_C@_0BM@NNBLOHJD@StrSize?5?$CISearchString?$CJ?5?$CB?$DN?50?$AA@ 0000000000017698     BaseLib:String.obj
 0002:00001458       ??_C@_0BG@JJELHOCA@StrSize?5?$CISource?$CJ?5?$CB?$DN?50?$AA@ 00000000000176b8     BaseLib:String.obj
 0002:00001470       ??_C@_0DN@HIFCOCOI@?$CIUINTN?$CJ?5?$CIDestination?5?9?5?$CICHAR8?5?$CK?$CJ@ 00000000000176d0     BaseLib:String.obj
 0002:000014b0       ??_C@_0DL@LACPINOG@?$CIUINTN?$CJ?5?$CI?$CICHAR8?5?$CK?$CJ?5Source?5?9?5Dest@ 0000000000017710     BaseLib:String.obj
 0002:000014f0       ??_C@_0BA@MFHLDCJH@?$CKSource?5?$DM?50x100?$AA@ 0000000000017750     BaseLib:String.obj
 0002:00001500       ??_C@_0CA@FFIBMAAF@AsciiStrSize?5?$CIReturnValue?$CJ?5?$CB?$DN?50?$AA@ 0000000000017760     BaseLib:String.obj
 0002:00001520       ??_C@_0DF@CDKFFDDI@?$CIUINTN?$CJ?$CIDestination?5?9?5Source?$CJ?5?$DO?5@ 0000000000017780     BaseLib:String.obj
 0002:00001558       ??_C@_0DJ@JJHGIFMP@Length?5?$DM?$DN?5_gPcd_FixedAtBuild_Pcd@ 00000000000177b8     BaseLib:String.obj
 0002:00001598       ??_C@_0DI@MDIKFADO@Length?5?$DM?5_gPcd_FixedAtBuild_PcdM@ 00000000000177f8     BaseLib:String.obj
 0002:000015d0       ??_C@_0BL@IKFBNFIL@AsciiStrSize?5?$CIFirstString?$CJ?$AA@ 0000000000017830     BaseLib:String.obj
 0002:000015f0       ??_C@_0BM@EDNOKLLE@AsciiStrSize?5?$CISecondString?$CJ?$AA@ 0000000000017850     BaseLib:String.obj
 0002:00001610       ??_C@_0BL@NNBEMOEP@AsciiStrSize?5?$CISource?$CJ?5?$CB?$DN?50?$AA@ 0000000000017870     BaseLib:String.obj
 0002:00001630       ??_C@_0EA@ELKIMFNG@?$CIUINTN?$CJ?5?$CI?$CICHAR8?5?$CK?$CJ?5Destination?5?9@ 0000000000017890     BaseLib:String.obj
 0002:00001670       ??_C@_0FG@JICIAIMJ@?$CIUINTN?$CJ?5?$CISource?5?9?5?$CICHAR8?5?$CK?$CJ?5Dest@ 00000000000178d0     BaseLib:String.obj
 0002:000016c8       ??_C@_0BL@KAGEINIP@StrSize?5?$CIReturnValue?$CJ?5?$CB?$DN?50?$AA@ 0000000000017928     BaseLib:String.obj
 0002:000016e8       ??_C@_0DJ@BBGKHIDL@d?3?2uefi_edk2_practice?2MdePkg?2Lib@ 0000000000017948     BaseLib:Unaligned.obj
 0002:00001728       ??_C@_0N@KGHEHMDL@Divisor?5?$CB?$DN?50?$AA@ 0000000000017988     BaseLib:DivU64x32.obj
 0002:00001738       ??_C@_0DK@LCOMJOBN@d?3?2uefi_edk2_practice?2MdePkg?2Lib@ 0000000000017998     BaseLib:SafeString.obj
 0002:00001778       ??_C@_0BF@NJNGJMPC@List?5?$CB?$DN?5?$CI?$CIvoid?5?$CK?$CJ?50?$CJ?$AA@ 00000000000179d8     BaseLib:LinkedList.obj
 0002:00001790       ??_C@_0DK@IAINLHME@d?3?2uefi_edk2_practice?2MdePkg?2Lib@ 00000000000179f0     BaseLib:LinkedList.obj
 0002:000017d0       ??_C@_0CC@KDLPLAED@List?9?$DOForwardLink?5?$CB?$DN?5?$CI?$CIvoid?5?$CK?$CJ?50@ 0000000000017a30     BaseLib:LinkedList.obj
 0002:000017f8       ??_C@_0BP@IJJCCMAK@List?9?$DOBackLink?5?$CB?$DN?5?$CI?$CIvoid?5?$CK?$CJ?50?$CJ?$AA@ 0000000000017a58     BaseLib:LinkedList.obj
 0002:00001818       ??_C@_0CI@BMHOPIIO@InternalBaseLibIsListValid?5?$CIFirs@ 0000000000017a78     BaseLib:LinkedList.obj
 0002:00001840       ??_C@_0BM@BAIHHOEP@SecondEntry?5?$CB?$DN?5?$CI?$CIvoid?5?$CK?$CJ?50?$CJ?$AA@ 0000000000017aa0     BaseLib:LinkedList.obj
 0002:00001860       ??_C@_0DI@HOMAKAJD@?$CI?$CIBOOLEAN?$CJ?$CI0?$DN?$DN1?$CJ?$CJ?5?$DN?$DN?5IsNodeInLis@ 0000000000017ac0     BaseLib:LinkedList.obj
 0002:00001898       ??_C@_0CG@LGIALJFK@InternalBaseLibIsListValid?5?$CIList@ 0000000000017af8     BaseLib:LinkedList.obj
 0002:000018c0       ??_C@_0CC@JLDICICM@InternalBaseLibIsListValid?5?$CIList@ 0000000000017b20     BaseLib:LinkedList.obj
 0002:000018e8       ??_C@_0DD@OAAIDOJD@?$CI?$CIBOOLEAN?$CJ?$CI1?$DN?$DN1?$CJ?$CJ?5?$DN?$DN?5IsNodeInLis@ 0000000000017b48     BaseLib:LinkedList.obj
 0002:00001920       ??_C@_0BF@NMBJJECB@?$CBIsListEmpty?5?$CIEntry?$CJ?$AA@ 0000000000017b80     BaseLib:LinkedList.obj
 0002:00001938       ??_C@_17CECJBCED@?$AA?2?$AA?4?$AA?2?$AA?$AA@ 0000000000017b98     BaseLib:FilePaths.obj
 0002:00001940       ??_C@_15HFJMEONN@?$AA?2?$AA?4?$AA?$AA@ 0000000000017ba0     BaseLib:FilePaths.obj
 0002:00001948       ??_C@_17OFBPHKFE@?$AA?2?$AA?4?$AA?4?$AA?$AA@ 0000000000017ba8     BaseLib:FilePaths.obj
 0002:00001950       ??_C@_15LEKKCGMK@?$AA?2?$AA?2?$AA?$AA@ 0000000000017bb0     BaseLib:FilePaths.obj
 0002:00001958       ??_C@_0L@MEMPDLHB@Count?5?$DM?564?$AA@ 0000000000017bb8     BaseLib:LShiftU64.obj
 0002:00001968       ??_C@_0DJ@IALCBOOA@d?3?2uefi_edk2_practice?2MdePkg?2Lib@ 0000000000017bc8     BaseLib:LShiftU64.obj
 0002:000019a8       ??_C@_0BL@CPGKAMND@JumpBuffer?5?$CB?$DN?5?$CI?$CIvoid?5?$CK?$CJ?50?$CJ?$AA@ 0000000000017c08     BaseLib:SetJump.obj
 0002:000019c8       ??_C@_0DH@GOHBPBIE@d?3?2uefi_edk2_practice?2MdePkg?2Lib@ 0000000000017c28     BaseLib:SetJump.obj
 0002:00001a00       ??_C@_0CD@OEHNCIHG@?$CI?$CIUINTN?$CJJumpBuffer?5?$CG?5?$CI8?5?9?51?$CJ?$CJ?5?$DN?$DN@ 0000000000017c60     BaseLib:SetJump.obj
 0002:00001a30       ??_C@_0ED@MKGCMJG@?$CILength?5?9?51?$CJ?5?$DM?$DN?5?$CI0xFFFFFFFFFFFFF@ 0000000000017c90     BaseMemoryLib:CopyMemWrapper.obj
 0002:00001a80       ??_C@_0EE@IBEKLMPP@d?3?2uefi_edk2_practice?2MdePkg?2Lib@ 0000000000017ce0     BaseMemoryLib:CopyMemWrapper.obj
 0002:00001ac8       ??_C@_0DO@MAOBOFEG@?$CILength?5?9?51?$CJ?5?$DM?$DN?5?$CI0xFFFFFFFFFFFFF@ 0000000000017d28     BaseMemoryLib:CopyMemWrapper.obj
 0002:00001b08       ??_C@_0DG@EEENIGGL@Length?5?$DM?$DN?5?$CI0xFFFFFFFFFFFFFFFFULL@ 0000000000017d68     BaseMemoryLib:MemLibGuid.obj
 0002:00001b40       ??_C@_0EE@DFOINNDI@d?3?2uefi_edk2_practice?2MdePkg?2Lib@ 0000000000017da0     BaseMemoryLib:ZeroMemWrapper.obj
 0002:00001b88       ??_C@_0DI@DAGDPLPG@?$CILength?5?9?51?$CJ?5?$DM?$DN?5?$CI0xFFFFFFFFFFFFF@ 0000000000017de8     BaseMemoryLib:SetMemWrapper.obj
 0002:00001bc0       ??_C@_0ED@BKDOOALI@d?3?2uefi_edk2_practice?2MdePkg?2Lib@ 0000000000017e20     BaseMemoryLib:SetMemWrapper.obj
 0002:00001c08       ??_C@_0CO@LECKNDNC@?$CI?$CI?$CIUINTN?$CJBuffer?$CJ?5?$CG?5?$CIsizeof?5?$CIValu@ 0000000000017e68     BaseMemoryLib:SetMem64Wrapper.obj
 0002:00001c38       ??_C@_0CF@LEICOABD@?$CILength?5?$CG?5?$CIsizeof?5?$CIValue?$CJ?5?9?51?$CJ?$CJ?5@ 0000000000017e98     BaseMemoryLib:SetMem64Wrapper.obj
 0002:00001c60       ??_C@_0EC@GDBMODPL@d?3?2uefi_edk2_practice?2MdePkg?2Lib@ 0000000000017ec0     BaseLib:DivU64x32Remainder.obj
 0002:00001ca8       ??_C@_0L@KDHIOLNB@Value?5?$CB?$DN?50?$AA@ 0000000000017f08     BaseLib:LongJump.obj
 0002:00001cb8       ??_C@_0DI@KPJEHBHM@d?3?2uefi_edk2_practice?2MdePkg?2Lib@ 0000000000017f18     BaseLib:LongJump.obj
 0002:00001cf0       ??_C@_0EF@BFEJIMHB@d?3?2uefi_edk2_practice?2MdePkg?2Lib@ 0000000000017f50     BaseMemoryLib:SetMem16Wrapper.obj
 0002:00001d40       ??_C@_0EF@HIICAFBO@d?3?2uefi_edk2_practice?2MdePkg?2Lib@ 0000000000017fa0     BaseMemoryLib:ScanMem8Wrapper.obj
 0002:00001d90       _C_CharClassTable          0000000000017ff0     LibCtype:iCtype.obj
 0002:00001e90       ??_C@_0CB@DMEJJJHA@?6ASSERT_EFI_ERROR?5?$CIStatus?5?$DN?5?$CFr?$CJ?6@ 00000000000180f0     RecvDgram:AutoGen.obj
 0002:00001eb8       ??_C@_0BE@DCHLEIGN@?$CBEFI_ERROR?5?$CIStatus?$CJ?$AA@ 0000000000018118     RecvDgram:AutoGen.obj
 0002:00001ed0       ??_C@_0HJ@EOEKPELN@d?3?2uefi_edk2_practice?2Build?2AppP@ 0000000000018130     RecvDgram:AutoGen.obj
 0002:00001f4c       _gPcd_FixedAtBuild_PcdMaximumLinkedListLength 00000000000181ac     RecvDgram:AutoGen.obj
 0002:00001f50       _gPcd_FixedAtBuild_PcdMaximumUnicodeStringLength 00000000000181b0     RecvDgram:AutoGen.obj
 0002:00001f54       _gPcd_FixedAtBuild_PcdMaximumAsciiStringLength 00000000000181b4     RecvDgram:AutoGen.obj
 0002:00001f58       _gPcd_FixedAtBuild_PcdVerifyNodeInList 00000000000181b8     RecvDgram:AutoGen.obj
 0002:00001f5c       ??_C@_06GCNMPELH@stdin?3?$AA@ 00000000000181bc     LibC:Main.obj
 0002:00001f68       ??_C@_07CJCKBFG@stdout?3?$AA@ 00000000000181c8     LibC:Main.obj
 0002:00001f70       ??_C@_07NBHIPNPM@stderr?3?$AA@ 00000000000181d0     LibC:Main.obj
 0002:00001f80       ??_C@_1FI@OEFNJEF@?$AAE?$AAR?$AAR?$AAO?$AAR?$AA?5?$AAI?$AAn?$AAi?$AAt?$AAi?$AAa?$AAl?$AAi?$AAz?$AAi?$AAn?$AAg?$AA?5?$AAS?$AAt?$AAa?$AAn?$AAd?$AAa?$AAr?$AAd?$AA?5?$AAI?$AAO?$AA?3?$AA?5@ 00000000000181e0     LibC:Main.obj
 0002:00001fd8       ??_C@_0BH@IACGKAP@Buffer?5?$CB?$DN?5?$CI?$CIvoid?5?$CK?$CJ?50?$CJ?$AA@ 0000000000018238     UefiLib:UefiLibPrint.obj
 0002:00001ff0       ??_C@_17CLELIOII@?$AAN?$AAU?$AAL?$AA?$AA@ 0000000000018250     UefiShellLib:UefiShellLib.obj
 0002:00001ff8       ??_C@_19CIJIHAKK@?$AAN?$AAU?$AAL?$AAL?$AA?$AA@ 0000000000018258     UefiShellLib:UefiShellLib.obj
 0002:00002008       ??_C@_0BM@NLNKOJGD@Destination?5?$CB?$DN?5?$CI?$CIvoid?5?$CK?$CJ?50?$CJ?$AA@ 0000000000018268     UefiShellLib:UefiShellLib.obj
 0002:00002028       ??_C@_1O@CFMGMDFI@?$AAs?$AAt?$AAd?$AAi?$AAn?$AA?3?$AA?$AA@ 0000000000018288     DevConsole:daConsole.obj
 0002:00002038       ??_C@_1BA@PGAEEPHD@?$AAs?$AAt?$AAd?$AAo?$AAu?$AAt?$AA?3?$AA?$AA@ 0000000000018298     DevConsole:daConsole.obj
 0002:00002048       ??_C@_1BA@DNLKDFLO@?$AAs?$AAt?$AAd?$AAe?$AAr?$AAr?$AA?3?$AA?$AA@ 00000000000182a8     DevConsole:daConsole.obj
 0002:00002088       mEslUdp4ServiceGuid        00000000000182e8     EfiSocketLib:UseEfiSocketLib.obj
 0002:00002098       mEfiServiceBinding         00000000000182f8     EfiSocketLib:UseEfiSocketLib.obj
 0002:000020a8       mEslUdp6ServiceGuid        0000000000018308     EfiSocketLib:UseEfiSocketLib.obj
 0002:000020b8       mEslTcp4ServiceGuid        0000000000018318     EfiSocketLib:UseEfiSocketLib.obj
 0002:000020c8       mEslTcp6ServiceGuid        0000000000018328     EfiSocketLib:UseEfiSocketLib.obj
 0002:000020d8       mEslIp4ServiceGuid         0000000000018338     EfiSocketLib:UseEfiSocketLib.obj
 0002:000020f0       cEslSocketBinding          0000000000018350     EfiSocketLib:Socket.obj
 0002:00002230       ??_C@_17NIGEJLGH@?$AAI?$AAp?$AA4?$AA?$AA@ 0000000000018490     EfiSocketLib:Socket.obj
 0002:00002238       ??_C@_19IGIFHENE@?$AAT?$AAc?$AAp?$AA4?$AA?$AA@ 0000000000018498     EfiSocketLib:Socket.obj
 0002:00002248       ??_C@_19CMIMLMFP@?$AAT?$AAc?$AAp?$AA6?$AA?$AA@ 00000000000184a8     EfiSocketLib:Socket.obj
 0002:00002258       ??_C@_19GDICBGPD@?$AAU?$AAd?$AAp?$AA4?$AA?$AA@ 00000000000184b8     EfiSocketLib:Socket.obj
 0002:00002268       ??_C@_19MJILNOHI@?$AAU?$AAd?$AAp?$AA6?$AA?$AA@ 00000000000184c8     EfiSocketLib:Socket.obj
 0002:00002280       cEslTcp6Api                00000000000184e0     EfiSocketLib:Tcp6.obj
 0002:00002388       ??_C@_05NEBMLMBB@TCPv6?$AA@ 00000000000185e8     EfiSocketLib:Tcp6.obj
 0002:00002390       cEslIp4Api                 00000000000185f0     EfiSocketLib:Ip4.obj
 0002:00002498       ??_C@_04EMGFNKGN@IPv4?$AA@ 00000000000186f8     EfiSocketLib:Ip4.obj
 0002:000024a0       cEslTcp4Api                0000000000018700     EfiSocketLib:Tcp4.obj
 0002:000025a8       ??_C@_05OGCKNOJD@TCPv4?$AA@ 0000000000018808     EfiSocketLib:Tcp4.obj
 0002:000025b0       cEslUdp4Api                0000000000018810     EfiSocketLib:Udp4.obj
 0002:000026b8       ??_C@_05JPFGNBCG@UDPv4?$AA@ 0000000000018918     EfiSocketLib:Udp4.obj
 0002:000026c0       cEslUdp6Api                0000000000018920     EfiSocketLib:Udp6.obj
 0002:000027c8       ??_C@_05KNGALDKE@UDPv6?$AA@ 0000000000018a28     EfiSocketLib:Udp6.obj
 0002:000027d0       ??_C@_0O@NEMAINFB@?$CFa?5starting?$AN?6?$AA@ 0000000000018a30     RecvDgram:RecvDgram.obj
 0002:000027e0       ??_C@_1FO@JADLKPPP@?$AAE?$AAR?$AAR?$AAO?$AAR?$AA?5?$AA?9?$AA?5?$AAU?$AAn?$AAa?$AAb?$AAl?$AAe?$AA?5?$AAt?$AAo?$AA?5?$AAo?$AAp?$AAe?$AAn?$AA?5?$AAt?$AAh?$AAe?$AA?5?$AAs?$AAo?$AAc?$AAk?$AAe@ 0000000000018a40     RecvDgram:RecvDgram.obj
 0002:00002840       ??_C@_1GO@KBKFAOCM@?$AAE?$AAR?$AAR?$AAO?$AAR?$AA?5?$AA?9?$AA?5?$AAU?$AAn?$AAa?$AAb?$AAl?$AAe?$AA?5?$AAt?$AAo?$AA?5?$AAs?$AAe?$AAt?$AA?5?$AAt?$AAh?$AAe?$AA?5?$AAr?$AAe?$AAc?$AAe?$AAi?$AAv@ 0000000000018aa0     RecvDgram:RecvDgram.obj
 0002:000028b0       ??_C@_1CO@FOKLDCLM@?$AAN?$AAo?$AA?5?$AAd?$AAa?$AAt?$AAa?$AAg?$AAr?$AAa?$AAm?$AA?5?$AAr?$AAe?$AAc?$AAe?$AAi?$AAv?$AAe?$AAd?$AA?$AN?$AA?6?$AA?$AA@ 0000000000018b10     RecvDgram:RecvDgram.obj
 0002:000028e0       ??_C@_1FE@FMHDAGCJ@?$AAE?$AAR?$AAR?$AAO?$AAR?$AA?5?$AA?9?$AA?5?$AAN?$AAo?$AA?5?$AAd?$AAa?$AAt?$AAa?$AAg?$AAr?$AAa?$AAm?$AA?5?$AAr?$AAe?$AAc?$AAe?$AAi?$AAv?$AAe?$AAd?$AA?0?$AA?5?$AAe?$AAr@ 0000000000018b40     RecvDgram:RecvDgram.obj
 0002:00002940       ??_C@_1FA@EIEOMNOB@?$AAR?$AAe?$AAc?$AAe?$AAi?$AAv?$AAe?$AAd?$AA?5?$AA?$CF?$AAd?$AA?5?$AAb?$AAy?$AAt?$AAe?$AAs?$AA?5?$AAf?$AAr?$AAo?$AAm?$AA?5?$AA?$CF?$AAd?$AA?4?$AA?$CF?$AAd?$AA?4?$AA?$CF?$AAd?$AA?4@ 0000000000018ba0     RecvDgram:RecvDgram.obj
 0002:00002990       ??_C@_0BI@CONADCDA@?$CFa?5exiting?0?5errno?3?5?$CFd?$AN?6?$AA@ 0000000000018bf0     RecvDgram:RecvDgram.obj
 0002:000029a8       year_lengths               0000000000018c08     LibTime:Time.obj
 0002:000029b0       mon_lengths                0000000000018c10     LibTime:Time.obj
 0002:00002a10       ??_C@_0BA@NFHJAOCJ@?0M4?41?40?0M10?45?40?$AA@ 0000000000018c70     LibTime:ZoneProc.obj
 0002:00002a20       ??_C@_02CLFPBFFP@TZ?$AA@   0000000000018c80     LibTime:ZoneProc.obj
 0002:00002a28       wildabbr                   0000000000018c88     LibTime:ZoneProc.obj
 0002:00002a34       gmt                        0000000000018c94     LibTime:ZoneProc.obj
 0002:00002a38       ??_C@_0CI@BKHCEFMF@?$CILength?5?$DO?50x007F?$CJ?5?$CG?$CG?5?$CILength?5?$DM?$DN?5@ 0000000000018c98     LibLocale:multibyte_Utf8.obj
 0002:00002a60       ??_C@_0P@CCFDOHOB@ProcessOneByte?$AA@ 0000000000018cc0     LibLocale:multibyte_Utf8.obj
 0002:00002a70       ??_C@_0DK@LMKFJPBM@d?3?2uefi_edk2_practice?2StdLib?2Lib@ 0000000000018cd0     LibLocale:multibyte_Utf8.obj
 0002:00002ab0       ??_C@_0CI@NHCOAOJN@?$CILength?5?$DO?50x07FF?$CJ?5?$CG?$CG?5?$CILength?5?$DM?$DN?5@ 0000000000018d10     LibLocale:multibyte_Utf8.obj
 0002:00002ad8       ??_C@_0CK@ECFFLHAE@?$CILength?5?$DO?50xFFFF?$CJ?5?$CG?$CG?5?$CILength?5?$DM?$DN?5@ 0000000000018d38     LibLocale:multibyte_Utf8.obj
 0002:00002c10       ??_C@_15KKOHIOBF@?$AA?2?$AA?3?$AA?$AA@ 0000000000018e70     DevUtility:Path.obj
 0002:00002c18       ??_C@_03OEIAHPBN@INF?$AA@  0000000000018e78     LibStdio:vfprintf.obj
 0002:00002c1c       ??_C@_03OJHLLCGB@inf?$AA@  0000000000018e7c     LibStdio:vfprintf.obj
 0002:00002c20       ??_C@_03LKNCIKJB@NAN?$AA@  0000000000018e80     LibStdio:vfprintf.obj
 0002:00002c24       ??_C@_03LHCJEHON@nan?$AA@  0000000000018e84     LibStdio:vfprintf.obj
 0002:00002c28       ??_C@_06OJHGLDPL@?$CInull?$CJ?$AA@ 0000000000018e88     LibStdio:vfprintf.obj
 0002:00002c60       ??_C@_0N@KJMLEBIL@Head?5?$CB?$DN?5NULL?$AA@ 0000000000018ec0     LibStdLib:Malloc.obj
 0002:00002c70       ??_C@_06GLDDLHNF@malloc?$AA@ 0000000000018ed0     LibStdLib:Malloc.obj
 0002:00002c78       ??_C@_0DC@ILALPCHL@d?3?2uefi_edk2_practice?2StdLib?2Lib@ 0000000000018ed8     LibStdLib:Malloc.obj
 0002:00002cac       ??_C@_04LIAPHEDB@free?$AA@ 0000000000018f0c     LibStdLib:Malloc.obj
 0002:00002cb8       ??_C@_07EOOHGPEI@realloc?$AA@ 0000000000018f18     LibStdLib:Malloc.obj
 0002:00002cc0       ??_C@_07PBILKAFL@Success?$AA@ 0000000000018f20     BasePrintLib:PrintLibInternal.obj
 0002:00002cc8       ??_C@_0BG@CFJMNNJK@Warning?5Unknown?5Glyph?$AA@ 0000000000018f28     BasePrintLib:PrintLibInternal.obj
 0002:00002ce0       ??_C@_0BH@GKKCJEPJ@Warning?5Delete?5Failure?$AA@ 0000000000018f40     BasePrintLib:PrintLibInternal.obj
 0002:00002cf8       ??_C@_0BG@ECIJMOED@Warning?5Write?5Failure?$AA@ 0000000000018f58     BasePrintLib:PrintLibInternal.obj
 0002:00002d10       ??_C@_0BJ@ODIPDGHB@Warning?5Buffer?5Too?5Small?$AA@ 0000000000018f70     BasePrintLib:PrintLibInternal.obj
 0002:00002d30       ??_C@_0BD@IFJNJCCO@Warning?5Stale?5Data?$AA@ 0000000000018f90     BasePrintLib:PrintLibInternal.obj
 0002:00002d48       ??_C@_0L@PLPBEPPC@Load?5Error?$AA@ 0000000000018fa8     BasePrintLib:PrintLibInternal.obj
 0002:00002d58       ??_C@_0BC@HOFHKGJN@Invalid?5Parameter?$AA@ 0000000000018fb8     BasePrintLib:PrintLibInternal.obj
 0002:00002d70       ??_C@_0M@BEECMOIL@Unsupported?$AA@ 0000000000018fd0     BasePrintLib:PrintLibInternal.obj
 0002:00002d80       ??_C@_0BA@FLNMPMCF@Bad?5Buffer?5Size?$AA@ 0000000000018fe0     BasePrintLib:PrintLibInternal.obj
 0002:00002d90       ??_C@_0BB@EGELJFOB@Buffer?5Too?5Small?$AA@ 0000000000018ff0     BasePrintLib:PrintLibInternal.obj
 0002:00002da8       ??_C@_09NKFGCIPN@Not?5Ready?$AA@ 0000000000019008     BasePrintLib:PrintLibInternal.obj
 0002:00002db8       ??_C@_0N@HHEABDHO@Device?5Error?$AA@ 0000000000019018     BasePrintLib:PrintLibInternal.obj
 0002:00002dc8       ??_C@_0BA@LNEDDFNB@Write?5Protected?$AA@ 0000000000019028     BasePrintLib:PrintLibInternal.obj
 0002:00002dd8       ??_C@_0BB@GOILNEAA@Out?5of?5Resources?$AA@ 0000000000019038     BasePrintLib:PrintLibInternal.obj
 0002:00002df0       ??_C@_0P@EIOJGIF@Volume?5Corrupt?$AA@ 0000000000019050     BasePrintLib:PrintLibInternal.obj
 0002:00002e00       ??_C@_0M@HDLEPOFA@Volume?5Full?$AA@ 0000000000019060     BasePrintLib:PrintLibInternal.obj
 0002:00002e10       ??_C@_08KEGAJDNN@No?5Media?$AA@ 0000000000019070     BasePrintLib:PrintLibInternal.obj
 0002:00002e20       ??_C@_0O@JNCJKCCD@Media?5changed?$AA@ 0000000000019080     BasePrintLib:PrintLibInternal.obj
 0002:00002e30       ??_C@_09CFCBFJND@Not?5Found?$AA@ 0000000000019090     BasePrintLib:PrintLibInternal.obj
 0002:00002e40       ??_C@_0O@NFHOBIDO@Access?5Denied?$AA@ 00000000000190a0     BasePrintLib:PrintLibInternal.obj
 0002:00002e50       ??_C@_0M@ENKCBFEP@No?5Response?$AA@ 00000000000190b0     BasePrintLib:PrintLibInternal.obj
 0002:00002e60       ??_C@_0L@IFPBNFC@No?5mapping?$AA@ 00000000000190c0     BasePrintLib:PrintLibInternal.obj
 0002:00002e70       ??_C@_08PAFJCNGP@Time?5out?$AA@ 00000000000190d0     BasePrintLib:PrintLibInternal.obj
 0002:00002e80       ??_C@_0M@DCJFAFHJ@Not?5started?$AA@ 00000000000190e0     BasePrintLib:PrintLibInternal.obj
 0002:00002e90       ??_C@_0BA@IGIBFFPH@Already?5started?$AA@ 00000000000190f0     BasePrintLib:PrintLibInternal.obj
 0002:00002ea0       ??_C@_07LCKDCBKK@Aborted?$AA@ 0000000000019100     BasePrintLib:PrintLibInternal.obj
 0002:00002ea8       ??_C@_0L@LKIFCMNO@ICMP?5Error?$AA@ 0000000000019108     BasePrintLib:PrintLibInternal.obj
 0002:00002eb8       ??_C@_0L@DJKNJKHM@TFTP?5Error?$AA@ 0000000000019118     BasePrintLib:PrintLibInternal.obj
 0002:00002ec8       ??_C@_0P@NCJHBCLM@Protocol?5Error?$AA@ 0000000000019128     BasePrintLib:PrintLibInternal.obj
 0002:00002ed8       ??_C@_0BF@EHOBGFMI@Incompatible?5Version?$AA@ 0000000000019138     BasePrintLib:PrintLibInternal.obj
 0002:00002ef0       ??_C@_0BD@KHMPCIOG@Security?5Violation?$AA@ 0000000000019150     BasePrintLib:PrintLibInternal.obj
 0002:00002f08       ??_C@_09BOMAGJEG@CRC?5Error?$AA@ 0000000000019168     BasePrintLib:PrintLibInternal.obj
 0002:00002f18       ??_C@_0N@JEJDHPO@End?5of?5Media?$AA@ 0000000000019178     BasePrintLib:PrintLibInternal.obj
 0002:00002f28       ??_C@_0O@NMJOLAMF@Reserved?5?$CI29?$CJ?$AA@ 0000000000019188     BasePrintLib:PrintLibInternal.obj
 0002:00002f38       ??_C@_0O@GLPDOMCP@Reserved?5?$CI30?$CJ?$AA@ 0000000000019198     BasePrintLib:PrintLibInternal.obj
 0002:00002f48       ??_C@_0M@FKGOBENP@End?5of?5File?$AA@ 00000000000191a8     BasePrintLib:PrintLibInternal.obj
 0002:00002f58       ??_C@_0BB@KFJAMCOC@Invalid?5Language?$AA@ 00000000000191b8     BasePrintLib:PrintLibInternal.obj
 0002:00002f70       ??_C@_0BB@MFGDFIJM@Compromised?5Data?$AA@ 00000000000191d0     BasePrintLib:PrintLibInternal.obj
 0002:00002f88       ??_C@_0O@MLOLIMFM@?$DMnull?5string?$DO?$AA@ 00000000000191e8     BasePrintLib:PrintLibInternal.obj
 0002:00002f98       ??_C@_0M@BJJDNPHK@?$DMnull?5guid?$DO?$AA@ 00000000000191f8     BasePrintLib:PrintLibInternal.obj
 0002:00002fa8       ??_C@_0DB@PMLHLBMO@?$CF08x?9?$CF04x?9?$CF04x?9?$CF02x?$CF02x?9?$CF02x?$CF02x@ 0000000000019208     BasePrintLib:PrintLibInternal.obj
 0002:00002fe0       ??_C@_0M@LHGBCIKM@?$DMnull?5time?$DO?$AA@ 0000000000019240     BasePrintLib:PrintLibInternal.obj
 0002:00002ff0       ??_C@_0BK@FCPKCIDD@?$CF02d?1?$CF02d?1?$CF04d?5?5?$CF02d?3?$CF02d?$AA@ 0000000000019250     BasePrintLib:PrintLibInternal.obj
 0002:0000300c       ??_C@_04JIMNDDED@?$CF08X?$AA@ 000000000001926c     BasePrintLib:PrintLibInternal.obj
 0002:00003014       ??_C@_02PCIJFNDE@?$AN?6?$AA@ 0000000000019274     BasePrintLib:PrintLibInternal.obj
 0002:00003018       ??_C@_01LIIJDEN@?$AN?$AA@  0000000000019278     BasePrintLib:PrintLibInternal.obj
 0002:00003020       mStatusString              0000000000019280     BasePrintLib:PrintLibInternal.obj
 0002:00003160       mHexStr                    00000000000193c0     BasePrintLib:PrintLibInternal.obj
 0002:00003170       ??_C@_0CL@CALHJIEG@Assertion?5failed?3?5?$CI?$CFs?$CJ?0?5file?5?$CFs?0@ 00000000000193d0     LibC:assert.obj
 0002:000031a0       ??_C@_0DI@IOHIAJDA@Assertion?5failed?3?5?$CI?$CFs?$CJ?0?5file?5?$CFs?0@ 0000000000019400     LibC:assert.obj
 0002:000031d8       ??_C@_0BH@MAAHKCPC@String?5?$CB?$DN?5?$CI?$CIvoid?5?$CK?$CJ?50?$CJ?$AA@ 0000000000019438     UefiHiiLib:HiiString.obj
 0002:000031ef       ??_C@_00CNPNBAHC@?$AA@     000000000001944f     UefiHiiLib:HiiString.obj
 0002:000031f8       ??_C@_0O@IDFELCHE@RowDelta?5?$DO?$DN?50?$AA@ 0000000000019458     LibIIO:IIOutilities.obj
 0002:00003208       ??_C@_0BA@HPMMKBFI@IIO_CursorDelta?$AA@ 0000000000019468     LibIIO:IIOutilities.obj
 0002:00003220       ??_C@_0EE@FNCJIDNM@d?3?2uefi_edk2_practice?2StdLib?2Lib@ 0000000000019480     LibIIO:IIOutilities.obj
 0002:00003270       SocketOperations           00000000000194d0     BsdSocketLib:socket.obj
 0002:000032d8       ??_C@_1CI@LEOIGPHJ@?$AA?6?$AAC?$AAa?$AAu?$AAg?$AAh?$AAt?$AA?5?$AAs?$AAi?$AAg?$AAn?$AAa?$AAl?$AA?5?$AA?$CF?$AAd?$AA?4?$AA?6?$AA?$AA@ 0000000000019538     LibSignal:Signal.obj
 0002:00003300       ??_C@_08KEBCLIFP@Infinity?$AA@ 0000000000019560     LibGdtoa:dtoa.obj
 0002:0000330c       ??_C@_03ICJPMMHB@NaN?$AA@  000000000001956c     LibGdtoa:dtoa.obj
 0002:00003310       ??_C@_01GBGANLPD@0?$AA@    0000000000019570     LibGdtoa:dtoa.obj
 0002:00003320       __bigtens_D2A              0000000000019580     LibGdtoa:misc.obj
 0002:00003350       __tens_D2A                 00000000000195b0     LibGdtoa:misc.obj
 0002:00003420       _DefaultMonetaryLocale     0000000000019680     LibLocale:_def_monetary.obj
 0002:00003468       ??_C@_01LFCBOECM@?4?$AA@   00000000000196c8     LibLocale:_def_numeric.obj
 0002:00003470       _DefaultNumericLocale      00000000000196d0     LibLocale:_def_numeric.obj
 0002:00003488       ??_C@_0N@DFGEMFMI@Self?5?$CB?$DN?5NULL?$AA@ 00000000000196e8     LibContainer:Fifo.obj
 0002:00003498       ??_C@_0DL@BDIHCDAI@d?3?2uefi_edk2_practice?2StdLib?2Lib@ 00000000000196f8     LibContainer:Fifo.obj
 0002:000034d8       ??_C@_0N@KPNBOCLA@FIFO_IsEmpty?$AA@ 0000000000019738     LibContainer:Fifo.obj
 0002:000034e8       ??_C@_0M@LHAKPCNM@FIFO_IsFull?$AA@ 0000000000019748     LibContainer:Fifo.obj
 0002:000034f8       ??_C@_0N@LBHOADMO@FIFO_Enqueue?$AA@ 0000000000019758     LibContainer:Fifo.obj
 0002:00003508       ??_C@_0BB@EKHBJDKA@pElement?5?$CB?$DN?5NULL?$AA@ 0000000000019768     LibContainer:Fifo.obj
 0002:00003520       ??_C@_0N@HPNDFHKK@FIFO_Dequeue?$AA@ 0000000000019780     LibContainer:Fifo.obj
 0002:00003530       ??_C@_0N@CJLEDFNJ@FIFO_GetRDex?$AA@ 0000000000019790     LibContainer:Fifo.obj
 0002:00003540       ??_C@_0N@OBFELKKJ@FIFO_GetWDex?$AA@ 00000000000197a0     LibContainer:Fifo.obj
 0002:00003550       ??_C@_0M@BLMNFLCB@FIFO_Delete?$AA@ 00000000000197b0     LibContainer:Fifo.obj
 0002:00003560       ??_C@_0L@GCDDJGHC@FIFO_Flush?$AA@ 00000000000197c0     LibContainer:Fifo.obj
 0002:00003570       ??_C@_0O@CEMJFGGE@FIFO_Truncate?$AA@ 00000000000197d0     LibContainer:Fifo.obj
 0002:00003580       __real@0000000000000000    00000000000197e0     LibGdtoa:dtoa.obj
 0002:00003588       __real@3fc68a288b60c8b3    00000000000197e8     LibGdtoa:dtoa.obj
 0002:00003590       __real@3fd287a7636f4361    00000000000197f0     LibGdtoa:dtoa.obj
 0002:00003598       __real@3fd34413509f79fb    00000000000197f8     LibGdtoa:dtoa.obj
 0002:000035a0       __real@3fe0000000000000    0000000000019800     LibGdtoa:dtoa.obj
 0002:000035a8       __real@3ff0000000000000    0000000000019808     LibGdtoa:dtoa.obj
 0002:000035b0       __real@3ff8000000000000    0000000000019810     LibGdtoa:dtoa.obj
 0002:000035b8       __real@4014000000000000    0000000000019818     LibGdtoa:dtoa.obj
 0002:000035c0       __real@401c000000000000    0000000000019820     LibGdtoa:dtoa.obj
 0002:000035c8       __real@4024000000000000    0000000000019828     LibGdtoa:dtoa.obj
 0002:000035d0       __real@75154fdd7f73bf3c    0000000000019830     LibGdtoa:dtoa.obj
 0002:000035d8       __real@c014000000000000    0000000000019838     LibGdtoa:dtoa.obj
 0002:000035e0       __xmm@80000000000000008000000000000000 0000000000019840     LibGdtoa:dtoa.obj
 0002:00003720       gST                        0000000000019980     UefiBootServicesTableLib:UefiBootServicesTableLib.obj
 0002:00003728       gImageHandle               0000000000019988     UefiBootServicesTableLib:UefiBootServicesTableLib.obj
 0002:00003730       gBS                        0000000000019990     UefiBootServicesTableLib:UefiBootServicesTableLib.obj
 0002:00003738       EFIerrno                   0000000000019998     LibC:errno.obj
 0002:00003740       errno                      00000000000199a0     LibC:errno.obj
 0002:00003748       gRT                        00000000000199a8     UefiRuntimeServicesTableLib:UefiRuntimeServicesTableLib.obj
 0002:00003750       __wchar_bitmap             00000000000199b0     LibWchar:ConsDecons.obj
 0002:00003758       gHiiString                 00000000000199b8     UefiHiiServicesLib:UefiHiiServicesLib.obj
 0002:00003760       gHiiFont                   00000000000199c0     UefiHiiServicesLib:UefiHiiServicesLib.obj
 0002:00003768       gHiiConfigRouting          00000000000199c8     UefiHiiServicesLib:UefiHiiServicesLib.obj
 0002:00003770       gHiiImage                  00000000000199d0     UefiHiiServicesLib:UefiHiiServicesLib.obj
 0002:00003778       gHiiDatabase               00000000000199d8     UefiHiiServicesLib:UefiHiiServicesLib.obj
 0002:00003780       lclptr                     00000000000199e0     LibTime:ZoneProc.obj
 0002:00003788       gmtptr                     00000000000199e8     LibTime:ZoneProc.obj
 0002:000037b0       daDefaultDevice            0000000000019a10     DevUtility:DevGenisis.obj
 0002:000054f0       __dtoa_result_D2A          000000000001b750     <common>
 0002:00005500       __sFext                    000000000001b760     <common>
 0002:000055f0       __sdidinit                 000000000001b850     <common>
 0002:00005600       mBuffer                    000000000001b860     <common>
 0002:00015600       mEslLayer                  000000000002b860     <common>
 0002:00015648       __wchar_bitmap_size        000000000002b8a8     <common>
 0002:00015650       gEfiShellParametersProtocol 000000000002b8b0     <common>
 0002:00015660       FileFunctionMap            000000000002b8c0     <common>
 0002:000156b0       mEfiShellEnvironment2      000000000002b910     <common>
 0002:000156b8       mEfiShellInterface         000000000002b918     <common>
 0002:000156c0       gEfiShellProtocol          000000000002b920     <common>
 0002:000156c8       mUnicodeCollationProtocol  000000000002b928     <common>
 0002:000156d0       mEfiShellEnvironment2Handle 000000000002b930     <common>
 0002:000156d8       gMD                        000000000002b938     <common>

 entry point at        0001:0000010c

 Static symbols

 0001:000019dc       da_ConSeek                 0000000000001c7c f   DevConsole:daConsole.obj
 0001:00001a4c       da_ConWrite                0000000000001cec f   DevConsole:daConsole.obj
 0001:00001af4       da_ConRawRead              0000000000001d94 f   DevConsole:daConsole.obj
 0001:00001ba4       da_ConRead                 0000000000001e44 f   DevConsole:daConsole.obj
 0001:00001c9c       da_ConStat                 0000000000001f3c f   DevConsole:daConsole.obj
 0001:00001d78       da_ConIoctl                0000000000002018 f   DevConsole:daConsole.obj
 0001:00001dfc       da_ConFlush                000000000000209c f   DevConsole:daConsole.obj
 0001:00001eb0       da_ConClose                0000000000002150 f   DevConsole:daConsole.obj
 0001:00001f14       da_ConPoll                 00000000000021b4 f   DevConsole:daConsole.obj
 0001:0000224c       da_ShellClose              00000000000024ec f   DevShell:daShell.obj
 0001:00002274       da_ShellDelete             0000000000002514 f   DevShell:daShell.obj
 0001:000022a4       da_ShellSeek               0000000000002544 f   DevShell:daShell.obj
 0001:00002388       da_ShellMkdir              0000000000002628 f   DevShell:daShell.obj
 0001:000024c4       da_ShellRead               0000000000002764 f   DevShell:daShell.obj
 0001:0000255c       da_ShellWrite              00000000000027fc f   DevShell:daShell.obj
 0001:00002608       da_ShellStat               00000000000028a8 f   DevShell:daShell.obj
 0001:000026e0       da_ShellIoctl              0000000000002980 f   DevShell:daShell.obj
 0001:00002a78       da_ShellPoll               0000000000002d18 f   DevShell:daShell.obj
 0001:00002aac       da_ShellRename             0000000000002d4c f   DevShell:daShell.obj
 0001:00002c20       da_ShellRmdir              0000000000002ec0 f   DevShell:daShell.obj
 0001:00009770       timesub                    0000000000009a10 f   LibTime:Time.obj
 0001:00009a68       normalize_overflow         0000000000009d08 f   LibTime:Time.obj
 0001:00009ac0       time2sub                   0000000000009d60 f   LibTime:Time.obj
 0001:00009f3c       time1                      000000000000a1dc f   LibTime:Time.obj
 0001:0000a258       localsub                   000000000000a4f8 f   LibTime:Time.obj
 0001:0000a45c       settzname                  000000000000a6fc f   LibTime:ZoneProc.obj
 0001:0000a50c       getnum                     000000000000a7ac f   LibTime:ZoneProc.obj
 0001:0000a54c       getsecs                    000000000000a7ec f   LibTime:ZoneProc.obj
 0001:0000a5f4       getrule                    000000000000a894 f   LibTime:ZoneProc.obj
 0001:0000a6ec       transtime                  000000000000a98c f   LibTime:ZoneProc.obj
 0001:0000a8ec       tzparse                    000000000000ab8c f   LibTime:ZoneProc.obj
 0001:0000af18       ProcessOneByte             000000000000b1b8 f   LibLocale:multibyte_Utf8.obj
 0001:0000c008       __sbprintf                 000000000000c2a8 f   LibStdio:vfprintf.obj
 0001:0000c0dc       __ultoa                    000000000000c37c f   LibStdio:vfprintf.obj
 0001:0000c21c       __ujtoa                    000000000000c4bc f   LibStdio:vfprintf.obj
 0001:0000c3a8       __wcsconv                  000000000000c648 f   LibStdio:vfprintf.obj
 0001:0000e54c       __find_arguments           000000000000e7ec f   LibStdio:vfprintf.obj
 0001:0000ef4c       __grow_type_table          000000000000f1ec f   LibStdio:vfprintf.obj
 0001:0000f008       cvt                        000000000000f2a8 f   LibStdio:vfprintf.obj
 0001:0000f13c       exponent                   000000000000f3dc f   LibStdio:vfprintf.obj
 0001:00010f28       BuildBitmap                00000000000111c8 f   LibWchar:Searching.obj
 0001:00010f94       IIO_Read                   0000000000011234 f   LibIIO:IIO.obj
 0001:000110ac       IIO_Write                  000000000001134c f   LibIIO:IIO.obj
 0001:000112d0       IIO_Echo                   0000000000011570 f   LibIIO:IIO.obj
 0001:00011484       IIO_Delete                 0000000000011724 f   LibIIO:IIO.obj
 0001:00013c0c       __wctoint                  0000000000013eac f   LibLocale:wcstol.obj
 0001:00013fcc       FIFO_NumInQueue            000000000001426c f   LibContainer:Fifo.obj
 0001:00013ff8       FIFO_FreeSpace             0000000000014298 f   LibContainer:Fifo.obj
 0001:00014028       FIFO_IsEmpty               00000000000142c8 f   LibContainer:Fifo.obj
 0001:00014068       FIFO_IsFull                0000000000014308 f   LibContainer:Fifo.obj
 0001:000140c4       FIFO_Enqueue               0000000000014364 f   LibContainer:Fifo.obj
 0001:000141d4       FIFO_Dequeue               0000000000014474 f   LibContainer:Fifo.obj
 0001:000142f0       FIFO_Read                  0000000000014590 f   LibContainer:Fifo.obj
 0001:000142f8       FIFO_Copy                  0000000000014598 f   LibContainer:Fifo.obj
 0001:00014300       FIFO_GetRDex               00000000000145a0 f   LibContainer:Fifo.obj
 0001:00014338       FIFO_GetWDex               00000000000145d8 f   LibContainer:Fifo.obj
[...]
 0004:00000048       $unwind$EslTcp4PortClose   000000000002c728     EfiSocketLib:Tcp4.obj
 0004:00000048       $unwind$FIFO_GetRDex       000000000002c728     LibContainer:Fifo.obj
 0004:00000050       $unwind$EslSocketTxComplete 000000000002c730     EfiSocketLib:Socket.obj
 0004:00000050       $unwind$InternalPrint      000000000002c730     UefiLib:UefiLibPrint.obj
 0004:00000050       $unwind$EslUdp4Receive     000000000002c730     EfiSocketLib:Udp4.obj
 0004:00000050       $unwind$EslUdp6Receive     000000000002c730     EfiSocketLib:Udp6.obj
 0004:00000064       $unwind$printf             000000000002c744     LibStdio:printf.obj
 0004:00000064       $unwind$Print              000000000002c744     UefiLib:UefiLibPrint.obj
 0004:0000006c       $unwind$ShellFindSE2       000000000002c74c     UefiShellLib:UefiShellLib.obj
 0004:00000080       $unwind$EslTcp6PortAllocate 000000000002c760     EfiSocketLib:Tcp6.obj
 0004:00000080       $unwind$EslTcp4PortAllocate 000000000002c760     EfiSocketLib:Tcp4.obj
 0004:00000080       $unwind$free               000000000002c760     LibStdLib:Malloc.obj
 0004:00000080       $unwind$ShellLibConstructorWorker 000000000002c760     UefiShellLib:UefiShellLib.obj
 0004:0000008c       $unwind$EslTcp4RemoteAddressSet 000000000002c76c     EfiSocketLib:Tcp4.obj
 0004:0000008c       $unwind$__Balloc_D2A       000000000002c76c     LibGdtoa:misc.obj
 0004:0000008c       $unwind$EslUdp6RemoteAddressGet 000000000002c76c     EfiSocketLib:Udp6.obj
 0004:0000008c       $unwind$ShellLibDestructor 000000000002c76c     UefiShellLib:UefiShellLib.obj
 0004:0000008c       $unwind$EslUdp6RemoteAddressSet 000000000002c76c     EfiSocketLib:Udp6.obj
 0004:0000008c       $unwind$InternalBaseLibIsListValid 000000000002c76c     BaseLib:LinkedList.obj
 0004:0000008c       $unwind$FIFO_IsFull        000000000002c76c     LibContainer:Fifo.obj
 0004:0000008c       $unwind$da_ShellStat       000000000002c76c     DevShell:daShell.obj
 0004:0000008c       $unwind$time               000000000002c76c     LibTime:Time.obj
 0004:0000008c       $unwind$New_cFIFO          000000000002c76c     LibContainer:Fifo.obj
 0004:0000008c       $unwind$da_ConClose        000000000002c76c     DevConsole:daConsole.obj
 0004:0000008c       $unwind$EslTcp4RemoteAddressGet 000000000002c76c     EfiSocketLib:Tcp4.obj
 0004:0000008c       $unwind$GetNextNode        000000000002c76c     BaseLib:LinkedList.obj
 0004:0000008c       $unwind$__Cons_deconstruct 000000000002c76c     DevConsole:daConsole.obj
 0004:0000008c       $unwind$AsciiStrCmp        000000000002c76c     BaseLib:String.obj
 0004:0000008c       $unwind$InsertTailList     000000000002c76c     BaseLib:LinkedList.obj
 0004:0000008c       $unwind$BuildBitmap        000000000002c76c     LibWchar:Searching.obj
 0004:0000008c       $unwind$IsNodeInList       000000000002c76c     BaseLib:LinkedList.obj
 0004:0000008c       $unwind$EslSocketPortCloseComplete 000000000002c76c     EfiSocketLib:Socket.obj
 0004:0000008c       $unwind$EslTcp6ConnectComplete 000000000002c76c     EfiSocketLib:Tcp6.obj
 0004:0000008c       $unwind$EstimateWtoM       000000000002c76c     LibLocale:multibyte_Utf8.obj
 0004:0000008c       $unwind$AllocateCopyPool   000000000002c76c     UefiMemoryAllocationLib:MemoryAllocationLib.obj
 0004:0000008c       $unwind$LShiftU64          000000000002c76c     BaseLib:LShiftU64.obj
 0004:0000008c       $unwind$wcrtomb            000000000002c76c     LibLocale:multibyte_Utf8.obj
 0004:0000008c       $unwind$EslUdp4RemoteAddressGet 000000000002c76c     EfiSocketLib:Udp4.obj
 0004:0000008c       $unwind$EslTcp6LocalAddressGet 000000000002c76c     EfiSocketLib:Tcp6.obj
 0004:0000008c       $unwind$calloc             000000000002c76c     LibStdLib:Malloc.obj
 0004:0000008c       $unwind$EslSocketPortCloseTxDone 000000000002c76c     EfiSocketLib:Socket.obj
 0004:0000008c       $unwind$LongJump           000000000002c76c     BaseLib:LongJump.obj
 0004:0000008c       $unwind$EslUdp6LocalAddressGet 000000000002c76c     EfiSocketLib:Udp6.obj
 0004:0000008c       $unwind$EslTcp4LocalAddressGet 000000000002c76c     EfiSocketLib:Tcp4.obj
 0004:0000008c       $unwind$AsciiStrLen        000000000002c76c     BaseLib:String.obj
 0004:0000008c       $unwind$EslUdp4LocalAddressGet 000000000002c76c     EfiSocketLib:Udp4.obj
 0004:0000008c       $unwind$EslTcp4ConnectComplete 000000000002c76c     EfiSocketLib:Tcp4.obj
 0004:0000008c       $unwind$__swsetup          000000000002c76c     LibStdio:wsetup.obj
 0004:0000008c       $unwind$EslTcp6RemoteAddressGet 000000000002c76c     EfiSocketLib:Tcp6.obj
 0004:0000008c       $unwind$IIO_GetCursorPosition 000000000002c76c     LibIIO:IIOutilities.obj
 0004:0000008c       $unwind$EslTcp6RemoteAddressSet 000000000002c76c     EfiSocketLib:Tcp6.obj
 0004:0000008c       $unwind$ZeroMem            000000000002c76c     BaseMemoryLib:ZeroMemWrapper.obj
 0004:00000098       $unwind$ShellOpenFileByDevicePath 000000000002c778     UefiShellLib:UefiShellLib.obj
 0004:000000b4       $unwind$ShellOpenFileByName 000000000002c794     UefiShellLib:UefiShellLib.obj
 0004:000000c4       $unwind$ShellFindFirstFile 000000000002c7a4     UefiShellLib:UefiShellLib.obj
 0004:000000d4       $unwind$strerror           000000000002c7b4     LibString:Misc.obj
 0004:000000d4       $unwind$abort              000000000002c7b4     LibStdLib:Environs.obj
 0004:000000d4       $unwind$__dtor_DevShell    000000000002c7b4     DevShell:daShell.obj
 0004:000000d4       $unwind$isatty             000000000002c7b4     LibUefi:SysCalls.obj
 0004:000000d4       $unwind$strerror_r         000000000002c7b4     LibString:Misc.obj
 0004:000000d4       $unwind$exit               000000000002c7b4     LibStdLib:Environs.obj
 0004:000000d4       $unwind$da_ShellClose      000000000002c7b4     DevShell:daShell.obj
 0004:000000d4       $unwind$UefiHiiServicesLibConstructor 000000000002c7b4     UefiHiiServicesLib:UefiHiiServicesLib.obj
 0004:000000d4       $unwind$__wchar_construct  000000000002c7b4     LibWchar:ConsDecons.obj
 0004:000000d4       $unwind$BslFdToSocketProtocol 000000000002c7b4     BsdSocketLib:socket.obj
 0004:000000d4       $unwind$__wchar_deconstruct 000000000002c7b4     LibWchar:ConsDecons.obj
 0004:000000d4       $unwind$da_ShellDelete     000000000002c7b4     DevShell:daShell.obj
 0004:000000d4       $unwind$StrSize            000000000002c7b4     BaseLib:String.obj
 0004:000000d4       $unwind$InternalAllocatePool 000000000002c7b4     UefiMemoryAllocationLib:MemoryAllocationLib.obj
 0004:000000d4       $unwind$IIO_GetDeviceProto 000000000002c7b4     LibIIO:IIOutilities.obj
 0004:000000d4       $unwind$BslSocketPoll      000000000002c7b4     BsdSocketLib:poll.obj
 0004:000000dc       $unwind$EslSocketClosePoll 000000000002c7bc     EfiSocketLib:Socket.obj
 0004:000000dc       $unwind$PathCleanUpDirectories 000000000002c7bc     BaseLib:FilePaths.obj
 0004:000000dc       $unwind$AsciiStrToUnicodeStr 000000000002c7bc     BaseLib:String.obj
 0004:000000dc       $unwind$da_ShellIoctl      000000000002c7bc     DevShell:daShell.obj
 0004:000000dc       $unwind$da_ShellRename     000000000002c7bc     DevShell:daShell.obj
 0004:000000dc       $unwind$__DevSearch        000000000002c7bc     DevUtility:DevSearch.obj
 0004:000000dc       $unwind$EslSocketTxStart   000000000002c7bc     EfiSocketLib:Socket.obj
 0004:000000dc       $unwind$ClassifyPath       000000000002c7bc     DevUtility:Path.obj
 0004:000000dc       $unwind$EslTcp6Receive     000000000002c7bc     EfiSocketLib:Tcp6.obj
 0004:000000dc       $unwind$EslTcp6LocalAddressSet 000000000002c7bc     EfiSocketLib:Tcp6.obj
 0004:000000dc       $unwind$wcsrtombs          000000000002c7bc     LibLocale:multibyte_Utf8.obj
 0004:000000dc       $unwind$fflush             000000000002c7bc     LibStdio:fflush.obj
 0004:000000dc       $unwind$da_ConWrite        000000000002c7bc     DevConsole:daConsole.obj
 0004:000000dc       $unwind$UnicodeStrToAsciiStr 000000000002c7bc     BaseLib:String.obj
 0004:000000dc       $unwind$StrnCpy            000000000002c7bc     BaseLib:String.obj
 0004:000000dc       $unwind$EslTcp4Receive     000000000002c7bc     EfiSocketLib:Tcp4.obj
 0004:000000dc       $unwind$DecodeOneStateful  000000000002c7bc     LibLocale:multibyte_Utf8.obj
 0004:000000f4       $unwind$da_ConRawRead      000000000002c7d4     DevConsole:daConsole.obj
 0004:000000f4       $unwind$da_ShellSeek       000000000002c7d4     DevShell:daShell.obj
 0004:000000f4       $unwind$da_ShellWrite      000000000002c7d4     DevShell:daShell.obj
 0004:000000f4       $unwind$localsub           000000000002c7d4     LibTime:Time.obj
 0004:000000f4       $unwind$da_ShellRead       000000000002c7d4     DevShell:daShell.obj
 0004:000000f4       $unwind$EslSocketOptionSet 000000000002c7d4     EfiSocketLib:Socket.obj
 0004:00000104       $unwind$da_ConRead         000000000002c7e4     DevConsole:daConsole.obj
 0004:0000011c       $unwind$da_ConStat         000000000002c7fc     DevConsole:daConsole.obj
 0004:00000124       $unwind$EslTcp4LocalAddressSet 000000000002c804     EfiSocketLib:Tcp4.obj
 0004:00000124       $unwind$da_ConFlush        000000000002c804     DevConsole:daConsole.obj
 0004:00000124       $unwind$EslSocketPortClose 000000000002c804     EfiSocketLib:Socket.obj
 0004:00000124       $unwind$__multadd_D2A      000000000002c804     LibGdtoa:misc.obj
 0004:00000124       $unwind$StrnCmp            000000000002c804     BaseLib:String.obj
 0004:00000124       $unwind$CompareGuid        000000000002c804     BaseMemoryLib:MemLibGuid.obj
 0004:00000124       $unwind$EslUdp6LocalAddressSet 000000000002c804     EfiSocketLib:Udp6.obj
 0004:00000124       $unwind$AsciiStrnCpy       000000000002c804     BaseLib:String.obj
 0004:00000124       $unwind$InternalMemSetMem  000000000002c804     BaseMemoryLib:SetMem.obj
 0004:00000124       $unwind$__DevRegister      000000000002c804     DevUtility:DevGenisis.obj
 0004:00000124       $unwind$EslUdp4LocalAddressSet 000000000002c804     EfiSocketLib:Udp4.obj
 0004:00000138       $unwind$__Cons_construct   000000000002c818     DevConsole:daConsole.obj
 0004:00000138       $unwind$EslSocketTransmit  000000000002c818     EfiSocketLib:Socket.obj
 0004:00000154       $unwind$da_ShellMkdir      000000000002c834     DevShell:daShell.obj
 0004:00000168       $unwind$da_ShellOpen       000000000002c848     DevShell:daShell.obj
 0004:00000180       $unwind$da_ShellRmdir      000000000002c860     DevShell:daShell.obj
 0004:00000194       $unwind$__ujtoa            000000000002c874     LibStdio:vfprintf.obj
 0004:00000194       $unwind$__ctor_DevShell    000000000002c874     DevShell:daShell.obj
 0004:0000019c       $unwind$EslServiceNetworkConnect 000000000002c87c     EfiSocketLib:UseEfiSocketLib.obj
 0004:000001b0       $unwind$EslServiceNetworkDisconnect 000000000002c890     EfiSocketLib:UseEfiSocketLib.obj
 0004:000001c4       $unwind$EslServiceConnect  000000000002c8a4     EfiSocketLib:Service.obj
 0004:000001dc       $unwind$EslSocket          000000000002c8bc     EfiSocketLib:Socket.obj
 0004:000001ec       $unwind$FIFO_Enqueue       000000000002c8cc     LibContainer:Fifo.obj
 0004:000001ec       $unwind$EslSocketGetPeerAddress 000000000002c8cc     EfiSocketLib:Socket.obj
 0004:000001ec       $unwind$EslSocketAccept    000000000002c8cc     EfiSocketLib:Socket.obj
 0004:000001ec       $unwind$EslSocketGetLocalAddress 000000000002c8cc     EfiSocketLib:Socket.obj
 0004:000001ec       $unwind$EslSocketRxComplete 000000000002c8cc     EfiSocketLib:Socket.obj
 0004:000001ec       $unwind$EslSocketCopyFragmentedBuffer 000000000002c8cc     EfiSocketLib:Socket.obj
 0004:00000208       $unwind$EslSocketAllocate  000000000002c8e8     EfiSocketLib:Socket.obj
 0004:00000220       $unwind$EslSocketBind      000000000002c900     EfiSocketLib:Socket.obj
 0004:00000234       $unwind$EslSocketCloseStart 000000000002c914     EfiSocketLib:Socket.obj
 0004:0000024c       $unwind$EslSocketConnect   000000000002c92c     EfiSocketLib:Socket.obj
 0004:0000024c       $unwind$EslUdp4SocketIsConfigured 000000000002c92c     EfiSocketLib:Udp4.obj
 0004:00000268       $unwind$EslSocketListen    000000000002c948     EfiSocketLib:Socket.obj
 0004:00000268       $unwind$EslTcp6Listen      000000000002c948     EfiSocketLib:Tcp6.obj
 0004:00000268       $unwind$EslSocketIoInit    000000000002c948     EfiSocketLib:Socket.obj
 0004:00000268       $unwind$EslTcp4Listen      000000000002c948     EfiSocketLib:Tcp4.obj
 0004:00000280       $unwind$EslSocketOptionGet 000000000002c960     EfiSocketLib:Socket.obj
 0004:00000298       $unwind$EslSocketPacketAllocate 000000000002c978     EfiSocketLib:Socket.obj
 0004:000002ac       $unwind$__quorem_D2A       000000000002c98c     LibGdtoa:dmisc.obj
 0004:000002ac       $unwind$EslSocketPoll      000000000002c98c     EfiSocketLib:Socket.obj
 0004:000002ac       $unwind$FIFO_Dequeue       000000000002c98c     LibContainer:Fifo.obj
 0004:000002ac       $unwind$__mult_D2A         000000000002c98c     LibGdtoa:misc.obj
 0004:000002c8       $unwind$EslSocketPortAllocate 000000000002c9a8     EfiSocketLib:Socket.obj
 0004:000002e4       $unwind$EslSocketReceive   000000000002c9c4     EfiSocketLib:Socket.obj
 0004:00000300       $unwind$EslSocketRxStart   000000000002c9e0     EfiSocketLib:Socket.obj
 0004:00000314       $unwind$EslSocketShutdown  000000000002c9f4     EfiSocketLib:Socket.obj
 0004:00000314       $unwind$__grow_type_table  000000000002c9f4     LibStdio:vfprintf.obj
 0004:00000314       $unwind$__diff_D2A         000000000002c9f4     LibGdtoa:misc.obj
 0004:0000032c       $unwind$EslTcp6ConnectStart 000000000002ca0c     EfiSocketLib:Tcp6.obj
 0004:0000032c       $unwind$EslTcp4ConnectStart 000000000002ca0c     EfiSocketLib:Tcp4.obj
 0004:00000344       $unwind$EslTcp6ListenComplete 000000000002ca24     EfiSocketLib:Tcp6.obj
 0004:00000358       $unwind$EslTcp4TxBuffer    000000000002ca38     EfiSocketLib:Tcp4.obj
 0004:00000358       $unwind$EslTcp6TxBuffer    000000000002ca38     EfiSocketLib:Tcp6.obj
 0004:00000370       $unwind$EslTcp4TxOobComplete 000000000002ca50     EfiSocketLib:Tcp4.obj
 0004:00000370       $unwind$EslUdp6TxComplete  000000000002ca50     EfiSocketLib:Udp6.obj
 0004:00000370       $unwind$EslTcp6TxComplete  000000000002ca50     EfiSocketLib:Tcp6.obj
 0004:00000370       $unwind$EslIp4TxComplete   000000000002ca50     EfiSocketLib:Ip4.obj
 0004:00000370       $unwind$EslUdp4TxComplete  000000000002ca50     EfiSocketLib:Udp4.obj
 0004:00000370       $unwind$EslTcp6TxOobComplete 000000000002ca50     EfiSocketLib:Tcp6.obj
 0004:00000370       $unwind$EslTcp4TxComplete  000000000002ca50     EfiSocketLib:Tcp4.obj
 0004:00000378       $unwind$EslUdp6VerifyLocalIpAddress 000000000002ca58     EfiSocketLib:Udp6.obj
 0004:00000378       $unwind$EslTcp6VerifyLocalIpAddress 000000000002ca58     EfiSocketLib:Tcp6.obj
 0004:00000388       $unwind$realloc            000000000002ca68     LibStdLib:Malloc.obj
 0004:00000388       $unwind$EslIp4Receive      000000000002ca68     EfiSocketLib:Ip4.obj
 0004:000003a0       $unwind$EslIp4SocketIsConfigured 000000000002ca80     EfiSocketLib:Ip4.obj
 0004:000003bc       $unwind$EslIp4TxBuffer     000000000002ca9c     EfiSocketLib:Ip4.obj
 0004:000003bc       $unwind$EslUdp6TxBuffer    000000000002ca9c     EfiSocketLib:Udp6.obj
 0004:000003d8       $unwind$EslUdp4VerifyLocalIpAddress 000000000002cab8     EfiSocketLib:Udp4.obj
 0004:000003d8       $unwind$EslTcp4VerifyLocalIpAddress 000000000002cab8     EfiSocketLib:Tcp4.obj
 0004:000003d8       $unwind$EslIp4VerifyLocalIpAddress 000000000002cab8     EfiSocketLib:Ip4.obj
 0004:000003e8       $unwind$EslTcp4ListenComplete 000000000002cac8     EfiSocketLib:Tcp4.obj
 0004:000003fc       $unwind$EslUdp4TxBuffer    000000000002cadc     EfiSocketLib:Udp4.obj
 0004:00000414       $unwind$EslUdp6SocketIsConfigured 000000000002caf4     EfiSocketLib:Udp6.obj
 0004:0000042c       $unwind$main               000000000002cb0c     RecvDgram:RecvDgram.obj
 0004:00000434       $unwind$timesub            000000000002cb14     LibTime:Time.obj
 0004:00000448       $unwind$normalize_overflow 000000000002cb28     LibTime:Time.obj
 0004:00000450       $unwind$time2sub           000000000002cb30     LibTime:Time.obj
 0004:00000468       $unwind$time1              000000000002cb48     LibTime:Time.obj
 0004:00000488       $unwind$Time2Efi           000000000002cb68     LibTime:TimeEfi.obj
 0004:00000494       $unwind$transtime          000000000002cb74     LibTime:ZoneProc.obj
 0004:000004ac       $unwind$tzparse            000000000002cb8c     LibTime:ZoneProc.obj
 0004:000004c4       $unwind$ParsePath          000000000002cba4     DevUtility:Path.obj
 0004:000004dc       $unwind$open               000000000002cbbc     LibUefi:SysCalls.obj
 0004:000004f0       $unwind$__sbprintf         000000000002cbd0     LibStdio:vfprintf.obj
 0004:00000504       $unwind$__wcsconv          000000000002cbe4     LibStdio:vfprintf.obj
 0004:00000514       $unwind$__vfprintf_unlocked 000000000002cbf4     LibStdio:vfprintf.obj
 0004:00000530       $unwind$__find_arguments   000000000002cc10     LibStdio:vfprintf.obj
 0004:00000548       $unwind$cvt                000000000002cc28     LibStdio:vfprintf.obj
 0004:00000568       $unwind$exponent           000000000002cc48     LibStdio:vfprintf.obj
 0004:00000570       $unwind$__sfvwrite         000000000002cc50     LibStdio:fvwrite.obj
 0004:00000588       $unwind$__smakebuf         000000000002cc68     LibStdio:makebuf.obj
 0004:00000598       $unwind$__swhatbuf         000000000002cc78     LibStdio:makebuf.obj
 0004:000005ac       $unwind$malloc             000000000002cc8c     LibStdLib:Malloc.obj
 0004:000005b8       $unwind$AsciiSPrint        000000000002cc98     BasePrintLib:PrintLib.obj
 0004:000005c0       $unwind$BasePrintLibValueToString 000000000002cca0     BasePrintLib:PrintLibInternal.obj
 0004:000005c0       $unwind$FileHandleGetInfo  000000000002cca0     UefiFileHandleLib:UefiFileHandleLib.obj
 0004:000005cc       $unwind$BasePrintLibSPrintMarker 000000000002ccac     BasePrintLib:PrintLibInternal.obj
 0004:000005e8       $unwind$BasePrintLibSPrint 000000000002ccc8     BasePrintLib:PrintLibInternal.obj
 0004:000005f0       $unwind$__assert           000000000002ccd0     LibC:assert.obj
 0004:000005f0       $unwind$BslSocketRead      000000000002ccd0     BsdSocketLib:read.obj
 0004:000005f8       $unwind$IIO_Read           000000000002ccd8     LibIIO:IIO.obj
 0004:0000060c       $unwind$IIO_Write          000000000002ccec     LibIIO:IIO.obj
 0004:00000624       $unwind$IIO_Echo           000000000002cd04     LibIIO:IIO.obj
 0004:00000640       $unwind$IIO_Delete         000000000002cd20     LibIIO:IIO.obj
 0004:00000648       $unwind$New_cIIO           000000000002cd28     LibIIO:IIO.obj
 0004:00000654       $unwind$IIO_GetOutputSize  000000000002cd34     LibIIO:IIOutilities.obj
 0004:00000668       $unwind$IIO_WriteOne       000000000002cd48     LibIIO:IIOwrite.obj
 0004:00000684       $unwind$IIO_EchoOne        000000000002cd64     LibIIO:IIOecho.obj
 0004:0000069c       $unwind$IIO_CanonRead      000000000002cd7c     LibIIO:CanonRead.obj
 0004:000006b4       $unwind$setsockopt         000000000002cd94     BsdSocketLib:setsockopt.obj
 0004:000006c4       $unwind$recvfrom           000000000002cda4     BsdSocketLib:recvfrom.obj
 0004:000006e0       $unwind$socket             000000000002cdc0     BsdSocketLib:socket.obj
 0004:000006f4       $unwind$BslSocketWrite     000000000002cdd4     BsdSocketLib:write.obj
 0004:00000708       $unwind$__dtoa             000000000002cde8     LibGdtoa:dtoa.obj
 0004:00000728       $unwind$__lshift_D2A       000000000002ce08     LibGdtoa:misc.obj
 0004:00000744       $unwind$__d2b_D2A          000000000002ce24     LibGdtoa:misc.obj
 0004:00000750       $unwind$StrnCat            000000000002ce30     BaseLib:String.obj
