 MyPciScan_v1

 Timestamp is 5fb887b7 (Sat Nov 21 11:21:27 2020)

 Preferred load address is 0000000000000000

 Start         Length     Name                   Class
 0001:00000000 00001996H .text$mn                CODE
 0002:00000000 000000a0H .data                   DATA
 0002:000000a0 00000770H .rdata                  DATA
 0002:00000810 00000078H .bss                    DATA
 0002:00000888 00000080H .rdata$zzzdbg           DATA
 0003:00000000 00000108H .pdata                  DATA
 0004:00000000 000000c4H .xdata                  DATA

  Address         Publics by Value              Rva+Base               Lib:Object

 0000:00000000       __guard_iat_count          0000000000000000     <absolute>
 0000:00000000       __guard_flags              0000000000000000     <absolute>
 0000:00000000       __guard_longjmp_table      0000000000000000     <absolute>
 0000:00000000       __guard_longjmp_count      0000000000000000     <absolute>
 0000:00000000       __dynamic_value_reloc_table 0000000000000000     <absolute>
 0000:00000000       __guard_iat_table          0000000000000000     <absolute>
 0000:00000000       __guard_fids_count         0000000000000000     <absolute>
 0000:00000000       __guard_fids_table         0000000000000000     <absolute>
 0001:00000000       _ModuleEntryPoint          0000000000000280 f   UefiApplicationEntryPoint:ApplicationEntryPoint.obj
 0001:00000030       ProcessLibraryConstructorList 00000000000002b0 f   MyPciScan_v1:AutoGen.obj
 0001:00000124       ProcessModuleEntryPointList 00000000000003a4 f   MyPciScan_v1:AutoGen.obj
 0001:00000230       DebugAssert                00000000000004b0 f   BaseDebugLibNull:DebugLib.obj
 0001:00000234       DebugAssertEnabled         00000000000004b4 f   BaseDebugLibNull:DebugLib.obj
 0001:00000238       InternalPrint              00000000000004b8 f   UefiLib:UefiLibPrint.obj
 0001:000002c0       Print                      0000000000000540 f   UefiLib:UefiLibPrint.obj
 0001:000002f0       ShellFindSE2               0000000000000570 f   UefiShellLib:UefiShellLib.obj
 0001:000004a0       ShellLibConstructorWorker  0000000000000720 f   UefiShellLib:UefiShellLib.obj
 0001:00000608       ShellLibDestructor         0000000000000888 f   UefiShellLib:UefiShellLib.obj
 0001:0000071c       InternalAllocatePool       000000000000099c f   UefiMemoryAllocationLib:MemoryAllocationLib.obj
 0001:0000074c       AllocateZeroPool           00000000000009cc f   UefiMemoryAllocationLib:MemoryAllocationLib.obj
 0001:00000774       BasePrintLibFillBuffer     00000000000009f4 f   BasePrintLib:PrintLibInternal.obj
 0001:000007a8       BasePrintLibValueToString  0000000000000a28 f   BasePrintLib:PrintLibInternal.obj
 0001:000007f8       BasePrintLibSPrintMarker   0000000000000a78 f   BasePrintLib:PrintLibInternal.obj
 0001:00001588       BasePrintLibSPrint         0000000000001808 f   BasePrintLib:PrintLibInternal.obj
 0001:000015ac       CompareGuid                000000000000182c f   BaseMemoryLib:MemLibGuid.obj
 0001:00001614       ZeroMem                    0000000000001894 f   BaseMemoryLib:ZeroMemWrapper.obj
 0001:00001694       InternalMemZeroMem         0000000000001914 f   BaseMemoryLib:MemLibGeneric.obj
 0001:0000169c       InternalMemSetMem          000000000000191c f   BaseMemoryLib:SetMem.obj
 0001:0000177c       ReadUnaligned16            00000000000019fc f   BaseLib:Unaligned.obj
 0001:000017b4       ReadUnaligned32            0000000000001a34 f   BaseLib:Unaligned.obj
 0001:000017ec       ReadUnaligned64            0000000000001a6c f   BaseLib:Unaligned.obj
 0001:00001824       AsciiStrnLenS              0000000000001aa4 f   BaseLib:SafeString.obj
 0001:00001850       StrnLenS                   0000000000001ad0 f   BaseLib:SafeString.obj
 0001:000018cc       LShiftU64                  0000000000001b4c f   BaseLib:LShiftU64.obj
 0001:00001918       InternalMathDivRemU64x32   0000000000001b98 f   BaseLib:Math64.obj
 0001:00001934       InternalMathLShiftU64      0000000000001bb4 f   BaseLib:Math64.obj
 0001:00001940       DivU64x32Remainder         0000000000001bc0 f   BaseLib:DivU64x32Remainder.obj
 0002:00000000       gEfiShellEnvironment2ExtGuid 0000000000001c20     MyPciScan_v1:AutoGen.obj
 0002:00000010       gEfiHiiConfigRoutingProtocolGuid 0000000000001c30     MyPciScan_v1:AutoGen.obj
 0002:00000020       gEfiHiiImageProtocolGuid   0000000000001c40     MyPciScan_v1:AutoGen.obj
 0002:00000030       gEfiShellParametersProtocolGuid 0000000000001c50     MyPciScan_v1:AutoGen.obj
 0002:00000040       gEfiHiiDatabaseProtocolGuid 0000000000001c60     MyPciScan_v1:AutoGen.obj
 0002:00000050       gEfiHiiStringProtocolGuid  0000000000001c70     MyPciScan_v1:AutoGen.obj
 0002:00000060       gEfiShellEnvironment2Guid  0000000000001c80     MyPciScan_v1:AutoGen.obj
 0002:00000070       gEfiShellProtocolGuid      0000000000001c90     MyPciScan_v1:AutoGen.obj
 0002:00000080       gEfiShellInterfaceGuid     0000000000001ca0     MyPciScan_v1:AutoGen.obj
 0002:00000090       gEfiHiiFontProtocolGuid    0000000000001cb0     MyPciScan_v1:AutoGen.obj
 0002:000000a0       ??_C@_0DG@EEENIGGL@Length?5?$DM?$DN?5?$CI0xFFFFFFFFFFFFFFFFULL@ 0000000000001cc0     BaseMemoryLib:MemLibGuid.obj
 0002:000000e0       ??_C@_0EE@DFOINNDI@d?3?2uefi_edk2_practice?2MdePkg?2Lib@ 0000000000001d00     BaseMemoryLib:ZeroMemWrapper.obj
 0002:00000128       ??_C@_0CD@BDCLIGHD@?$CI?$CIUINTN?$CJ?5String?5?$CG?50x00000001?$CJ?5?$DN?$DN@ 0000000000001d48     BaseLib:String.obj
 0002:00000150       ??_C@_0DJ@BBGKHIDL@d?3?2uefi_edk2_practice?2MdePkg?2Lib@ 0000000000001d70     BaseLib:Unaligned.obj
 0002:00000190       ??_C@_0N@KGHEHMDL@Divisor?5?$CB?$DN?50?$AA@ 0000000000001db0     BaseLib:DivU64x32.obj
 0002:000001a0       ??_C@_0DK@LCOMJOBN@d?3?2uefi_edk2_practice?2MdePkg?2Lib@ 0000000000001dc0     BaseLib:SafeString.obj
 0002:000001e0       ??_C@_0L@MEMPDLHB@Count?5?$DM?564?$AA@ 0000000000001e00     BaseLib:LShiftU64.obj
 0002:000001f0       ??_C@_0DJ@IALCBOOA@d?3?2uefi_edk2_practice?2MdePkg?2Lib@ 0000000000001e10     BaseLib:LShiftU64.obj
 0002:00000230       ??_C@_0EC@GDBMODPL@d?3?2uefi_edk2_practice?2MdePkg?2Lib@ 0000000000001e50     BaseLib:DivU64x32Remainder.obj
 0002:00000278       ??_C@_1DK@PHOMIPD@?$AAB?$AAu?$AAs?$AA?2?$AAD?$AAe?$AAv?$AA?2?$AAF?$AAu?$AAn?$AA?0?$AA?5?$AA?$CF?$AA0?$AA2?$AAx?$AA?2?$AA?$CF?$AA0?$AA2?$AAx?$AA?2?$AA?$CF?$AA0?$AA2?$AAx?$AA?6?$AA?$AA@ 0000000000001e98     MyPciScan_v1:PciScan_v1.obj
 0002:000002b8       ??_C@_1CE@EBCPKKPE@?$AAV?$AAe?$AAn?$AAd?$AAo?$AAr?$AA?5?$AAI?$AAd?$AA?5?$AA0?$AAx?$AA?$CF?$AA0?$AA4?$AAx?$AA?6?$AA?$AA@ 0000000000001ed8     MyPciScan_v1:PciScan_v1.obj
 0002:000002e0       ??_C@_1CE@CDMPHAJF@?$AAD?$AAe?$AAv?$AAi?$AAc?$AAe?$AA?5?$AAI?$AAd?$AA?5?$AA0?$AAx?$AA?$CF?$AA0?$AA4?$AAx?$AA?6?$AA?$AA@ 0000000000001f00     MyPciScan_v1:PciScan_v1.obj
 0002:00000308       ??_C@_1BE@EPIDJKKC@?$AAT?$AAo?$AAt?$AAa?$AAl?$AA?5?$AA?$CF?$AAd?$AA?6?$AA?$AA@ 0000000000001f28     MyPciScan_v1:PciScan_v1.obj
 0002:00000320       ??_C@_0BH@IACGKAP@Buffer?5?$CB?$DN?5?$CI?$CIvoid?5?$CK?$CJ?50?$CJ?$AA@ 0000000000001f40     UefiLib:UefiLibPrint.obj
 0002:00000338       ??_C@_07PBILKAFL@Success?$AA@ 0000000000001f58     BasePrintLib:PrintLibInternal.obj
 0002:00000340       ??_C@_0BG@CFJMNNJK@Warning?5Unknown?5Glyph?$AA@ 0000000000001f60     BasePrintLib:PrintLibInternal.obj
 0002:00000358       ??_C@_0BH@GKKCJEPJ@Warning?5Delete?5Failure?$AA@ 0000000000001f78     BasePrintLib:PrintLibInternal.obj
 0002:00000370       ??_C@_0BG@ECIJMOED@Warning?5Write?5Failure?$AA@ 0000000000001f90     BasePrintLib:PrintLibInternal.obj
 0002:00000388       ??_C@_0BJ@ODIPDGHB@Warning?5Buffer?5Too?5Small?$AA@ 0000000000001fa8     BasePrintLib:PrintLibInternal.obj
 0002:000003a8       ??_C@_0BD@IFJNJCCO@Warning?5Stale?5Data?$AA@ 0000000000001fc8     BasePrintLib:PrintLibInternal.obj
 0002:000003c0       ??_C@_0L@PLPBEPPC@Load?5Error?$AA@ 0000000000001fe0     BasePrintLib:PrintLibInternal.obj
 0002:000003d0       ??_C@_0BC@HOFHKGJN@Invalid?5Parameter?$AA@ 0000000000001ff0     BasePrintLib:PrintLibInternal.obj
 0002:000003e8       ??_C@_0M@BEECMOIL@Unsupported?$AA@ 0000000000002008     BasePrintLib:PrintLibInternal.obj
 0002:000003f8       ??_C@_0BA@FLNMPMCF@Bad?5Buffer?5Size?$AA@ 0000000000002018     BasePrintLib:PrintLibInternal.obj
 0002:00000408       ??_C@_0BB@EGELJFOB@Buffer?5Too?5Small?$AA@ 0000000000002028     BasePrintLib:PrintLibInternal.obj
 0002:00000420       ??_C@_09NKFGCIPN@Not?5Ready?$AA@ 0000000000002040     BasePrintLib:PrintLibInternal.obj
 0002:00000430       ??_C@_0N@HHEABDHO@Device?5Error?$AA@ 0000000000002050     BasePrintLib:PrintLibInternal.obj
 0002:00000440       ??_C@_0BA@LNEDDFNB@Write?5Protected?$AA@ 0000000000002060     BasePrintLib:PrintLibInternal.obj
 0002:00000450       ??_C@_0BB@GOILNEAA@Out?5of?5Resources?$AA@ 0000000000002070     BasePrintLib:PrintLibInternal.obj
 0002:00000468       ??_C@_0P@EIOJGIF@Volume?5Corrupt?$AA@ 0000000000002088     BasePrintLib:PrintLibInternal.obj
 0002:00000478       ??_C@_0M@HDLEPOFA@Volume?5Full?$AA@ 0000000000002098     BasePrintLib:PrintLibInternal.obj
 0002:00000488       ??_C@_08KEGAJDNN@No?5Media?$AA@ 00000000000020a8     BasePrintLib:PrintLibInternal.obj
 0002:00000498       ??_C@_0O@JNCJKCCD@Media?5changed?$AA@ 00000000000020b8     BasePrintLib:PrintLibInternal.obj
 0002:000004a8       ??_C@_09CFCBFJND@Not?5Found?$AA@ 00000000000020c8     BasePrintLib:PrintLibInternal.obj
 0002:000004b8       ??_C@_0O@NFHOBIDO@Access?5Denied?$AA@ 00000000000020d8     BasePrintLib:PrintLibInternal.obj
 0002:000004c8       ??_C@_0M@ENKCBFEP@No?5Response?$AA@ 00000000000020e8     BasePrintLib:PrintLibInternal.obj
 0002:000004d8       ??_C@_0L@IFPBNFC@No?5mapping?$AA@ 00000000000020f8     BasePrintLib:PrintLibInternal.obj
 0002:000004e8       ??_C@_08PAFJCNGP@Time?5out?$AA@ 0000000000002108     BasePrintLib:PrintLibInternal.obj
 0002:000004f8       ??_C@_0M@DCJFAFHJ@Not?5started?$AA@ 0000000000002118     BasePrintLib:PrintLibInternal.obj
 0002:00000508       ??_C@_0BA@IGIBFFPH@Already?5started?$AA@ 0000000000002128     BasePrintLib:PrintLibInternal.obj
 0002:00000518       ??_C@_07LCKDCBKK@Aborted?$AA@ 0000000000002138     BasePrintLib:PrintLibInternal.obj
 0002:00000520       ??_C@_0L@LKIFCMNO@ICMP?5Error?$AA@ 0000000000002140     BasePrintLib:PrintLibInternal.obj
 0002:00000530       ??_C@_0L@DJKNJKHM@TFTP?5Error?$AA@ 0000000000002150     BasePrintLib:PrintLibInternal.obj
 0002:00000540       ??_C@_0P@NCJHBCLM@Protocol?5Error?$AA@ 0000000000002160     BasePrintLib:PrintLibInternal.obj
 0002:00000550       ??_C@_0BF@EHOBGFMI@Incompatible?5Version?$AA@ 0000000000002170     BasePrintLib:PrintLibInternal.obj
 0002:00000568       ??_C@_0BD@KHMPCIOG@Security?5Violation?$AA@ 0000000000002188     BasePrintLib:PrintLibInternal.obj
 0002:00000580       ??_C@_09BOMAGJEG@CRC?5Error?$AA@ 00000000000021a0     BasePrintLib:PrintLibInternal.obj
 0002:00000590       ??_C@_0N@JEJDHPO@End?5of?5Media?$AA@ 00000000000021b0     BasePrintLib:PrintLibInternal.obj
 0002:000005a0       ??_C@_0O@NMJOLAMF@Reserved?5?$CI29?$CJ?$AA@ 00000000000021c0     BasePrintLib:PrintLibInternal.obj
 0002:000005b0       ??_C@_0O@GLPDOMCP@Reserved?5?$CI30?$CJ?$AA@ 00000000000021d0     BasePrintLib:PrintLibInternal.obj
 0002:000005c0       ??_C@_0M@FKGOBENP@End?5of?5File?$AA@ 00000000000021e0     BasePrintLib:PrintLibInternal.obj
 0002:000005d0       ??_C@_0BB@KFJAMCOC@Invalid?5Language?$AA@ 00000000000021f0     BasePrintLib:PrintLibInternal.obj
 0002:000005e8       ??_C@_0BB@MFGDFIJM@Compromised?5Data?$AA@ 0000000000002208     BasePrintLib:PrintLibInternal.obj
 0002:00000600       ??_C@_0O@MLOLIMFM@?$DMnull?5string?$DO?$AA@ 0000000000002220     BasePrintLib:PrintLibInternal.obj
 0002:00000610       ??_C@_0M@BJJDNPHK@?$DMnull?5guid?$DO?$AA@ 0000000000002230     BasePrintLib:PrintLibInternal.obj
 0002:00000620       ??_C@_0DB@PMLHLBMO@?$CF08x?9?$CF04x?9?$CF04x?9?$CF02x?$CF02x?9?$CF02x?$CF02x@ 0000000000002240     BasePrintLib:PrintLibInternal.obj
 0002:00000658       ??_C@_0M@LHGBCIKM@?$DMnull?5time?$DO?$AA@ 0000000000002278     BasePrintLib:PrintLibInternal.obj
 0002:00000668       ??_C@_0BK@FCPKCIDD@?$CF02d?1?$CF02d?1?$CF04d?5?5?$CF02d?3?$CF02d?$AA@ 0000000000002288     BasePrintLib:PrintLibInternal.obj
 0002:00000684       ??_C@_04JIMNDDED@?$CF08X?$AA@ 00000000000022a4     BasePrintLib:PrintLibInternal.obj
 0002:0000068c       ??_C@_02PCIJFNDE@?$AN?6?$AA@ 00000000000022ac     BasePrintLib:PrintLibInternal.obj
 0002:00000690       ??_C@_01LIIJDEN@?$AN?$AA@  00000000000022b0     BasePrintLib:PrintLibInternal.obj
 0002:000006a0       mStatusString              00000000000022c0     BasePrintLib:PrintLibInternal.obj
 0002:000007e0       mHexStr                    0000000000002400     BasePrintLib:PrintLibInternal.obj
 0002:00000810       gST                        0000000000002430     UefiBootServicesTableLib:UefiBootServicesTableLib.obj
 0002:00000818       gImageHandle               0000000000002438     UefiBootServicesTableLib:UefiBootServicesTableLib.obj
 0002:00000820       gBS                        0000000000002440     UefiBootServicesTableLib:UefiBootServicesTableLib.obj
 0002:00000828       gRT                        0000000000002448     UefiRuntimeServicesTableLib:UefiRuntimeServicesTableLib.obj
 0002:00000830       gHiiString                 0000000000002450     UefiHiiServicesLib:UefiHiiServicesLib.obj
 0002:00000838       gHiiFont                   0000000000002458     UefiHiiServicesLib:UefiHiiServicesLib.obj
 0002:00000840       gHiiConfigRouting          0000000000002460     UefiHiiServicesLib:UefiHiiServicesLib.obj
 0002:00000848       gHiiImage                  0000000000002468     UefiHiiServicesLib:UefiHiiServicesLib.obj
 0002:00000850       gHiiDatabase               0000000000002470     UefiHiiServicesLib:UefiHiiServicesLib.obj
 0002:00000858       gEfiShellParametersProtocol 0000000000002478     <common>
 0002:00000860       mEfiShellEnvironment2      0000000000002480     <common>
 0002:00000868       mEfiShellInterface         0000000000002488     <common>
 0002:00000870       gEfiShellProtocol          0000000000002490     <common>
 0002:00000878       mUnicodeCollationProtocol  0000000000002498     <common>
 0002:00000880       mEfiShellEnvironment2Handle 00000000000024a0     <common>

 entry point at        0001:00000000

 Static symbols

 0003:00000000       $pdata$_ModuleEntryPoint   0000000000002540     UefiApplicationEntryPoint:ApplicationEntryPoint.obj
 0003:0000000c       $pdata$ProcessLibraryConstructorList 000000000000254c     MyPciScan_v1:AutoGen.obj
 0003:00000018       $pdata$ProcessModuleEntryPointList 0000000000002558     MyPciScan_v1:AutoGen.obj
 0003:00000024       $pdata$InternalPrint       0000000000002564     UefiLib:UefiLibPrint.obj
 0003:00000030       $pdata$Print               0000000000002570     UefiLib:UefiLibPrint.obj
 0003:0000003c       $pdata$ShellFindSE2        000000000000257c     UefiShellLib:UefiShellLib.obj
 0003:00000048       $pdata$ShellLibConstructorWorker 0000000000002588     UefiShellLib:UefiShellLib.obj
 0003:00000054       $pdata$ShellLibDestructor  0000000000002594     UefiShellLib:UefiShellLib.obj
 0003:00000060       $pdata$InternalAllocatePool 00000000000025a0     UefiMemoryAllocationLib:MemoryAllocationLib.obj
 0003:0000006c       $pdata$AllocateZeroPool    00000000000025ac     UefiMemoryAllocationLib:MemoryAllocationLib.obj
 0003:00000078       $pdata$BasePrintLibValueToString 00000000000025b8     BasePrintLib:PrintLibInternal.obj
 0003:00000084       $pdata$BasePrintLibSPrintMarker 00000000000025c4     BasePrintLib:PrintLibInternal.obj
 0003:00000090       $pdata$BasePrintLibSPrint  00000000000025d0     BasePrintLib:PrintLibInternal.obj
 0003:0000009c       $pdata$CompareGuid         00000000000025dc     BaseMemoryLib:MemLibGuid.obj
 0003:000000a8       $pdata$ZeroMem             00000000000025e8     BaseMemoryLib:ZeroMemWrapper.obj
 0003:000000b4       $pdata$InternalMemSetMem   00000000000025f4     BaseMemoryLib:SetMem.obj
 0003:000000c0       $pdata$ReadUnaligned16     0000000000002600     BaseLib:Unaligned.obj
 0003:000000cc       $pdata$ReadUnaligned32     000000000000260c     BaseLib:Unaligned.obj
 0003:000000d8       $pdata$ReadUnaligned64     0000000000002618     BaseLib:Unaligned.obj
 0003:000000e4       $pdata$StrnLenS            0000000000002624     BaseLib:SafeString.obj
 0003:000000f0       $pdata$LShiftU64           0000000000002630     BaseLib:LShiftU64.obj
 0003:000000fc       $pdata$DivU64x32Remainder  000000000000263c     BaseLib:DivU64x32Remainder.obj
 0004:00000000       $unwind$ShellLibDestructor 0000000000002660     UefiShellLib:UefiShellLib.obj
 0004:00000000       $unwind$_ModuleEntryPoint  0000000000002660     UefiApplicationEntryPoint:ApplicationEntryPoint.obj
 0004:00000000       $unwind$LShiftU64          0000000000002660     BaseLib:LShiftU64.obj
 0004:00000000       $unwind$ZeroMem            0000000000002660     BaseMemoryLib:ZeroMemWrapper.obj
 0004:0000000c       $unwind$ReadUnaligned64    000000000000266c     BaseLib:Unaligned.obj
 0004:0000000c       $unwind$ProcessLibraryConstructorList 000000000000266c     MyPciScan_v1:AutoGen.obj
 0004:0000000c       $unwind$AllocateZeroPool   000000000000266c     UefiMemoryAllocationLib:MemoryAllocationLib.obj
 0004:0000000c       $unwind$ReadUnaligned32    000000000000266c     BaseLib:Unaligned.obj
 0004:0000000c       $unwind$ReadUnaligned16    000000000000266c     BaseLib:Unaligned.obj
 0004:00000014       $unwind$ProcessModuleEntryPointList 0000000000002674     MyPciScan_v1:AutoGen.obj
 0004:0000002c       $unwind$InternalPrint      000000000000268c     UefiLib:UefiLibPrint.obj
 0004:00000040       $unwind$Print              00000000000026a0     UefiLib:UefiLibPrint.obj
 0004:00000048       $unwind$ShellFindSE2       00000000000026a8     UefiShellLib:UefiShellLib.obj
 0004:0000005c       $unwind$ShellLibConstructorWorker 00000000000026bc     UefiShellLib:UefiShellLib.obj
 0004:00000068       $unwind$InternalAllocatePool 00000000000026c8     UefiMemoryAllocationLib:MemoryAllocationLib.obj
 0004:00000070       $unwind$BasePrintLibValueToString 00000000000026d0     BasePrintLib:PrintLibInternal.obj
 0004:0000007c       $unwind$BasePrintLibSPrintMarker 00000000000026dc     BasePrintLib:PrintLibInternal.obj
 0004:00000098       $unwind$BasePrintLibSPrint 00000000000026f8     BasePrintLib:PrintLibInternal.obj
 0004:000000a0       $unwind$CompareGuid        0000000000002700     BaseMemoryLib:MemLibGuid.obj
 0004:000000a0       $unwind$InternalMemSetMem  0000000000002700     BaseMemoryLib:SetMem.obj
 0004:000000b4       $unwind$DivU64x32Remainder 0000000000002714     BaseLib:DivU64x32Remainder.obj
 0004:000000b4       $unwind$StrnLenS           0000000000002714     BaseLib:SafeString.obj
