 GetNameInfo

 Timestamp is 5fb88485 (Sat Nov 21 11:07:49 2020)

 Preferred load address is 0000000000000000

 Start         Length     Name                   Class
 0001:00000000 0000010cH .text                   CODE
 0001:0000010c 0001ff0fH .text$mn                CODE
 0002:00000000 00000640H .data                   DATA
 0002:00000640 00004a40H .rdata                  DATA
 0002:00005080 0001c528H .bss                    DATA
 0002:000215a8 00000090H .rdata$zzzdbg           DATA
 0003:00000000 0000114cH .pdata                  DATA
 0004:00000000 00000b48H .xdata                  DATA

  Address         Publics by Value              Rva+Base               Lib:Object

 0000:00000000       __dynamic_value_reloc_table 0000000000000000     <absolute>
 0000:00000000       __guard_iat_count          0000000000000000     <absolute>
 0000:00000000       __guard_iat_table          0000000000000000     <absolute>
 0000:00000000       __guard_longjmp_table      0000000000000000     <absolute>
 0000:00000000       __guard_longjmp_count      0000000000000000     <absolute>
 0000:00000000       __guard_fids_count         0000000000000000     <absolute>
 0000:00000000       __guard_fids_table         0000000000000000     <absolute>
 0000:00000000       __guard_flags              0000000000000000     <absolute>
 0000:00000000       __ImageBase                0000000000000000     <linker-defined>
 0001:00000000       SetJump                    00000000000002a0     BaseLib:SetJump.obj
 0001:00000090       InternalLongJump           0000000000000330     BaseLib:LongJump.obj
 0001:0000010c       _ModuleEntryPoint          00000000000003ac f   UefiApplicationEntryPoint:ApplicationEntryPoint.obj
 0001:00000154       UefiBootServicesTableLibConstructor 00000000000003f4 f   UefiBootServicesTableLib:UefiBootServicesTableLib.obj
 0001:00000170       ProcessLibraryConstructorList 0000000000000410 f   GetNameInfo:AutoGen.obj
 0001:00000628       ProcessLibraryDestructorList 00000000000008c8 f   GetNameInfo:AutoGen.obj
 0001:000008cc       ProcessModuleEntryPointList 0000000000000b6c f   GetNameInfo:AutoGen.obj
 0001:000008f0       DebugPrint                 0000000000000b90 f   BaseDebugLibNull:DebugLib.obj
 0001:000008fc       DebugAssert                0000000000000b9c f   BaseDebugLibNull:DebugLib.obj
 0001:00000900       DebugPrintEnabled          0000000000000ba0 f   BaseDebugLibNull:DebugLib.obj
 0001:00000900       DebugAssertEnabled         0000000000000ba0 f   BaseDebugLibNull:DebugLib.obj
 0001:00000900       DebugPrintLevelEnabled     0000000000000ba0 f   BaseDebugLibNull:DebugLib.obj
 0001:00000904       ShellCEntryLib             0000000000000ba4 f   UefiShellCEntryLib:UefiShellCEntryLib.obj
 0001:000009b8       exitCleanup                0000000000000c58 f   LibC:Main.obj
 0001:00000a24       ShellAppMain               0000000000000cc4 f   LibC:Main.obj
 0001:00000ca8       __wchar_construct          0000000000000f48 f   LibWchar:ConsDecons.obj
 0001:00000cfc       __wchar_deconstruct        0000000000000f9c f   LibWchar:ConsDecons.obj
 0001:000010d0       da_ConOpen                 0000000000001370 f   DevConsole:daConsole.obj
 0001:0000131c       __Cons_construct           00000000000015bc f   DevConsole:daConsole.obj
 0001:00001524       __Cons_deconstruct         00000000000017c4 f   DevConsole:daConsole.obj
 0001:00001594       UefiRuntimeServicesTableLibConstructor 0000000000001834 f   UefiRuntimeServicesTableLib:UefiRuntimeServicesTableLib.obj
 0001:000015a4       fnullop_fcntl              0000000000001844 f   DevUtility:DevGenisis.obj
 0001:000015a4       UefiLibConstructor         0000000000001844 f   UefiLib:UefiLib.obj
 0001:000015a4       fnullop_flush              0000000000001844 f   DevUtility:DevGenisis.obj
 0001:000015a8       EfiGetCurrentTpl           0000000000001848 f   UefiLib:UefiLib.obj
 0001:000015d8       InternalPrint              0000000000001878 f   UefiLib:UefiLibPrint.obj
 0001:00001660       Print                      0000000000001900 f   UefiLib:UefiLibPrint.obj
 0001:00001690       ShellFindSE2               0000000000001930 f   UefiShellLib:UefiShellLib.obj
 0001:00001840       ShellLibConstructorWorker  0000000000001ae0 f   UefiShellLib:UefiShellLib.obj
 0001:00001ae0       ShellLibConstructor        0000000000001d80 f   UefiShellLib:UefiShellLib.obj
 0001:00001b14       ShellLibDestructor         0000000000001db4 f   UefiShellLib:UefiShellLib.obj
 0001:00001c28       ShellOpenFileByDevicePath  0000000000001ec8 f   UefiShellLib:UefiShellLib.obj
 0001:00001e5c       ShellOpenFileByName        00000000000020fc f   UefiShellLib:UefiShellLib.obj
 0001:0000207c       ShellFindFirstFile         000000000000231c f   UefiShellLib:UefiShellLib.obj
 0001:00002160       ShellIsFile                0000000000002400 f   UefiShellLib:UefiShellLib.obj
 0001:000021b0       UefiHiiServicesLibConstructor 0000000000002450 f   UefiHiiServicesLib:UefiHiiServicesLib.obj
 0001:00002808       da_ShellOpen               0000000000002aa8 f   DevShell:daShell.obj
 0001:00002da8       __ctor_DevShell            0000000000003048 f   DevShell:daShell.obj
 0001:00002ea4       __dtor_DevShell            0000000000003144 f   DevShell:daShell.obj
 0001:00002ee4       EslConstructor             0000000000003184 f   EfiSocketLib:Init.obj
 0001:00002eec       EslDestructor              000000000000318c f   EfiSocketLib:Init.obj
 0001:00002ef4       EslServiceFreeProtocol     0000000000003194 f   EfiSocketLib:UseEfiSocketLib.obj
 0001:00002fcc       EslServiceNetworkConnect   000000000000326c f   EfiSocketLib:UseEfiSocketLib.obj
 0001:000030e4       EslServiceNetworkDisconnect 0000000000003384 f   EfiSocketLib:UseEfiSocketLib.obj
 0001:000032e4       EslServiceConnect          0000000000003584 f   EfiSocketLib:Service.obj
 0001:00003508       EslSocket                  00000000000037a8 f   EfiSocketLib:Socket.obj
 0001:00003634       EslSocketAccept            00000000000038d4 f   EfiSocketLib:Socket.obj
 0001:00003820       EslSocketAllocate          0000000000003ac0 f   EfiSocketLib:Socket.obj
 0001:000039b8       EslSocketBind              0000000000003c58 f   EfiSocketLib:Socket.obj
 0001:00003b48       EslSocketBindTest          0000000000003de8 f   EfiSocketLib:Socket.obj
 0001:00003bd0       EslSocketClosePoll         0000000000003e70 f   EfiSocketLib:Socket.obj
 0001:00003cd8       EslSocketCloseStart        0000000000003f78 f   EfiSocketLib:Socket.obj
 0001:00003dc0       EslSocketConnect           0000000000004060 f   EfiSocketLib:Socket.obj
 0001:00004040       EslSocketCopyFragmentedBuffer 00000000000042e0 f   EfiSocketLib:Socket.obj
 0001:000040dc       EslSocketGetLocalAddress   000000000000437c f   EfiSocketLib:Socket.obj
 0001:0000427c       EslSocketGetPeerAddress    000000000000451c f   EfiSocketLib:Socket.obj
 0001:00004430       EslSocketIoFree            00000000000046d0 f   EfiSocketLib:Socket.obj
 0001:00004494       EslSocketIoInit            0000000000004734 f   EfiSocketLib:Socket.obj
 0001:00004544       EslSocketIsConfigured      00000000000047e4 f   EfiSocketLib:Socket.obj
 0001:000045dc       EslSocketListen            000000000000487c f   EfiSocketLib:Socket.obj
 0001:0000475c       EslSocketOptionGet         00000000000049fc f   EfiSocketLib:Socket.obj
 0001:000048f4       EslSocketOptionSet         0000000000004b94 f   EfiSocketLib:Socket.obj
 0001:00004a58       EslSocketPacketAllocate    0000000000004cf8 f   EfiSocketLib:Socket.obj
 0001:00004adc       EslSocketPoll              0000000000004d7c f   EfiSocketLib:Socket.obj
 0001:00004c74       EslSocketPortAllocate      0000000000004f14 f   EfiSocketLib:Socket.obj
 0001:00004ef4       EslSocketPortClose         0000000000005194 f   EfiSocketLib:Socket.obj
 0001:00005100       EslSocketPortCloseComplete 00000000000053a0 f   EfiSocketLib:Socket.obj
 0001:00005158       EslSocketPortCloseRxDone   00000000000053f8 f   EfiSocketLib:Socket.obj
 0001:000051a0       EslSocketPortCloseStart    0000000000005440 f   EfiSocketLib:Socket.obj
 0001:00005208       EslSocketPortCloseTxDone   00000000000054a8 f   EfiSocketLib:Socket.obj
 0001:000052a4       EslSocketReceive           0000000000005544 f   EfiSocketLib:Socket.obj
 0001:0000573c       EslSocketRxComplete        00000000000059dc f   EfiSocketLib:Socket.obj
 0001:000058b8       EslSocketRxStart           0000000000005b58 f   EfiSocketLib:Socket.obj
 0001:00005a00       EslSocketShutdown          0000000000005ca0 f   EfiSocketLib:Socket.obj
 0001:00005b24       EslSocketTransmit          0000000000005dc4 f   EfiSocketLib:Socket.obj
 0001:00005cdc       EslSocketTxComplete        0000000000005f7c f   EfiSocketLib:Socket.obj
 0001:00005de0       EslSocketTxStart           0000000000006080 f   EfiSocketLib:Socket.obj
 0001:00005eb0       EslTcp6Accept              0000000000006150 f   EfiSocketLib:Tcp6.obj
 0001:00005f34       EslTcp6ConnectComplete     00000000000061d4 f   EfiSocketLib:Tcp6.obj
 0001:00005fcc       EslTcp6ConnectPoll         000000000000626c f   EfiSocketLib:Tcp6.obj
 0001:00005fcc       EslTcp4ConnectPoll         000000000000626c f   EfiSocketLib:Tcp4.obj
 0001:00006184       EslTcp6ConnectStart        0000000000006424 f   EfiSocketLib:Tcp6.obj
 0001:00006290       EslTcp6Listen              0000000000006530 f   EfiSocketLib:Tcp6.obj
 0001:0000648c       EslTcp6ListenComplete      000000000000672c f   EfiSocketLib:Tcp6.obj
 0001:00006670       EslTcp6LocalAddressGet     0000000000006910 f   EfiSocketLib:Tcp6.obj
 0001:000066b4       EslTcp6LocalAddressSet     0000000000006954 f   EfiSocketLib:Tcp6.obj
 0001:0000674c       EslTcp4PacketFree          00000000000069ec f   EfiSocketLib:Tcp4.obj
 0001:0000674c       EslTcp6PacketFree          00000000000069ec f   EfiSocketLib:Tcp6.obj
 0001:00006754       EslTcp6PortAllocate        00000000000069f4 f   EfiSocketLib:Tcp6.obj
 0001:00006844       EslTcp6PortClose           0000000000006ae4 f   EfiSocketLib:Tcp6.obj
 0001:00006898       EslTcp6PortCloseOp         0000000000006b38 f   EfiSocketLib:Tcp6.obj
 0001:000068b8       EslTcp6Receive             0000000000006b58 f   EfiSocketLib:Tcp6.obj
 0001:00006984       EslTcp6RemoteAddressGet    0000000000006c24 f   EfiSocketLib:Tcp6.obj
 0001:000069c8       EslTcp6RemoteAddressSet    0000000000006c68 f   EfiSocketLib:Tcp6.obj
 0001:00006a0c       EslTcp6RxComplete          0000000000006cac f   EfiSocketLib:Tcp6.obj
 0001:00006a0c       EslTcp4RxComplete          0000000000006cac f   EfiSocketLib:Tcp4.obj
 0001:00006a34       EslTcp4RxStart             0000000000006cd4 f   EfiSocketLib:Tcp4.obj
 0001:00006a34       EslTcp6RxStart             0000000000006cd4 f   EfiSocketLib:Tcp6.obj
 0001:00006a5c       EslTcp6SocketIsConfigured  0000000000006cfc f   EfiSocketLib:Tcp6.obj
 0001:00006a5c       EslTcp4SocketIsConfigured  0000000000006cfc f   EfiSocketLib:Tcp4.obj
 0001:00006a78       EslTcp4TxBuffer            0000000000006d18 f   EfiSocketLib:Tcp4.obj
 0001:00006a78       EslTcp6TxBuffer            0000000000006d18 f   EfiSocketLib:Tcp6.obj
 0001:00006c90       EslTcp4TxComplete          0000000000006f30 f   EfiSocketLib:Tcp4.obj
 0001:00006c90       EslTcp6TxComplete          0000000000006f30 f   EfiSocketLib:Tcp6.obj
 0001:00006ce4       EslTcp6TxOobComplete       0000000000006f84 f   EfiSocketLib:Tcp6.obj
 0001:00006ce4       EslTcp4TxOobComplete       0000000000006f84 f   EfiSocketLib:Tcp4.obj
 0001:00006d40       EslTcp6VerifyLocalIpAddress 0000000000006fe0 f   EfiSocketLib:Tcp6.obj
 0001:00006fc8       EslIp4LocalAddressGet      0000000000007268 f   EfiSocketLib:Ip4.obj
 0001:00006fe8       EslIp4LocalAddressSet      0000000000007288 f   EfiSocketLib:Ip4.obj
 0001:00007090       EslIp4OptionGet            0000000000007330 f   EfiSocketLib:Ip4.obj
 0001:000070c4       EslIp4OptionSet            0000000000007364 f   EfiSocketLib:Ip4.obj
 0001:000070e8       EslIp4PacketFree           0000000000007388 f   EfiSocketLib:Ip4.obj
 0001:0000710c       EslIp4PortAllocate         00000000000073ac f   EfiSocketLib:Ip4.obj
 0001:000071a4       EslIp4Receive              0000000000007444 f   EfiSocketLib:Ip4.obj
 0001:00007270       EslIp4RemoteAddressGet     0000000000007510 f   EfiSocketLib:Ip4.obj
 0001:00007290       EslIp4RemoteAddressSet     0000000000007530 f   EfiSocketLib:Ip4.obj
 0001:000072c8       EslIp4RxComplete           0000000000007568 f   EfiSocketLib:Ip4.obj
 0001:000072f0       EslIp4SocketIsConfigured   0000000000007590 f   EfiSocketLib:Ip4.obj
 0001:00007498       EslIp4TxBuffer             0000000000007738 f   EfiSocketLib:Ip4.obj
 0001:000076d0       EslIp4TxComplete           0000000000007970 f   EfiSocketLib:Ip4.obj
 0001:000076d0       EslUdp6TxComplete          0000000000007970 f   EfiSocketLib:Udp6.obj
 0001:00007730       EslIp4VerifyLocalIpAddress 00000000000079d0 f   EfiSocketLib:Ip4.obj
 0001:00007864       EslTcp4Accept              0000000000007b04 f   EfiSocketLib:Tcp4.obj
 0001:00007904       EslTcp4ConnectComplete     0000000000007ba4 f   EfiSocketLib:Tcp4.obj
 0001:0000799c       EslTcp4ConnectStart        0000000000007c3c f   EfiSocketLib:Tcp4.obj
 0001:00007aa4       EslTcp4Listen              0000000000007d44 f   EfiSocketLib:Tcp4.obj
 0001:00007ca0       EslTcp4ListenComplete      0000000000007f40 f   EfiSocketLib:Tcp4.obj
 0001:00007e78       EslTcp4LocalAddressGet     0000000000008118 f   EfiSocketLib:Tcp4.obj
 0001:00007ebc       EslTcp4LocalAddressSet     000000000000815c f   EfiSocketLib:Tcp4.obj
 0001:00007fcc       EslTcp4PortAllocate        000000000000826c f   EfiSocketLib:Tcp4.obj
 0001:000080bc       EslTcp4PortClose           000000000000835c f   EfiSocketLib:Tcp4.obj
 0001:00008110       EslTcp4PortCloseOp         00000000000083b0 f   EfiSocketLib:Tcp4.obj
 0001:00008130       EslTcp4Receive             00000000000083d0 f   EfiSocketLib:Tcp4.obj
 0001:000081fc       EslTcp4RemoteAddressGet    000000000000849c f   EfiSocketLib:Tcp4.obj
 0001:00008240       EslTcp4RemoteAddressSet    00000000000084e0 f   EfiSocketLib:Tcp4.obj
 0001:000082b4       EslTcp4VerifyLocalIpAddress 0000000000008554 f   EfiSocketLib:Tcp4.obj
 0001:000083e8       EslUdp4LocalAddressGet     0000000000008688 f   EfiSocketLib:Udp4.obj
 0001:0000842c       EslUdp4LocalAddressSet     00000000000086cc f   EfiSocketLib:Udp4.obj
 0001:00008530       EslUdp4PacketFree          00000000000087d0 f   EfiSocketLib:Udp4.obj
 0001:00008554       EslUdp4PortAllocate        00000000000087f4 f   EfiSocketLib:Udp4.obj
 0001:000085d4       EslUdp4Receive             0000000000008874 f   EfiSocketLib:Udp4.obj
 0001:00008670       EslUdp4RemoteAddressGet    0000000000008910 f   EfiSocketLib:Udp4.obj
 0001:000086b4       EslUdp4RemoteAddressSet    0000000000008954 f   EfiSocketLib:Udp4.obj
 0001:00008708       EslUdp4RxComplete          00000000000089a8 f   EfiSocketLib:Udp4.obj
 0001:0000872c       EslUdp4SocketIsConfigured  00000000000089cc f   EfiSocketLib:Udp4.obj
 0001:000088cc       EslUdp4TxBuffer            0000000000008b6c f   EfiSocketLib:Udp4.obj
 0001:00008ad8       EslUdp4TxComplete          0000000000008d78 f   EfiSocketLib:Udp4.obj
 0001:00008b38       EslUdp4VerifyLocalIpAddress 0000000000008dd8 f   EfiSocketLib:Udp4.obj
 0001:00008c6c       EslUdp6LocalAddressGet     0000000000008f0c f   EfiSocketLib:Udp6.obj
 0001:00008cb0       EslUdp6LocalAddressSet     0000000000008f50 f   EfiSocketLib:Udp6.obj
 0001:00008d3c       EslUdp6PacketFree          0000000000008fdc f   EfiSocketLib:Udp6.obj
 0001:00008d60       EslUdp6PortAllocate        0000000000009000 f   EfiSocketLib:Udp6.obj
 0001:00008dd8       EslUdp6Receive             0000000000009078 f   EfiSocketLib:Udp6.obj
 0001:00008e74       EslUdp6RemoteAddressGet    0000000000009114 f   EfiSocketLib:Udp6.obj
 0001:00008eb8       EslUdp6RemoteAddressSet    0000000000009158 f   EfiSocketLib:Udp6.obj
 0001:00008efc       EslUdp6RxComplete          000000000000919c f   EfiSocketLib:Udp6.obj
 0001:00008f20       EslUdp6SocketIsConfigured  00000000000091c0 f   EfiSocketLib:Udp6.obj
 0001:000090c4       EslUdp6TxBuffer            0000000000009364 f   EfiSocketLib:Udp6.obj
 0001:000092bc       EslUdp6VerifyLocalIpAddress 000000000000955c f   EfiSocketLib:Udp6.obj
 0001:00009544       main                       00000000000097e4 f   GetNameInfo:GetNameInfo.obj
 0001:00009710       fbadop_rmdir               00000000000099b0 f   DevUtility:DevGenisis.obj
 0001:00009710       fbadop_mkdir               00000000000099b0 f   DevUtility:DevGenisis.obj
 0001:00009710       fbadop_rename              00000000000099b0 f   DevUtility:DevGenisis.obj
 0001:00009710       fbadop_delete              00000000000099b0 f   DevUtility:DevGenisis.obj
 0001:00009710       fbadop_ioctl               00000000000099b0 f   DevUtility:DevGenisis.obj
 0001:00009710       fbadop_stat                00000000000099b0 f   DevUtility:DevGenisis.obj
 0001:00009720       __DevRegister              00000000000099c0 f   DevUtility:DevGenisis.obj
 0001:000097ec       ClassifyPath               0000000000009a8c f   DevUtility:Path.obj
 0001:000098d4       NormalizePath              0000000000009b74 f   DevUtility:Path.obj
 0001:00009954       ParsePath                  0000000000009bf4 f   DevUtility:Path.obj
 0001:00009d28       __DevSearch                0000000000009fc8 f   DevUtility:DevSearch.obj
 0001:00009ddc       ValidateFD                 000000000000a07c f   LibUefi:SysCalls.obj
 0001:00009e08       FindFreeFD                 000000000000a0a8 f   LibUefi:SysCalls.obj
 0001:00009e48       isatty                     000000000000a0e8 f   LibUefi:SysCalls.obj
 0001:00009e8c       close                      000000000000a12c f   LibUefi:SysCalls.obj
 0001:00009f58       lseek                      000000000000a1f8 f   LibUefi:SysCalls.obj
 0001:00009fcc       open                       000000000000a26c f   LibUefi:SysCalls.obj
 0001:0000a124       fstat                      000000000000a3c4 f   LibUefi:SysCalls.obj
 0001:0000a174       read                       000000000000a414 f   LibUefi:SysCalls.obj
 0001:0000a200       write                      000000000000a4a0 f   LibUefi:SysCalls.obj
 0001:0000a294       EFI2errno                  000000000000a534 f   LibUefi:Xform.obj
 0001:0000add4       time                       000000000000b074 f   LibTime:Time.obj
 0001:0000ae8c       gmtsub                     000000000000b12c f   LibTime:Time.obj
 0001:0000b004       Efi2Time                   000000000000b2a4 f   LibTime:TimeEfi.obj
 0001:0000b070       Time2Efi                   000000000000b310 f   LibTime:TimeEfi.obj
 0001:0000ba28       tzset                      000000000000bcc8 f   LibTime:ZoneProc.obj
 0001:0000bdc4       DecodeOneStateful          000000000000c064 f   LibLocale:multibyte_Utf8.obj
 0001:0000be68       OneWcToMcLen               000000000000c108 f   LibLocale:multibyte_Utf8.obj
 0001:0000beb0       EstimateWtoM               000000000000c150 f   LibLocale:multibyte_Utf8.obj
 0001:0000bf08       EncodeUtf8                 000000000000c1a8 f   LibLocale:multibyte_Utf8.obj
 0001:0000bfb4       wcrtomb                    000000000000c254 f   LibLocale:multibyte_Utf8.obj
 0001:0000bff8       wcsrtombs                  000000000000c298 f   LibLocale:multibyte_Utf8.obj
 0001:0000c374       AsciiSPrint                000000000000c614 f   BasePrintLib:PrintLib.obj
 0001:0000c39c       BasePrintLibFillBuffer     000000000000c63c f   BasePrintLib:PrintLibInternal.obj
 0001:0000c3d0       BasePrintLibValueToString  000000000000c670 f   BasePrintLib:PrintLibInternal.obj
 0001:0000c420       BasePrintLibSPrintMarker   000000000000c6c0 f   BasePrintLib:PrintLibInternal.obj
 0001:0000d1b0       BasePrintLibSPrint         000000000000d450 f   BasePrintLib:PrintLibInternal.obj
 0001:0000d1d4       printf                     000000000000d474 f   LibStdio:printf.obj
 0001:0000d204       snprintf                   000000000000d4a4 f   LibStdio:snprintf.obj
 0001:0000d590       __vfprintf_unlocked        000000000000d830 f   LibStdio:vfprintf.obj
 0001:000105d0       __sfp                      0000000000010870 f   LibStdio:findfp.obj
 0001:0001076c       _cleanup                   0000000000010a0c f   LibStdio:findfp.obj
 0001:00010778       __sinit                    0000000000010a18 f   LibStdio:findfp.obj
 0001:000107c0       __swsetup                  0000000000010a60 f   LibStdio:wsetup.obj
 0001:00010878       fflush                     0000000000010b18 f   LibStdio:fflush.obj
 0001:000108a4       __sflush                   0000000000010b44 f   LibStdio:fflush.obj
 0001:0001092c       __sfvwrite                 0000000000010bcc f   LibStdio:fvwrite.obj
 0001:00010c24       __sread                    0000000000010ec4 f   LibStdio:stdio.obj
 0001:00010c6c       __swrite                   0000000000010f0c f   LibStdio:stdio.obj
 0001:00010cdc       __sseek                    0000000000010f7c f   LibStdio:stdio.obj
 0001:00010d2c       __sclose                   0000000000010fcc f   LibStdio:stdio.obj
 0001:00010d48       __smakebuf                 0000000000010fe8 f   LibStdio:makebuf.obj
 0001:00010e14       __swhatbuf                 00000000000110b4 f   LibStdio:makebuf.obj
 0001:00010eb4       _fwalk                     0000000000011154 f   LibStdio:fwalk.obj
 0001:00010f24       abort                      00000000000111c4 f   LibStdLib:Environs.obj
 0001:00010fa4       exit                       0000000000011244 f   LibStdLib:Environs.obj
 0001:00010fd8       getenv                     0000000000011278 f   LibStdLib:Environs.obj
 0001:00011048       malloc                     00000000000112e8 f   LibStdLib:Malloc.obj
 0001:0001110c       calloc                     00000000000113ac f   LibStdLib:Malloc.obj
 0001:0001114c       free                       00000000000113ec f   LibStdLib:Malloc.obj
 0001:000111bc       realloc                    000000000001145c f   LibStdLib:Malloc.obj
 0001:0001129c       InternalAllocatePool       000000000001153c f   UefiMemoryAllocationLib:MemoryAllocationLib.obj
 0001:000112cc       AllocateZeroPool           000000000001156c f   UefiMemoryAllocationLib:MemoryAllocationLib.obj
 0001:000112f4       AllocateCopyPool           0000000000011594 f   UefiMemoryAllocationLib:MemoryAllocationLib.obj
 0001:0001132c       __assert                   00000000000115cc f   LibC:assert.obj
 0001:000118c4       New_cIIO                   0000000000011b64 f   LibIIO:IIO.obj
 0001:000119c0       IIO_GetDeviceProto         0000000000011c60 f   LibIIO:IIOutilities.obj
 0001:00011a00       IIO_GetCursorPosition      0000000000011ca0 f   LibIIO:IIOutilities.obj
 0001:00011a6c       IIO_SetCursorPosition      0000000000011d0c f   LibIIO:IIOutilities.obj
 0001:00011af8       IIO_GetOutputSize          0000000000011d98 f   LibIIO:IIOutilities.obj
 0001:00011ba8       IIO_WriteOne               0000000000011e48 f   LibIIO:IIOwrite.obj
 0001:00011de8       IIO_EchoOne                0000000000012088 f   LibIIO:IIOecho.obj
 0001:00011ff8       IIO_CanonRead              0000000000012298 f   LibIIO:CanonRead.obj
 0001:0001231c       FileHandleGetInfo          00000000000125bc f   UefiFileHandleLib:UefiFileHandleLib.obj
 0001:000123a4       FileHandleSetInfo          0000000000012644 f   UefiFileHandleLib:UefiFileHandleLib.obj
 0001:000123cc       FileHandleRead             000000000001266c f   UefiFileHandleLib:UefiFileHandleLib.obj
 0001:000123e0       FileHandleWrite            0000000000012680 f   UefiFileHandleLib:UefiFileHandleLib.obj
 0001:000123f4       FileHandleClose            0000000000012694 f   UefiFileHandleLib:UefiFileHandleLib.obj
 0001:00012408       FileHandleDelete           00000000000126a8 f   UefiFileHandleLib:UefiFileHandleLib.obj
 0001:0001241c       FileHandleSetPosition      00000000000126bc f   UefiFileHandleLib:UefiFileHandleLib.obj
 0001:00012430       FileHandleGetPosition      00000000000126d0 f   UefiFileHandleLib:UefiFileHandleLib.obj
 0001:0001244c       FileHandleFlush            00000000000126ec f   UefiFileHandleLib:UefiFileHandleLib.obj
 0001:00012460       FileHandleIsDirectory      0000000000012700 f   UefiFileHandleLib:UefiFileHandleLib.obj
 0001:000124ac       FileHandleGetSize          000000000001274c f   UefiFileHandleLib:UefiFileHandleLib.obj
 0001:00012500       getnameinfo                00000000000127a0 f   BsdSocketLib:getnameinfo.obj
 0001:00012b04       nsdispatch                 0000000000012da4 f   BsdSocketLib:getaddrinfo.obj
 0001:00012b0c       freeaddrinfo               0000000000012dac f   BsdSocketLib:getaddrinfo.obj
 0001:00012b48       getaddrinfo                0000000000012de8 f   BsdSocketLib:getaddrinfo.obj
 0001:00014590       gethostbyaddr              0000000000014830 f   BsdSocketLib:gethostnamadr.obj
 0001:00014690       sethostent                 0000000000014930 f   BsdSocketLib:gethostnamadr.obj
 0001:000146e4       setservent                 0000000000014984 f   BsdSocketLib:getservent.obj
 0001:00014738       getservent                 00000000000149d8 f   BsdSocketLib:getservent.obj
 0001:000148b8       __res_query                0000000000014b58 f   BsdSocketLib:res_query.obj
 0001:00014a44       __hostalias                0000000000014ce4 f   BsdSocketLib:res_query.obj
 0001:00014bb8       __res_init                 0000000000014e58 f   BsdSocketLib:res_init.obj
 0001:000154d4       __res_send                 0000000000015774 f   BsdSocketLib:res_send.obj
 0001:00016568       __res_close                0000000000016808 f   BsdSocketLib:res_send.obj
 0001:00016598       __res_mkquery              0000000000016838 f   BsdSocketLib:res_mkquery.obj
 0001:00016708       __dn_expand                00000000000169a8 f   BsdSocketLib:res_comp.obj
 0001:00016888       __res_hnok                 0000000000016b28 f   BsdSocketLib:res_comp.obj
 0001:00016904       __res_dnok                 0000000000016ba4 f   BsdSocketLib:res_comp.obj
 0001:00016924       getservbyname              0000000000016bc4 f   BsdSocketLib:getservbyname.obj
 0001:000169dc       BslFdToSocketProtocol      0000000000016c7c f   BsdSocketLib:socket.obj
 0001:00016a44       socket                     0000000000016ce4 f   BsdSocketLib:socket.obj
 0001:00016ddc       gethostent                 000000000001707c f   BsdSocketLib:gethostbyht.obj
 0001:0001753c       _gethostbydnsaddr          00000000000177dc f   BsdSocketLib:gethostbydns.obj
 0001:00017744       sendto                     00000000000179e4 f   BsdSocketLib:sendto.obj
 0001:00017830       recvfrom                   0000000000017ad0 f   BsdSocketLib:recvfrom.obj
 0001:00017a68       connect                    0000000000017d08 f   BsdSocketLib:connect.obj
 0001:00017de8       __fp_nquery                0000000000018088 f   BsdSocketLib:res_debug.obj
 0001:00018274       __sym_ntos                 0000000000018514 f   BsdSocketLib:res_debug.obj
 0001:00018344       __loc_ntoa                 00000000000185e4 f   BsdSocketLib:res_debug.obj
 0001:000186a0       __p_secstodate             0000000000018940 f   BsdSocketLib:res_debug.obj
 0001:00018730       __ns_name_ntop             00000000000189d0 f   BsdSocketLib:ns_name.obj
 0001:000188dc       __ns_name_pack             0000000000018b7c f   BsdSocketLib:ns_name.obj
 0001:00018b5c       __ns_name_compress         0000000000018dfc f   BsdSocketLib:ns_name.obj
 0001:00018d1c       BslSocketClose             0000000000018fbc f   BsdSocketLib:close.obj
 0001:00018db4       BslSocketPoll              0000000000019054 f   BsdSocketLib:poll.obj
 0001:00018e08       BslSocketRead              00000000000190a8 f   BsdSocketLib:read.obj
 0001:00018e2c       BslSocketWrite             00000000000190cc f   BsdSocketLib:write.obj
 0001:00018e4c       _map_v4v6_address          00000000000190ec f   BsdSocketLib:map_v4v6.obj
 0001:00018e94       _map_v4v6_hostent          0000000000019134 f   BsdSocketLib:map_v4v6.obj
 0001:00018fd0       __ns_initparse             0000000000019270 f   BsdSocketLib:ns_parse.obj
 0001:0001910c       __ns_parserr               00000000000193ac f   BsdSocketLib:ns_parse.obj
 0001:000192f8       __ns_format_ttl            0000000000019598 f   BsdSocketLib:ns_ttl.obj
 0001:00019514       __ns_sprintrrf             00000000000197b4 f   BsdSocketLib:ns_print.obj
 0001:0001abe0       __b64_ntop                 000000000001ae80 f   BsdSocketLib:base64.obj
 0001:0001ae24       inet_ntop                  000000000001b0c4 f   LibNetUtil:inet_ntop.obj
 0001:0001b15c       inet_aton                  000000000001b3fc f   LibNetUtil:inet_addr.obj
 0001:0001b3a0       inet_ntoa                  000000000001b640 f   LibNetUtil:inet_ntoa.obj
 0001:0001b680       localeconv                 000000000001b920 f   LibLocale:localeconv.obj
 0001:0001b760       __dtoa                     000000000001ba00 f   LibGdtoa:dtoa.obj
 0001:0001c518       __nrv_alloc_D2A            000000000001c7b8 f   LibGdtoa:dmisc.obj
 0001:0001c5a4       __quorem_D2A               000000000001c844 f   LibGdtoa:dmisc.obj
 0001:0001c6ec       __Balloc_D2A               000000000001c98c f   LibGdtoa:misc.obj
 0001:0001c790       __lo0bits_D2A              000000000001ca30 f   LibGdtoa:misc.obj
 0001:0001c804       __multadd_D2A              000000000001caa4 f   LibGdtoa:misc.obj
 0001:0001c8d4       __hi0bits_D2A              000000000001cb74 f   LibGdtoa:misc.obj
 0001:0001c924       __mult_D2A                 000000000001cbc4 f   LibGdtoa:misc.obj
 0001:0001ca54       __pow5mult_D2A             000000000001ccf4 f   LibGdtoa:misc.obj
 0001:0001cb28       __lshift_D2A               000000000001cdc8 f   LibGdtoa:misc.obj
 0001:0001cc38       __cmp_D2A                  000000000001ced8 f   LibGdtoa:misc.obj
 0001:0001cc7c       __diff_D2A                 000000000001cf1c f   LibGdtoa:misc.obj
 0001:0001cdb4       __d2b_D2A                  000000000001d054 f   LibGdtoa:misc.obj
 0001:0001ced4       fopen                      000000000001d174 f   LibStdio:fopen.obj
 0001:0001cf64       fclose                     000000000001d204 f   LibStdio:fclose.obj
 0001:0001d048       fgets                      000000000001d2e8 f   LibStdio:fgets.obj
 0001:0001d12c       setbuf                     000000000001d3cc f   LibStdio:setbuf.obj
 0001:0001d1d0       sprintf                    000000000001d470 f   LibStdio:sprintf.obj
 0001:0001d23c       fprintf                    000000000001d4dc f   LibStdio:fprintf.obj
 0001:0001d274       __swbuf                    000000000001d514 f   LibStdio:wbuf.obj
 0001:0001d334       fputs                      000000000001d5d4 f   LibStdio:fputs.obj
 0001:0001d3d4       __srefill                  000000000001d674 f   LibStdio:refill.obj
 0001:0001d4ec       fseeko                     000000000001d78c f   LibStdio:fseeko.obj
 0001:0001d790       atoi                       000000000001da30 f   LibStdLib:NumericInt.obj
 0001:0001d834       strtoul                    000000000001dad4 f   LibStdLib:NumericInt.obj
 0001:0001de5c       New_cFIFO                  000000000001e0fc f   LibContainer:Fifo.obj
 0001:0001df4c       isascii                    000000000001e1ec f   LibCtype:CClass.obj
 0001:0001df58       memset                     000000000001e1f8 f   LibString:Misc.obj
 0001:0001df68       strerror                   000000000001e208 f   LibString:Misc.obj
 0001:0001df9c       strerror_r                 000000000001e23c f   LibString:Misc.obj
 0001:0001e004       strlen                     000000000001e2a4 f   LibString:Misc.obj
 0001:0001e00c       memcpy                     000000000001e2ac f   LibString:Copying.obj
 0001:0001e014       strcpy                     000000000001e2b4 f   LibString:Copying.obj
 0001:0001e01c       strdup                     000000000001e2bc f   LibString:Copying.obj
 0001:0001e06c       strncpy                    000000000001e30c f   LibString:Copying.obj
 0001:0001e074       strncpyX                   000000000001e314 f   LibString:Copying.obj
 0001:0001e0b4       memcmp                     000000000001e354 f   LibString:Comparison.obj
 0001:0001e0bc       strcasecmp                 000000000001e35c f   LibString:Comparison.obj
 0001:0001e0c4       strcmp                     000000000001e364 f   LibString:Comparison.obj
 0001:0001e0cc       strncmp                    000000000001e36c f   LibString:Comparison.obj
 0001:0001e0d4       AsciiStrCmp                000000000001e374 f   BaseLib:String.obj
 0001:0001e16c       AsciiStrCpy                000000000001e40c f   BaseLib:String.obj
 0001:0001e22c       AsciiStrDecimalToUintn     000000000001e4cc f   BaseLib:String.obj
 0001:0001e248       AsciiStrLen                000000000001e4e8 f   BaseLib:String.obj
 0001:0001e2d0       AsciiStrToUnicodeStr       000000000001e570 f   BaseLib:String.obj
 0001:0001e418       AsciiStriCmp               000000000001e6b8 f   BaseLib:String.obj
 0001:0001e4f8       AsciiStrnCmp               000000000001e798 f   BaseLib:String.obj
 0001:0001e5ec       AsciiStrnCpy               000000000001e88c f   BaseLib:String.obj
 0001:0001e708       InternalAsciiIsDecimalDigitCharacter 000000000001e9a8 f   BaseLib:String.obj
 0001:0001e714       StrCmp                     000000000001e9b4 f   BaseLib:String.obj
 0001:0001e7c8       StrLen                     000000000001ea68 f   BaseLib:String.obj
 0001:0001e880       StrSize                    000000000001eb20 f   BaseLib:String.obj
 0001:0001e898       StrStr                     000000000001eb38 f   BaseLib:String.obj
 0001:0001e974       StrnCat                    000000000001ec14 f   BaseLib:String.obj
 0001:0001ea04       StrnCmp                    000000000001eca4 f   BaseLib:String.obj
 0001:0001eb14       StrnCpy                    000000000001edb4 f   BaseLib:String.obj
 0001:0001ec68       UnicodeStrToAsciiStr       000000000001ef08 f   BaseLib:String.obj
 0001:0001edd4       ReadUnaligned16            000000000001f074 f   BaseLib:Unaligned.obj
 0001:0001ee0c       ReadUnaligned32            000000000001f0ac f   BaseLib:Unaligned.obj
 0001:0001ee44       ReadUnaligned64            000000000001f0e4 f   BaseLib:Unaligned.obj
 0001:0001ee7c       AsciiStrDecimalToUintnS    000000000001f11c f   BaseLib:SafeString.obj
 0001:0001effc       AsciiStrnLenS              000000000001f29c f   BaseLib:SafeString.obj
 0001:0001f028       StrnLenS                   000000000001f2c8 f   BaseLib:SafeString.obj
 0001:0001f0a4       GetFirstNode               000000000001f344 f   BaseLib:LinkedList.obj
 0001:0001f0e4       GetNextNode                000000000001f384 f   BaseLib:LinkedList.obj
 0001:0001f15c       InsertTailList             000000000001f3fc f   BaseLib:LinkedList.obj
 0001:0001f1e4       InternalBaseLibIsListValid 000000000001f484 f   BaseLib:LinkedList.obj
 0001:0001f29c       IsListEmpty                000000000001f53c f   BaseLib:LinkedList.obj
 0001:0001f2e0       IsNodeInList               000000000001f580 f   BaseLib:LinkedList.obj
 0001:0001f388       RemoveEntryList            000000000001f628 f   BaseLib:LinkedList.obj
 0001:0001f3dc       PathCleanUpDirectories     000000000001f67c f   BaseLib:FilePaths.obj
 0001:0001f538       PathRemoveLastItem         000000000001f7d8 f   BaseLib:FilePaths.obj
 0001:0001f594       LShiftU64                  000000000001f834 f   BaseLib:LShiftU64.obj
 0001:0001f5e0       SwapBytes16                000000000001f880 f   BaseLib:SwapBytes16.obj
 0001:0001f5f0       DivU64x32Remainder         000000000001f890 f   BaseLib:DivU64x32Remainder.obj
 0001:0001f648       InternalAssertJumpBuffer   000000000001f8e8 f   BaseLib:SetJump.obj
 0001:0001f6a4       InternalMathDivRemU64x32   000000000001f944 f   BaseLib:Math64.obj
 0001:0001f6c0       InternalMathLShiftU64      000000000001f960 f   BaseLib:Math64.obj
 0001:0001f6cc       SwapBytes32                000000000001f96c f   BaseLib:SwapBytes32.obj
 0001:0001f700       CopyMem                    000000000001f9a0 f   BaseMemoryLib:CopyMemWrapper.obj
 0001:0001f7a8       CompareGuid                000000000001fa48 f   BaseMemoryLib:MemLibGuid.obj
 0001:0001f810       ZeroMem                    000000000001fab0 f   BaseMemoryLib:ZeroMemWrapper.obj
 0001:0001f890       SetMem                     000000000001fb30 f   BaseMemoryLib:SetMemWrapper.obj
 0001:0001f900       CompareMem                 000000000001fba0 f   BaseMemoryLib:CompareMemWrapper.obj
 0001:0001f9f4       InternalMemCopyMem         000000000001fc94 f   BaseMemoryLib:CopyMem.obj
 0001:0001fba8       InternalMemCompareMem      000000000001fe48 f   BaseMemoryLib:MemLibGeneric.obj
 0001:0001fbc8       InternalMemScanMem8        000000000001fe68 f   BaseMemoryLib:MemLibGeneric.obj
 0001:0001fbe0       InternalMemSetMem16        000000000001fe80 f   BaseMemoryLib:MemLibGeneric.obj
 0001:0001fc00       InternalMemZeroMem         000000000001fea0 f   BaseMemoryLib:MemLibGeneric.obj
 0001:0001fc08       InternalMemSetMem          000000000001fea8 f   BaseMemoryLib:SetMem.obj
 0001:0001fd4c       memchr                     000000000001ffec f   LibString:Searching.obj
 0001:0001fd5c       strchr                     000000000001fffc f   LibString:Searching.obj
 0001:0001fd74       strpbrk                    0000000000020014 f   LibString:Searching.obj
 0001:0001fdc4       strlcpy                    0000000000020064 f   LibString:strlcpy.obj
 0001:0001fe04       strsep                     00000000000200a4 f   LibString:strsep.obj
 0001:0001fe4c       LongJump                   00000000000200ec f   BaseLib:LongJump.obj
 0001:0001fe9c       SetMem16                   000000000002013c f   BaseMemoryLib:SetMem16Wrapper.obj
 0001:0001ff88       ScanMem8                   0000000000020228 f   BaseMemoryLib:ScanMem8Wrapper.obj
 0002:00000000       _cClass                    00000000000202c0     LibCtype:iCtype.obj
 0002:00000008       _uConvT                    00000000000202c8     LibCtype:iCtype.obj
 0002:00000010       _lConvT                    00000000000202d0     LibCtype:iCtype.obj
 0002:00000020       gEfiUnicodeCollation2ProtocolGuid 00000000000202e0     GetNameInfo:AutoGen.obj
 0002:00000030       gEfiShellEnvironment2ExtGuid 00000000000202f0     GetNameInfo:AutoGen.obj
 0002:00000040       gEfiFileInfoGuid           0000000000020300     GetNameInfo:AutoGen.obj
 0002:00000050       gEfiIp6ConfigProtocolGuid  0000000000020310     GetNameInfo:AutoGen.obj
 0002:00000060       gEfiHiiConfigRoutingProtocolGuid 0000000000020320     GetNameInfo:AutoGen.obj
 0002:00000070       gEfiUdp4ServiceBindingProtocolGuid 0000000000020330     GetNameInfo:AutoGen.obj
 0002:00000080       gEfiIp4Config2ProtocolGuid 0000000000020340     GetNameInfo:AutoGen.obj
 0002:00000090       gEfiHiiImageProtocolGuid   0000000000020350     GetNameInfo:AutoGen.obj
 0002:000000a0       gEfiIp4ServiceBindingProtocolGuid 0000000000020360     GetNameInfo:AutoGen.obj
 0002:000000b0       gEfiUdp6ProtocolGuid       0000000000020370     GetNameInfo:AutoGen.obj
 0002:000000c0       gEfiShellParametersProtocolGuid 0000000000020380     GetNameInfo:AutoGen.obj
 0002:000000d0       gEfiHiiDatabaseProtocolGuid 0000000000020390     GetNameInfo:AutoGen.obj
 0002:000000e0       gEfiSimpleFileSystemProtocolGuid 00000000000203a0     GetNameInfo:AutoGen.obj
 0002:000000f0       gEfiHiiStringProtocolGuid  00000000000203b0     GetNameInfo:AutoGen.obj
 0002:00000100       gEfiUdp6ServiceBindingProtocolGuid 00000000000203c0     GetNameInfo:AutoGen.obj
 0002:00000110       gEfiShellEnvironment2Guid  00000000000203d0     GetNameInfo:AutoGen.obj
 0002:00000120       gEfiIp4ProtocolGuid        00000000000203e0     GetNameInfo:AutoGen.obj
 0002:00000130       gEfiSocketProtocolGuid     00000000000203f0     GetNameInfo:AutoGen.obj
 0002:00000140       gEfiShellProtocolGuid      0000000000020400     GetNameInfo:AutoGen.obj
 0002:00000150       gEfiUdp4ProtocolGuid       0000000000020410     GetNameInfo:AutoGen.obj
 0002:00000160       gEfiTcp4ServiceBindingProtocolGuid 0000000000020420     GetNameInfo:AutoGen.obj
 0002:00000170       gEfiCallerIdGuid           0000000000020430     GetNameInfo:AutoGen.obj
 0002:00000180       gEfiTcp6ServiceBindingProtocolGuid 0000000000020440     GetNameInfo:AutoGen.obj
 0002:00000190       gEfiTcp6ProtocolGuid       0000000000020450     GetNameInfo:AutoGen.obj
 0002:000001a0       gEfiShellInterfaceGuid     0000000000020460     GetNameInfo:AutoGen.obj
 0002:000001b0       gEfiTcp4ProtocolGuid       0000000000020470     GetNameInfo:AutoGen.obj
 0002:000001c0       gEfiHiiFontProtocolGuid    0000000000020480     GetNameInfo:AutoGen.obj
 0002:000001d0       _fltused                   0000000000020490     LibC:errno.obj
 0002:000001e0       cEslAfInet6Api             00000000000204a0     EfiSocketLib:Socket.obj
 0002:00000210       cEslAfInetApi              00000000000204d0     EfiSocketLib:Socket.obj
 0002:00000240       daDeviceList               0000000000020500     DevUtility:DevGenisis.obj
 0002:00000250       tzname                     0000000000020510     LibTime:ZoneProc.obj
 0002:00000280       __sF                       0000000000020540     LibStdio:findfp.obj
 0002:00000490       __sglue                    0000000000020750     LibStdio:findfp.obj
 0002:000005b0       _ns_flagdata               0000000000020870     BsdSocketLib:ns_parse.obj
 0002:00000630       __nlocale_changed          00000000000208f0     LibLocale:localeconv.obj
 0002:00000634       __mlocale_changed          00000000000208f4     LibLocale:localeconv.obj
 0002:00000640       _C_CharClassTable          0000000000020900     LibCtype:iCtype.obj
 0002:00000740       _C_ToLowerTable            0000000000020a00     LibCtype:iCtype.obj
 0002:000007c0       _C_ToUpperTable            0000000000020a80     LibCtype:iCtype.obj
 0002:00000840       ??_C@_0BD@FPJCFKFJ@Unknown?5Error?3?5?$CFd?4?$AA@ 0000000000020b00     LibString:Misc.obj
 0002:00000860       sys_errlist                0000000000020b20     LibString:ErrorList.obj
 0002:00000b80       ??_C@_0BC@CMDFCGIM@No?5Error?5Detected?$AA@ 0000000000020e40     LibString:ErrorList.obj
 0002:00000b98       ??_C@_0BI@BJFCGOHL@Operation?5not?5permitted?$AA@ 0000000000020e58     LibString:ErrorList.obj
 0002:00000bb0       ??_C@_0BK@FMDHKPNF@No?5such?5file?5or?5directory?$AA@ 0000000000020e70     LibString:ErrorList.obj
 0002:00000bd0       ??_C@_0BA@FKIAIBGA@No?5such?5process?$AA@ 0000000000020e90     LibString:ErrorList.obj
 0002:00000be0       ??_C@_0BI@EAGLFFDI@Interrupted?5system?5call?$AA@ 0000000000020ea0     LibString:ErrorList.obj
 0002:00000bf8       ??_C@_0BD@KKNFOBBD@Input?1output?5error?$AA@ 0000000000020eb8     LibString:ErrorList.obj
 0002:00000c10       ??_C@_0BG@IEPFGEGM@Device?5not?5configured?$AA@ 0000000000020ed0     LibString:ErrorList.obj
 0002:00000c28       ??_C@_0BH@CCELHCFA@Argument?5list?5too?5long?$AA@ 0000000000020ee8     LibString:ErrorList.obj
 0002:00000c40       ??_C@_0BC@HKPNECK@Exec?5format?5error?$AA@ 0000000000020f00     LibString:ErrorList.obj
 0002:00000c58       ??_C@_0BE@NFGDDCEF@Bad?5file?5descriptor?$AA@ 0000000000020f18     LibString:ErrorList.obj
 0002:00000c70       ??_C@_0BD@LOHELEP@No?5child?5processes?$AA@ 0000000000020f30     LibString:ErrorList.obj
 0002:00000c88       ??_C@_0BK@JAEBMJJM@Resource?5deadlock?5avoided?$AA@ 0000000000020f48     LibString:ErrorList.obj
 0002:00000ca8       ??_C@_0BH@DBCLIABC@Cannot?5allocate?5memory?$AA@ 0000000000020f68     LibString:ErrorList.obj
 0002:00000cc0       ??_C@_0BC@HFNFNKAI@Permission?5denied?$AA@ 0000000000020f80     LibString:ErrorList.obj
 0002:00000cd8       ??_C@_0M@LOEHLCJD@Bad?5address?$AA@ 0000000000020f98     LibString:ErrorList.obj
 0002:00000ce8       ??_C@_0BG@DDDDJJIM@Block?5device?5required?$AA@ 0000000000020fa8     LibString:ErrorList.obj
 0002:00000d00       ??_C@_0M@KEEOMFM@Device?5busy?$AA@ 0000000000020fc0     LibString:ErrorList.obj
 0002:00000d10       ??_C@_0M@NAAJNNGH@File?5exists?$AA@ 0000000000020fd0     LibString:ErrorList.obj
 0002:00000d20       ??_C@_0BC@OFBLDMPL@Cross?9device?5link?$AA@ 0000000000020fe0     LibString:ErrorList.obj
 0002:00000d38       ??_C@_0CC@BGJGOOF@Operation?5not?5supported?5by?5devic@ 0000000000020ff8     LibString:ErrorList.obj
 0002:00000d60       ??_C@_0BA@CJBACOOL@Not?5a?5directory?$AA@ 0000000000021020     LibString:ErrorList.obj
 0002:00000d70       ??_C@_0P@NDHGCGKE@Is?5a?5directory?$AA@ 0000000000021030     LibString:ErrorList.obj
 0002:00000d80       ??_C@_0BB@HMGGCEBG@Invalid?5argument?$AA@ 0000000000021040     LibString:ErrorList.obj
 0002:00000d98       ??_C@_0BO@IIFBODJE@Too?5many?5open?5files?5in?5system?$AA@ 0000000000021058     LibString:ErrorList.obj
 0002:00000db8       ??_C@_0BE@INBJMKGG@Too?5many?5open?5files?$AA@ 0000000000021078     LibString:ErrorList.obj
 0002:00000dd0       ??_C@_0BP@NAOGGPDI@Inappropriate?5ioctl?5for?5device?$AA@ 0000000000021090     LibString:ErrorList.obj
 0002:00000df0       ??_C@_0P@HJGPGMF@Text?5file?5busy?$AA@ 00000000000210b0     LibString:ErrorList.obj
 0002:00000e00       ??_C@_0P@LFMMIPAE@File?5too?5large?$AA@ 00000000000210c0     LibString:ErrorList.obj
 0002:00000e10       ??_C@_0BI@FEALHKLD@No?5space?5left?5on?5device?$AA@ 00000000000210d0     LibString:ErrorList.obj
 0002:00000e28       ??_C@_0N@JPKNIBBK@Illegal?5seek?$AA@ 00000000000210e8     LibString:ErrorList.obj
 0002:00000e38       ??_C@_0BF@JEDIFMJD@Read?9only?5filesystem?$AA@ 00000000000210f8     LibString:ErrorList.obj
 0002:00000e50       ??_C@_0P@PKCJJLLM@Too?5many?5links?$AA@ 0000000000021110     LibString:ErrorList.obj
 0002:00000e60       ??_C@_0M@LHEPIIOM@Broken?5pipe?$AA@ 0000000000021120     LibString:ErrorList.obj
 0002:00000e70       ??_C@_0CB@BNEAGFJG@Numerical?5argument?5out?5of?5domain@ 0000000000021130     LibString:ErrorList.obj
 0002:00000e98       ??_C@_0BB@FCBJFCAJ@Result?5too?5large?$AA@ 0000000000021158     LibString:ErrorList.obj
 0002:00000eb0       ??_C@_0CB@EPFKGNAK@Resource?5temporarily?5unavailable@ 0000000000021170     LibString:ErrorList.obj
 0002:00000ed8       ??_C@_0BK@LBMNDGCG@Operation?5now?5in?5progress?$AA@ 0000000000021198     LibString:ErrorList.obj
 0002:00000ef8       ??_C@_0BO@BMABNIPB@Operation?5already?5in?5progress?$AA@ 00000000000211b8     LibString:ErrorList.obj
 0002:00000f18       ??_C@_0BP@MCCLAMPH@Socket?5operation?5on?5non?9socket?$AA@ 00000000000211d8     LibString:ErrorList.obj
 0002:00000f38       ??_C@_0BN@HFCIEIME@Destination?5address?5required?$AA@ 00000000000211f8     LibString:ErrorList.obj
 0002:00000f58       ??_C@_0BB@NDAKHOCP@Message?5too?5long?$AA@ 0000000000021218     LibString:ErrorList.obj
 0002:00000f70       ??_C@_0BP@PDKJLOAE@Protocol?5wrong?5type?5for?5socket?$AA@ 0000000000021230     LibString:ErrorList.obj
 0002:00000f90       ??_C@_0BH@HPHKDMA@Protocol?5not?5available?$AA@ 0000000000021250     LibString:ErrorList.obj
 0002:00000fa8       ??_C@_0BH@JNBKLLAJ@Protocol?5not?5supported?$AA@ 0000000000021268     LibString:ErrorList.obj
 0002:00000fc0       ??_C@_0BK@LMAIHBL@Socket?5type?5not?5supported?$AA@ 0000000000021280     LibString:ErrorList.obj
 0002:00000fe0       ??_C@_0BI@EDJAHLMH@Operation?5not?5supported?$AA@ 00000000000212a0     LibString:ErrorList.obj
 0002:00000ff8       ??_C@_0BO@EBCCBLCJ@Protocol?5family?5not?5supported?$AA@ 00000000000212b8     LibString:ErrorList.obj
 0002:00001018       ??_C@_0DA@KDGLCJJO@Address?5family?5not?5supported?5by?5@ 00000000000212d8     LibString:ErrorList.obj
 0002:00001048       ??_C@_0BH@LOKACPE@Address?5already?5in?5use?$AA@ 0000000000021308     LibString:ErrorList.obj
 0002:00001060       ??_C@_0BP@OKMOKAIP@Can?8t?5assign?5requested?5address?$AA@ 0000000000021320     LibString:ErrorList.obj
 0002:00001080       ??_C@_0BA@LPIEBGEK@Network?5is?5down?$AA@ 0000000000021340     LibString:ErrorList.obj
 0002:00001090       ??_C@_0BH@CIEOBPFM@Network?5is?5unreachable?$AA@ 0000000000021350     LibString:ErrorList.obj
 0002:000010a8       ??_C@_0CE@JHDCOCF@Network?5dropped?5connection?5on?5re@ 0000000000021368     LibString:ErrorList.obj
 0002:000010d0       ??_C@_0CB@DJAOADN@Software?5caused?5connection?5abort@ 0000000000021390     LibString:ErrorList.obj
 0002:000010f8       ??_C@_0BJ@FJAMCHKE@Connection?5reset?5by?5peer?$AA@ 00000000000213b8     LibString:ErrorList.obj
 0002:00001118       ??_C@_0BK@OCAHGMEA@No?5buffer?5space?5available?$AA@ 00000000000213d8     LibString:ErrorList.obj
 0002:00001138       ??_C@_0BM@CCONNCKE@Socket?5is?5already?5connected?$AA@ 00000000000213f8     LibString:ErrorList.obj
 0002:00001158       ??_C@_0BI@ILAOGBJJ@Socket?5is?5not?5connected?$AA@ 0000000000021418     LibString:ErrorList.obj
 0002:00001170       ??_C@_0CB@IOOOMFJJ@Can?8t?5send?5after?5socket?5shutdown@ 0000000000021430     LibString:ErrorList.obj
 0002:00001198       ??_C@_0CC@HOLLLFLE@Too?5many?5references?3?5can?8t?5splic@ 0000000000021458     LibString:ErrorList.obj
 0002:000011c0       ??_C@_0BE@JAEOFJAL@Operation?5timed?5out?$AA@ 0000000000021480     LibString:ErrorList.obj
 0002:000011d8       ??_C@_0BD@NPDMPPFP@Connection?5refused?$AA@ 0000000000021498     LibString:ErrorList.obj
 0002:000011f0       ??_C@_0CC@CPDHMANB@Too?5many?5levels?5of?5symbolic?5link@ 00000000000214b0     LibString:ErrorList.obj
 0002:00001218       ??_C@_0BD@CGPKCNP@File?5name?5too?5long?$AA@ 00000000000214d8     LibString:ErrorList.obj
 0002:00001230       ??_C@_0N@OHOPOBEF@Host?5is?5down?$AA@ 00000000000214f0     LibString:ErrorList.obj
 0002:00001240       ??_C@_0BB@PFBILCPA@No?5route?5to?5host?$AA@ 0000000000021500     LibString:ErrorList.obj
 0002:00001258       ??_C@_0BE@ICMCHPHH@Directory?5not?5empty?$AA@ 0000000000021518     LibString:ErrorList.obj
 0002:00001270       ??_C@_0BD@LPHIGPM@Too?5many?5processes?$AA@ 0000000000021530     LibString:ErrorList.obj
 0002:00001288       ??_C@_0P@DAFGFIDC@Too?5many?5users?$AA@ 0000000000021548     LibString:ErrorList.obj
 0002:00001298       ??_C@_0BE@KMAIMPL@Disc?5quota?5exceeded?$AA@ 0000000000021558     LibString:ErrorList.obj
 0002:000012b0       ??_C@_0BG@KNCBNNDC@Stale?5NFS?5file?5handle?$AA@ 0000000000021570     LibString:ErrorList.obj
 0002:000012c8       ??_C@_0CC@DBGGHIAG@Too?5many?5levels?5of?5remote?5in?5pat@ 0000000000021588     LibString:ErrorList.obj
 0002:000012f0       ??_C@_0BC@ICCGLAJN@RPC?5struct?5is?5bad?$AA@ 00000000000215b0     LibString:ErrorList.obj
 0002:00001308       ??_C@_0BC@FIMLNFGC@RPC?5version?5wrong?$AA@ 00000000000215c8     LibString:ErrorList.obj
 0002:00001320       ??_C@_0BE@HDGMLIGJ@RPC?5prog?4?5not?5avail?$AA@ 00000000000215e0     LibString:ErrorList.obj
 0002:00001338       ??_C@_0BG@JOMPHNJI@Program?5version?5wrong?$AA@ 00000000000215f8     LibString:ErrorList.obj
 0002:00001350       ??_C@_0BK@LKNMDCLJ@Bad?5procedure?5for?5program?$AA@ 0000000000021610     LibString:ErrorList.obj
 0002:00001370       ??_C@_0BD@CLHBCGPB@No?5locks?5available?$AA@ 0000000000021630     LibString:ErrorList.obj
 0002:00001388       ??_C@_0BJ@IHEHINLI@Function?5not?5implemented?$AA@ 0000000000021648     LibString:ErrorList.obj
 0002:000013a8       ??_C@_0CC@GLJPLFOJ@Inappropriate?5file?5type?5or?5forma@ 0000000000021668     LibString:ErrorList.obj
 0002:000013d0       ??_C@_0BF@MOMJDFNI@Authentication?5error?$AA@ 0000000000021690     LibString:ErrorList.obj
 0002:000013e8       ??_C@_0BD@GDKJMNEO@Need?5authenticator?$AA@ 00000000000216a8     LibString:ErrorList.obj
 0002:00001400       ??_C@_0BD@LJPFLIMC@Identifier?5removed?$AA@ 00000000000216c0     LibString:ErrorList.obj
 0002:00001418       ??_C@_0BL@LAELPFGP@No?5message?5of?5desired?5type?$AA@ 00000000000216d8     LibString:ErrorList.obj
 0002:00001438       ??_C@_0CK@NDEHDADK@Value?5too?5large?5to?5be?5stored?5in?5@ 00000000000216f8     LibString:ErrorList.obj
 0002:00001468       ??_C@_0BG@KLEAJEFJ@Illegal?5byte?5sequence?$AA@ 0000000000021728     LibString:ErrorList.obj
 0002:00001480       ??_C@_0N@JIEBMMEB@Bad?5errno?586?$AA@ 0000000000021740     LibString:ErrorList.obj
 0002:00001490       ??_C@_0BD@OIDFIKFE@Operation?5canceled?$AA@ 0000000000021750     LibString:ErrorList.obj
 0002:000014a8       ??_C@_0M@OEPJJONH@Bad?5message?$AA@ 0000000000021768     LibString:ErrorList.obj
 0002:000014b8       ??_C@_0BF@GGKONPHM@No?5message?5available?$AA@ 0000000000021778     LibString:ErrorList.obj
 0002:000014d0       ??_C@_0BE@HNNMKAI@No?5STREAM?5resources?$AA@ 0000000000021790     LibString:ErrorList.obj
 0002:000014e8       ??_C@_0N@BFKFJNP@Not?5a?5STREAM?$AA@ 00000000000217a8     LibString:ErrorList.obj
 0002:000014f8       ??_C@_0BF@BKBOOGBB@STREAM?5ioctl?5timeout?$AA@ 00000000000217b8     LibString:ErrorList.obj
 0002:00001510       ??_C@_0BE@BOJAKOGO@Attribute?5not?5found?$AA@ 00000000000217d0     LibString:ErrorList.obj
 0002:00001528       ??_C@_0BC@MPFABHFK@Programming?5error?$AA@ 00000000000217e8     LibString:ErrorList.obj
 0002:00001540       ??_C@_0BD@BLOHNAGF@Multihop?5attempted?$AA@ 0000000000021800     LibString:ErrorList.obj
 0002:00001558       ??_C@_0BG@JIGCCAHA@Link?5has?5been?5severed?$AA@ 0000000000021818     LibString:ErrorList.obj
 0002:00001570       ??_C@_0P@NFDLBHIK@Protocol?5error?$AA@ 0000000000021830     LibString:ErrorList.obj
 0002:00001580       ??_C@_0CA@JBGHAFDD@Buffer?5too?5small?5to?5hold?5result?$AA@ 0000000000021840     LibString:ErrorList.obj
 0002:000015a0       ??_C@_0CO@BCOPOIDC@System?5Error?5list?5and?5errno?4h?5ar@ 0000000000021860     LibString:ErrorList.obj
 0002:000015d0       ??_C@_0DG@MFCDKOLN@g?3?2uefi_edk2_practice?2MdePkg?2Lib@ 0000000000021890     BaseLib:String.obj
 0002:00001608       ??_C@_0CI@LLKACKFD@?$CI?$CIUINTN?$CJ?5Destination?5?$CG?50x0000000@ 00000000000218c8     BaseLib:String.obj
 0002:00001630       ??_C@_0DA@MIOLHJCL@?$CIUINTN?$CJ?$CIDestination?5?9?5Source?$CJ?5?$DO?5@ 00000000000218f0     BaseLib:String.obj
 0002:00001660       ??_C@_0CI@FOLEBOJ@?$CIUINTN?$CJ?$CISource?5?9?5Destination?$CJ?5?$DO?$DN@ 0000000000021920     BaseLib:String.obj
 0002:00001688       ??_C@_0DL@LFIMEMJP@Length?5?$DM?$DN?5_gPcd_FixedAtBuild_Pcd@ 0000000000021948     BaseLib:String.obj
 0002:000016c8       ??_C@_0CD@BDCLIGHD@?$CI?$CIUINTN?$CJ?5String?5?$CG?50x00000001?$CJ?5?$DN?$DN@ 0000000000021988     BaseLib:String.obj
 0002:000016f0       ??_C@_0DK@EOJCOAME@Length?5?$DM?5_gPcd_FixedAtBuild_PcdM@ 00000000000219b0     BaseLib:String.obj
 0002:00001730       ??_C@_0BL@JAAMOCAJ@StrSize?5?$CIFirstString?$CJ?5?$CB?$DN?50?$AA@ 00000000000219f0     BaseLib:String.obj
 0002:00001750       ??_C@_0BM@DALBOILC@StrSize?5?$CISecondString?$CJ?5?$CB?$DN?50?$AA@ 0000000000021a10     BaseLib:String.obj
 0002:00001770       ??_C@_0BL@NAIOOBPB@StrSize?5?$CIDestination?$CJ?5?$CB?$DN?50?$AA@ 0000000000021a30     BaseLib:String.obj
 0002:00001790       ??_C@_0BG@KBNOLIGE@StrSize?5?$CIString?$CJ?5?$CB?$DN?50?$AA@ 0000000000021a50     BaseLib:String.obj
 0002:000017a8       ??_C@_0BM@NNBLOHJD@StrSize?5?$CISearchString?$CJ?5?$CB?$DN?50?$AA@ 0000000000021a68     BaseLib:String.obj
 0002:000017c8       ??_C@_0BG@JJELHOCA@StrSize?5?$CISource?$CJ?5?$CB?$DN?50?$AA@ 0000000000021a88     BaseLib:String.obj
 0002:000017e0       ??_C@_0DN@HIFCOCOI@?$CIUINTN?$CJ?5?$CIDestination?5?9?5?$CICHAR8?5?$CK?$CJ@ 0000000000021aa0     BaseLib:String.obj
 0002:00001820       ??_C@_0DL@LACPINOG@?$CIUINTN?$CJ?5?$CI?$CICHAR8?5?$CK?$CJ?5Source?5?9?5Dest@ 0000000000021ae0     BaseLib:String.obj
 0002:00001860       ??_C@_0BA@MFHLDCJH@?$CKSource?5?$DM?50x100?$AA@ 0000000000021b20     BaseLib:String.obj
 0002:00001870       ??_C@_0CA@FFIBMAAF@AsciiStrSize?5?$CIReturnValue?$CJ?5?$CB?$DN?50?$AA@ 0000000000021b30     BaseLib:String.obj
 0002:00001890       ??_C@_0DF@CDKFFDDI@?$CIUINTN?$CJ?$CIDestination?5?9?5Source?$CJ?5?$DO?5@ 0000000000021b50     BaseLib:String.obj
 0002:000018c8       ??_C@_0DF@CCGJKFCO@?$CIUINTN?$CJ?$CISource?5?9?5Destination?$CJ?5?$DO?5@ 0000000000021b88     BaseLib:String.obj
 0002:00001900       ??_C@_0DJ@JJHGIFMP@Length?5?$DM?$DN?5_gPcd_FixedAtBuild_Pcd@ 0000000000021bc0     BaseLib:String.obj
 0002:00001940       ??_C@_0DI@MDIKFADO@Length?5?$DM?5_gPcd_FixedAtBuild_PcdM@ 0000000000021c00     BaseLib:String.obj
 0002:00001978       ??_C@_0BL@IKFBNFIL@AsciiStrSize?5?$CIFirstString?$CJ?$AA@ 0000000000021c38     BaseLib:String.obj
 0002:00001998       ??_C@_0BM@EDNOKLLE@AsciiStrSize?5?$CISecondString?$CJ?$AA@ 0000000000021c58     BaseLib:String.obj
 0002:000019b8       ??_C@_0BL@NNBEMOEP@AsciiStrSize?5?$CISource?$CJ?5?$CB?$DN?50?$AA@ 0000000000021c78     BaseLib:String.obj
 0002:000019e0       ??_C@_0EA@ELKIMFNG@?$CIUINTN?$CJ?5?$CI?$CICHAR8?5?$CK?$CJ?5Destination?5?9@ 0000000000021ca0     BaseLib:String.obj
 0002:00001a20       ??_C@_0FG@JICIAIMJ@?$CIUINTN?$CJ?5?$CISource?5?9?5?$CICHAR8?5?$CK?$CJ?5Dest@ 0000000000021ce0     BaseLib:String.obj
 0002:00001a78       ??_C@_0BL@KAGEINIP@StrSize?5?$CIReturnValue?$CJ?5?$CB?$DN?50?$AA@ 0000000000021d38     BaseLib:String.obj
 0002:00001a98       ??_C@_0DJ@DIJFAOJH@g?3?2uefi_edk2_practice?2MdePkg?2Lib@ 0000000000021d58     BaseLib:Unaligned.obj
 0002:00001ad8       ??_C@_0N@KGHEHMDL@Divisor?5?$CB?$DN?50?$AA@ 0000000000021d98     BaseLib:DivU64x32.obj
 0002:00001ae8       ??_C@_0DK@GNKFIOKI@g?3?2uefi_edk2_practice?2MdePkg?2Lib@ 0000000000021da8     BaseLib:SafeString.obj
 0002:00001b28       ??_C@_0BJ@MBBOBCLN@?$CIString?5?$CB?$DN?5?$CI?$CIvoid?5?$CK?$CJ?50?$CJ?$CJ?$AA@ 0000000000021de8     BaseLib:SafeString.obj
 0002:00001b48       ??_C@_0BH@JPMEDPAI@?$CIData?5?$CB?$DN?5?$CI?$CIvoid?5?$CK?$CJ?50?$CJ?$CJ?$AA@ 0000000000021e08     BaseLib:SafeString.obj
 0002:00001b60       ??_C@_0ID@JMCCGBLD@?$CIAsciiStrnLenS?5?$CIString?0?5?$CI_gPcd_F@ 0000000000021e20     BaseLib:SafeString.obj
 0002:00001be8       ??_C@_0BF@NJNGJMPC@List?5?$CB?$DN?5?$CI?$CIvoid?5?$CK?$CJ?50?$CJ?$AA@ 0000000000021ea8     BaseLib:LinkedList.obj
 0002:00001c00       ??_C@_0DK@FPMEKHHB@g?3?2uefi_edk2_practice?2MdePkg?2Lib@ 0000000000021ec0     BaseLib:LinkedList.obj
 0002:00001c40       ??_C@_0CC@KDLPLAED@List?9?$DOForwardLink?5?$CB?$DN?5?$CI?$CIvoid?5?$CK?$CJ?50@ 0000000000021f00     BaseLib:LinkedList.obj
 0002:00001c68       ??_C@_0BP@IJJCCMAK@List?9?$DOBackLink?5?$CB?$DN?5?$CI?$CIvoid?5?$CK?$CJ?50?$CJ?$AA@ 0000000000021f28     BaseLib:LinkedList.obj
 0002:00001c88       ??_C@_0CI@BMHOPIIO@InternalBaseLibIsListValid?5?$CIFirs@ 0000000000021f48     BaseLib:LinkedList.obj
 0002:00001cb0       ??_C@_0BM@BAIHHOEP@SecondEntry?5?$CB?$DN?5?$CI?$CIvoid?5?$CK?$CJ?50?$CJ?$AA@ 0000000000021f70     BaseLib:LinkedList.obj
 0002:00001cd0       ??_C@_0DI@HOMAKAJD@?$CI?$CIBOOLEAN?$CJ?$CI0?$DN?$DN1?$CJ?$CJ?5?$DN?$DN?5IsNodeInLis@ 0000000000021f90     BaseLib:LinkedList.obj
 0002:00001d08       ??_C@_0CG@LGIALJFK@InternalBaseLibIsListValid?5?$CIList@ 0000000000021fc8     BaseLib:LinkedList.obj
 0002:00001d30       ??_C@_0CC@JLDICICM@InternalBaseLibIsListValid?5?$CIList@ 0000000000021ff0     BaseLib:LinkedList.obj
 0002:00001d58       ??_C@_0DD@OAAIDOJD@?$CI?$CIBOOLEAN?$CJ?$CI1?$DN?$DN1?$CJ?$CJ?5?$DN?$DN?5IsNodeInLis@ 0000000000022018     BaseLib:LinkedList.obj
 0002:00001d90       ??_C@_0BF@NMBJJECB@?$CBIsListEmpty?5?$CIEntry?$CJ?$AA@ 0000000000022050     BaseLib:LinkedList.obj
 0002:00001da8       ??_C@_17CECJBCED@?$AA?2?$AA?4?$AA?2?$AA?$AA@ 0000000000022068     BaseLib:FilePaths.obj
 0002:00001db0       ??_C@_15HFJMEONN@?$AA?2?$AA?4?$AA?$AA@ 0000000000022070     BaseLib:FilePaths.obj
 0002:00001db8       ??_C@_17OFBPHKFE@?$AA?2?$AA?4?$AA?4?$AA?$AA@ 0000000000022078     BaseLib:FilePaths.obj
 0002:00001dc0       ??_C@_15LEKKCGMK@?$AA?2?$AA?2?$AA?$AA@ 0000000000022080     BaseLib:FilePaths.obj
 0002:00001dc8       ??_C@_0L@MEMPDLHB@Count?5?$DM?564?$AA@ 0000000000022088     BaseLib:LShiftU64.obj
 0002:00001dd8       ??_C@_0DJ@KJENGIEM@g?3?2uefi_edk2_practice?2MdePkg?2Lib@ 0000000000022098     BaseLib:LShiftU64.obj
 0002:00001e20       ??_C@_0EC@LJCGBENK@g?3?2uefi_edk2_practice?2MdePkg?2Lib@ 00000000000220e0     BaseLib:DivU64x32Remainder.obj
 0002:00001e68       ??_C@_0BL@CPGKAMND@JumpBuffer?5?$CB?$DN?5?$CI?$CIvoid?5?$CK?$CJ?50?$CJ?$AA@ 0000000000022128     BaseLib:SetJump.obj
 0002:00001e88       ??_C@_0DH@IHFCELE@g?3?2uefi_edk2_practice?2MdePkg?2Lib@ 0000000000022148     BaseLib:SetJump.obj
 0002:00001ec0       ??_C@_0CD@OEHNCIHG@?$CI?$CIUINTN?$CJJumpBuffer?5?$CG?5?$CI8?5?9?51?$CJ?$CJ?5?$DN?$DN@ 0000000000022180     BaseLib:SetJump.obj
 0002:00001ef0       ??_C@_0ED@MKGCMJG@?$CILength?5?9?51?$CJ?5?$DM?$DN?5?$CI0xFFFFFFFFFFFFF@ 00000000000221b0     BaseMemoryLib:CopyMemWrapper.obj
 0002:00001f40       ??_C@_0EE@COAMBEJJ@g?3?2uefi_edk2_practice?2MdePkg?2Lib@ 0000000000022200     BaseMemoryLib:CopyMemWrapper.obj
 0002:00001f88       ??_C@_0DO@MAOBOFEG@?$CILength?5?9?51?$CJ?5?$DM?$DN?5?$CI0xFFFFFFFFFFFFF@ 0000000000022248     BaseMemoryLib:CopyMemWrapper.obj
 0002:00001fc8       ??_C@_0DG@EEENIGGL@Length?5?$DM?$DN?5?$CI0xFFFFFFFFFFFFFFFFULL@ 0000000000022288     BaseMemoryLib:MemLibGuid.obj
 0002:00002000       ??_C@_0EE@JKKOHFFO@g?3?2uefi_edk2_practice?2MdePkg?2Lib@ 00000000000222c0     BaseMemoryLib:ZeroMemWrapper.obj
 0002:00002048       ??_C@_0DI@DAGDPLPG@?$CILength?5?9?51?$CJ?5?$DM?$DN?5?$CI0xFFFFFFFFFFFFF@ 0000000000022308     BaseMemoryLib:SetMemWrapper.obj
 0002:00002080       ??_C@_0ED@FGINMKBB@g?3?2uefi_edk2_practice?2MdePkg?2Lib@ 0000000000022340     BaseMemoryLib:SetMemWrapper.obj
 0002:000020c8       ??_C@_0CC@JOEHDGKB@DestinationBuffer?5?$CB?$DN?5?$CI?$CIvoid?5?$CK?$CJ?50@ 0000000000022388     BaseMemoryLib:CompareMemWrapper.obj
 0002:000020f0       ??_C@_0EH@FNNCPHNN@g?3?2uefi_edk2_practice?2MdePkg?2Lib@ 00000000000223b0     BaseMemoryLib:CompareMemWrapper.obj
 0002:00002138       ??_C@_0BN@MDMCNBCC@SourceBuffer?5?$CB?$DN?5?$CI?$CIvoid?5?$CK?$CJ?50?$CJ?$AA@ 00000000000223f8     BaseMemoryLib:CompareMemWrapper.obj
 0002:00002158       ??_C@_0CO@LECKNDNC@?$CI?$CI?$CIUINTN?$CJBuffer?$CJ?5?$CG?5?$CIsizeof?5?$CIValu@ 0000000000022418     BaseMemoryLib:SetMem64Wrapper.obj
 0002:00002188       ??_C@_0CF@LEICOABD@?$CILength?5?$CG?5?$CIsizeof?5?$CIValue?$CJ?5?9?51?$CJ?$CJ?5@ 0000000000022448     BaseMemoryLib:SetMem64Wrapper.obj
 0002:000021b0       ??_C@_0L@KDHIOLNB@Value?5?$CB?$DN?50?$AA@ 0000000000022470     BaseLib:LongJump.obj
 0002:000021c0       ??_C@_0DI@IJCLEFAF@g?3?2uefi_edk2_practice?2MdePkg?2Lib@ 0000000000022480     BaseLib:LongJump.obj
 0002:00002200       ??_C@_0EF@LBDHAOLE@g?3?2uefi_edk2_practice?2MdePkg?2Lib@ 00000000000224c0     BaseMemoryLib:SetMem16Wrapper.obj
 0002:00002250       ??_C@_0EF@NMPMIHNL@g?3?2uefi_edk2_practice?2MdePkg?2Lib@ 0000000000022510     BaseMemoryLib:ScanMem8Wrapper.obj
 0002:00002298       ??_C@_0CB@DMEJJJHA@?6ASSERT_EFI_ERROR?5?$CIStatus?5?$DN?5?$CFr?$CJ?6@ 0000000000022558     GetNameInfo:AutoGen.obj
 0002:000022c0       ??_C@_0BE@DCHLEIGN@?$CBEFI_ERROR?5?$CIStatus?$CJ?$AA@ 0000000000022580     GetNameInfo:AutoGen.obj
 0002:000022e0       ??_C@_0HN@MEABHMIJ@g?3?2uefi_edk2_practice?2Build?2AppP@ 00000000000225a0     GetNameInfo:AutoGen.obj
 0002:00002360       _gPcd_FixedAtBuild_PcdMaximumLinkedListLength 0000000000022620     GetNameInfo:AutoGen.obj
 0002:00002364       _gPcd_FixedAtBuild_PcdMaximumUnicodeStringLength 0000000000022624     GetNameInfo:AutoGen.obj
 0002:00002368       _gPcd_FixedAtBuild_PcdMaximumAsciiStringLength 0000000000022628     GetNameInfo:AutoGen.obj
 0002:0000236c       _gPcd_FixedAtBuild_PcdVerifyNodeInList 000000000002262c     GetNameInfo:AutoGen.obj
 0002:00002370       ??_C@_06GCNMPELH@stdin?3?$AA@ 0000000000022630     LibC:Main.obj
 0002:00002378       ??_C@_07CJCKBFG@stdout?3?$AA@ 0000000000022638     LibC:Main.obj
 0002:00002380       ??_C@_07NBHIPNPM@stderr?3?$AA@ 0000000000022640     LibC:Main.obj
 0002:00002390       ??_C@_1FI@OEFNJEF@?$AAE?$AAR?$AAR?$AAO?$AAR?$AA?5?$AAI?$AAn?$AAi?$AAt?$AAi?$AAa?$AAl?$AAi?$AAz?$AAi?$AAn?$AAg?$AA?5?$AAS?$AAt?$AAa?$AAn?$AAd?$AAa?$AAr?$AAd?$AA?5?$AAI?$AAO?$AA?3?$AA?5@ 0000000000022650     LibC:Main.obj
 0002:000023e8       ??_C@_1O@CFMGMDFI@?$AAs?$AAt?$AAd?$AAi?$AAn?$AA?3?$AA?$AA@ 00000000000226a8     DevConsole:daConsole.obj
 0002:000023f8       ??_C@_1BA@PGAEEPHD@?$AAs?$AAt?$AAd?$AAo?$AAu?$AAt?$AA?3?$AA?$AA@ 00000000000226b8     DevConsole:daConsole.obj
 0002:00002408       ??_C@_1BA@DNLKDFLO@?$AAs?$AAt?$AAd?$AAe?$AAr?$AAr?$AA?3?$AA?$AA@ 00000000000226c8     DevConsole:daConsole.obj
 0002:00002448       ??_C@_0BH@IACGKAP@Buffer?5?$CB?$DN?5?$CI?$CIvoid?5?$CK?$CJ?50?$CJ?$AA@ 0000000000022708     UefiLib:UefiLibPrint.obj
 0002:00002460       ??_C@_17CLELIOII@?$AAN?$AAU?$AAL?$AA?$AA@ 0000000000022720     UefiShellLib:UefiShellLib.obj
 0002:00002468       ??_C@_19CIJIHAKK@?$AAN?$AAU?$AAL?$AAL?$AA?$AA@ 0000000000022728     UefiShellLib:UefiShellLib.obj
 0002:00002478       ??_C@_0BM@NLNKOJGD@Destination?5?$CB?$DN?5?$CI?$CIvoid?5?$CK?$CJ?50?$CJ?$AA@ 0000000000022738     UefiShellLib:UefiShellLib.obj
 0002:00002498       mEslUdp4ServiceGuid        0000000000022758     EfiSocketLib:UseEfiSocketLib.obj
 0002:000024a8       mEfiServiceBinding         0000000000022768     EfiSocketLib:UseEfiSocketLib.obj
 0002:000024b8       mEslUdp6ServiceGuid        0000000000022778     EfiSocketLib:UseEfiSocketLib.obj
 0002:000024c8       mEslTcp4ServiceGuid        0000000000022788     EfiSocketLib:UseEfiSocketLib.obj
 0002:000024d8       mEslTcp6ServiceGuid        0000000000022798     EfiSocketLib:UseEfiSocketLib.obj
 0002:000024e8       mEslIp4ServiceGuid         00000000000227a8     EfiSocketLib:UseEfiSocketLib.obj
 0002:00002500       cEslSocketBinding          00000000000227c0     EfiSocketLib:Socket.obj
 0002:00002640       ??_C@_17NIGEJLGH@?$AAI?$AAp?$AA4?$AA?$AA@ 0000000000022900     EfiSocketLib:Socket.obj
 0002:00002648       ??_C@_19IGIFHENE@?$AAT?$AAc?$AAp?$AA4?$AA?$AA@ 0000000000022908     EfiSocketLib:Socket.obj
 0002:00002658       ??_C@_19CMIMLMFP@?$AAT?$AAc?$AAp?$AA6?$AA?$AA@ 0000000000022918     EfiSocketLib:Socket.obj
 0002:00002668       ??_C@_19GDICBGPD@?$AAU?$AAd?$AAp?$AA4?$AA?$AA@ 0000000000022928     EfiSocketLib:Socket.obj
 0002:00002678       ??_C@_19MJILNOHI@?$AAU?$AAd?$AAp?$AA6?$AA?$AA@ 0000000000022938     EfiSocketLib:Socket.obj
 0002:00002690       cEslTcp6Api                0000000000022950     EfiSocketLib:Tcp6.obj
 0002:00002798       ??_C@_05NEBMLMBB@TCPv6?$AA@ 0000000000022a58     EfiSocketLib:Tcp6.obj
 0002:000027a0       cEslIp4Api                 0000000000022a60     EfiSocketLib:Ip4.obj
 0002:000028a8       ??_C@_04EMGFNKGN@IPv4?$AA@ 0000000000022b68     EfiSocketLib:Ip4.obj
 0002:000028b0       cEslTcp4Api                0000000000022b70     EfiSocketLib:Tcp4.obj
 0002:000029b8       ??_C@_05OGCKNOJD@TCPv4?$AA@ 0000000000022c78     EfiSocketLib:Tcp4.obj
 0002:000029c0       cEslUdp4Api                0000000000022c80     EfiSocketLib:Udp4.obj
 0002:00002ac8       ??_C@_05JPFGNBCG@UDPv4?$AA@ 0000000000022d88     EfiSocketLib:Udp4.obj
 0002:00002ad0       cEslUdp6Api                0000000000022d90     EfiSocketLib:Udp6.obj
 0002:00002bd8       ??_C@_05KNGALDKE@UDPv6?$AA@ 0000000000022e98     EfiSocketLib:Udp6.obj
 0002:00002be0       ??_C@_0CE@HCINCODJ@?$CFs?5?5?$DMhost?5address?$DO?5?5?$DMserver?5name@ 0000000000022ea0     GetNameInfo:GetNameInfo.obj
 0002:00002c08       ??_C@_0CM@LNNBNNBL@ERROR?5?9?5address?5info?5not?5found?0?5@ 0000000000022ec8     GetNameInfo:GetNameInfo.obj
 0002:00002c38       ??_C@_0CO@LIADLAHD@ERROR?5?9?5No?5address?5info?5structur@ 0000000000022ef8     GetNameInfo:GetNameInfo.obj
 0002:00002c68       ??_C@_0P@MFNFGAIA@?$CFs?3?5HostName?$AN?6?$AA@ 0000000000022f28     GetNameInfo:GetNameInfo.obj
 0002:00002c78       ??_C@_0BD@DCIJKFNP@?$CFs?3?5Service?5Name?$AN?6?$AA@ 0000000000022f38     GetNameInfo:GetNameInfo.obj
 0002:00002c8c       ??_C@_15KKOHIOBF@?$AA?2?$AA?3?$AA?$AA@ 0000000000022f4c     DevUtility:Path.obj
 0002:00002c98       year_lengths               0000000000022f58     LibTime:Time.obj
 0002:00002ca0       mon_lengths                0000000000022f60     LibTime:Time.obj
 0002:00002d00       ??_C@_0BA@NFHJAOCJ@?0M4?41?40?0M10?45?40?$AA@ 0000000000022fc0     LibTime:ZoneProc.obj
 0002:00002d10       ??_C@_02CLFPBFFP@TZ?$AA@   0000000000022fd0     LibTime:ZoneProc.obj
 0002:00002d18       wildabbr                   0000000000022fd8     LibTime:ZoneProc.obj
 0002:00002d24       gmt                        0000000000022fe4     LibTime:ZoneProc.obj
 0002:00002d28       ??_C@_0CI@BKHCEFMF@?$CILength?5?$DO?50x007F?$CJ?5?$CG?$CG?5?$CILength?5?$DM?$DN?5@ 0000000000022fe8     LibLocale:multibyte_Utf8.obj
 0002:00002d50       ??_C@_0P@CCFDOHOB@ProcessOneByte?$AA@ 0000000000023010     LibLocale:multibyte_Utf8.obj
 0002:00002d60       ??_C@_0DK@GDOMIPKJ@g?3?2uefi_edk2_practice?2StdLib?2Lib@ 0000000000023020     LibLocale:multibyte_Utf8.obj
 0002:00002da0       ??_C@_0CI@NHCOAOJN@?$CILength?5?$DO?50x07FF?$CJ?5?$CG?$CG?5?$CILength?5?$DM?$DN?5@ 0000000000023060     LibLocale:multibyte_Utf8.obj
 0002:00002dc8       ??_C@_0CK@ECFFLHAE@?$CILength?5?$DO?50xFFFF?$CJ?5?$CG?$CG?5?$CILength?5?$DM?$DN?5@ 0000000000023088     LibLocale:multibyte_Utf8.obj
 0002:00002f00       ??_C@_07PBILKAFL@Success?$AA@ 00000000000231c0     BasePrintLib:PrintLibInternal.obj
 0002:00002f08       ??_C@_0BG@CFJMNNJK@Warning?5Unknown?5Glyph?$AA@ 00000000000231c8     BasePrintLib:PrintLibInternal.obj
 0002:00002f20       ??_C@_0BH@GKKCJEPJ@Warning?5Delete?5Failure?$AA@ 00000000000231e0     BasePrintLib:PrintLibInternal.obj
 0002:00002f38       ??_C@_0BG@ECIJMOED@Warning?5Write?5Failure?$AA@ 00000000000231f8     BasePrintLib:PrintLibInternal.obj
 0002:00002f50       ??_C@_0BJ@ODIPDGHB@Warning?5Buffer?5Too?5Small?$AA@ 0000000000023210     BasePrintLib:PrintLibInternal.obj
 0002:00002f70       ??_C@_0BD@IFJNJCCO@Warning?5Stale?5Data?$AA@ 0000000000023230     BasePrintLib:PrintLibInternal.obj
 0002:00002f88       ??_C@_0L@PLPBEPPC@Load?5Error?$AA@ 0000000000023248     BasePrintLib:PrintLibInternal.obj
 0002:00002f98       ??_C@_0BC@HOFHKGJN@Invalid?5Parameter?$AA@ 0000000000023258     BasePrintLib:PrintLibInternal.obj
 0002:00002fb0       ??_C@_0M@BEECMOIL@Unsupported?$AA@ 0000000000023270     BasePrintLib:PrintLibInternal.obj
 0002:00002fc0       ??_C@_0BA@FLNMPMCF@Bad?5Buffer?5Size?$AA@ 0000000000023280     BasePrintLib:PrintLibInternal.obj
 0002:00002fd0       ??_C@_0BB@EGELJFOB@Buffer?5Too?5Small?$AA@ 0000000000023290     BasePrintLib:PrintLibInternal.obj
 0002:00002fe8       ??_C@_09NKFGCIPN@Not?5Ready?$AA@ 00000000000232a8     BasePrintLib:PrintLibInternal.obj
 0002:00002ff8       ??_C@_0N@HHEABDHO@Device?5Error?$AA@ 00000000000232b8     BasePrintLib:PrintLibInternal.obj
 0002:00003008       ??_C@_0BA@LNEDDFNB@Write?5Protected?$AA@ 00000000000232c8     BasePrintLib:PrintLibInternal.obj
 0002:00003018       ??_C@_0BB@GOILNEAA@Out?5of?5Resources?$AA@ 00000000000232d8     BasePrintLib:PrintLibInternal.obj
 0002:00003030       ??_C@_0P@EIOJGIF@Volume?5Corrupt?$AA@ 00000000000232f0     BasePrintLib:PrintLibInternal.obj
 0002:00003040       ??_C@_0M@HDLEPOFA@Volume?5Full?$AA@ 0000000000023300     BasePrintLib:PrintLibInternal.obj
 0002:00003050       ??_C@_08KEGAJDNN@No?5Media?$AA@ 0000000000023310     BasePrintLib:PrintLibInternal.obj
 0002:00003060       ??_C@_0O@JNCJKCCD@Media?5changed?$AA@ 0000000000023320     BasePrintLib:PrintLibInternal.obj
 0002:00003070       ??_C@_09CFCBFJND@Not?5Found?$AA@ 0000000000023330     BasePrintLib:PrintLibInternal.obj
 0002:00003080       ??_C@_0O@NFHOBIDO@Access?5Denied?$AA@ 0000000000023340     BasePrintLib:PrintLibInternal.obj
 0002:00003090       ??_C@_0M@ENKCBFEP@No?5Response?$AA@ 0000000000023350     BasePrintLib:PrintLibInternal.obj
 0002:000030a0       ??_C@_0L@IFPBNFC@No?5mapping?$AA@ 0000000000023360     BasePrintLib:PrintLibInternal.obj
 0002:000030b0       ??_C@_08PAFJCNGP@Time?5out?$AA@ 0000000000023370     BasePrintLib:PrintLibInternal.obj
 0002:000030c0       ??_C@_0M@DCJFAFHJ@Not?5started?$AA@ 0000000000023380     BasePrintLib:PrintLibInternal.obj
 0002:000030d0       ??_C@_0BA@IGIBFFPH@Already?5started?$AA@ 0000000000023390     BasePrintLib:PrintLibInternal.obj
 0002:000030e0       ??_C@_07LCKDCBKK@Aborted?$AA@ 00000000000233a0     BasePrintLib:PrintLibInternal.obj
 0002:000030e8       ??_C@_0L@LKIFCMNO@ICMP?5Error?$AA@ 00000000000233a8     BasePrintLib:PrintLibInternal.obj
 0002:000030f8       ??_C@_0L@DJKNJKHM@TFTP?5Error?$AA@ 00000000000233b8     BasePrintLib:PrintLibInternal.obj
 0002:00003108       ??_C@_0P@NCJHBCLM@Protocol?5Error?$AA@ 00000000000233c8     BasePrintLib:PrintLibInternal.obj
 0002:00003118       ??_C@_0BF@EHOBGFMI@Incompatible?5Version?$AA@ 00000000000233d8     BasePrintLib:PrintLibInternal.obj
 0002:00003130       ??_C@_0BD@KHMPCIOG@Security?5Violation?$AA@ 00000000000233f0     BasePrintLib:PrintLibInternal.obj
 0002:00003148       ??_C@_09BOMAGJEG@CRC?5Error?$AA@ 0000000000023408     BasePrintLib:PrintLibInternal.obj
 0002:00003158       ??_C@_0N@JEJDHPO@End?5of?5Media?$AA@ 0000000000023418     BasePrintLib:PrintLibInternal.obj
 0002:00003168       ??_C@_0O@NMJOLAMF@Reserved?5?$CI29?$CJ?$AA@ 0000000000023428     BasePrintLib:PrintLibInternal.obj
 0002:00003178       ??_C@_0O@GLPDOMCP@Reserved?5?$CI30?$CJ?$AA@ 0000000000023438     BasePrintLib:PrintLibInternal.obj
 0002:00003188       ??_C@_0M@FKGOBENP@End?5of?5File?$AA@ 0000000000023448     BasePrintLib:PrintLibInternal.obj
 0002:00003198       ??_C@_0BB@KFJAMCOC@Invalid?5Language?$AA@ 0000000000023458     BasePrintLib:PrintLibInternal.obj
 0002:000031b0       ??_C@_0BB@MFGDFIJM@Compromised?5Data?$AA@ 0000000000023470     BasePrintLib:PrintLibInternal.obj
 0002:000031c8       ??_C@_0O@MLOLIMFM@?$DMnull?5string?$DO?$AA@ 0000000000023488     BasePrintLib:PrintLibInternal.obj
 0002:000031d8       ??_C@_0M@BJJDNPHK@?$DMnull?5guid?$DO?$AA@ 0000000000023498     BasePrintLib:PrintLibInternal.obj
 0002:000031e8       ??_C@_0DB@PMLHLBMO@?$CF08x?9?$CF04x?9?$CF04x?9?$CF02x?$CF02x?9?$CF02x?$CF02x@ 00000000000234a8     BasePrintLib:PrintLibInternal.obj
 0002:00003220       ??_C@_0M@LHGBCIKM@?$DMnull?5time?$DO?$AA@ 00000000000234e0     BasePrintLib:PrintLibInternal.obj
 0002:00003230       ??_C@_0BK@FCPKCIDD@?$CF02d?1?$CF02d?1?$CF04d?5?5?$CF02d?3?$CF02d?$AA@ 00000000000234f0     BasePrintLib:PrintLibInternal.obj
 0002:0000324c       ??_C@_04JIMNDDED@?$CF08X?$AA@ 000000000002350c     BasePrintLib:PrintLibInternal.obj
 0002:00003254       ??_C@_02PCIJFNDE@?$AN?6?$AA@ 0000000000023514     BasePrintLib:PrintLibInternal.obj
 0002:00003258       ??_C@_01LIIJDEN@?$AN?$AA@  0000000000023518     BasePrintLib:PrintLibInternal.obj
 0002:00003260       mStatusString              0000000000023520     BasePrintLib:PrintLibInternal.obj
 0002:000033a0       mHexStr                    0000000000023660     BasePrintLib:PrintLibInternal.obj
 0002:000033b0       ??_C@_03OEIAHPBN@INF?$AA@  0000000000023670     LibStdio:vfprintf.obj
 0002:000033b4       ??_C@_03OJHLLCGB@inf?$AA@  0000000000023674     LibStdio:vfprintf.obj
 0002:000033b8       ??_C@_03LKNCIKJB@NAN?$AA@  0000000000023678     LibStdio:vfprintf.obj
 0002:000033bc       ??_C@_03LHCJEHON@nan?$AA@  000000000002367c     LibStdio:vfprintf.obj
 0002:000033c0       ??_C@_06OJHGLDPL@?$CInull?$CJ?$AA@ 0000000000023680     LibStdio:vfprintf.obj
 0002:000033f8       ??_C@_0N@KJMLEBIL@Head?5?$CB?$DN?5NULL?$AA@ 00000000000236b8     LibStdLib:Malloc.obj
 0002:00003408       ??_C@_06GLDDLHNF@malloc?$AA@ 00000000000236c8     LibStdLib:Malloc.obj
 0002:00003410       ??_C@_0DC@NMCJNOCJ@g?3?2uefi_edk2_practice?2StdLib?2Lib@ 00000000000236d0     LibStdLib:Malloc.obj
 0002:00003444       ??_C@_04LIAPHEDB@free?$AA@ 0000000000023704     LibStdLib:Malloc.obj
 0002:00003450       ??_C@_07EOOHGPEI@realloc?$AA@ 0000000000023710     LibStdLib:Malloc.obj
 0002:00003458       ??_C@_0CL@CALHJIEG@Assertion?5failed?3?5?$CI?$CFs?$CJ?0?5file?5?$CFs?0@ 0000000000023718     LibC:assert.obj
 0002:00003488       ??_C@_0DI@IOHIAJDA@Assertion?5failed?3?5?$CI?$CFs?$CJ?0?5file?5?$CFs?0@ 0000000000023748     LibC:assert.obj
 0002:000034c0       ??_C@_0O@IDFELCHE@RowDelta?5?$DO?$DN?50?$AA@ 0000000000023780     LibIIO:IIOutilities.obj
 0002:000034d0       ??_C@_0BA@HPMMKBFI@IIO_CursorDelta?$AA@ 0000000000023790     LibIIO:IIOutilities.obj
 0002:000034e0       ??_C@_0EE@PCGPCLLK@g?3?2uefi_edk2_practice?2StdLib?2Lib@ 00000000000237a0     LibIIO:IIOutilities.obj
 0002:00003530       ??_C@_0BH@MAAHKCPC@String?5?$CB?$DN?5?$CI?$CIvoid?5?$CK?$CJ?50?$CJ?$AA@ 00000000000237f0     UefiHiiLib:HiiString.obj
 0002:00003547       ??_C@_00CNPNBAHC@?$AA@     0000000000023807     UefiHiiLib:HiiString.obj
 0002:00003548       ??_C@_03OCLLGKEH@udp?$AA@  0000000000023808     BsdSocketLib:getnameinfo.obj
 0002:0000354c       ??_C@_03FPEIBLKH@tcp?$AA@  000000000002380c     BsdSocketLib:getnameinfo.obj
 0002:00003550       ??_C@_02GMHACPFF@?$CFu?$AA@ 0000000000023810     BsdSocketLib:getnameinfo.obj
 0002:00003558       ??_C@_07BOCLNEK@link?$CD?$CFu?$AA@ 0000000000023818     BsdSocketLib:getnameinfo.obj
 0002:00003560       ??_C@_01JLIPDDHJ@?3?$AA@   0000000000023820     BsdSocketLib:getnameinfo.obj
 0002:00003564       ??_C@_06ELKDNDAA@?$CFs?$CF02x?$AA@ 0000000000023824     BsdSocketLib:getnameinfo.obj
 0002:000035a0       ??_C@_05DPEMMMGC@files?$AA@ 0000000000023860     BsdSocketLib:getaddrinfo.obj
 0002:000035a8       ??_C@_03CMKEIMKI@dns?$AA@  0000000000023868     BsdSocketLib:getaddrinfo.obj
 0002:000035b0       ??_C@_0M@MBIPAJOD@getaddrinfo?$AA@ 0000000000023870     BsdSocketLib:getaddrinfo.obj
 0002:000035bc       ??_C@_05JPJINGDM@hosts?$AA@ 000000000002387c     BsdSocketLib:getaddrinfo.obj
 0002:000035c8       ??_C@_0BG@KMKAEGG@?1Efi?1StdLib?1etc?1hosts?$AA@ 0000000000023888     BsdSocketLib:getaddrinfo.obj
 0002:000035e0       ??_C@_02MAFKDGNO@?$CD?6?$AA@ 00000000000238a0     BsdSocketLib:getaddrinfo.obj
 0002:000035e4       ??_C@_02OJDBNLEE@?5?7?$AA@ 00000000000238a4     BsdSocketLib:getaddrinfo.obj
 0002:000035e8       ??_C@_05NNFHCGPF@?$CFs?4?$CFs?$AA@ 00000000000238a8     BsdSocketLib:getaddrinfo.obj
 0002:00003858       ??_C@_09JLOOHMDH@hosttable?$AA@ 0000000000023b18     BsdSocketLib:gethostnamadr.obj
 0002:00003864       ??_C@_06CGEDKBAH@htable?$AA@ 0000000000023b24     BsdSocketLib:gethostnamadr.obj
 0002:0000386c       ??_C@_04NPNJNMMP@bind?$AA@ 0000000000023b2c     BsdSocketLib:gethostnamadr.obj
 0002:00003874       ??_C@_06LKIIGAOE@domain?$AA@ 0000000000023b34     BsdSocketLib:gethostnamadr.obj
 0002:0000387c       ??_C@_02HEKBAMME@yp?$AA@   0000000000023b3c     BsdSocketLib:gethostnamadr.obj
 0002:00003880       ??_C@_0M@OENMNAL@yellowpages?$AA@ 0000000000023b40     BsdSocketLib:gethostnamadr.obj
 0002:0000388c       ??_C@_03EGFGHKEJ@nis?$AA@  0000000000023b4c     BsdSocketLib:gethostnamadr.obj
 0002:00003890       ??_C@_0BK@LEKNANDD@?1Efi?1StdLib?1etc?1host?4conf?$AA@ 0000000000023b50     BsdSocketLib:gethostnamadr.obj
 0002:000038ac       ??_C@_06DDPFIHHA@?6?5?7?0?3?$DL?$AA@ 0000000000023b6c     BsdSocketLib:gethostnamadr.obj
 0002:000038b8       ??_C@_0BJ@EOKAMHNJ@?1Efi?1StdLib?1etc?1services?$AA@ 0000000000023b78     BsdSocketLib:getservent.obj
 0002:000038d4       ??_C@_02CDPFKBAE@?0?1?$AA@ 0000000000023b94     BsdSocketLib:getservent.obj
 0002:000038d8       ??_C@_0BK@MLBMNABB@?$DL?$DL?5res_query?$CI?$CFs?0?5?$CFd?0?5?$CFd?$CJ?6?$AA@ 0000000000023b98     BsdSocketLib:res_query.obj
 0002:000038f8       ??_C@_0BO@JELEDMGM@?$DL?$DL?5res_query?3?5mkquery?5failed?6?$AA@ 0000000000023bb8     BsdSocketLib:res_query.obj
 0002:00003918       ??_C@_0BK@LFKJJMDE@?$DL?$DL?5res_query?3?5send?5error?6?$AA@ 0000000000023bd8     BsdSocketLib:res_query.obj
 0002:00003938       ??_C@_0BL@FEHNIFI@?$DL?$DL?5rcode?5?$DN?5?$CFd?0?5ancount?$DN?$CFd?6?$AA@ 0000000000023bf8     BsdSocketLib:res_query.obj
 0002:00003958       ??_C@_0M@JPEPCOFF@HOSTALIASES?$AA@ 0000000000023c18     BsdSocketLib:res_query.obj
 0002:00003968       ??_C@_0M@OKJFMMDK@LOCALDOMAIN?$AA@ 0000000000023c28     BsdSocketLib:res_init.obj
 0002:00003978       ??_C@_0BM@MOODCCJF@?1Efi?1StdLib?1etc?1resolv?4conf?$AA@ 0000000000023c38     BsdSocketLib:res_init.obj
 0002:00003994       ??_C@_03ILLHFMNI@?5?7?6?$AA@ 0000000000023c54     BsdSocketLib:res_init.obj
[...]
 0004:000000b4       $unwind$EslTcp4LocalAddressGet 0000000000042b14     EfiSocketLib:Tcp4.obj
 0004:000000b4       $unwind$da_ShellStat       0000000000042b14     DevShell:daShell.obj
 0004:000000b4       $unwind$__Balloc_D2A       0000000000042b14     LibGdtoa:misc.obj
 0004:000000b4       $unwind$wcrtomb            0000000000042b14     LibLocale:multibyte_Utf8.obj
 0004:000000b4       $unwind$AsciiStriCmp       0000000000042b14     BaseLib:String.obj
 0004:000000b4       $unwind$AllocateCopyPool   0000000000042b14     UefiMemoryAllocationLib:MemoryAllocationLib.obj
 0004:000000b4       $unwind$EslUdp6LocalAddressGet 0000000000042b14     EfiSocketLib:Udp6.obj
 0004:000000b4       $unwind$write              0000000000042b14     LibUefi:SysCalls.obj
 0004:000000b4       $unwind$EslTcp6RemoteAddressSet 0000000000042b14     EfiSocketLib:Tcp6.obj
 0004:000000b4       $unwind$EslTcp4RemoteAddressGet 0000000000042b14     EfiSocketLib:Tcp4.obj
 0004:000000b4       $unwind$InternalBaseLibIsListValid 0000000000042b14     BaseLib:LinkedList.obj
 0004:000000b4       $unwind$EslTcp4RemoteAddressSet 0000000000042b14     EfiSocketLib:Tcp4.obj
 0004:000000b4       $unwind$da_ConClose        0000000000042b14     DevConsole:daConsole.obj
 0004:000000b4       $unwind$EslTcp6RemoteAddressGet 0000000000042b14     EfiSocketLib:Tcp6.obj
 0004:000000b4       $unwind$EslSocketPortCloseComplete 0000000000042b14     EfiSocketLib:Socket.obj
 0004:000000b4       $unwind$read               0000000000042b14     LibUefi:SysCalls.obj
 0004:000000b4       $unwind$AsciiStrCmp        0000000000042b14     BaseLib:String.obj
 0004:000000b4       $unwind$FIFO_IsFull        0000000000042b14     LibContainer:Fifo.obj
 0004:000000b4       $unwind$EslUdp6RemoteAddressSet 0000000000042b14     EfiSocketLib:Udp6.obj
 0004:000000b4       $unwind$IIO_GetCursorPosition 0000000000042b14     LibIIO:IIOutilities.obj
 0004:000000b4       $unwind$AsciiStrCpy        0000000000042b14     BaseLib:String.obj
 0004:000000b4       $unwind$EslUdp6RemoteAddressGet 0000000000042b14     EfiSocketLib:Udp6.obj
 0004:000000b4       $unwind$LongJump           0000000000042b14     BaseLib:LongJump.obj
 0004:000000b4       $unwind$EslSocketPortCloseTxDone 0000000000042b14     EfiSocketLib:Socket.obj
 0004:000000b4       $unwind$BuildBitmap        0000000000042b14     LibWchar:Searching.obj
 0004:000000b4       $unwind$SwapBytes32        0000000000042b14     BaseLib:SwapBytes32.obj
 0004:000000b4       $unwind$EslTcp4ConnectComplete 0000000000042b14     EfiSocketLib:Tcp4.obj
 0004:000000b4       $unwind$setbuf             0000000000042b14     LibStdio:setbuf.obj
 0004:000000b4       $unwind$EslTcp6ConnectComplete 0000000000042b14     EfiSocketLib:Tcp6.obj
 0004:000000b4       $unwind$EslTcp6LocalAddressGet 0000000000042b14     EfiSocketLib:Tcp6.obj
 0004:000000b4       $unwind$BuildBitmap        0000000000042b14     LibString:Searching.obj
 0004:000000b4       $unwind$getservent         0000000000042b14     BsdSocketLib:getservent.obj
 0004:000000b4       $unwind$time               0000000000042b14     LibTime:Time.obj
 0004:000000b4       $unwind$__Cons_deconstruct 0000000000042b14     DevConsole:daConsole.obj
 0004:000000c0       $unwind$__Cons_construct   0000000000042b20     DevConsole:daConsole.obj
 0004:000000c0       $unwind$EslSocketTransmit  0000000000042b20     EfiSocketLib:Socket.obj
 0004:000000dc       $unwind$EslSocketTxComplete 0000000000042b3c     EfiSocketLib:Socket.obj
 0004:000000dc       $unwind$EslUdp6Receive     0000000000042b3c     EfiSocketLib:Udp6.obj
 0004:000000dc       $unwind$InternalPrint      0000000000042b3c     UefiLib:UefiLibPrint.obj
 0004:000000dc       $unwind$EslUdp4Receive     0000000000042b3c     EfiSocketLib:Udp4.obj
 0004:000000f0       $unwind$printf             0000000000042b50     LibStdio:printf.obj
 0004:000000f0       $unwind$Print              0000000000042b50     UefiLib:UefiLibPrint.obj
 0004:000000f8       $unwind$ShellFindSE2       0000000000042b58     UefiShellLib:UefiShellLib.obj
 0004:0000010c       $unwind$EslTcp4PortAllocate 0000000000042b6c     EfiSocketLib:Tcp4.obj
 0004:0000010c       $unwind$EslTcp6PortAllocate 0000000000042b6c     EfiSocketLib:Tcp6.obj
 0004:0000010c       $unwind$ShellLibConstructorWorker 0000000000042b6c     UefiShellLib:UefiShellLib.obj
 0004:00000118       $unwind$ShellOpenFileByDevicePath 0000000000042b78     UefiShellLib:UefiShellLib.obj
 0004:00000134       $unwind$ShellOpenFileByName 0000000000042b94     UefiShellLib:UefiShellLib.obj
 0004:00000144       $unwind$ShellFindFirstFile 0000000000042ba4     UefiShellLib:UefiShellLib.obj
 0004:00000154       $unwind$da_ShellMkdir      0000000000042bb4     DevShell:daShell.obj
 0004:00000168       $unwind$da_ShellOpen       0000000000042bc8     DevShell:daShell.obj
 0004:00000180       $unwind$da_ShellRmdir      0000000000042be0     DevShell:daShell.obj
 0004:00000194       $unwind$fputs              0000000000042bf4     LibStdio:fputs.obj
 0004:00000194       $unwind$strpbrk            0000000000042bf4     LibString:Searching.obj
 0004:00000194       $unwind$__ctor_DevShell    0000000000042bf4     DevShell:daShell.obj
 0004:0000019c       $unwind$EslServiceNetworkConnect 0000000000042bfc     EfiSocketLib:UseEfiSocketLib.obj
 0004:000001b0       $unwind$EslServiceNetworkDisconnect 0000000000042c10     EfiSocketLib:UseEfiSocketLib.obj
 0004:000001c4       $unwind$EslServiceConnect  0000000000042c24     EfiSocketLib:Service.obj
 0004:000001dc       $unwind$EslSocket          0000000000042c3c     EfiSocketLib:Socket.obj
 0004:000001ec       $unwind$EslSocketAccept    0000000000042c4c     EfiSocketLib:Socket.obj
 0004:000001ec       $unwind$EslSocketGetPeerAddress 0000000000042c4c     EfiSocketLib:Socket.obj
 0004:000001ec       $unwind$EslSocketRxComplete 0000000000042c4c     EfiSocketLib:Socket.obj
 0004:000001ec       $unwind$EslSocketCopyFragmentedBuffer 0000000000042c4c     EfiSocketLib:Socket.obj
 0004:000001ec       $unwind$__ns_initparse     0000000000042c4c     BsdSocketLib:ns_parse.obj
 0004:000001ec       $unwind$FIFO_Enqueue       0000000000042c4c     LibContainer:Fifo.obj
 0004:000001ec       $unwind$EslSocketGetLocalAddress 0000000000042c4c     EfiSocketLib:Socket.obj
 0004:00000208       $unwind$EslSocketAllocate  0000000000042c68     EfiSocketLib:Socket.obj
 0004:00000220       $unwind$EslSocketBind      0000000000042c80     EfiSocketLib:Socket.obj
 0004:00000234       $unwind$EslSocketCloseStart 0000000000042c94     EfiSocketLib:Socket.obj
 0004:0000024c       $unwind$EslSocketConnect   0000000000042cac     EfiSocketLib:Socket.obj
 0004:0000024c       $unwind$EslUdp4SocketIsConfigured 0000000000042cac     EfiSocketLib:Udp4.obj
 0004:00000268       $unwind$EslSocketIoInit    0000000000042cc8     EfiSocketLib:Socket.obj
 0004:00000268       $unwind$EslTcp4Listen      0000000000042cc8     EfiSocketLib:Tcp4.obj
 0004:00000268       $unwind$EslTcp6Listen      0000000000042cc8     EfiSocketLib:Tcp6.obj
 0004:00000268       $unwind$EslSocketListen    0000000000042cc8     EfiSocketLib:Socket.obj
 0004:00000268       $unwind$addname            0000000000042cc8     BsdSocketLib:ns_print.obj
 0004:00000268       $unwind$Aerror             0000000000042cc8     BsdSocketLib:res_send.obj
 0004:00000280       $unwind$EslSocketOptionGet 0000000000042ce0     EfiSocketLib:Socket.obj
 0004:00000298       $unwind$EslSocketPacketAllocate 0000000000042cf8     EfiSocketLib:Socket.obj
 0004:000002ac       $unwind$__quorem_D2A       0000000000042d0c     LibGdtoa:dmisc.obj
 0004:000002ac       $unwind$charstr            0000000000042d0c     BsdSocketLib:ns_print.obj
 0004:000002ac       $unwind$__mult_D2A         0000000000042d0c     LibGdtoa:misc.obj
 0004:000002ac       $unwind$EslSocketPoll      0000000000042d0c     EfiSocketLib:Socket.obj
 0004:000002ac       $unwind$FIFO_Dequeue       0000000000042d0c     LibContainer:Fifo.obj
 0004:000002c8       $unwind$EslSocketPortAllocate 0000000000042d28     EfiSocketLib:Socket.obj
 0004:000002e4       $unwind$EslSocketReceive   0000000000042d44     EfiSocketLib:Socket.obj
 0004:00000300       $unwind$EslSocketRxStart   0000000000042d60     EfiSocketLib:Socket.obj
 0004:00000314       $unwind$EslSocketShutdown  0000000000042d74     EfiSocketLib:Socket.obj
 0004:00000314       $unwind$fgets              0000000000042d74     LibStdio:fgets.obj
 0004:00000314       $unwind$_fwalk             0000000000042d74     LibStdio:fwalk.obj
 0004:00000314       $unwind$__grow_type_table  0000000000042d74     LibStdio:vfprintf.obj
 0004:00000314       $unwind$__diff_D2A         0000000000042d74     LibGdtoa:misc.obj
 0004:00000314       $unwind$addtab             0000000000042d74     BsdSocketLib:ns_print.obj
 0004:0000032c       $unwind$EslTcp4ConnectStart 0000000000042d8c     EfiSocketLib:Tcp4.obj
 0004:0000032c       $unwind$EslTcp6ConnectStart 0000000000042d8c     EfiSocketLib:Tcp6.obj
 0004:00000344       $unwind$EslTcp6ListenComplete 0000000000042da4     EfiSocketLib:Tcp6.obj
 0004:00000358       $unwind$EslTcp6TxBuffer    0000000000042db8     EfiSocketLib:Tcp6.obj
 0004:00000358       $unwind$EslTcp4TxBuffer    0000000000042db8     EfiSocketLib:Tcp4.obj
 0004:00000370       $unwind$EslTcp6TxComplete  0000000000042dd0     EfiSocketLib:Tcp6.obj
 0004:00000370       $unwind$EslTcp6TxOobComplete 0000000000042dd0     EfiSocketLib:Tcp6.obj
 0004:00000370       $unwind$EslTcp4TxComplete  0000000000042dd0     EfiSocketLib:Tcp4.obj
 0004:00000370       $unwind$EslUdp6TxComplete  0000000000042dd0     EfiSocketLib:Udp6.obj
 0004:00000370       $unwind$EslUdp4TxComplete  0000000000042dd0     EfiSocketLib:Udp4.obj
 0004:00000370       $unwind$EslIp4TxComplete   0000000000042dd0     EfiSocketLib:Ip4.obj
 0004:00000370       $unwind$EslTcp4TxOobComplete 0000000000042dd0     EfiSocketLib:Tcp4.obj
 0004:00000378       $unwind$EslTcp6VerifyLocalIpAddress 0000000000042dd8     EfiSocketLib:Tcp6.obj
 0004:00000378       $unwind$EslUdp6VerifyLocalIpAddress 0000000000042dd8     EfiSocketLib:Udp6.obj
 0004:00000388       $unwind$EslIp4Receive      0000000000042de8     EfiSocketLib:Ip4.obj
 0004:00000388       $unwind$realloc            0000000000042de8     LibStdLib:Malloc.obj
 0004:00000388       $unwind$__ns_parserr       0000000000042de8     BsdSocketLib:ns_parse.obj
 0004:000003a0       $unwind$getnameinfo_link   0000000000042e00     BsdSocketLib:getnameinfo.obj
 0004:000003a0       $unwind$explore_numeric_scope 0000000000042e00     BsdSocketLib:getaddrinfo.obj
 0004:000003a0       $unwind$EslIp4SocketIsConfigured 0000000000042e00     EfiSocketLib:Ip4.obj
 0004:000003bc       $unwind$EslIp4TxBuffer     0000000000042e1c     EfiSocketLib:Ip4.obj
 0004:000003bc       $unwind$EslUdp6TxBuffer    0000000000042e1c     EfiSocketLib:Udp6.obj
 0004:000003d8       $unwind$EslTcp4VerifyLocalIpAddress 0000000000042e38     EfiSocketLib:Tcp4.obj
 0004:000003d8       $unwind$EslIp4VerifyLocalIpAddress 0000000000042e38     EfiSocketLib:Ip4.obj
 0004:000003d8       $unwind$EslUdp4VerifyLocalIpAddress 0000000000042e38     EfiSocketLib:Udp4.obj
 0004:000003e8       $unwind$EslTcp4ListenComplete 0000000000042e48     EfiSocketLib:Tcp4.obj
 0004:000003fc       $unwind$EslUdp4TxBuffer    0000000000042e5c     EfiSocketLib:Udp4.obj
 0004:00000414       $unwind$EslUdp6SocketIsConfigured 0000000000042e74     EfiSocketLib:Udp6.obj
 0004:0000042c       $unwind$main               0000000000042e8c     GetNameInfo:GetNameInfo.obj
 0004:00000434       $unwind$ParsePath          0000000000042e94     DevUtility:Path.obj
 0004:0000044c       $unwind$open               0000000000042eac     LibUefi:SysCalls.obj
 0004:00000460       $unwind$timesub            0000000000042ec0     LibTime:Time.obj
 0004:00000474       $unwind$skiprr             0000000000042ed4     BsdSocketLib:ns_parse.obj
 0004:00000474       $unwind$normalize_overflow 0000000000042ed4     LibTime:Time.obj
 0004:0000047c       $unwind$time2sub           0000000000042edc     LibTime:Time.obj
 0004:00000494       $unwind$time1              0000000000042ef4     LibTime:Time.obj
 0004:000004b4       $unwind$Time2Efi           0000000000042f14     LibTime:TimeEfi.obj
 0004:000004c0       $unwind$transtime          0000000000042f20     LibTime:ZoneProc.obj
 0004:000004d8       $unwind$tzparse            0000000000042f38     LibTime:ZoneProc.obj
 0004:000004f0       $unwind$AsciiSPrint        0000000000042f50     BasePrintLib:PrintLib.obj
 0004:000004f8       $unwind$FileHandleGetInfo  0000000000042f58     UefiFileHandleLib:UefiFileHandleLib.obj
 0004:000004f8       $unwind$BasePrintLibValueToString 0000000000042f58     BasePrintLib:PrintLibInternal.obj
 0004:00000504       $unwind$BasePrintLibSPrintMarker 0000000000042f64     BasePrintLib:PrintLibInternal.obj
 0004:00000520       $unwind$BasePrintLibSPrint 0000000000042f80     BasePrintLib:PrintLibInternal.obj
 0004:00000528       $unwind$snprintf           0000000000042f88     LibStdio:snprintf.obj
 0004:00000534       $unwind$__sbprintf         0000000000042f94     LibStdio:vfprintf.obj
 0004:00000548       $unwind$__wcsconv          0000000000042fa8     LibStdio:vfprintf.obj
 0004:00000558       $unwind$__vfprintf_unlocked 0000000000042fb8     LibStdio:vfprintf.obj
 0004:00000574       $unwind$__find_arguments   0000000000042fd4     LibStdio:vfprintf.obj
 0004:0000058c       $unwind$cvt                0000000000042fec     LibStdio:vfprintf.obj
 0004:000005ac       $unwind$exponent           000000000004300c     LibStdio:vfprintf.obj
 0004:000005b4       $unwind$__sfvwrite         0000000000043014     LibStdio:fvwrite.obj
 0004:000005cc       $unwind$__smakebuf         000000000004302c     LibStdio:makebuf.obj
 0004:000005dc       $unwind$__swhatbuf         000000000004303c     LibStdio:makebuf.obj
 0004:000005f0       $unwind$malloc             0000000000043050     LibStdLib:Malloc.obj
 0004:000005fc       $unwind$BslSocketWrite     000000000004305c     BsdSocketLib:write.obj
 0004:000005fc       $unwind$__assert           000000000004305c     LibC:assert.obj
 0004:000005fc       $unwind$BslSocketRead      000000000004305c     BsdSocketLib:read.obj
 0004:00000604       $unwind$IIO_Read           0000000000043064     LibIIO:IIO.obj
 0004:00000618       $unwind$IIO_Write          0000000000043078     LibIIO:IIO.obj
 0004:00000630       $unwind$inet_aton          0000000000043090     LibNetUtil:inet_addr.obj
 0004:00000630       $unwind$IIO_Echo           0000000000043090     LibIIO:IIO.obj
 0004:0000064c       $unwind$IIO_Delete         00000000000430ac     LibIIO:IIO.obj
 0004:00000654       $unwind$New_cIIO           00000000000430b4     LibIIO:IIO.obj
 0004:00000654       $unwind$__swbuf            00000000000430b4     LibStdio:wbuf.obj
 0004:00000660       $unwind$IIO_GetOutputSize  00000000000430c0     LibIIO:IIOutilities.obj
 0004:00000674       $unwind$IIO_WriteOne       00000000000430d4     LibIIO:IIOwrite.obj
 0004:00000690       $unwind$IIO_EchoOne        00000000000430f0     LibIIO:IIOecho.obj
 0004:000006a8       $unwind$IIO_CanonRead      0000000000043108     LibIIO:CanonRead.obj
 0004:000006c0       $unwind$getnameinfo_inet   0000000000043120     BsdSocketLib:getnameinfo.obj
 0004:000006e0       $unwind$ip6_parsenumeric   0000000000043140     BsdSocketLib:getnameinfo.obj
 0004:000006fc       $unwind$getaddrinfo        000000000004315c     BsdSocketLib:getaddrinfo.obj
 0004:00000724       $unwind$AsciiStrDecimalToUintnS 0000000000043184     BaseLib:SafeString.obj
 0004:00000724       $unwind$explore_null       0000000000043184     BsdSocketLib:getaddrinfo.obj
 0004:00000724       $unwind$StrnCat            0000000000043184     BaseLib:String.obj
 0004:00000738       $unwind$explore_numeric    0000000000043198     BsdSocketLib:getaddrinfo.obj
 0004:00000750       $unwind$get_port           00000000000431b0     BsdSocketLib:getaddrinfo.obj
 0004:00000760       $unwind$getanswer          00000000000431c0     BsdSocketLib:getaddrinfo.obj
 0004:00000778       $unwind$_dns_getaddrinfo   00000000000431d8     BsdSocketLib:getaddrinfo.obj
 0004:00000794       $unwind$_gethtent          00000000000431f4     BsdSocketLib:getaddrinfo.obj
 0004:000007ac       $unwind$_files_getaddrinfo 000000000004320c     BsdSocketLib:getaddrinfo.obj
 0004:000007c4       $unwind$res_queryN         0000000000043224     BsdSocketLib:getaddrinfo.obj
 0004:000007e0       $unwind$res_searchN        0000000000043240     BsdSocketLib:getaddrinfo.obj
 0004:000007f8       $unwind$res_querydomainN   0000000000043258     BsdSocketLib:getaddrinfo.obj
 0004:00000814       $unwind$init_services      0000000000043274     BsdSocketLib:gethostnamadr.obj
 0004:00000830       $unwind$__res_query        0000000000043290     BsdSocketLib:res_query.obj
 0004:00000844       $unwind$__hostalias        00000000000432a4     BsdSocketLib:res_query.obj
 0004:0000085c       $unwind$__res_init         00000000000432bc     BsdSocketLib:res_init.obj
 0004:00000874       $unwind$__res_send         00000000000432d4     BsdSocketLib:res_send.obj
 0004:0000088c       $unwind$__res_mkquery      00000000000432ec     BsdSocketLib:res_mkquery.obj
 0004:000008ac       $unwind$__dn_expand        000000000004330c     BsdSocketLib:res_comp.obj
 0004:000008c8       $unwind$socket             0000000000043328     BsdSocketLib:socket.obj
 0004:000008dc       $unwind$inet_pton4         000000000004333c     BsdSocketLib:inet_pton.obj
 0004:000008f4       $unwind$inet_pton6         0000000000043354     BsdSocketLib:inet_pton.obj
 0004:0000090c       $unwind$gethostent         000000000004336c     BsdSocketLib:gethostbyht.obj
 0004:0000091c       $unwind$gethostanswer      000000000004337c     BsdSocketLib:gethostbydns.obj
 0004:00000934       $unwind$_gethostbydnsaddr  0000000000043394     BsdSocketLib:gethostbydns.obj
 0004:00000950       $unwind$sendto             00000000000433b0     BsdSocketLib:sendto.obj
 0004:0000096c       $unwind$recvfrom           00000000000433cc     BsdSocketLib:recvfrom.obj
 0004:00000988       $unwind$do_section         00000000000433e8     BsdSocketLib:res_debug.obj
 0004:000009a8       $unwind$__fp_nquery        0000000000043408     BsdSocketLib:res_debug.obj
 0004:000009c4       $unwind$__loc_ntoa         0000000000043424     BsdSocketLib:res_debug.obj
 0004:000009dc       $unwind$__p_secstodate     000000000004343c     BsdSocketLib:res_debug.obj
 0004:000009e4       $unwind$__ns_name_ntop     0000000000043444     BsdSocketLib:ns_name.obj
 0004:000009fc       $unwind$__ns_name_pack     000000000004345c     BsdSocketLib:ns_name.obj
 0004:00000a10       $unwind$__ns_name_compress 0000000000043470     BsdSocketLib:ns_name.obj
 0004:00000a30       $unwind$__ns_format_ttl    0000000000043490     BsdSocketLib:ns_ttl.obj
 0004:00000a48       $unwind$fmt1               00000000000434a8     BsdSocketLib:ns_ttl.obj
 0004:00000a58       $unwind$__ns_sprintrrf     00000000000434b8     BsdSocketLib:ns_print.obj
 0004:00000a74       $unwind$__b64_ntop         00000000000434d4     BsdSocketLib:base64.obj
 0004:00000a90       $unwind$inet_ntop4         00000000000434f0     LibNetUtil:inet_ntop.obj
 0004:00000a9c       $unwind$inet_ntop6         00000000000434fc     LibNetUtil:inet_ntop.obj
 0004:00000ab4       $unwind$inet_ntoa          0000000000043514     LibNetUtil:inet_ntoa.obj
 0004:00000abc       $unwind$selscan            000000000004351c     LibUefi:select.obj
 0004:00000ad4       $unwind$__dtoa             0000000000043534     LibGdtoa:dtoa.obj
 0004:00000af4       $unwind$__lshift_D2A       0000000000043554     LibGdtoa:misc.obj
 0004:00000b10       $unwind$__d2b_D2A          0000000000043570     LibGdtoa:misc.obj
 0004:00000b1c       $unwind$sprintf            000000000004357c     LibStdio:sprintf.obj
 0004:00000b28       $unwind$fprintf            0000000000043588     LibStdio:fprintf.obj
 0004:00000b30       $unwind$fseeko             0000000000043590     LibStdio:fseeko.obj
