 SocketDxe

 Timestamp is 5fb887ba (Sat Nov 21 11:21:30 2020)

 Preferred load address is 0000000000000000

 Start         Length     Name                   Class
 0001:00000000 0000721eH .text$mn                CODE
 0002:00000000 00000230H .data                   DATA
 0002:00000230 00000ad0H .rdata                  DATA
 0002:00000d00 000000a8H .bss                    DATA
 0002:00000da8 00000080H .rdata$zzzdbg           DATA
 0003:00000000 000004d4H .pdata                  DATA
 0004:00000000 00000360H .xdata                  DATA

  Address         Publics by Value              Rva+Base               Lib:Object

 0000:00000000       __guard_iat_count          0000000000000000     <absolute>
 0000:00000000       __dynamic_value_reloc_table 0000000000000000     <absolute>
 0000:00000000       __guard_iat_table          0000000000000000     <absolute>
 0000:00000000       __guard_longjmp_table      0000000000000000     <absolute>
 0000:00000000       __guard_longjmp_count      0000000000000000     <absolute>
 0000:00000000       __guard_fids_count         0000000000000000     <absolute>
 0000:00000000       __guard_flags              0000000000000000     <absolute>
 0000:00000000       __guard_fids_table         0000000000000000     <absolute>
 0001:00000000       _ModuleEntryPoint          0000000000000280 f   UefiDriverEntryPoint:DriverEntryPoint.obj
 0001:00000058       ProcessLibraryConstructorList 00000000000002d8 f   SocketDxe:AutoGen.obj
 0001:00000114       ProcessModuleEntryPointList 0000000000000394 f   SocketDxe:AutoGen.obj
 0001:00000290       DriverUnload               0000000000000510 f   SocketDxe:EntryUnload.obj
 0001:0000044c       GetDriverName              00000000000006cc f   SocketDxe:ComponentName.obj
 0001:000005b0       GetControllerName          0000000000000830 f   SocketDxe:ComponentName.obj
 0001:000005c4       DriverSupported            0000000000000844 f   SocketDxe:DriverBinding.obj
 0001:00000688       DriverStart                0000000000000908 f   SocketDxe:DriverBinding.obj
 0001:00000694       DriverStop                 0000000000000914 f   SocketDxe:DriverBinding.obj
 0001:000007f8       DebugAssert                0000000000000a78 f   BaseDebugLibNull:DebugLib.obj
 0001:000007f8       RuntimeLibExitBootServicesEvent 0000000000000a78 f   UefiRuntimeLib:RuntimeLib.obj
 0001:000007fc       DebugAssertEnabled         0000000000000a7c f   BaseDebugLibNull:DebugLib.obj
 0001:00000800       EfiGetCurrentTpl           0000000000000a80 f   UefiLib:UefiLib.obj
 0001:00000830       EslDxeCreateChild          0000000000000ab0 f   EfiSocketLib:DxeSupport.obj
 0001:00000848       EslDxeDestroyChild         0000000000000ac8 f   EfiSocketLib:DxeSupport.obj
 0001:00000894       EslServiceConnect          0000000000000b14 f   EfiSocketLib:Service.obj
 0001:00000ab8       EslSocket                  0000000000000d38 f   EfiSocketLib:Socket.obj
 0001:00000be4       EslSocketAccept            0000000000000e64 f   EfiSocketLib:Socket.obj
 0001:00000dd0       EslSocketAllocate          0000000000001050 f   EfiSocketLib:Socket.obj
 0001:00000f7c       EslSocketBind              00000000000011fc f   EfiSocketLib:Socket.obj
 0001:0000110c       EslSocketBindTest          000000000000138c f   EfiSocketLib:Socket.obj
 0001:00001194       EslSocketClosePoll         0000000000001414 f   EfiSocketLib:Socket.obj
 0001:0000129c       EslSocketCloseStart        000000000000151c f   EfiSocketLib:Socket.obj
 0001:00001384       EslSocketConnect           0000000000001604 f   EfiSocketLib:Socket.obj
 0001:00001604       EslSocketCopyFragmentedBuffer 0000000000001884 f   EfiSocketLib:Socket.obj
 0001:000016a0       EslSocketFree              0000000000001920 f   EfiSocketLib:Socket.obj
 0001:00001778       EslSocketGetLocalAddress   00000000000019f8 f   EfiSocketLib:Socket.obj
 0001:00001918       EslSocketGetPeerAddress    0000000000001b98 f   EfiSocketLib:Socket.obj
 0001:00001acc       EslSocketIoFree            0000000000001d4c f   EfiSocketLib:Socket.obj
 0001:00001b30       EslSocketIoInit            0000000000001db0 f   EfiSocketLib:Socket.obj
 0001:00001be0       EslSocketIsConfigured      0000000000001e60 f   EfiSocketLib:Socket.obj
 0001:00001c78       EslSocketListen            0000000000001ef8 f   EfiSocketLib:Socket.obj
 0001:00001df8       EslSocketOptionGet         0000000000002078 f   EfiSocketLib:Socket.obj
 0001:00001f90       EslSocketOptionSet         0000000000002210 f   EfiSocketLib:Socket.obj
 0001:000020f4       EslSocketPacketAllocate    0000000000002374 f   EfiSocketLib:Socket.obj
 0001:00002178       EslSocketPoll              00000000000023f8 f   EfiSocketLib:Socket.obj
 0001:00002310       EslSocketPortAllocate      0000000000002590 f   EfiSocketLib:Socket.obj
 0001:000025a8       EslSocketPortClose         0000000000002828 f   EfiSocketLib:Socket.obj
 0001:000027b4       EslSocketPortCloseComplete 0000000000002a34 f   EfiSocketLib:Socket.obj
 0001:0000280c       EslSocketPortCloseRxDone   0000000000002a8c f   EfiSocketLib:Socket.obj
 0001:00002854       EslSocketPortCloseStart    0000000000002ad4 f   EfiSocketLib:Socket.obj
 0001:000028bc       EslSocketPortCloseTxDone   0000000000002b3c f   EfiSocketLib:Socket.obj
 0001:00002958       EslSocketReceive           0000000000002bd8 f   EfiSocketLib:Socket.obj
 0001:00002df0       EslSocketRxComplete        0000000000003070 f   EfiSocketLib:Socket.obj
 0001:00002f6c       EslSocketRxStart           00000000000031ec f   EfiSocketLib:Socket.obj
 0001:000030b4       EslSocketShutdown          0000000000003334 f   EfiSocketLib:Socket.obj
 0001:000031d8       EslSocketTransmit          0000000000003458 f   EfiSocketLib:Socket.obj
 0001:00003390       EslSocketTxComplete        0000000000003610 f   EfiSocketLib:Socket.obj
 0001:00003494       EslSocketTxStart           0000000000003714 f   EfiSocketLib:Socket.obj
 0001:00003564       EslTcp6Accept              00000000000037e4 f   EfiSocketLib:Tcp6.obj
 0001:000035e8       EslTcp6ConnectComplete     0000000000003868 f   EfiSocketLib:Tcp6.obj
 0001:00003680       EslTcp4ConnectPoll         0000000000003900 f   EfiSocketLib:Tcp4.obj
 0001:00003680       EslTcp6ConnectPoll         0000000000003900 f   EfiSocketLib:Tcp6.obj
 0001:00003838       EslTcp6ConnectStart        0000000000003ab8 f   EfiSocketLib:Tcp6.obj
 0001:00003944       EslTcp6Listen              0000000000003bc4 f   EfiSocketLib:Tcp6.obj
 0001:00003b40       EslTcp6ListenComplete      0000000000003dc0 f   EfiSocketLib:Tcp6.obj
 0001:00003d24       EslTcp6LocalAddressGet     0000000000003fa4 f   EfiSocketLib:Tcp6.obj
 0001:00003d68       EslTcp6LocalAddressSet     0000000000003fe8 f   EfiSocketLib:Tcp6.obj
 0001:00003e00       EslTcp4PacketFree          0000000000004080 f   EfiSocketLib:Tcp4.obj
 0001:00003e00       EslTcp6PacketFree          0000000000004080 f   EfiSocketLib:Tcp6.obj
 0001:00003e08       EslTcp6PortAllocate        0000000000004088 f   EfiSocketLib:Tcp6.obj
 0001:00003ef8       EslTcp6PortClose           0000000000004178 f   EfiSocketLib:Tcp6.obj
 0001:00003f4c       EslTcp6PortCloseOp         00000000000041cc f   EfiSocketLib:Tcp6.obj
 0001:00003f6c       EslTcp6Receive             00000000000041ec f   EfiSocketLib:Tcp6.obj
 0001:00004038       EslTcp6RemoteAddressGet    00000000000042b8 f   EfiSocketLib:Tcp6.obj
 0001:0000407c       EslTcp6RemoteAddressSet    00000000000042fc f   EfiSocketLib:Tcp6.obj
 0001:000040c0       EslTcp4RxComplete          0000000000004340 f   EfiSocketLib:Tcp4.obj
 0001:000040c0       EslTcp6RxComplete          0000000000004340 f   EfiSocketLib:Tcp6.obj
 0001:000040e8       EslTcp4RxStart             0000000000004368 f   EfiSocketLib:Tcp4.obj
 0001:000040e8       EslTcp6RxStart             0000000000004368 f   EfiSocketLib:Tcp6.obj
 0001:00004110       EslTcp4SocketIsConfigured  0000000000004390 f   EfiSocketLib:Tcp4.obj
 0001:00004110       EslTcp6SocketIsConfigured  0000000000004390 f   EfiSocketLib:Tcp6.obj
 0001:0000412c       EslTcp4TxBuffer            00000000000043ac f   EfiSocketLib:Tcp4.obj
 0001:0000412c       EslTcp6TxBuffer            00000000000043ac f   EfiSocketLib:Tcp6.obj
 0001:00004344       EslTcp4TxComplete          00000000000045c4 f   EfiSocketLib:Tcp4.obj
 0001:00004344       EslTcp6TxComplete          00000000000045c4 f   EfiSocketLib:Tcp6.obj
 0001:00004398       EslTcp6TxOobComplete       0000000000004618 f   EfiSocketLib:Tcp6.obj
 0001:00004398       EslTcp4TxOobComplete       0000000000004618 f   EfiSocketLib:Tcp4.obj
 0001:000043f4       EslTcp6VerifyLocalIpAddress 0000000000004674 f   EfiSocketLib:Tcp6.obj
 0001:0000467c       EslIp4LocalAddressGet      00000000000048fc f   EfiSocketLib:Ip4.obj
 0001:0000469c       EslIp4LocalAddressSet      000000000000491c f   EfiSocketLib:Ip4.obj
 0001:00004744       EslIp4OptionGet            00000000000049c4 f   EfiSocketLib:Ip4.obj
 0001:00004778       EslIp4OptionSet            00000000000049f8 f   EfiSocketLib:Ip4.obj
 0001:0000479c       EslIp4PacketFree           0000000000004a1c f   EfiSocketLib:Ip4.obj
 0001:000047c0       EslIp4PortAllocate         0000000000004a40 f   EfiSocketLib:Ip4.obj
 0001:00004858       EslIp4Receive              0000000000004ad8 f   EfiSocketLib:Ip4.obj
 0001:00004924       EslIp4RemoteAddressGet     0000000000004ba4 f   EfiSocketLib:Ip4.obj
 0001:00004944       EslIp4RemoteAddressSet     0000000000004bc4 f   EfiSocketLib:Ip4.obj
 0001:0000497c       EslIp4RxComplete           0000000000004bfc f   EfiSocketLib:Ip4.obj
 0001:000049a4       EslIp4SocketIsConfigured   0000000000004c24 f   EfiSocketLib:Ip4.obj
 0001:00004b4c       EslIp4TxBuffer             0000000000004dcc f   EfiSocketLib:Ip4.obj
 0001:00004d84       EslIp4TxComplete           0000000000005004 f   EfiSocketLib:Ip4.obj
 0001:00004d84       EslUdp6TxComplete          0000000000005004 f   EfiSocketLib:Udp6.obj
 0001:00004de4       EslIp4VerifyLocalIpAddress 0000000000005064 f   EfiSocketLib:Ip4.obj
 0001:00004f18       EslTcp4Accept              0000000000005198 f   EfiSocketLib:Tcp4.obj
 0001:00004fb8       EslTcp4ConnectComplete     0000000000005238 f   EfiSocketLib:Tcp4.obj
 0001:00005050       EslTcp4ConnectStart        00000000000052d0 f   EfiSocketLib:Tcp4.obj
 0001:00005158       EslTcp4Listen              00000000000053d8 f   EfiSocketLib:Tcp4.obj
 0001:00005354       EslTcp4ListenComplete      00000000000055d4 f   EfiSocketLib:Tcp4.obj
 0001:0000552c       EslTcp4LocalAddressGet     00000000000057ac f   EfiSocketLib:Tcp4.obj
 0001:00005570       EslTcp4LocalAddressSet     00000000000057f0 f   EfiSocketLib:Tcp4.obj
 0001:00005680       EslTcp4PortAllocate        0000000000005900 f   EfiSocketLib:Tcp4.obj
 0001:00005770       EslTcp4PortClose           00000000000059f0 f   EfiSocketLib:Tcp4.obj
 0001:000057c4       EslTcp4PortCloseOp         0000000000005a44 f   EfiSocketLib:Tcp4.obj
 0001:000057e4       EslTcp4Receive             0000000000005a64 f   EfiSocketLib:Tcp4.obj
 0001:000058b0       EslTcp4RemoteAddressGet    0000000000005b30 f   EfiSocketLib:Tcp4.obj
 0001:000058f4       EslTcp4RemoteAddressSet    0000000000005b74 f   EfiSocketLib:Tcp4.obj
 0001:00005968       EslTcp4VerifyLocalIpAddress 0000000000005be8 f   EfiSocketLib:Tcp4.obj
 0001:00005a9c       EslUdp4LocalAddressGet     0000000000005d1c f   EfiSocketLib:Udp4.obj
 0001:00005ae0       EslUdp4LocalAddressSet     0000000000005d60 f   EfiSocketLib:Udp4.obj
 0001:00005be4       EslUdp4PacketFree          0000000000005e64 f   EfiSocketLib:Udp4.obj
 0001:00005c08       EslUdp4PortAllocate        0000000000005e88 f   EfiSocketLib:Udp4.obj
 0001:00005c88       EslUdp4Receive             0000000000005f08 f   EfiSocketLib:Udp4.obj
 0001:00005d24       EslUdp4RemoteAddressGet    0000000000005fa4 f   EfiSocketLib:Udp4.obj
 0001:00005d68       EslUdp4RemoteAddressSet    0000000000005fe8 f   EfiSocketLib:Udp4.obj
 0001:00005dbc       EslUdp4RxComplete          000000000000603c f   EfiSocketLib:Udp4.obj
 0001:00005de0       EslUdp4SocketIsConfigured  0000000000006060 f   EfiSocketLib:Udp4.obj
 0001:00005f80       EslUdp4TxBuffer            0000000000006200 f   EfiSocketLib:Udp4.obj
 0001:0000618c       EslUdp4TxComplete          000000000000640c f   EfiSocketLib:Udp4.obj
 0001:000061ec       EslUdp4VerifyLocalIpAddress 000000000000646c f   EfiSocketLib:Udp4.obj
 0001:00006320       EslUdp6LocalAddressGet     00000000000065a0 f   EfiSocketLib:Udp6.obj
 0001:00006364       EslUdp6LocalAddressSet     00000000000065e4 f   EfiSocketLib:Udp6.obj
 0001:000063f0       EslUdp6PacketFree          0000000000006670 f   EfiSocketLib:Udp6.obj
 0001:00006414       EslUdp6PortAllocate        0000000000006694 f   EfiSocketLib:Udp6.obj
 0001:0000648c       EslUdp6Receive             000000000000670c f   EfiSocketLib:Udp6.obj
 0001:00006528       EslUdp6RemoteAddressGet    00000000000067a8 f   EfiSocketLib:Udp6.obj
 0001:0000656c       EslUdp6RemoteAddressSet    00000000000067ec f   EfiSocketLib:Udp6.obj
 0001:000065b0       EslUdp6RxComplete          0000000000006830 f   EfiSocketLib:Udp6.obj
 0001:000065d4       EslUdp6SocketIsConfigured  0000000000006854 f   EfiSocketLib:Udp6.obj
 0001:00006778       EslUdp6TxBuffer            00000000000069f8 f   EfiSocketLib:Udp6.obj
 0001:00006970       EslUdp6VerifyLocalIpAddress 0000000000006bf0 f   EfiSocketLib:Udp6.obj
 0001:00006bf8       RuntimeLibVirtualNotifyEvent 0000000000006e78 f   UefiRuntimeLib:RuntimeLib.obj
 0001:00006c0c       InternalAllocatePool       0000000000006e8c f   UefiMemoryAllocationLib:MemoryAllocationLib.obj
 0001:00006c3c       AsciiStrLen                0000000000006ebc f   BaseLib:String.obj
 0001:00006cc4       AsciiStrnCmp               0000000000006f44 f   BaseLib:String.obj
 0001:00006db8       ReadUnaligned24            0000000000007038 f   BaseLib:Unaligned.obj
 0001:00006df4       SwapBytes16                0000000000007074 f   BaseLib:SwapBytes16.obj
 0001:00006e04       LShiftU64                  0000000000007084 f   BaseLib:LShiftU64.obj
 0001:00006e50       InternalMathLShiftU64      00000000000070d0 f   BaseLib:Math64.obj
 0001:00006e5c       CopyMem                    00000000000070dc f   BaseMemoryLib:CopyMemWrapper.obj
 0001:00006f04       ZeroMem                    0000000000007184 f   BaseMemoryLib:ZeroMemWrapper.obj
 0001:00006f84       InternalMemCopyMem         0000000000007204 f   BaseMemoryLib:CopyMem.obj
 0001:00007138       InternalMemZeroMem         00000000000073b8 f   BaseMemoryLib:MemLibGeneric.obj
 0001:00007140       InternalMemSetMem          00000000000073c0 f   BaseMemoryLib:SetMem.obj
 0002:00000000       gEfiLoadedImageProtocolGuid 00000000000074a0     SocketDxe:AutoGen.obj
 0002:00000010       gEfiComponentName2ProtocolGuid 00000000000074b0     SocketDxe:AutoGen.obj
 0002:00000020       gEfiIp6ConfigProtocolGuid  00000000000074c0     SocketDxe:AutoGen.obj
 0002:00000030       gEfiUdp4ServiceBindingProtocolGuid 00000000000074d0     SocketDxe:AutoGen.obj
 0002:00000040       gEfiIp4Config2ProtocolGuid 00000000000074e0     SocketDxe:AutoGen.obj
 0002:00000050       gEfiIp4ServiceBindingProtocolGuid 00000000000074f0     SocketDxe:AutoGen.obj
 0002:00000060       gEfiUdp6ProtocolGuid       0000000000007500     SocketDxe:AutoGen.obj
 0002:00000070       gEfiUdp6ServiceBindingProtocolGuid 0000000000007510     SocketDxe:AutoGen.obj
 0002:00000080       gEfiIp4ProtocolGuid        0000000000007520     SocketDxe:AutoGen.obj
 0002:00000090       gEfiDriverBindingProtocolGuid 0000000000007530     SocketDxe:AutoGen.obj
 0002:000000a0       gEfiSocketProtocolGuid     0000000000007540     SocketDxe:AutoGen.obj
 0002:000000b0       gEfiUdp4ProtocolGuid       0000000000007550     SocketDxe:AutoGen.obj
 0002:000000c0       gEfiEventExitBootServicesGuid 0000000000007560     SocketDxe:AutoGen.obj
 0002:000000d0       gEfiTcp4ServiceBindingProtocolGuid 0000000000007570     SocketDxe:AutoGen.obj
 0002:000000e0       gEfiComponentNameProtocolGuid 0000000000007580     SocketDxe:AutoGen.obj
 0002:000000f0       gEfiSocketServiceBindingProtocolGuid 0000000000007590     SocketDxe:AutoGen.obj
 0002:00000100       gEfiEventVirtualAddressChangeGuid 00000000000075a0     SocketDxe:AutoGen.obj
 0002:00000110       gEfiCallerIdGuid           00000000000075b0     SocketDxe:AutoGen.obj
 0002:00000120       gEfiTcp6ServiceBindingProtocolGuid 00000000000075c0     SocketDxe:AutoGen.obj
 0002:00000130       gEfiTcp6ProtocolGuid       00000000000075d0     SocketDxe:AutoGen.obj
 0002:00000140       gEfiTcp4ProtocolGuid       00000000000075e0     SocketDxe:AutoGen.obj
 0002:00000150       mComponentName             00000000000075f0     SocketDxe:ComponentName.obj
 0002:00000168       mComponentName2            0000000000007608     SocketDxe:ComponentName.obj
 0002:00000180       mDriverNameTable           0000000000007620     SocketDxe:ComponentName.obj
 0002:000001a0       mDriverBinding             0000000000007640     SocketDxe:DriverBinding.obj
 0002:000001d0       cEslAfInet6Api             0000000000007670     EfiSocketLib:Socket.obj
 0002:00000200       cEslAfInetApi              00000000000076a0     EfiSocketLib:Socket.obj
 0002:00000230       ??_C@_0DG@MHMNFEGH@d?3?2uefi_edk2_practice?2MdePkg?2Lib@ 00000000000076d0     BaseLib:String.obj
 0002:00000268       ??_C@_0BH@MAAHKCPC@String?5?$CB?$DN?5?$CI?$CIvoid?5?$CK?$CJ?50?$CJ?$AA@ 0000000000007708     BaseLib:String.obj
 0002:00000280       ??_C@_0DJ@JJHGIFMP@Length?5?$DM?$DN?5_gPcd_FixedAtBuild_Pcd@ 0000000000007720     BaseLib:String.obj
 0002:000002c0       ??_C@_0DI@MDIKFADO@Length?5?$DM?5_gPcd_FixedAtBuild_PcdM@ 0000000000007760     BaseLib:String.obj
 0002:000002f8       ??_C@_0BL@IKFBNFIL@AsciiStrSize?5?$CIFirstString?$CJ?$AA@ 0000000000007798     BaseLib:String.obj
 0002:00000318       ??_C@_0BM@EDNOKLLE@AsciiStrSize?5?$CISecondString?$CJ?$AA@ 00000000000077b8     BaseLib:String.obj
 0002:00000338       ??_C@_0DJ@BBGKHIDL@d?3?2uefi_edk2_practice?2MdePkg?2Lib@ 00000000000077d8     BaseLib:Unaligned.obj
 0002:00000378       ??_C@_0L@MEMPDLHB@Count?5?$DM?564?$AA@ 0000000000007818     BaseLib:LShiftU64.obj
 0002:00000388       ??_C@_0DJ@IALCBOOA@d?3?2uefi_edk2_practice?2MdePkg?2Lib@ 0000000000007828     BaseLib:LShiftU64.obj
 0002:000003d0       ??_C@_0ED@MKGCMJG@?$CILength?5?9?51?$CJ?5?$DM?$DN?5?$CI0xFFFFFFFFFFFFF@ 0000000000007870     BaseMemoryLib:CopyMemWrapper.obj
 0002:00000420       ??_C@_0EE@IBEKLMPP@d?3?2uefi_edk2_practice?2MdePkg?2Lib@ 00000000000078c0     BaseMemoryLib:CopyMemWrapper.obj
 0002:00000468       ??_C@_0DO@MAOBOFEG@?$CILength?5?9?51?$CJ?5?$DM?$DN?5?$CI0xFFFFFFFFFFFFF@ 0000000000007908     BaseMemoryLib:CopyMemWrapper.obj
 0002:000004a8       ??_C@_0DG@EEENIGGL@Length?5?$DM?$DN?5?$CI0xFFFFFFFFFFFFFFFFULL@ 0000000000007948     BaseMemoryLib:MemLibGuid.obj
 0002:000004e0       ??_C@_0EE@DFOINNDI@d?3?2uefi_edk2_practice?2MdePkg?2Lib@ 0000000000007980     BaseMemoryLib:ZeroMemWrapper.obj
 0002:00000524       _gPcd_FixedAtBuild_PcdMaximumAsciiStringLength 00000000000079c4     SocketDxe:AutoGen.obj
 0002:00000528       mEslUdp4ServiceGuid        00000000000079c8     SocketDxe:EntryUnload.obj
 0002:00000538       mEfiServiceBinding         00000000000079d8     SocketDxe:EntryUnload.obj
 0002:00000548       mEslUdp6ServiceGuid        00000000000079e8     SocketDxe:EntryUnload.obj
 0002:00000558       mEslTcp4ServiceGuid        00000000000079f8     SocketDxe:EntryUnload.obj
 0002:00000568       mEslTcp6ServiceGuid        0000000000007a08     SocketDxe:EntryUnload.obj
 0002:00000578       mEslIp4ServiceGuid         0000000000007a18     SocketDxe:EntryUnload.obj
 0002:00000588       ??_C@_03LKLGDMJI@eng?$AA@  0000000000007a28     SocketDxe:ComponentName.obj
 0002:0000058c       ??_C@_02LFNMGJAP@en?$AA@   0000000000007a2c     SocketDxe:ComponentName.obj
 0002:00000590       ??_C@_06DALJLGPG@eng?$DLen?$AA@ 0000000000007a30     SocketDxe:ComponentName.obj
 0002:00000598       ??_C@_1CI@LBAGCFPD@?$AAS?$AAo?$AAc?$AAk?$AAe?$AAt?$AA?5?$AAL?$AAa?$AAy?$AAe?$AAr?$AA?5?$AAD?$AAr?$AAi?$AAv?$AAe?$AAr?$AA?$AA@ 0000000000007a38     SocketDxe:ComponentName.obj
 0002:000005c0       ??_C@_1BK@HFFCCPMC@?$AAS?$AAo?$AAc?$AAk?$AAe?$AAt?$AA?5?$AAL?$AAa?$AAy?$AAe?$AAr?$AA?$AA@ 0000000000007a60     SocketDxe:ComponentName.obj
 0002:000005e0       cEslSocketBinding          0000000000007a80     EfiSocketLib:Socket.obj
 0002:00000720       ??_C@_17NIGEJLGH@?$AAI?$AAp?$AA4?$AA?$AA@ 0000000000007bc0     EfiSocketLib:Socket.obj
 0002:00000728       ??_C@_19IGIFHENE@?$AAT?$AAc?$AAp?$AA4?$AA?$AA@ 0000000000007bc8     EfiSocketLib:Socket.obj
 0002:00000738       ??_C@_19CMIMLMFP@?$AAT?$AAc?$AAp?$AA6?$AA?$AA@ 0000000000007bd8     EfiSocketLib:Socket.obj
 0002:00000748       ??_C@_19GDICBGPD@?$AAU?$AAd?$AAp?$AA4?$AA?$AA@ 0000000000007be8     EfiSocketLib:Socket.obj
 0002:00000758       ??_C@_19MJILNOHI@?$AAU?$AAd?$AAp?$AA6?$AA?$AA@ 0000000000007bf8     EfiSocketLib:Socket.obj
 0002:00000770       cEslTcp6Api                0000000000007c10     EfiSocketLib:Tcp6.obj
 0002:00000878       ??_C@_05NEBMLMBB@TCPv6?$AA@ 0000000000007d18     EfiSocketLib:Tcp6.obj
 0002:00000880       cEslIp4Api                 0000000000007d20     EfiSocketLib:Ip4.obj
 0002:00000988       ??_C@_04EMGFNKGN@IPv4?$AA@ 0000000000007e28     EfiSocketLib:Ip4.obj
 0002:00000990       cEslTcp4Api                0000000000007e30     EfiSocketLib:Tcp4.obj
 0002:00000a98       ??_C@_05OGCKNOJD@TCPv4?$AA@ 0000000000007f38     EfiSocketLib:Tcp4.obj
 0002:00000aa0       cEslUdp4Api                0000000000007f40     EfiSocketLib:Udp4.obj
 0002:00000ba8       ??_C@_05JPFGNBCG@UDPv4?$AA@ 0000000000008048     EfiSocketLib:Udp4.obj
 0002:00000bb0       cEslUdp6Api                0000000000008050     EfiSocketLib:Udp6.obj
 0002:00000cb8       ??_C@_05KNGALDKE@UDPv6?$AA@ 0000000000008158     EfiSocketLib:Udp6.obj
 0002:00000cc0       ??_C@_0BH@IACGKAP@Buffer?5?$CB?$DN?5?$CI?$CIvoid?5?$CK?$CJ?50?$CJ?$AA@ 0000000000008160     UefiMemoryAllocationLib:MemoryAllocationLib.obj
 0002:00000d00       mpfnEslConstructor         00000000000081a0     SocketDxe:EntryUnload.obj
 0002:00000d08       mpfnEslDestructor          00000000000081a8     SocketDxe:EntryUnload.obj
 0002:00000d10       gST                        00000000000081b0     UefiBootServicesTableLib:UefiBootServicesTableLib.obj
 0002:00000d18       gBS                        00000000000081b8     UefiBootServicesTableLib:UefiBootServicesTableLib.obj
 0002:00000d20       gImageHandle               00000000000081c0     UefiBootServicesTableLib:UefiBootServicesTableLib.obj
 0002:00000d28       gRT                        00000000000081c8     UefiRuntimeServicesTableLib:UefiRuntimeServicesTableLib.obj
 0002:00000d30       mEfiVirtualNotifyEvent     00000000000081d0     <common>
 0002:00000d38       mInternalRT                00000000000081d8     <common>
 0002:00000d40       mEfiExitBootServicesEvent  00000000000081e0     <common>
 0002:00000d60       mEslLayer                  0000000000008200     <common>

 entry point at        0001:00000000

 Static symbols

 0003:00000000       $pdata$_ModuleEntryPoint   00000000000082e0     UefiDriverEntryPoint:DriverEntryPoint.obj
 0003:0000000c       $pdata$ProcessLibraryConstructorList 00000000000082ec     SocketDxe:AutoGen.obj
 0003:00000018       $pdata$ProcessModuleEntryPointList 00000000000082f8     SocketDxe:AutoGen.obj
 0003:00000024       $pdata$DriverUnload        0000000000008304     SocketDxe:EntryUnload.obj
 0003:00000030       $pdata$GetDriverName       0000000000008310     SocketDxe:ComponentName.obj
 0003:0000003c       $pdata$DriverSupported     000000000000831c     SocketDxe:DriverBinding.obj
 0003:00000048       $pdata$DriverStop          0000000000008328     SocketDxe:DriverBinding.obj
 0003:00000054       $pdata$EfiGetCurrentTpl    0000000000008334     UefiLib:UefiLib.obj
 0003:00000060       $pdata$EslDxeCreateChild   0000000000008340     EfiSocketLib:DxeSupport.obj
 0003:0000006c       $pdata$EslDxeDestroyChild  000000000000834c     EfiSocketLib:DxeSupport.obj
 0003:00000078       $pdata$EslServiceConnect   0000000000008358     EfiSocketLib:Service.obj
 0003:00000084       $pdata$EslSocket           0000000000008364     EfiSocketLib:Socket.obj
 0003:00000090       $pdata$EslSocketAccept     0000000000008370     EfiSocketLib:Socket.obj
 0003:0000009c       $pdata$EslSocketAllocate   000000000000837c     EfiSocketLib:Socket.obj
 0003:000000a8       $pdata$EslSocketBind       0000000000008388     EfiSocketLib:Socket.obj
 0003:000000b4       $pdata$EslSocketBindTest   0000000000008394     EfiSocketLib:Socket.obj
 0003:000000c0       $pdata$EslSocketClosePoll  00000000000083a0     EfiSocketLib:Socket.obj
 0003:000000cc       $pdata$EslSocketCloseStart 00000000000083ac     EfiSocketLib:Socket.obj
 0003:000000d8       $pdata$EslSocketConnect    00000000000083b8     EfiSocketLib:Socket.obj
 0003:000000e4       $pdata$EslSocketCopyFragmentedBuffer 00000000000083c4     EfiSocketLib:Socket.obj
 0003:000000f0       $pdata$EslSocketFree       00000000000083d0     EfiSocketLib:Socket.obj
 0003:000000fc       $pdata$EslSocketGetLocalAddress 00000000000083dc     EfiSocketLib:Socket.obj
 0003:00000108       $pdata$EslSocketGetPeerAddress 00000000000083e8     EfiSocketLib:Socket.obj
 0003:00000114       $pdata$EslSocketIoFree     00000000000083f4     EfiSocketLib:Socket.obj
 0003:00000120       $pdata$EslSocketIoInit     0000000000008400     EfiSocketLib:Socket.obj
 0003:0000012c       $pdata$EslSocketIsConfigured 000000000000840c     EfiSocketLib:Socket.obj
 0003:00000138       $pdata$EslSocketListen     0000000000008418     EfiSocketLib:Socket.obj
 0003:00000144       $pdata$EslSocketOptionGet  0000000000008424     EfiSocketLib:Socket.obj
 0003:00000150       $pdata$EslSocketOptionSet  0000000000008430     EfiSocketLib:Socket.obj
 0003:0000015c       $pdata$EslSocketPacketAllocate 000000000000843c     EfiSocketLib:Socket.obj
 0003:00000168       $pdata$EslSocketPoll       0000000000008448     EfiSocketLib:Socket.obj
 0003:00000174       $pdata$EslSocketPortAllocate 0000000000008454     EfiSocketLib:Socket.obj
 0003:00000180       $pdata$EslSocketPortClose  0000000000008460     EfiSocketLib:Socket.obj
 0003:0000018c       $pdata$EslSocketPortCloseComplete 000000000000846c     EfiSocketLib:Socket.obj
 0003:00000198       $pdata$EslSocketPortCloseRxDone 0000000000008478     EfiSocketLib:Socket.obj
 0003:000001a4       $pdata$EslSocketPortCloseStart 0000000000008484     EfiSocketLib:Socket.obj
 0003:000001b0       $pdata$EslSocketPortCloseTxDone 0000000000008490     EfiSocketLib:Socket.obj
 0003:000001bc       $pdata$EslSocketReceive    000000000000849c     EfiSocketLib:Socket.obj
 0003:000001c8       $pdata$EslSocketRxComplete 00000000000084a8     EfiSocketLib:Socket.obj
 0003:000001d4       $pdata$EslSocketRxStart    00000000000084b4     EfiSocketLib:Socket.obj
 0003:000001e0       $pdata$EslSocketShutdown   00000000000084c0     EfiSocketLib:Socket.obj
 0003:000001ec       $pdata$EslSocketTransmit   00000000000084cc     EfiSocketLib:Socket.obj
 0003:000001f8       $pdata$EslSocketTxComplete 00000000000084d8     EfiSocketLib:Socket.obj
 0003:00000204       $pdata$EslSocketTxStart    00000000000084e4     EfiSocketLib:Socket.obj
 0003:00000210       $pdata$EslTcp6Accept       00000000000084f0     EfiSocketLib:Tcp6.obj
 0003:0000021c       $pdata$EslTcp6ConnectComplete 00000000000084fc     EfiSocketLib:Tcp6.obj
 0003:00000228       $pdata$EslTcp6ConnectStart 0000000000008508     EfiSocketLib:Tcp6.obj
 0003:00000234       $pdata$EslTcp6Listen       0000000000008514     EfiSocketLib:Tcp6.obj
 0003:00000240       $pdata$EslTcp6ListenComplete 0000000000008520     EfiSocketLib:Tcp6.obj
 0003:0000024c       $pdata$EslTcp6LocalAddressGet 000000000000852c     EfiSocketLib:Tcp6.obj
 0003:00000258       $pdata$EslTcp6LocalAddressSet 0000000000008538     EfiSocketLib:Tcp6.obj
 0003:00000264       $pdata$EslTcp6PortAllocate 0000000000008544     EfiSocketLib:Tcp6.obj
 0003:00000270       $pdata$EslTcp6PortClose    0000000000008550     EfiSocketLib:Tcp6.obj
 0003:0000027c       $pdata$EslTcp6Receive      000000000000855c     EfiSocketLib:Tcp6.obj
 0003:00000288       $pdata$EslTcp6RemoteAddressGet 0000000000008568     EfiSocketLib:Tcp6.obj
 0003:00000294       $pdata$EslTcp6RemoteAddressSet 0000000000008574     EfiSocketLib:Tcp6.obj
 0003:000002a0       $pdata$EslTcp6TxBuffer     0000000000008580     EfiSocketLib:Tcp6.obj
 0003:000002a0       $pdata$EslTcp4TxBuffer     0000000000008580     EfiSocketLib:Tcp4.obj
 0003:000002ac       $pdata$EslTcp6TxComplete   000000000000858c     EfiSocketLib:Tcp6.obj
 0003:000002ac       $pdata$EslTcp4TxComplete   000000000000858c     EfiSocketLib:Tcp4.obj
 0003:000002b8       $pdata$EslTcp6TxOobComplete 0000000000008598     EfiSocketLib:Tcp6.obj
 0003:000002b8       $pdata$EslTcp4TxOobComplete 0000000000008598     EfiSocketLib:Tcp4.obj
 0003:000002c4       $pdata$EslTcp6VerifyLocalIpAddress 00000000000085a4     EfiSocketLib:Tcp6.obj
 0003:000002d0       $pdata$EslIp4Receive       00000000000085b0     EfiSocketLib:Ip4.obj
 0003:000002dc       $pdata$EslIp4SocketIsConfigured 00000000000085bc     EfiSocketLib:Ip4.obj
 0003:000002e8       $pdata$EslIp4TxBuffer      00000000000085c8     EfiSocketLib:Ip4.obj
 0003:000002f4       $pdata$EslUdp6TxComplete   00000000000085d4     EfiSocketLib:Udp6.obj
 0003:000002f4       $pdata$EslIp4TxComplete    00000000000085d4     EfiSocketLib:Ip4.obj
 0003:00000300       $pdata$EslIp4VerifyLocalIpAddress 00000000000085e0     EfiSocketLib:Ip4.obj
 0003:0000030c       $pdata$EslTcp4Accept       00000000000085ec     EfiSocketLib:Tcp4.obj
 0003:00000318       $pdata$EslTcp4ConnectComplete 00000000000085f8     EfiSocketLib:Tcp4.obj
 0003:00000324       $pdata$EslTcp4ConnectStart 0000000000008604     EfiSocketLib:Tcp4.obj
 0003:00000330       $pdata$EslTcp4Listen       0000000000008610     EfiSocketLib:Tcp4.obj
 0003:0000033c       $pdata$EslTcp4ListenComplete 000000000000861c     EfiSocketLib:Tcp4.obj
 0003:00000348       $pdata$EslTcp4LocalAddressGet 0000000000008628     EfiSocketLib:Tcp4.obj
 0003:00000354       $pdata$EslTcp4LocalAddressSet 0000000000008634     EfiSocketLib:Tcp4.obj
 0003:00000360       $pdata$EslTcp4PortAllocate 0000000000008640     EfiSocketLib:Tcp4.obj
 0003:0000036c       $pdata$EslTcp4PortClose    000000000000864c     EfiSocketLib:Tcp4.obj
 0003:00000378       $pdata$EslTcp4Receive      0000000000008658     EfiSocketLib:Tcp4.obj
 0003:00000384       $pdata$EslTcp4RemoteAddressGet 0000000000008664     EfiSocketLib:Tcp4.obj
 0003:00000390       $pdata$EslTcp4RemoteAddressSet 0000000000008670     EfiSocketLib:Tcp4.obj
 0003:0000039c       $pdata$EslTcp4VerifyLocalIpAddress 000000000000867c     EfiSocketLib:Tcp4.obj
 0003:000003a8       $pdata$EslUdp4LocalAddressGet 0000000000008688     EfiSocketLib:Udp4.obj
 0003:000003b4       $pdata$EslUdp4LocalAddressSet 0000000000008694     EfiSocketLib:Udp4.obj
 0003:000003c0       $pdata$EslUdp4Receive      00000000000086a0     EfiSocketLib:Udp4.obj
 0003:000003cc       $pdata$EslUdp4RemoteAddressGet 00000000000086ac     EfiSocketLib:Udp4.obj
 0003:000003d8       $pdata$EslUdp4RemoteAddressSet 00000000000086b8     EfiSocketLib:Udp4.obj
 0003:000003e4       $pdata$EslUdp4SocketIsConfigured 00000000000086c4     EfiSocketLib:Udp4.obj
 0003:000003f0       $pdata$EslUdp4TxBuffer     00000000000086d0     EfiSocketLib:Udp4.obj
 0003:000003fc       $pdata$EslUdp4TxComplete   00000000000086dc     EfiSocketLib:Udp4.obj
 0003:00000408       $pdata$EslUdp4VerifyLocalIpAddress 00000000000086e8     EfiSocketLib:Udp4.obj
 0003:00000414       $pdata$EslUdp6LocalAddressGet 00000000000086f4     EfiSocketLib:Udp6.obj
 0003:00000420       $pdata$EslUdp6LocalAddressSet 0000000000008700     EfiSocketLib:Udp6.obj
 0003:0000042c       $pdata$EslUdp6Receive      000000000000870c     EfiSocketLib:Udp6.obj
 0003:00000438       $pdata$EslUdp6RemoteAddressGet 0000000000008718     EfiSocketLib:Udp6.obj
 0003:00000444       $pdata$EslUdp6RemoteAddressSet 0000000000008724     EfiSocketLib:Udp6.obj
 0003:00000450       $pdata$EslUdp6SocketIsConfigured 0000000000008730     EfiSocketLib:Udp6.obj
 0003:0000045c       $pdata$EslUdp6TxBuffer     000000000000873c     EfiSocketLib:Udp6.obj
 0003:00000468       $pdata$EslUdp6VerifyLocalIpAddress 0000000000008748     EfiSocketLib:Udp6.obj
 0003:00000474       $pdata$InternalAllocatePool 0000000000008754     UefiMemoryAllocationLib:MemoryAllocationLib.obj
 0003:00000480       $pdata$AsciiStrLen         0000000000008760     BaseLib:String.obj
 0003:0000048c       $pdata$AsciiStrnCmp        000000000000876c     BaseLib:String.obj
 0003:00000498       $pdata$ReadUnaligned24     0000000000008778     BaseLib:Unaligned.obj
 0003:000004a4       $pdata$LShiftU64           0000000000008784     BaseLib:LShiftU64.obj
 0003:000004b0       $pdata$CopyMem             0000000000008790     BaseMemoryLib:CopyMemWrapper.obj
 0003:000004bc       $pdata$ZeroMem             000000000000879c     BaseMemoryLib:ZeroMemWrapper.obj
 0003:000004c8       $pdata$InternalMemSetMem   00000000000087a8     BaseMemoryLib:SetMem.obj
 0004:00000000       $unwind$EslSocketPortCloseRxDone 00000000000087c0     EfiSocketLib:Socket.obj
 0004:00000000       $unwind$ReadUnaligned24    00000000000087c0     BaseLib:Unaligned.obj
 0004:00000000       $unwind$EslTcp6PortClose   00000000000087c0     EfiSocketLib:Tcp6.obj
 0004:00000000       $unwind$EslTcp4PortClose   00000000000087c0     EfiSocketLib:Tcp4.obj
 0004:00000000       $unwind$EslUdp4RemoteAddressSet 00000000000087c0     EfiSocketLib:Udp4.obj
 0004:00000000       $unwind$_ModuleEntryPoint  00000000000087c0     UefiDriverEntryPoint:DriverEntryPoint.obj
 0004:00000000       $unwind$EfiGetCurrentTpl   00000000000087c0     UefiLib:UefiLib.obj
 0004:00000008       $unwind$ProcessLibraryConstructorList 00000000000087c8     SocketDxe:AutoGen.obj
 0004:00000008       $unwind$EslDxeDestroyChild 00000000000087c8     EfiSocketLib:DxeSupport.obj
 0004:00000010       $unwind$ProcessModuleEntryPointList 00000000000087d0     SocketDxe:AutoGen.obj
 0004:00000020       $unwind$DriverUnload       00000000000087e0     SocketDxe:EntryUnload.obj
 0004:00000034       $unwind$EslSocketAccept    00000000000087f4     EfiSocketLib:Socket.obj
 0004:00000034       $unwind$EslSocketCopyFragmentedBuffer 00000000000087f4     EfiSocketLib:Socket.obj
 0004:00000034       $unwind$EslSocketGetLocalAddress 00000000000087f4     EfiSocketLib:Socket.obj
 0004:00000034       $unwind$EslSocketGetPeerAddress 00000000000087f4     EfiSocketLib:Socket.obj
 0004:00000034       $unwind$EslSocketRxComplete 00000000000087f4     EfiSocketLib:Socket.obj
 0004:00000034       $unwind$GetDriverName      00000000000087f4     SocketDxe:ComponentName.obj
 0004:00000050       $unwind$DriverSupported    0000000000008810     SocketDxe:DriverBinding.obj
 0004:00000064       $unwind$DriverStop         0000000000008824     SocketDxe:DriverBinding.obj
 0004:00000078       $unwind$InternalAllocatePool 0000000000008838     UefiMemoryAllocationLib:MemoryAllocationLib.obj
 0004:00000078       $unwind$EslDxeCreateChild  0000000000008838     EfiSocketLib:DxeSupport.obj
 0004:00000080       $unwind$EslServiceConnect  0000000000008840     EfiSocketLib:Service.obj
 0004:00000098       $unwind$EslSocket          0000000000008858     EfiSocketLib:Socket.obj
 0004:000000a8       $unwind$EslSocketAllocate  0000000000008868     EfiSocketLib:Socket.obj
 0004:000000c0       $unwind$EslSocketBind      0000000000008880     EfiSocketLib:Socket.obj
 0004:000000d4       $unwind$EslSocketIsConfigured 0000000000008894     EfiSocketLib:Socket.obj
 0004:000000d4       $unwind$EslSocketPortCloseStart 0000000000008894     EfiSocketLib:Socket.obj
 0004:000000d4       $unwind$EslTcp6Accept      0000000000008894     EfiSocketLib:Tcp6.obj
 0004:000000d4       $unwind$EslSocketBindTest  0000000000008894     EfiSocketLib:Socket.obj
 0004:000000d4       $unwind$EslTcp4Accept      0000000000008894     EfiSocketLib:Tcp4.obj
 0004:000000d4       $unwind$CopyMem            0000000000008894     BaseMemoryLib:CopyMemWrapper.obj
 0004:000000d4       $unwind$EslSocketIoFree    0000000000008894     EfiSocketLib:Socket.obj
 0004:000000d4       $unwind$AsciiStrnCmp       0000000000008894     BaseLib:String.obj
 0004:000000e4       $unwind$EslSocketClosePoll 00000000000088a4     EfiSocketLib:Socket.obj
 0004:000000e4       $unwind$EslTcp4Receive     00000000000088a4     EfiSocketLib:Tcp4.obj
 0004:000000e4       $unwind$EslTcp6Receive     00000000000088a4     EfiSocketLib:Tcp6.obj
 0004:000000e4       $unwind$EslTcp6LocalAddressSet 00000000000088a4     EfiSocketLib:Tcp6.obj
 0004:000000e4       $unwind$EslSocketTxStart   00000000000088a4     EfiSocketLib:Socket.obj
 0004:000000fc       $unwind$EslSocketCloseStart 00000000000088bc     EfiSocketLib:Socket.obj
 0004:00000114       $unwind$EslSocketConnect   00000000000088d4     EfiSocketLib:Socket.obj
 0004:00000114       $unwind$EslUdp4SocketIsConfigured 00000000000088d4     EfiSocketLib:Udp4.obj
 0004:00000130       $unwind$EslTcp4RemoteAddressGet 00000000000088f0     EfiSocketLib:Tcp4.obj
 0004:00000130       $unwind$EslTcp4RemoteAddressSet 00000000000088f0     EfiSocketLib:Tcp4.obj
 0004:00000130       $unwind$EslTcp4LocalAddressGet 00000000000088f0     EfiSocketLib:Tcp4.obj
 0004:00000130       $unwind$EslTcp6LocalAddressGet 00000000000088f0     EfiSocketLib:Tcp6.obj
 0004:00000130       $unwind$LShiftU64          00000000000088f0     BaseLib:LShiftU64.obj
 0004:00000130       $unwind$AsciiStrLen        00000000000088f0     BaseLib:String.obj
 0004:00000130       $unwind$EslTcp6RemoteAddressGet 00000000000088f0     EfiSocketLib:Tcp6.obj
 0004:00000130       $unwind$EslSocketPortCloseComplete 00000000000088f0     EfiSocketLib:Socket.obj
 0004:00000130       $unwind$EslSocketFree      00000000000088f0     EfiSocketLib:Socket.obj
 0004:00000130       $unwind$EslUdp6LocalAddressGet 00000000000088f0     EfiSocketLib:Udp6.obj
 0004:00000130       $unwind$EslTcp4ConnectComplete 00000000000088f0     EfiSocketLib:Tcp4.obj
 0004:00000130       $unwind$EslUdp4RemoteAddressGet 00000000000088f0     EfiSocketLib:Udp4.obj
 0004:00000130       $unwind$EslTcp6ConnectComplete 00000000000088f0     EfiSocketLib:Tcp6.obj
 0004:00000130       $unwind$EslUdp6RemoteAddressGet 00000000000088f0     EfiSocketLib:Udp6.obj
 0004:00000130       $unwind$ZeroMem            00000000000088f0     BaseMemoryLib:ZeroMemWrapper.obj
 0004:00000130       $unwind$EslUdp6RemoteAddressSet 00000000000088f0     EfiSocketLib:Udp6.obj
 0004:00000130       $unwind$EslTcp6RemoteAddressSet 00000000000088f0     EfiSocketLib:Tcp6.obj
 0004:00000130       $unwind$EslUdp4LocalAddressGet 00000000000088f0     EfiSocketLib:Udp4.obj
 0004:00000130       $unwind$EslSocketPortCloseTxDone 00000000000088f0     EfiSocketLib:Socket.obj
 0004:0000013c       $unwind$EslSocketIoInit    00000000000088fc     EfiSocketLib:Socket.obj
 0004:0000013c       $unwind$EslSocketListen    00000000000088fc     EfiSocketLib:Socket.obj
 0004:0000013c       $unwind$EslTcp4Listen      00000000000088fc     EfiSocketLib:Tcp4.obj
 0004:0000013c       $unwind$EslTcp6Listen      00000000000088fc     EfiSocketLib:Tcp6.obj
 0004:00000154       $unwind$EslSocketOptionGet 0000000000008914     EfiSocketLib:Socket.obj
 0004:0000016c       $unwind$EslSocketOptionSet 000000000000892c     EfiSocketLib:Socket.obj
 0004:0000017c       $unwind$EslSocketPacketAllocate 000000000000893c     EfiSocketLib:Socket.obj
 0004:00000190       $unwind$EslSocketPoll      0000000000008950     EfiSocketLib:Socket.obj
 0004:000001ac       $unwind$EslSocketPortAllocate 000000000000896c     EfiSocketLib:Socket.obj
 0004:000001c8       $unwind$EslUdp4LocalAddressSet 0000000000008988     EfiSocketLib:Udp4.obj
 0004:000001c8       $unwind$InternalMemSetMem  0000000000008988     BaseMemoryLib:SetMem.obj
 0004:000001c8       $unwind$EslSocketPortClose 0000000000008988     EfiSocketLib:Socket.obj
 0004:000001c8       $unwind$EslTcp4LocalAddressSet 0000000000008988     EfiSocketLib:Tcp4.obj
 0004:000001c8       $unwind$EslUdp6LocalAddressSet 0000000000008988     EfiSocketLib:Udp6.obj
 0004:000001dc       $unwind$EslSocketReceive   000000000000899c     EfiSocketLib:Socket.obj
 0004:000001f8       $unwind$EslSocketRxStart   00000000000089b8     EfiSocketLib:Socket.obj
 0004:0000020c       $unwind$EslSocketShutdown  00000000000089cc     EfiSocketLib:Socket.obj
 0004:00000224       $unwind$EslSocketTransmit  00000000000089e4     EfiSocketLib:Socket.obj
 0004:00000240       $unwind$EslUdp6Receive     0000000000008a00     EfiSocketLib:Udp6.obj
 0004:00000240       $unwind$EslUdp4Receive     0000000000008a00     EfiSocketLib:Udp4.obj
 0004:00000240       $unwind$EslSocketTxComplete 0000000000008a00     EfiSocketLib:Socket.obj
 0004:00000254       $unwind$EslTcp4ConnectStart 0000000000008a14     EfiSocketLib:Tcp4.obj
 0004:00000254       $unwind$EslTcp6ConnectStart 0000000000008a14     EfiSocketLib:Tcp6.obj
 0004:0000026c       $unwind$EslTcp6ListenComplete 0000000000008a2c     EfiSocketLib:Tcp6.obj
 0004:00000280       $unwind$EslTcp6PortAllocate 0000000000008a40     EfiSocketLib:Tcp6.obj
 0004:00000280       $unwind$EslTcp4PortAllocate 0000000000008a40     EfiSocketLib:Tcp4.obj
 0004:0000028c       $unwind$EslTcp4TxBuffer    0000000000008a4c     EfiSocketLib:Tcp4.obj
 0004:0000028c       $unwind$EslTcp6TxBuffer    0000000000008a4c     EfiSocketLib:Tcp6.obj
 0004:000002a4       $unwind$EslTcp6TxComplete  0000000000008a64     EfiSocketLib:Tcp6.obj
 0004:000002a4       $unwind$EslIp4TxComplete   0000000000008a64     EfiSocketLib:Ip4.obj
 0004:000002a4       $unwind$EslUdp4TxComplete  0000000000008a64     EfiSocketLib:Udp4.obj
 0004:000002a4       $unwind$EslTcp4TxComplete  0000000000008a64     EfiSocketLib:Tcp4.obj
 0004:000002a4       $unwind$EslTcp4TxOobComplete 0000000000008a64     EfiSocketLib:Tcp4.obj
 0004:000002a4       $unwind$EslUdp6TxComplete  0000000000008a64     EfiSocketLib:Udp6.obj
 0004:000002a4       $unwind$EslTcp6TxOobComplete 0000000000008a64     EfiSocketLib:Tcp6.obj
 0004:000002ac       $unwind$EslUdp6VerifyLocalIpAddress 0000000000008a6c     EfiSocketLib:Udp6.obj
 0004:000002ac       $unwind$EslTcp6VerifyLocalIpAddress 0000000000008a6c     EfiSocketLib:Tcp6.obj
 0004:000002bc       $unwind$EslIp4Receive      0000000000008a7c     EfiSocketLib:Ip4.obj
 0004:000002d4       $unwind$EslIp4SocketIsConfigured 0000000000008a94     EfiSocketLib:Ip4.obj
 0004:000002f0       $unwind$EslUdp6TxBuffer    0000000000008ab0     EfiSocketLib:Udp6.obj
 0004:000002f0       $unwind$EslIp4TxBuffer     0000000000008ab0     EfiSocketLib:Ip4.obj
 0004:0000030c       $unwind$EslTcp4VerifyLocalIpAddress 0000000000008acc     EfiSocketLib:Tcp4.obj
 0004:0000030c       $unwind$EslUdp4VerifyLocalIpAddress 0000000000008acc     EfiSocketLib:Udp4.obj
 0004:0000030c       $unwind$EslIp4VerifyLocalIpAddress 0000000000008acc     EfiSocketLib:Ip4.obj
 0004:0000031c       $unwind$EslTcp4ListenComplete 0000000000008adc     EfiSocketLib:Tcp4.obj
 0004:00000330       $unwind$EslUdp4TxBuffer    0000000000008af0     EfiSocketLib:Udp4.obj
 0004:00000348       $unwind$EslUdp6SocketIsConfigured 0000000000008b08     EfiSocketLib:Udp6.obj
