 MyPciScan_v2

 Timestamp is 5fb88478 (Sat Nov 21 11:07:36 2020)

 Preferred load address is 0000000000000000

 Start         Length     Name                   Class
 0001:00000000 000021eaH .text$mn                CODE
 0002:00000000 000000c0H .data                   DATA
 0002:000000c0 00001310H .rdata                  DATA
 0002:000013d0 00000078H .bss                    DATA
 0002:00001448 00000080H .rdata$zzzdbg           DATA
 0003:00000000 00000144H .pdata                  DATA
 0004:00000000 00000108H .xdata                  DATA

  Address         Publics by Value              Rva+Base               Lib:Object

 0000:00000000       __guard_iat_count          0000000000000000     <absolute>
 0000:00000000       __guard_flags              0000000000000000     <absolute>
 0000:00000000       __dynamic_value_reloc_table 0000000000000000     <absolute>
 0000:00000000       __guard_longjmp_table      0000000000000000     <absolute>
 0000:00000000       __guard_longjmp_count      0000000000000000     <absolute>
 0000:00000000       __guard_iat_table          0000000000000000     <absolute>
 0000:00000000       __guard_fids_count         0000000000000000     <absolute>
 0000:00000000       __guard_fids_table         0000000000000000     <absolute>
 0001:00000000       _ModuleEntryPoint          0000000000000280 f   UefiApplicationEntryPoint:ApplicationEntryPoint.obj
 0001:00000030       ProcessLibraryConstructorList 00000000000002b0 f   MyPciScan_v2:AutoGen.obj
 0001:00000124       ProcessModuleEntryPointList 00000000000003a4 f   MyPciScan_v2:AutoGen.obj
 0001:000001dc       BarExisted                 000000000000045c f   MyPciScan_v2:PciScan_v2.obj
 0001:000002bc       PciParseBar                000000000000053c f   MyPciScan_v2:PciScan_v2.obj
 0001:0000044c       PrintIO                    00000000000006cc f   MyPciScan_v2:PciScan_v2.obj
 0001:00000518       PrintPrefetchableMem       0000000000000798 f   MyPciScan_v2:PciScan_v2.obj
 0001:00000624       ReadPci                    00000000000008a4 f   MyPciScan_v2:PciScan_v2.obj
 0001:00000a68       DebugAssert                0000000000000ce8 f   BaseDebugLibNull:DebugLib.obj
 0001:00000a6c       DebugAssertEnabled         0000000000000cec f   BaseDebugLibNull:DebugLib.obj
 0001:00000a70       InternalPrint              0000000000000cf0 f   UefiLib:UefiLibPrint.obj
 0001:00000af8       Print                      0000000000000d78 f   UefiLib:UefiLibPrint.obj
 0001:00000b28       ShellFindSE2               0000000000000da8 f   UefiShellLib:UefiShellLib.obj
 0001:00000cd8       ShellLibConstructorWorker  0000000000000f58 f   UefiShellLib:UefiShellLib.obj
 0001:00000e40       ShellLibDestructor         00000000000010c0 f   UefiShellLib:UefiShellLib.obj
 0001:00000f54       InternalAllocatePool       00000000000011d4 f   UefiMemoryAllocationLib:MemoryAllocationLib.obj
 0001:00000f84       AllocateZeroPool           0000000000001204 f   UefiMemoryAllocationLib:MemoryAllocationLib.obj
 0001:00000fac       BasePrintLibFillBuffer     000000000000122c f   BasePrintLib:PrintLibInternal.obj
 0001:00000fe0       BasePrintLibValueToString  0000000000001260 f   BasePrintLib:PrintLibInternal.obj
 0001:00001030       BasePrintLibSPrintMarker   00000000000012b0 f   BasePrintLib:PrintLibInternal.obj
 0001:00001dc0       BasePrintLibSPrint         0000000000002040 f   BasePrintLib:PrintLibInternal.obj
 0001:00001de4       HighBitSet32               0000000000002064 f   BaseLib:HighBitSet32.obj
 0001:00001e00       LShiftU64                  0000000000002080 f   BaseLib:LShiftU64.obj
 0001:00001e4c       InternalMathDivRemU64x32   00000000000020cc f   BaseLib:Math64.obj
 0001:00001e68       InternalMathLShiftU64      00000000000020e8 f   BaseLib:Math64.obj
 0001:00001e74       CompareGuid                00000000000020f4 f   BaseMemoryLib:MemLibGuid.obj
 0001:00001edc       ZeroMem                    000000000000215c f   BaseMemoryLib:ZeroMemWrapper.obj
 0001:00001f5c       InternalMemZeroMem         00000000000021dc f   BaseMemoryLib:MemLibGeneric.obj
 0001:00001f64       InternalMemSetMem          00000000000021e4 f   BaseMemoryLib:SetMem.obj
 0001:00002044       ReadUnaligned16            00000000000022c4 f   BaseLib:Unaligned.obj
 0001:0000207c       ReadUnaligned32            00000000000022fc f   BaseLib:Unaligned.obj
 0001:000020b4       ReadUnaligned64            0000000000002334 f   BaseLib:Unaligned.obj
 0001:000020ec       AsciiStrnLenS              000000000000236c f   BaseLib:SafeString.obj
 0001:00002118       StrnLenS                   0000000000002398 f   BaseLib:SafeString.obj
 0001:00002194       DivU64x32Remainder         0000000000002414 f   BaseLib:DivU64x32Remainder.obj
 0002:00000000       gEfiShellEnvironment2ExtGuid 0000000000002480     MyPciScan_v2:AutoGen.obj
 0002:00000010       gEfiPciIoProtocolGuid      0000000000002490     MyPciScan_v2:AutoGen.obj
 0002:00000020       gEfiHiiConfigRoutingProtocolGuid 00000000000024a0     MyPciScan_v2:AutoGen.obj
 0002:00000030       gEfiHiiImageProtocolGuid   00000000000024b0     MyPciScan_v2:AutoGen.obj
 0002:00000040       gEfiShellParametersProtocolGuid 00000000000024c0     MyPciScan_v2:AutoGen.obj
 0002:00000050       gEfiHiiDatabaseProtocolGuid 00000000000024d0     MyPciScan_v2:AutoGen.obj
 0002:00000060       gEfiHiiStringProtocolGuid  00000000000024e0     MyPciScan_v2:AutoGen.obj
 0002:00000070       gEfiShellEnvironment2Guid  00000000000024f0     MyPciScan_v2:AutoGen.obj
 0002:00000080       gEfiShellProtocolGuid      0000000000002500     MyPciScan_v2:AutoGen.obj
 0002:00000090       gEfiShellInterfaceGuid     0000000000002510     MyPciScan_v2:AutoGen.obj
 0002:000000a0       gEfiHiiFontProtocolGuid    0000000000002520     MyPciScan_v2:AutoGen.obj
 0002:000000b0       gAllOne                    0000000000002530     MyPciScan_v2:PciScan_v2.obj
 0002:000000c0       ??_C@_0L@MEMPDLHB@Count?5?$DM?564?$AA@ 0000000000002540     BaseLib:LShiftU64.obj
 0002:000000d0       ??_C@_0DJ@KJENGIEM@g?3?2uefi_edk2_practice?2MdePkg?2Lib@ 0000000000002550     BaseLib:LShiftU64.obj
 0002:00000110       ??_C@_0DG@EEENIGGL@Length?5?$DM?$DN?5?$CI0xFFFFFFFFFFFFFFFFULL@ 0000000000002590     BaseMemoryLib:MemLibGuid.obj
 0002:00000150       ??_C@_0EE@JKKOHFFO@g?3?2uefi_edk2_practice?2MdePkg?2Lib@ 00000000000025d0     BaseMemoryLib:ZeroMemWrapper.obj
 0002:00000198       ??_C@_0CD@BDCLIGHD@?$CI?$CIUINTN?$CJ?5String?5?$CG?50x00000001?$CJ?5?$DN?$DN@ 0000000000002618     BaseLib:String.obj
 0002:000001c0       ??_C@_0DJ@DIJFAOJH@g?3?2uefi_edk2_practice?2MdePkg?2Lib@ 0000000000002640     BaseLib:Unaligned.obj
 0002:00000200       ??_C@_0N@KGHEHMDL@Divisor?5?$CB?$DN?50?$AA@ 0000000000002680     BaseLib:DivU64x32.obj
 0002:00000210       ??_C@_0DK@GNKFIOKI@g?3?2uefi_edk2_practice?2MdePkg?2Lib@ 0000000000002690     BaseLib:SafeString.obj
 0002:00000250       ??_C@_0EC@LJCGBENK@g?3?2uefi_edk2_practice?2MdePkg?2Lib@ 00000000000026d0     BaseLib:DivU64x32Remainder.obj
 0002:00000298       ??_C@_1DA@NONNCFPF@?$AAM?$AAE?$AAM?$AA?5?$AA?5?$AA?5?$AA3?$AA2?$AA?5?$AA0?$AAx?$AA?$CF?$AA0?$AA8?$AAx?$AA?5?$AA0?$AAx?$AA?$CF?$AA0?$AA8?$AAx?$AA?6?$AA?$AA@ 0000000000002718     MyPciScan_v2:PciScan_v2.obj
 0002:000002c8       ??_C@_1DA@FIGPENIL@?$AAI?$AAO?$AA?5?$AA?5?$AA?5?$AA?5?$AA3?$AA2?$AA?5?$AA0?$AAx?$AA?$CF?$AA0?$AA8?$AAx?$AA?5?$AA0?$AAx?$AA?$CF?$AA0?$AA8?$AAx?$AA?6?$AA?$AA@ 0000000000002748     MyPciScan_v2:PciScan_v2.obj
 0002:000002f8       ??_C@_1O@NHONHCFI@?$AAP?$AAf?$AAM?$AAE?$AAM?$AA?5?$AA?$AA@ 0000000000002778     MyPciScan_v2:PciScan_v2.obj
 0002:00000308       ??_C@_1O@EFGLIFDM@?$AAM?$AAE?$AAM?$AA?5?$AA?5?$AA?5?$AA?$AA@ 0000000000002788     MyPciScan_v2:PciScan_v2.obj
 0002:00000318       ??_C@_1CE@ICENHBDD@?$AA3?$AA2?$AA?5?$AA0?$AAx?$AA?$CF?$AA0?$AA8?$AAx?$AA?5?$AA0?$AAx?$AA?$CF?$AA0?$AA8?$AAx?$AA?6?$AA?$AA@ 0000000000002798     MyPciScan_v2:PciScan_v2.obj
 0002:00000340       ??_C@_1DI@DLBADNEK@?$AA6?$AA4?$AA?5?$AA0?$AAx?$AA?$CF?$AA0?$AA8?$AAx?$AA?5?$AA?$CF?$AA0?$AA8?$AAx?$AA?5?$AA0?$AAx?$AA?$CF?$AA0?$AA8?$AAx?$AA?5?$AA?$CF?$AA0?$AA8?$AAx?$AA?6?$AA?$AA@ 00000000000027c0     MyPciScan_v2:PciScan_v2.obj
 0002:00000378       ??_C@_1CO@EKFEINNH@?$AAI?$AAo?$AAB?$AAa?$AAs?$AAe?$AA?5?$AA1?$AA6?$AA?5?$AAb?$AAi?$AAt?$AAs?$AA?5?$AA0?$AAx?$AA?$CF?$AA0?$AA2?$AAx?$AA?6?$AA?$AA@ 00000000000027f8     MyPciScan_v2:PciScan_v2.obj
 0002:000003a8       ??_C@_1CO@EFHNAFGF@?$AAI?$AAo?$AAB?$AAa?$AAs?$AAe?$AA?5?$AA3?$AA2?$AA?5?$AAb?$AAi?$AAt?$AAs?$AA?5?$AA0?$AAx?$AA?$CF?$AA0?$AA4?$AAx?$AA?6?$AA?$AA@ 0000000000002828     MyPciScan_v2:PciScan_v2.obj
 0002:000003d8       ??_C@_1DA@MOPEBKDB@?$AAI?$AAo?$AAL?$AAi?$AAm?$AAi?$AAt?$AA?5?$AA1?$AA6?$AA?5?$AAb?$AAi?$AAt?$AAs?$AA?5?$AA0?$AAx?$AA?$CF?$AA0?$AA2?$AAx?$AA?6?$AA?$AA@ 0000000000002858     MyPciScan_v2:PciScan_v2.obj
 0002:00000408       ??_C@_1DA@MBNNJCID@?$AAI?$AAo?$AAL?$AAi?$AAm?$AAi?$AAt?$AA?5?$AA3?$AA2?$AA?5?$AAb?$AAi?$AAt?$AAs?$AA?5?$AA0?$AAx?$AA?$CF?$AA0?$AA4?$AAx?$AA?6?$AA?$AA@ 0000000000002888     MyPciScan_v2:PciScan_v2.obj
 0002:00000438       ??_C@_1CM@MDAKOECB@?$AAI?$AAo?$AAB?$AAa?$AAs?$AAe?$AAU?$AAp?$AAp?$AAe?$AAr?$AA1?$AA6?$AA?5?$AA0?$AAx?$AA?$CF?$AA0?$AA4?$AAx?$AA?6?$AA?$AA@ 00000000000028b8     MyPciScan_v2:PciScan_v2.obj
 0002:00000468       ??_C@_1CO@BEMAJPLD@?$AAI?$AAo?$AAL?$AAi?$AAm?$AAi?$AAt?$AAU?$AAp?$AAp?$AAe?$AAr?$AA1?$AA6?$AA?5?$AA0?$AAx?$AA?$CF?$AA0?$AA4?$AAx?$AA?6?$AA?$AA@ 00000000000028e8     MyPciScan_v2:PciScan_v2.obj
 0002:00000498       ??_C@_1DK@FBHMFLNP@?$AA?9?$AA?$DO?$AA?5?$AAI?$AAO?$AA?5?$AAR?$AAa?$AAn?$AAg?$AAe?$AA?5?$AA0?$AAx?$AA?$CF?$AA0?$AA8?$AAx?$AA?5?$AA?$HO?$AA?5?$AA0?$AAx?$AA?$CF?$AA0?$AA8?$AAx?$AA?6?$AA?$AA@ 0000000000002918     MyPciScan_v2:PciScan_v2.obj
 0002:000004d8       ??_C@_1CK@DEMJBDDH@?$AA?9?$AA?$DO?$AA?5?$AAI?$AAO?$AA?5?$AAR?$AAa?$AAn?$AAg?$AAe?$AA?5?$AAN?$AAo?$AAt?$AA?5?$AAu?$AAs?$AAe?$AA?6?$AA?$AA@ 0000000000002958     MyPciScan_v2:PciScan_v2.obj
 0002:00000508       ??_C@_1CG@ENKFDOGJ@?$AAM?$AAe?$AAm?$AAo?$AAr?$AAy?$AAB?$AAa?$AAs?$AAe?$AA?5?$AA0?$AAx?$AA?$CF?$AA0?$AA4?$AAx?$AA?6?$AA?$AA@ 0000000000002988     MyPciScan_v2:PciScan_v2.obj
 0002:00000530       ??_C@_1CI@GCAECALC@?$AAM?$AAe?$AAm?$AAo?$AAr?$AAy?$AAL?$AAi?$AAm?$AAi?$AAt?$AA?5?$AA0?$AAx?$AA?$CF?$AA0?$AA4?$AAx?$AA?6?$AA?$AA@ 00000000000029b0     MyPciScan_v2:PciScan_v2.obj
 0002:00000560       ??_C@_1EC@DNPCALCF@?$AA?9?$AA?$DO?$AA?5?$AAM?$AAe?$AAm?$AAo?$AAr?$AAy?$AA?5?$AAR?$AAa?$AAn?$AAg?$AAe?$AA?5?$AA0?$AAx?$AA?$CF?$AA0?$AA8?$AAx?$AA?5?$AA?$HO?$AA?5?$AA0?$AAx?$AA?$CF?$AA0?$AA8?$AAx?$AA?6@ 00000000000029e0     MyPciScan_v2:PciScan_v2.obj
 0002:000005a8       ??_C@_1DC@FLBOOGEJ@?$AA?9?$AA?$DO?$AA?5?$AAM?$AAe?$AAm?$AAo?$AAr?$AAy?$AA?5?$AAR?$AAa?$AAn?$AAg?$AAe?$AA?5?$AAN?$AAo?$AAt?$AA?5?$AAu?$AAs?$AAe?$AA?6?$AA?$AA@ 0000000000002a28     MyPciScan_v2:PciScan_v2.obj
 0002:000005e0       ??_C@_1DO@LOHPGEBJ@?$AAP?$AAr?$AAe?$AAf?$AAe?$AAt?$AAc?$AAh?$AAa?$AAb?$AAl?$AAe?$AAM?$AAe?$AAm?$AAo?$AAr?$AAy?$AAB?$AAa?$AAs?$AAe?$AA?5?$AA0?$AAx?$AA?$CF?$AA0?$AA4?$AAx?$AA?6?$AA?$AA@ 0000000000002a60     MyPciScan_v2:PciScan_v2.obj
 0002:00000620       ??_C@_1EA@KCIJKJDK@?$AAP?$AAr?$AAe?$AAf?$AAe?$AAt?$AAc?$AAh?$AAa?$AAb?$AAl?$AAe?$AAB?$AAa?$AAs?$AAe?$AAU?$AAp?$AAp?$AAe?$AAr?$AA3?$AA2?$AA?5?$AA0?$AAx?$AA?$CF?$AA0?$AA8?$AAx?$AA?6?$AA?$AA@ 0000000000002aa0     MyPciScan_v2:PciScan_v2.obj
 0002:00000660       ??_C@_1DO@OJNAHBFG@?$AAP?$AAr?$AAe?$AAf?$AAe?$AAt?$AAc?$AAh?$AAa?$AAb?$AAl?$AAe?$AAM?$AAe?$AAm?$AAo?$AAr?$AAy?$AAB?$AAa?$AAs?$AAe?$AA?5?$AA0?$AAx?$AA?$CF?$AA0?$AA8?$AAx?$AA?6?$AA?$AA@ 0000000000002ae0     MyPciScan_v2:PciScan_v2.obj
 0002:000006a0       ??_C@_1EA@MGIFBCHE@?$AAP?$AAr?$AAe?$AAf?$AAe?$AAt?$AAc?$AAh?$AAa?$AAb?$AAl?$AAe?$AAM?$AAe?$AAm?$AAo?$AAr?$AAy?$AAL?$AAi?$AAm?$AAi?$AAt?$AA?5?$AA0?$AAx?$AA?$CF?$AA0?$AA4?$AAx?$AA?6?$AA?$AA@ 0000000000002b20     MyPciScan_v2:PciScan_v2.obj
 0002:000006e0       ??_C@_1EC@BNCPIAJA@?$AAP?$AAr?$AAe?$AAf?$AAe?$AAt?$AAc?$AAh?$AAa?$AAb?$AAl?$AAe?$AAL?$AAi?$AAm?$AAi?$AAt?$AAU?$AAp?$AAp?$AAe?$AAr?$AA3?$AA2?$AA?5?$AA0?$AAx?$AA?$CF?$AA0?$AA8?$AAx?$AA?6@ 0000000000002b60     MyPciScan_v2:PciScan_v2.obj
 0002:00000730       ??_C@_1EA@JBCKAHDL@?$AAP?$AAr?$AAe?$AAf?$AAe?$AAt?$AAc?$AAh?$AAa?$AAb?$AAl?$AAe?$AAM?$AAe?$AAm?$AAo?$AAr?$AAy?$AAL?$AAi?$AAm?$AAi?$AAt?$AA?5?$AA0?$AAx?$AA?$CF?$AA0?$AA8?$AAx?$AA?6?$AA?$AA@ 0000000000002bb0     MyPciScan_v2:PciScan_v2.obj
 0002:00000770       ??_C@_1GO@MEIAFLPE@?$AA?9?$AA?$DO?$AA?5?$AAP?$AAr?$AAe?$AAf?$AAe?$AAt?$AAc?$AAh?$AAa?$AAb?$AAl?$AAe?$AAM?$AAe?$AAm?$AAo?$AAr?$AAy?$AA?5?$AAR?$AAa?$AAn?$AAg?$AAe?$AA?5?$AA0?$AAx?$AA?$CF?$AA0@ 0000000000002bf0     MyPciScan_v2:PciScan_v2.obj
 0002:000007e0       ??_C@_1EK@FOEHAAGL@?$AA?9?$AA?$DO?$AA?5?$AAP?$AAr?$AAe?$AAf?$AAe?$AAt?$AAc?$AAh?$AAa?$AAb?$AAl?$AAe?$AAM?$AAe?$AAm?$AAo?$AAr?$AAy?$AA?5?$AAR?$AAa?$AAn?$AAg?$AAe?$AA?5?$AAN?$AAo?$AAt?$AA?5@ 0000000000002c60     MyPciScan_v2:PciScan_v2.obj
 0002:00000830       ??_C@_1FA@GKALJHN@?$AAB?$AAu?$AAs?$AAN?$AAu?$AAm?$AA?3?$AA?5?$AA?$CF?$AA0?$AA2?$AAx?$AA?5?$AAD?$AAe?$AAv?$AAN?$AAu?$AAm?$AA?3?$AA?5?$AA?$CF?$AA0?$AA2?$AAx?$AA?5?$AAF?$AAu?$AAn?$AAN?$AAu?$AAm@ 0000000000002cb0     MyPciScan_v2:PciScan_v2.obj
 0002:00000880       ??_C@_1EK@DOJKAPM@?$AAV?$AAe?$AAn?$AAd?$AAo?$AAr?$AA?5?$AAI?$AAD?$AA?3?$AA?5?$AA0?$AAx?$AA?$CF?$AA0?$AA4?$AAx?$AA?5?$AAD?$AAe?$AAv?$AAi?$AAc?$AAe?$AA?5?$AAI?$AAD?$AA?3?$AA?5?$AA0?$AAx?$AA?$CF@ 0000000000002d00     MyPciScan_v2:PciScan_v2.obj
 0002:000008d0       ??_C@_1CM@DCJPOKFI@?$AAH?$AAe?$AAa?$AAd?$AAe?$AAr?$AAT?$AAy?$AAp?$AAe?$AA?5?$AAi?$AAs?$AA?5?$AA0?$AAx?$AA?$CF?$AA0?$AA2?$AAx?$AA?6?$AA?$AA@ 0000000000002d50     MyPciScan_v2:PciScan_v2.obj
 0002:00000900       ??_C@_1CK@DFNOHAEA@?$AAI?$AAt?$AA?8?$AAs?$AA?5?$AAM?$AAu?$AAl?$AAt?$AAi?$AA?5?$AAf?$AAu?$AAn?$AAc?$AAt?$AAi?$AAo?$AAn?$AA?6?$AA?$AA@ 0000000000002d80     MyPciScan_v2:PciScan_v2.obj
 0002:00000930       ??_C@_1BG@CDHGABPG@?$AA?$DN?$AA?$DO?$AA?5?$AAD?$AAE?$AAV?$AAI?$AAC?$AAE?$AA?6?$AA?$AA@ 0000000000002db0     MyPciScan_v2:PciScan_v2.obj
 0002:00000948       ??_C@_1CM@PKJCPHEC@?$AA?$DN?$AA?$DO?$AA?5?$AAP?$AAC?$AAI?$AA_?$AAT?$AAO?$AA_?$AAP?$AAC?$AAI?$AA_?$AAB?$AAR?$AAI?$AAD?$AAG?$AAE?$AA?6?$AA?$AA@ 0000000000002dc8     MyPciScan_v2:PciScan_v2.obj
 0002:00000978       ??_C@_1CG@NAMFMMPG@?$AAP?$AAr?$AAi?$AAm?$AAa?$AAr?$AAy?$AAB?$AAu?$AAs?$AA?5?$AA0?$AAx?$AA?$CF?$AA0?$AA8?$AAx?$AA?6?$AA?$AA@ 0000000000002df8     MyPciScan_v2:PciScan_v2.obj
 0002:000009a0       ??_C@_1CK@HKENCBNJ@?$AAS?$AAe?$AAc?$AAo?$AAn?$AAd?$AAa?$AAr?$AAy?$AAB?$AAu?$AAs?$AA?5?$AA0?$AAx?$AA?$CF?$AA0?$AA8?$AAx?$AA?6?$AA?$AA@ 0000000000002e20     MyPciScan_v2:PciScan_v2.obj
 0002:000009d0       ??_C@_1CO@JFEIMKHP@?$AAS?$AAu?$AAb?$AAo?$AAr?$AAd?$AAi?$AAn?$AAa?$AAt?$AAe?$AAB?$AAu?$AAs?$AA?5?$AA0?$AAx?$AA?$CF?$AA0?$AA8?$AAx?$AA?6?$AA?$AA@ 0000000000002e50     MyPciScan_v2:PciScan_v2.obj
 0002:00000a00       ??_C@_1FO@GPKMIDKM@?$AA?$CK?$AAN?$AAe?$AAx?$AAt?$AA?$CK?$AA?5?$AAB?$AAu?$AAs?$AAN?$AAu?$AAm?$AA?3?$AA?5?$AA?$CF?$AA0?$AA2?$AAx?$AA?5?$AAD?$AAe?$AAv?$AAN?$AAu?$AAm?$AA?3?$AA?5?$AA?$CF?$AA0?$AA2?$AAx@ 0000000000002e80     MyPciScan_v2:PciScan_v2.obj
 0002:00000a60       ??_C@_1FM@OIEKDOBE@?$AAI?$AAO?$AA?5?$AAC?$AAo?$AAn?$AAf?$AAl?$AAi?$AAc?$AAt?$AA?5?$AA?$CI?$AAT?$AAe?$AAm?$AAp?$AA_?$AAI?$AAo?$AAM?$AAa?$AAx?$AA?5?$AA0?$AAx?$AA?$CF?$AA0?$AA8?$AAx?$AA?5?$AAI@ 0000000000002ee0     MyPciScan_v2:PciScan_v2.obj
 0002:00000ac0       ??_C@_1FM@PLLHGDOP@?$AAI?$AAO?$AA?5?$AAC?$AAo?$AAn?$AAf?$AAl?$AAi?$AAc?$AAt?$AA?5?$AA?$CI?$AAT?$AAe?$AAm?$AAp?$AA_?$AAI?$AAo?$AAM?$AAi?$AAn?$AA?5?$AA0?$AAx?$AA?$CF?$AA0?$AA8?$AAx?$AA?5?$AAI@ 0000000000002f40     MyPciScan_v2:PciScan_v2.obj
 0002:00000b20       ??_C@_1HG@OEOCFELA@?$AAM?$AAe?$AAm?$AAo?$AAo?$AAr?$AAy?$AA?5?$AAC?$AAo?$AAn?$AAf?$AAl?$AAi?$AAc?$AAt?$AA?5?$AA?$CI?$AAT?$AAe?$AAm?$AAp?$AA_?$AAM?$AAe?$AAm?$AAo?$AAr?$AAy?$AAM?$AAa?$AAx@ 0000000000002fa0     MyPciScan_v2:PciScan_v2.obj
 0002:00000ba0       ??_C@_1IK@JOHJFLPE@?$AAM?$AAe?$AAm?$AAo?$AAo?$AAr?$AAy?$AA?5?$AAC?$AAo?$AAn?$AAf?$AAl?$AAi?$AAc?$AAt?$AA?5?$AA?$CI?$AAT?$AAe?$AAm?$AAp?$AA_?$AAI?$AAT?$AAe?$AAm?$AAp?$AA_?$AAM?$AAe?$AAm@ 0000000000003020     MyPciScan_v2:PciScan_v2.obj
 0002:00000c30       ??_C@_1KE@BMPPHGKH@?$AAP?$AAr?$AAe?$AAf?$AAe?$AAt?$AAc?$AAh?$AAa?$AAb?$AAl?$AAe?$AAM?$AAe?$AAm?$AAo?$AAr?$AAy?$AA?5?$AAC?$AAo?$AAn?$AAf?$AAl?$AAi?$AAc?$AAt?$AA?5?$AA?$CI?$AAT?$AAe?$AAm@ 00000000000030b0     MyPciScan_v2:PciScan_v2.obj
 0002:00000ce0       ??_C@_1KE@NDMGFIKL@?$AAP?$AAr?$AAe?$AAf?$AAe?$AAt?$AAc?$AAh?$AAa?$AAb?$AAl?$AAe?$AAM?$AAe?$AAm?$AAo?$AAr?$AAy?$AA?5?$AAC?$AAo?$AAn?$AAf?$AAl?$AAi?$AAc?$AAt?$AA?5?$AA?$CI?$AAT?$AAe?$AAm@ 0000000000003160     MyPciScan_v2:PciScan_v2.obj
 0002:00000d88       ??_C@_1CG@IDNIEDPB@?$AA?$DN?$AA?$DO?$AA?5?$AAC?$AAA?$AAR?$AAD?$AAB?$AAU?$AAS?$AA_?$AAB?$AAR?$AAI?$AAD?$AAG?$AAE?$AA?6?$AA?$AA@ 0000000000003208     MyPciScan_v2:PciScan_v2.obj
 0002:00000db0       ??_C@_1DA@GICEGBHM@?$AAE?$AAx?$AAp?$AAa?$AAn?$AAs?$AAi?$AAo?$AAn?$AAR?$AAo?$AAm?$AAB?$AAa?$AAr?$AA?5?$AA0?$AAx?$AA?$CF?$AA0?$AA8?$AAx?$AA?6?$AA?$AA@ 0000000000003230     MyPciScan_v2:PciScan_v2.obj
 0002:00000de0       ??_C@_1DC@CHEHJHIH@?$AAD?$AAi?$AAs?$AAa?$AAb?$AAl?$AAe?$AA?5?$AAE?$AAx?$AAp?$AAa?$AAn?$AAs?$AAi?$AAo?$AAn?$AAR?$AAo?$AAm?$AAB?$AAa?$AAr?$AA?6?$AA?$AA@ 0000000000003260     MyPciScan_v2:PciScan_v2.obj
 0002:00000e18       ??_C@_1DA@JGAACOJK@?$AAE?$AAn?$AAa?$AAb?$AAl?$AAe?$AA?5?$AAE?$AAx?$AAp?$AAa?$AAn?$AAs?$AAi?$AAo?$AAn?$AAR?$AAo?$AAm?$AAB?$AAa?$AAr?$AA?6?$AA?$AA@ 0000000000003298     MyPciScan_v2:PciScan_v2.obj
 0002:00000e48       ??_C@_1CI@DOJNKJEN@?$AAN?$AAu?$AAm?$AAb?$AAe?$AAr?$AA?5?$AAo?$AAf?$AA?5?$AAP?$AAC?$AAI?$AA?5?$AA?3?$AA?5?$AA?$CF?$AAd?$AA?6?$AA?$AA@ 00000000000032c8     MyPciScan_v2:PciScan_v2.obj
 0002:00000e70       ??_C@_1EE@JHGCPBMN@?$AA?9?$AA?9?$AA?9?$AA?9?$AA?9?$AA?9?$AA?9?$AA?9?$AA?9?$AA?9?$AA?9?$AA?9?$AA?9?$AA?9?$AA?9?$AA?9?$AA?9?$AA?9?$AA?9?$AA?9?$AA?9?$AA?9?$AA?9?$AA?9?$AA?9?$AA?9?$AA?9?$AA?9?$AA?9?$AA?9?$AA?9?$AA?9@ 00000000000032f0     MyPciScan_v2:PciScan_v2.obj
 0002:00000eb8       ??_C@_1CE@DMHLHGDD@?$AAD?$AAe?$AAv?$AAi?$AAc?$AAe?$AA?5?$AAI?$AAn?$AAd?$AAe?$AAx?$AA?5?$AA?3?$AA?$CF?$AAd?$AA?6?$AA?$AA@ 0000000000003338     MyPciScan_v2:PciScan_v2.obj
 0002:00000edc       ??_C@_13LBAGMAIH@?$AA?6?$AA?$AA@ 000000000000335c     MyPciScan_v2:PciScan_v2.obj
 0002:00000ee0       ??_C@_0BH@IACGKAP@Buffer?5?$CB?$DN?5?$CI?$CIvoid?5?$CK?$CJ?50?$CJ?$AA@ 0000000000003360     UefiLib:UefiLibPrint.obj
 0002:00000ef8       ??_C@_07PBILKAFL@Success?$AA@ 0000000000003378     BasePrintLib:PrintLibInternal.obj
 0002:00000f00       ??_C@_0BG@CFJMNNJK@Warning?5Unknown?5Glyph?$AA@ 0000000000003380     BasePrintLib:PrintLibInternal.obj
 0002:00000f18       ??_C@_0BH@GKKCJEPJ@Warning?5Delete?5Failure?$AA@ 0000000000003398     BasePrintLib:PrintLibInternal.obj
 0002:00000f30       ??_C@_0BG@ECIJMOED@Warning?5Write?5Failure?$AA@ 00000000000033b0     BasePrintLib:PrintLibInternal.obj
 0002:00000f48       ??_C@_0BJ@ODIPDGHB@Warning?5Buffer?5Too?5Small?$AA@ 00000000000033c8     BasePrintLib:PrintLibInternal.obj
 0002:00000f68       ??_C@_0BD@IFJNJCCO@Warning?5Stale?5Data?$AA@ 00000000000033e8     BasePrintLib:PrintLibInternal.obj
 0002:00000f80       ??_C@_0L@PLPBEPPC@Load?5Error?$AA@ 0000000000003400     BasePrintLib:PrintLibInternal.obj
 0002:00000f90       ??_C@_0BC@HOFHKGJN@Invalid?5Parameter?$AA@ 0000000000003410     BasePrintLib:PrintLibInternal.obj
 0002:00000fa8       ??_C@_0M@BEECMOIL@Unsupported?$AA@ 0000000000003428     BasePrintLib:PrintLibInternal.obj
 0002:00000fb8       ??_C@_0BA@FLNMPMCF@Bad?5Buffer?5Size?$AA@ 0000000000003438     BasePrintLib:PrintLibInternal.obj
 0002:00000fc8       ??_C@_0BB@EGELJFOB@Buffer?5Too?5Small?$AA@ 0000000000003448     BasePrintLib:PrintLibInternal.obj
 0002:00000fe0       ??_C@_09NKFGCIPN@Not?5Ready?$AA@ 0000000000003460     BasePrintLib:PrintLibInternal.obj
 0002:00000ff0       ??_C@_0N@HHEABDHO@Device?5Error?$AA@ 0000000000003470     BasePrintLib:PrintLibInternal.obj
 0002:00001000       ??_C@_0BA@LNEDDFNB@Write?5Protected?$AA@ 0000000000003480     BasePrintLib:PrintLibInternal.obj
 0002:00001010       ??_C@_0BB@GOILNEAA@Out?5of?5Resources?$AA@ 0000000000003490     BasePrintLib:PrintLibInternal.obj
 0002:00001028       ??_C@_0P@EIOJGIF@Volume?5Corrupt?$AA@ 00000000000034a8     BasePrintLib:PrintLibInternal.obj
 0002:00001038       ??_C@_0M@HDLEPOFA@Volume?5Full?$AA@ 00000000000034b8     BasePrintLib:PrintLibInternal.obj
 0002:00001048       ??_C@_08KEGAJDNN@No?5Media?$AA@ 00000000000034c8     BasePrintLib:PrintLibInternal.obj
 0002:00001058       ??_C@_0O@JNCJKCCD@Media?5changed?$AA@ 00000000000034d8     BasePrintLib:PrintLibInternal.obj
 0002:00001068       ??_C@_09CFCBFJND@Not?5Found?$AA@ 00000000000034e8     BasePrintLib:PrintLibInternal.obj
 0002:00001078       ??_C@_0O@NFHOBIDO@Access?5Denied?$AA@ 00000000000034f8     BasePrintLib:PrintLibInternal.obj
 0002:00001088       ??_C@_0M@ENKCBFEP@No?5Response?$AA@ 0000000000003508     BasePrintLib:PrintLibInternal.obj
 0002:00001098       ??_C@_0L@IFPBNFC@No?5mapping?$AA@ 0000000000003518     BasePrintLib:PrintLibInternal.obj
 0002:000010a8       ??_C@_08PAFJCNGP@Time?5out?$AA@ 0000000000003528     BasePrintLib:PrintLibInternal.obj
 0002:000010b8       ??_C@_0M@DCJFAFHJ@Not?5started?$AA@ 0000000000003538     BasePrintLib:PrintLibInternal.obj
 0002:000010c8       ??_C@_0BA@IGIBFFPH@Already?5started?$AA@ 0000000000003548     BasePrintLib:PrintLibInternal.obj
 0002:000010d8       ??_C@_07LCKDCBKK@Aborted?$AA@ 0000000000003558     BasePrintLib:PrintLibInternal.obj
 0002:000010e0       ??_C@_0L@LKIFCMNO@ICMP?5Error?$AA@ 0000000000003560     BasePrintLib:PrintLibInternal.obj
 0002:000010f0       ??_C@_0L@DJKNJKHM@TFTP?5Error?$AA@ 0000000000003570     BasePrintLib:PrintLibInternal.obj
 0002:00001100       ??_C@_0P@NCJHBCLM@Protocol?5Error?$AA@ 0000000000003580     BasePrintLib:PrintLibInternal.obj
 0002:00001110       ??_C@_0BF@EHOBGFMI@Incompatible?5Version?$AA@ 0000000000003590     BasePrintLib:PrintLibInternal.obj
 0002:00001128       ??_C@_0BD@KHMPCIOG@Security?5Violation?$AA@ 00000000000035a8     BasePrintLib:PrintLibInternal.obj
 0002:00001140       ??_C@_09BOMAGJEG@CRC?5Error?$AA@ 00000000000035c0     BasePrintLib:PrintLibInternal.obj
 0002:00001150       ??_C@_0N@JEJDHPO@End?5of?5Media?$AA@ 00000000000035d0     BasePrintLib:PrintLibInternal.obj
 0002:00001160       ??_C@_0O@NMJOLAMF@Reserved?5?$CI29?$CJ?$AA@ 00000000000035e0     BasePrintLib:PrintLibInternal.obj
 0002:00001170       ??_C@_0O@GLPDOMCP@Reserved?5?$CI30?$CJ?$AA@ 00000000000035f0     BasePrintLib:PrintLibInternal.obj
 0002:00001180       ??_C@_0M@FKGOBENP@End?5of?5File?$AA@ 0000000000003600     BasePrintLib:PrintLibInternal.obj
 0002:00001190       ??_C@_0BB@KFJAMCOC@Invalid?5Language?$AA@ 0000000000003610     BasePrintLib:PrintLibInternal.obj
 0002:000011a8       ??_C@_0BB@MFGDFIJM@Compromised?5Data?$AA@ 0000000000003628     BasePrintLib:PrintLibInternal.obj
 0002:000011c0       ??_C@_0O@MLOLIMFM@?$DMnull?5string?$DO?$AA@ 0000000000003640     BasePrintLib:PrintLibInternal.obj
 0002:000011d0       ??_C@_0M@BJJDNPHK@?$DMnull?5guid?$DO?$AA@ 0000000000003650     BasePrintLib:PrintLibInternal.obj
 0002:000011e0       ??_C@_0DB@PMLHLBMO@?$CF08x?9?$CF04x?9?$CF04x?9?$CF02x?$CF02x?9?$CF02x?$CF02x@ 0000000000003660     BasePrintLib:PrintLibInternal.obj
 0002:00001218       ??_C@_0M@LHGBCIKM@?$DMnull?5time?$DO?$AA@ 0000000000003698     BasePrintLib:PrintLibInternal.obj
 0002:00001228       ??_C@_0BK@FCPKCIDD@?$CF02d?1?$CF02d?1?$CF04d?5?5?$CF02d?3?$CF02d?$AA@ 00000000000036a8     BasePrintLib:PrintLibInternal.obj
 0002:00001244       ??_C@_04JIMNDDED@?$CF08X?$AA@ 00000000000036c4     BasePrintLib:PrintLibInternal.obj
 0002:0000124c       ??_C@_02PCIJFNDE@?$AN?6?$AA@ 00000000000036cc     BasePrintLib:PrintLibInternal.obj
 0002:00001250       ??_C@_01LIIJDEN@?$AN?$AA@  00000000000036d0     BasePrintLib:PrintLibInternal.obj
 0002:00001260       mStatusString              00000000000036e0     BasePrintLib:PrintLibInternal.obj
 0002:000013a0       mHexStr                    0000000000003820     BasePrintLib:PrintLibInternal.obj
 0002:000013d0       gST                        0000000000003850     UefiBootServicesTableLib:UefiBootServicesTableLib.obj
 0002:000013d8       gImageHandle               0000000000003858     UefiBootServicesTableLib:UefiBootServicesTableLib.obj
 0002:000013e0       gBS                        0000000000003860     UefiBootServicesTableLib:UefiBootServicesTableLib.obj
 0002:000013e8       gRT                        0000000000003868     UefiRuntimeServicesTableLib:UefiRuntimeServicesTableLib.obj
 0002:000013f0       gHiiString                 0000000000003870     UefiHiiServicesLib:UefiHiiServicesLib.obj
 0002:000013f8       gHiiFont                   0000000000003878     UefiHiiServicesLib:UefiHiiServicesLib.obj
 0002:00001400       gHiiConfigRouting          0000000000003880     UefiHiiServicesLib:UefiHiiServicesLib.obj
 0002:00001408       gHiiImage                  0000000000003888     UefiHiiServicesLib:UefiHiiServicesLib.obj
 0002:00001410       gHiiDatabase               0000000000003890     UefiHiiServicesLib:UefiHiiServicesLib.obj
 0002:00001418       gEfiShellParametersProtocol 0000000000003898     <common>
 0002:00001420       mEfiShellEnvironment2      00000000000038a0     <common>
 0002:00001428       mEfiShellInterface         00000000000038a8     <common>
 0002:00001430       gEfiShellProtocol          00000000000038b0     <common>
 0002:00001438       mUnicodeCollationProtocol  00000000000038b8     <common>
 0002:00001440       mEfiShellEnvironment2Handle 00000000000038c0     <common>

 entry point at        0001:00000000

 Static symbols

 0003:00000000       $pdata$_ModuleEntryPoint   0000000000003960     UefiApplicationEntryPoint:ApplicationEntryPoint.obj
 0003:0000000c       $pdata$ProcessLibraryConstructorList 000000000000396c     MyPciScan_v2:AutoGen.obj
 0003:00000018       $pdata$ProcessModuleEntryPointList 0000000000003978     MyPciScan_v2:AutoGen.obj
 0003:00000024       $pdata$BarExisted          0000000000003984     MyPciScan_v2:PciScan_v2.obj
 0003:00000030       $pdata$PciParseBar         0000000000003990     MyPciScan_v2:PciScan_v2.obj
 0003:0000003c       $pdata$PrintIO             000000000000399c     MyPciScan_v2:PciScan_v2.obj
 0003:00000048       $pdata$PrintPrefetchableMem 00000000000039a8     MyPciScan_v2:PciScan_v2.obj
 0003:00000054       $pdata$ReadPci             00000000000039b4     MyPciScan_v2:PciScan_v2.obj
 0003:00000060       $pdata$InternalPrint       00000000000039c0     UefiLib:UefiLibPrint.obj
 0003:0000006c       $pdata$Print               00000000000039cc     UefiLib:UefiLibPrint.obj
 0003:00000078       $pdata$ShellFindSE2        00000000000039d8     UefiShellLib:UefiShellLib.obj
 0003:00000084       $pdata$ShellLibConstructorWorker 00000000000039e4     UefiShellLib:UefiShellLib.obj
 0003:00000090       $pdata$ShellLibDestructor  00000000000039f0     UefiShellLib:UefiShellLib.obj
 0003:0000009c       $pdata$InternalAllocatePool 00000000000039fc     UefiMemoryAllocationLib:MemoryAllocationLib.obj
 0003:000000a8       $pdata$AllocateZeroPool    0000000000003a08     UefiMemoryAllocationLib:MemoryAllocationLib.obj
 0003:000000b4       $pdata$BasePrintLibValueToString 0000000000003a14     BasePrintLib:PrintLibInternal.obj
 0003:000000c0       $pdata$BasePrintLibSPrintMarker 0000000000003a20     BasePrintLib:PrintLibInternal.obj
 0003:000000cc       $pdata$BasePrintLibSPrint  0000000000003a2c     BasePrintLib:PrintLibInternal.obj
 0003:000000d8       $pdata$LShiftU64           0000000000003a38     BaseLib:LShiftU64.obj
 0003:000000e4       $pdata$CompareGuid         0000000000003a44     BaseMemoryLib:MemLibGuid.obj
 0003:000000f0       $pdata$ZeroMem             0000000000003a50     BaseMemoryLib:ZeroMemWrapper.obj
 0003:000000fc       $pdata$InternalMemSetMem   0000000000003a5c     BaseMemoryLib:SetMem.obj
 0003:00000108       $pdata$ReadUnaligned16     0000000000003a68     BaseLib:Unaligned.obj
 0003:00000114       $pdata$ReadUnaligned32     0000000000003a74     BaseLib:Unaligned.obj
 0003:00000120       $pdata$ReadUnaligned64     0000000000003a80     BaseLib:Unaligned.obj
 0003:0000012c       $pdata$StrnLenS            0000000000003a8c     BaseLib:SafeString.obj
 0003:00000138       $pdata$DivU64x32Remainder  0000000000003a98     BaseLib:DivU64x32Remainder.obj
 0004:00000000       $unwind$ShellLibDestructor 0000000000003ac0     UefiShellLib:UefiShellLib.obj
 0004:00000000       $unwind$LShiftU64          0000000000003ac0     BaseLib:LShiftU64.obj
 0004:00000000       $unwind$_ModuleEntryPoint  0000000000003ac0     UefiApplicationEntryPoint:ApplicationEntryPoint.obj
 0004:00000000       $unwind$ZeroMem            0000000000003ac0     BaseMemoryLib:ZeroMemWrapper.obj
 0004:0000000c       $unwind$ReadUnaligned64    0000000000003acc     BaseLib:Unaligned.obj
 0004:0000000c       $unwind$ProcessLibraryConstructorList 0000000000003acc     MyPciScan_v2:AutoGen.obj
 0004:0000000c       $unwind$ReadUnaligned32    0000000000003acc     BaseLib:Unaligned.obj
 0004:0000000c       $unwind$ReadUnaligned16    0000000000003acc     BaseLib:Unaligned.obj
 0004:0000000c       $unwind$AllocateZeroPool   0000000000003acc     UefiMemoryAllocationLib:MemoryAllocationLib.obj
 0004:00000014       $unwind$ProcessModuleEntryPointList 0000000000003ad4     MyPciScan_v2:AutoGen.obj
 0004:0000001c       $unwind$BarExisted         0000000000003adc     MyPciScan_v2:PciScan_v2.obj
 0004:00000030       $unwind$PciParseBar        0000000000003af0     MyPciScan_v2:PciScan_v2.obj
 0004:00000048       $unwind$StrnLenS           0000000000003b08     BaseLib:SafeString.obj
 0004:00000048       $unwind$DivU64x32Remainder 0000000000003b08     BaseLib:DivU64x32Remainder.obj
 0004:00000048       $unwind$PrintIO            0000000000003b08     MyPciScan_v2:PciScan_v2.obj
 0004:00000058       $unwind$PrintPrefetchableMem 0000000000003b18     MyPciScan_v2:PciScan_v2.obj
 0004:00000068       $unwind$ReadPci            0000000000003b28     MyPciScan_v2:PciScan_v2.obj
 0004:00000080       $unwind$InternalPrint      0000000000003b40     UefiLib:UefiLibPrint.obj
 0004:00000094       $unwind$Print              0000000000003b54     UefiLib:UefiLibPrint.obj
 0004:0000009c       $unwind$ShellFindSE2       0000000000003b5c     UefiShellLib:UefiShellLib.obj
 0004:000000b0       $unwind$ShellLibConstructorWorker 0000000000003b70     UefiShellLib:UefiShellLib.obj
 0004:000000bc       $unwind$InternalAllocatePool 0000000000003b7c     UefiMemoryAllocationLib:MemoryAllocationLib.obj
 0004:000000c4       $unwind$BasePrintLibValueToString 0000000000003b84     BasePrintLib:PrintLibInternal.obj
 0004:000000d0       $unwind$BasePrintLibSPrintMarker 0000000000003b90     BasePrintLib:PrintLibInternal.obj
 0004:000000ec       $unwind$BasePrintLibSPrint 0000000000003bac     BasePrintLib:PrintLibInternal.obj
 0004:000000f4       $unwind$CompareGuid        0000000000003bb4     BaseMemoryLib:MemLibGuid.obj
 0004:000000f4       $unwind$InternalMemSetMem  0000000000003bb4     BaseMemoryLib:SetMem.obj
