 RawIp4Rx

 Timestamp is 5fb8848d (Sat Nov 21 11:07:57 2020)

 Preferred load address is 0000000000000000

 Start         Length     Name                   Class
 0001:00000000 0000010cH .text                   CODE
 0001:0000010c 00014489H .text$mn                CODE
 0002:00000000 000004a0H .data                   DATA
 0002:000004a0 00003000H .rdata                  DATA
 0002:000034a0 00012068H .bss                    DATA
 0002:00015508 00000090H .rdata$zzzdbg           DATA
 0003:00000000 00000ba0H .pdata                  DATA
 0004:00000000 000006d0H .xdata                  DATA

  Address         Publics by Value              Rva+Base               Lib:Object

 0000:00000000       __guard_iat_table          0000000000000000     <absolute>
 0000:00000000       __dynamic_value_reloc_table 0000000000000000     <absolute>
 0000:00000000       __guard_iat_count          0000000000000000     <absolute>
 0000:00000000       __guard_longjmp_table      0000000000000000     <absolute>
 0000:00000000       __guard_longjmp_count      0000000000000000     <absolute>
 0000:00000000       __guard_fids_count         0000000000000000     <absolute>
 0000:00000000       __guard_fids_table         0000000000000000     <absolute>
 0000:00000000       __guard_flags              0000000000000000     <absolute>
 0000:00000000       __ImageBase                0000000000000000     <linker-defined>
 0001:00000000       SetJump                    00000000000002a0     BaseLib:SetJump.obj
 0001:00000090       InternalLongJump           0000000000000330     BaseLib:LongJump.obj
 0001:0000010c       _ModuleEntryPoint          00000000000003ac f   UefiApplicationEntryPoint:ApplicationEntryPoint.obj
 0001:00000154       UefiBootServicesTableLibConstructor 00000000000003f4 f   UefiBootServicesTableLib:UefiBootServicesTableLib.obj
 0001:00000170       ProcessLibraryConstructorList 0000000000000410 f   RawIp4Rx:AutoGen.obj
 0001:000005a4       ProcessLibraryDestructorList 0000000000000844 f   RawIp4Rx:AutoGen.obj
 0001:000007c4       ProcessModuleEntryPointList 0000000000000a64 f   RawIp4Rx:AutoGen.obj
 0001:000007e8       ShellCEntryLib             0000000000000a88 f   UefiShellCEntryLib:UefiShellCEntryLib.obj
 0001:0000089c       exitCleanup                0000000000000b3c f   LibC:Main.obj
 0001:00000908       ShellAppMain               0000000000000ba8 f   LibC:Main.obj
 0001:00000b8c       DebugPrint                 0000000000000e2c f   BaseDebugLibNull:DebugLib.obj
 0001:00000b98       DebugAssert                0000000000000e38 f   BaseDebugLibNull:DebugLib.obj
 0001:00000b9c       DebugPrintLevelEnabled     0000000000000e3c f   BaseDebugLibNull:DebugLib.obj
 0001:00000b9c       DebugPrintEnabled          0000000000000e3c f   BaseDebugLibNull:DebugLib.obj
 0001:00000b9c       DebugAssertEnabled         0000000000000e3c f   BaseDebugLibNull:DebugLib.obj
 0001:00000ba0       UefiRuntimeServicesTableLibConstructor 0000000000000e40 f   UefiRuntimeServicesTableLib:UefiRuntimeServicesTableLib.obj
 0001:00000bb0       UefiLibConstructor         0000000000000e50 f   UefiLib:UefiLib.obj
 0001:00000bb0       fnullop_flush              0000000000000e50 f   DevUtility:DevGenisis.obj
 0001:00000bb0       fnullop_fcntl              0000000000000e50 f   DevUtility:DevGenisis.obj
 0001:00000bb4       EfiGetCurrentTpl           0000000000000e54 f   UefiLib:UefiLib.obj
 0001:00000be4       InternalPrint              0000000000000e84 f   UefiLib:UefiLibPrint.obj
 0001:00000c6c       Print                      0000000000000f0c f   UefiLib:UefiLibPrint.obj
 0001:00000c9c       ShellFindSE2               0000000000000f3c f   UefiShellLib:UefiShellLib.obj
 0001:00000e4c       ShellLibConstructorWorker  00000000000010ec f   UefiShellLib:UefiShellLib.obj
 0001:00000fb4       ShellLibConstructor        0000000000001254 f   UefiShellLib:UefiShellLib.obj
 0001:00000fe8       ShellLibDestructor         0000000000001288 f   UefiShellLib:UefiShellLib.obj
 0001:000010fc       __wchar_construct          000000000000139c f   LibWchar:ConsDecons.obj
 0001:00001150       __wchar_deconstruct        00000000000013f0 f   LibWchar:ConsDecons.obj
 0001:00001178       UefiHiiServicesLibConstructor 0000000000001418 f   UefiHiiServicesLib:UefiHiiServicesLib.obj
 0001:000015c0       da_ConOpen                 0000000000001860 f   DevConsole:daConsole.obj
 0001:0000180c       __Cons_construct           0000000000001aac f   DevConsole:daConsole.obj
 0001:00001a04       __Cons_deconstruct         0000000000001ca4 f   DevConsole:daConsole.obj
 0001:00001a74       EslConstructor             0000000000001d14 f   EfiSocketLib:Init.obj
 0001:00001a7c       EslDestructor              0000000000001d1c f   EfiSocketLib:Init.obj
 0001:00001a84       EslServiceFreeProtocol     0000000000001d24 f   EfiSocketLib:UseEfiSocketLib.obj
 0001:00001b5c       EslServiceNetworkConnect   0000000000001dfc f   EfiSocketLib:UseEfiSocketLib.obj
 0001:00001c74       EslServiceNetworkDisconnect 0000000000001f14 f   EfiSocketLib:UseEfiSocketLib.obj
 0001:00001e74       EslServiceConnect          0000000000002114 f   EfiSocketLib:Service.obj
 0001:00002098       EslSocket                  0000000000002338 f   EfiSocketLib:Socket.obj
 0001:000021c4       EslSocketAccept            0000000000002464 f   EfiSocketLib:Socket.obj
 0001:000023b0       EslSocketAllocate          0000000000002650 f   EfiSocketLib:Socket.obj
 0001:00002548       EslSocketBind              00000000000027e8 f   EfiSocketLib:Socket.obj
 0001:000026d8       EslSocketBindTest          0000000000002978 f   EfiSocketLib:Socket.obj
 0001:00002760       EslSocketClosePoll         0000000000002a00 f   EfiSocketLib:Socket.obj
 0001:00002868       EslSocketCloseStart        0000000000002b08 f   EfiSocketLib:Socket.obj
 0001:00002950       EslSocketConnect           0000000000002bf0 f   EfiSocketLib:Socket.obj
 0001:00002bd0       EslSocketCopyFragmentedBuffer 0000000000002e70 f   EfiSocketLib:Socket.obj
 0001:00002c6c       EslSocketGetLocalAddress   0000000000002f0c f   EfiSocketLib:Socket.obj
 0001:00002e0c       EslSocketGetPeerAddress    00000000000030ac f   EfiSocketLib:Socket.obj
 0001:00002fc0       EslSocketIoFree            0000000000003260 f   EfiSocketLib:Socket.obj
 0001:00003024       EslSocketIoInit            00000000000032c4 f   EfiSocketLib:Socket.obj
 0001:000030d4       EslSocketIsConfigured      0000000000003374 f   EfiSocketLib:Socket.obj
 0001:0000316c       EslSocketListen            000000000000340c f   EfiSocketLib:Socket.obj
 0001:000032ec       EslSocketOptionGet         000000000000358c f   EfiSocketLib:Socket.obj
 0001:00003484       EslSocketOptionSet         0000000000003724 f   EfiSocketLib:Socket.obj
 0001:000035e8       EslSocketPacketAllocate    0000000000003888 f   EfiSocketLib:Socket.obj
 0001:0000366c       EslSocketPoll              000000000000390c f   EfiSocketLib:Socket.obj
 0001:00003804       EslSocketPortAllocate      0000000000003aa4 f   EfiSocketLib:Socket.obj
 0001:00003a84       EslSocketPortClose         0000000000003d24 f   EfiSocketLib:Socket.obj
 0001:00003c90       EslSocketPortCloseComplete 0000000000003f30 f   EfiSocketLib:Socket.obj
 0001:00003ce8       EslSocketPortCloseRxDone   0000000000003f88 f   EfiSocketLib:Socket.obj
 0001:00003d30       EslSocketPortCloseStart    0000000000003fd0 f   EfiSocketLib:Socket.obj
 0001:00003d98       EslSocketPortCloseTxDone   0000000000004038 f   EfiSocketLib:Socket.obj
 0001:00003e34       EslSocketReceive           00000000000040d4 f   EfiSocketLib:Socket.obj
 0001:000042cc       EslSocketRxComplete        000000000000456c f   EfiSocketLib:Socket.obj
 0001:00004448       EslSocketRxStart           00000000000046e8 f   EfiSocketLib:Socket.obj
 0001:00004590       EslSocketShutdown          0000000000004830 f   EfiSocketLib:Socket.obj
 0001:000046b4       EslSocketTransmit          0000000000004954 f   EfiSocketLib:Socket.obj
 0001:0000486c       EslSocketTxComplete        0000000000004b0c f   EfiSocketLib:Socket.obj
 0001:00004970       EslSocketTxStart           0000000000004c10 f   EfiSocketLib:Socket.obj
 0001:00004a40       EslTcp6Accept              0000000000004ce0 f   EfiSocketLib:Tcp6.obj
 0001:00004ac4       EslTcp6ConnectComplete     0000000000004d64 f   EfiSocketLib:Tcp6.obj
 0001:00004b5c       EslTcp6ConnectPoll         0000000000004dfc f   EfiSocketLib:Tcp6.obj
 0001:00004b5c       EslTcp4ConnectPoll         0000000000004dfc f   EfiSocketLib:Tcp4.obj
 0001:00004d14       EslTcp6ConnectStart        0000000000004fb4 f   EfiSocketLib:Tcp6.obj
 0001:00004e20       EslTcp6Listen              00000000000050c0 f   EfiSocketLib:Tcp6.obj
 0001:0000501c       EslTcp6ListenComplete      00000000000052bc f   EfiSocketLib:Tcp6.obj
 0001:00005200       EslTcp6LocalAddressGet     00000000000054a0 f   EfiSocketLib:Tcp6.obj
 0001:00005244       EslTcp6LocalAddressSet     00000000000054e4 f   EfiSocketLib:Tcp6.obj
 0001:000052dc       EslTcp4PacketFree          000000000000557c f   EfiSocketLib:Tcp4.obj
 0001:000052dc       EslTcp6PacketFree          000000000000557c f   EfiSocketLib:Tcp6.obj
 0001:000052e4       EslTcp6PortAllocate        0000000000005584 f   EfiSocketLib:Tcp6.obj
 0001:000053d4       EslTcp6PortClose           0000000000005674 f   EfiSocketLib:Tcp6.obj
 0001:00005428       EslTcp6PortCloseOp         00000000000056c8 f   EfiSocketLib:Tcp6.obj
 0001:00005448       EslTcp6Receive             00000000000056e8 f   EfiSocketLib:Tcp6.obj
 0001:00005514       EslTcp6RemoteAddressGet    00000000000057b4 f   EfiSocketLib:Tcp6.obj
 0001:00005558       EslTcp6RemoteAddressSet    00000000000057f8 f   EfiSocketLib:Tcp6.obj
 0001:0000559c       EslTcp4RxComplete          000000000000583c f   EfiSocketLib:Tcp4.obj
 0001:0000559c       EslTcp6RxComplete          000000000000583c f   EfiSocketLib:Tcp6.obj
 0001:000055c4       EslTcp4RxStart             0000000000005864 f   EfiSocketLib:Tcp4.obj
 0001:000055c4       EslTcp6RxStart             0000000000005864 f   EfiSocketLib:Tcp6.obj
 0001:000055ec       EslTcp4SocketIsConfigured  000000000000588c f   EfiSocketLib:Tcp4.obj
 0001:000055ec       EslTcp6SocketIsConfigured  000000000000588c f   EfiSocketLib:Tcp6.obj
 0001:00005608       EslTcp6TxBuffer            00000000000058a8 f   EfiSocketLib:Tcp6.obj
 0001:00005608       EslTcp4TxBuffer            00000000000058a8 f   EfiSocketLib:Tcp4.obj
 0001:00005820       EslTcp4TxComplete          0000000000005ac0 f   EfiSocketLib:Tcp4.obj
 0001:00005820       EslTcp6TxComplete          0000000000005ac0 f   EfiSocketLib:Tcp6.obj
 0001:00005874       EslTcp6TxOobComplete       0000000000005b14 f   EfiSocketLib:Tcp6.obj
 0001:00005874       EslTcp4TxOobComplete       0000000000005b14 f   EfiSocketLib:Tcp4.obj
 0001:000058d0       EslTcp6VerifyLocalIpAddress 0000000000005b70 f   EfiSocketLib:Tcp6.obj
 0001:00005b58       EslIp4LocalAddressGet      0000000000005df8 f   EfiSocketLib:Ip4.obj
 0001:00005b78       EslIp4LocalAddressSet      0000000000005e18 f   EfiSocketLib:Ip4.obj
 0001:00005c20       EslIp4OptionGet            0000000000005ec0 f   EfiSocketLib:Ip4.obj
 0001:00005c54       EslIp4OptionSet            0000000000005ef4 f   EfiSocketLib:Ip4.obj
 0001:00005c78       EslIp4PacketFree           0000000000005f18 f   EfiSocketLib:Ip4.obj
 0001:00005c9c       EslIp4PortAllocate         0000000000005f3c f   EfiSocketLib:Ip4.obj
 0001:00005d34       EslIp4Receive              0000000000005fd4 f   EfiSocketLib:Ip4.obj
 0001:00005e00       EslIp4RemoteAddressGet     00000000000060a0 f   EfiSocketLib:Ip4.obj
 0001:00005e20       EslIp4RemoteAddressSet     00000000000060c0 f   EfiSocketLib:Ip4.obj
 0001:00005e58       EslIp4RxComplete           00000000000060f8 f   EfiSocketLib:Ip4.obj
 0001:00005e80       EslIp4SocketIsConfigured   0000000000006120 f   EfiSocketLib:Ip4.obj
 0001:00006028       EslIp4TxBuffer             00000000000062c8 f   EfiSocketLib:Ip4.obj
 0001:00006260       EslIp4TxComplete           0000000000006500 f   EfiSocketLib:Ip4.obj
 0001:00006260       EslUdp6TxComplete          0000000000006500 f   EfiSocketLib:Udp6.obj
 0001:000062c0       EslIp4VerifyLocalIpAddress 0000000000006560 f   EfiSocketLib:Ip4.obj
 0001:000063f4       EslTcp4Accept              0000000000006694 f   EfiSocketLib:Tcp4.obj
 0001:00006494       EslTcp4ConnectComplete     0000000000006734 f   EfiSocketLib:Tcp4.obj
 0001:0000652c       EslTcp4ConnectStart        00000000000067cc f   EfiSocketLib:Tcp4.obj
 0001:00006634       EslTcp4Listen              00000000000068d4 f   EfiSocketLib:Tcp4.obj
 0001:00006830       EslTcp4ListenComplete      0000000000006ad0 f   EfiSocketLib:Tcp4.obj
 0001:00006a08       EslTcp4LocalAddressGet     0000000000006ca8 f   EfiSocketLib:Tcp4.obj
 0001:00006a4c       EslTcp4LocalAddressSet     0000000000006cec f   EfiSocketLib:Tcp4.obj
 0001:00006b5c       EslTcp4PortAllocate        0000000000006dfc f   EfiSocketLib:Tcp4.obj
 0001:00006c4c       EslTcp4PortClose           0000000000006eec f   EfiSocketLib:Tcp4.obj
 0001:00006ca0       EslTcp4PortCloseOp         0000000000006f40 f   EfiSocketLib:Tcp4.obj
 0001:00006cc0       EslTcp4Receive             0000000000006f60 f   EfiSocketLib:Tcp4.obj
 0001:00006d8c       EslTcp4RemoteAddressGet    000000000000702c f   EfiSocketLib:Tcp4.obj
 0001:00006dd0       EslTcp4RemoteAddressSet    0000000000007070 f   EfiSocketLib:Tcp4.obj
 0001:00006e44       EslTcp4VerifyLocalIpAddress 00000000000070e4 f   EfiSocketLib:Tcp4.obj
 0001:00006f78       EslUdp4LocalAddressGet     0000000000007218 f   EfiSocketLib:Udp4.obj
 0001:00006fbc       EslUdp4LocalAddressSet     000000000000725c f   EfiSocketLib:Udp4.obj
 0001:000070c0       EslUdp4PacketFree          0000000000007360 f   EfiSocketLib:Udp4.obj
 0001:000070e4       EslUdp4PortAllocate        0000000000007384 f   EfiSocketLib:Udp4.obj
 0001:00007164       EslUdp4Receive             0000000000007404 f   EfiSocketLib:Udp4.obj
 0001:00007200       EslUdp4RemoteAddressGet    00000000000074a0 f   EfiSocketLib:Udp4.obj
 0001:00007244       EslUdp4RemoteAddressSet    00000000000074e4 f   EfiSocketLib:Udp4.obj
 0001:00007298       EslUdp4RxComplete          0000000000007538 f   EfiSocketLib:Udp4.obj
 0001:000072bc       EslUdp4SocketIsConfigured  000000000000755c f   EfiSocketLib:Udp4.obj
 0001:0000745c       EslUdp4TxBuffer            00000000000076fc f   EfiSocketLib:Udp4.obj
 0001:00007668       EslUdp4TxComplete          0000000000007908 f   EfiSocketLib:Udp4.obj
 0001:000076c8       EslUdp4VerifyLocalIpAddress 0000000000007968 f   EfiSocketLib:Udp4.obj
 0001:000077fc       EslUdp6LocalAddressGet     0000000000007a9c f   EfiSocketLib:Udp6.obj
 0001:00007840       EslUdp6LocalAddressSet     0000000000007ae0 f   EfiSocketLib:Udp6.obj
 0001:000078cc       EslUdp6PacketFree          0000000000007b6c f   EfiSocketLib:Udp6.obj
 0001:000078f0       EslUdp6PortAllocate        0000000000007b90 f   EfiSocketLib:Udp6.obj
 0001:00007968       EslUdp6Receive             0000000000007c08 f   EfiSocketLib:Udp6.obj
 0001:00007a04       EslUdp6RemoteAddressGet    0000000000007ca4 f   EfiSocketLib:Udp6.obj
 0001:00007a48       EslUdp6RemoteAddressSet    0000000000007ce8 f   EfiSocketLib:Udp6.obj
 0001:00007a8c       EslUdp6RxComplete          0000000000007d2c f   EfiSocketLib:Udp6.obj
 0001:00007ab0       EslUdp6SocketIsConfigured  0000000000007d50 f   EfiSocketLib:Udp6.obj
 0001:00007c54       EslUdp6TxBuffer            0000000000007ef4 f   EfiSocketLib:Udp6.obj
 0001:00007e4c       EslUdp6VerifyLocalIpAddress 00000000000080ec f   EfiSocketLib:Udp6.obj
 0001:000080d4       main                       0000000000008374 f   RawIp4Rx:Main.obj
 0001:000080fc       RawIp4Rx                   000000000000839c f   RawIp4Rx:RawIp4Rx.obj
 0001:000090e0       time                       0000000000009380 f   LibTime:Time.obj
 0001:00009198       gmtsub                     0000000000009438 f   LibTime:Time.obj
 0001:00009c2c       tzset                      0000000000009ecc f   LibTime:ZoneProc.obj
 0001:0000a01c       DecodeOneStateful          000000000000a2bc f   LibLocale:multibyte_Utf8.obj
 0001:0000a0c0       OneWcToMcLen               000000000000a360 f   LibLocale:multibyte_Utf8.obj
 0001:0000a108       EstimateWtoM               000000000000a3a8 f   LibLocale:multibyte_Utf8.obj
 0001:0000a160       EncodeUtf8                 000000000000a400 f   LibLocale:multibyte_Utf8.obj
 0001:0000a20c       wcrtomb                    000000000000a4ac f   LibLocale:multibyte_Utf8.obj
 0001:0000a250       wcsrtombs                  000000000000a4f0 f   LibLocale:multibyte_Utf8.obj
 0001:0000a31c       fbadop_rename              000000000000a5bc f   DevUtility:DevGenisis.obj
 0001:0000a31c       fbadop_stat                000000000000a5bc f   DevUtility:DevGenisis.obj
 0001:0000a31c       fbadop_delete              000000000000a5bc f   DevUtility:DevGenisis.obj
 0001:0000a31c       fbadop_mkdir               000000000000a5bc f   DevUtility:DevGenisis.obj
 0001:0000a31c       fbadop_ioctl               000000000000a5bc f   DevUtility:DevGenisis.obj
 0001:0000a31c       fbadop_rmdir               000000000000a5bc f   DevUtility:DevGenisis.obj
 0001:0000a32c       __DevRegister              000000000000a5cc f   DevUtility:DevGenisis.obj
 0001:0000a3ec       ValidateFD                 000000000000a68c f   LibUefi:SysCalls.obj
 0001:0000a418       FindFreeFD                 000000000000a6b8 f   LibUefi:SysCalls.obj
 0001:0000a458       isatty                     000000000000a6f8 f   LibUefi:SysCalls.obj
 0001:0000a49c       close                      000000000000a73c f   LibUefi:SysCalls.obj
 0001:0000a568       lseek                      000000000000a808 f   LibUefi:SysCalls.obj
 0001:0000a5dc       open                       000000000000a87c f   LibUefi:SysCalls.obj
 0001:0000a734       printf                     000000000000a9d4 f   LibStdio:printf.obj
 0001:0000abd8       __vfprintf_unlocked        000000000000ae78 f   LibStdio:vfprintf.obj
 0001:0000d968       _cleanup                   000000000000dc08 f   LibStdio:findfp.obj
 0001:0000d970       __sinit                    000000000000dc10 f   LibStdio:findfp.obj
 0001:0000d9b8       __swsetup                  000000000000dc58 f   LibStdio:wsetup.obj
 0001:0000da70       fflush                     000000000000dd10 f   LibStdio:fflush.obj
 0001:0000db04       __sflush                   000000000000dda4 f   LibStdio:fflush.obj
 0001:0000db8c       __sfvwrite                 000000000000de2c f   LibStdio:fvwrite.obj
 0001:0000de98       __sread                    000000000000e138 f   LibStdio:stdio.obj
 0001:0000df64       __swrite                   000000000000e204 f   LibStdio:stdio.obj
 0001:0000e034       __sseek                    000000000000e2d4 f   LibStdio:stdio.obj
 0001:0000e084       __sclose                   000000000000e324 f   LibStdio:stdio.obj
 0001:0000e0a0       __smakebuf                 000000000000e340 f   LibStdio:makebuf.obj
 0001:0000e16c       __swhatbuf                 000000000000e40c f   LibStdio:makebuf.obj
 0001:0000e248       abort                      000000000000e4e8 f   LibStdLib:Environs.obj
 0001:0000e2c8       exit                       000000000000e568 f   LibStdLib:Environs.obj
 0001:0000e2fc       malloc                     000000000000e59c f   LibStdLib:Malloc.obj
 0001:0000e3c0       calloc                     000000000000e660 f   LibStdLib:Malloc.obj
 0001:0000e400       free                       000000000000e6a0 f   LibStdLib:Malloc.obj
 0001:0000e480       realloc                    000000000000e720 f   LibStdLib:Malloc.obj
 0001:0000e560       InternalAllocatePool       000000000000e800 f   UefiMemoryAllocationLib:MemoryAllocationLib.obj
 0001:0000e590       AllocateZeroPool           000000000000e830 f   UefiMemoryAllocationLib:MemoryAllocationLib.obj
 0001:0000e5b8       AsciiSPrint                000000000000e858 f   BasePrintLib:PrintLib.obj
 0001:0000e5e0       BasePrintLibFillBuffer     000000000000e880 f   BasePrintLib:PrintLibInternal.obj
 0001:0000e614       BasePrintLibValueToString  000000000000e8b4 f   BasePrintLib:PrintLibInternal.obj
 0001:0000e664       BasePrintLibSPrintMarker   000000000000e904 f   BasePrintLib:PrintLibInternal.obj
 0001:0000f3f4       BasePrintLibSPrint         000000000000f694 f   BasePrintLib:PrintLibInternal.obj
 0001:0000f418       __assert                   000000000000f6b8 f   LibC:assert.obj
 0001:0000f9b0       New_cIIO                   000000000000fc50 f   LibIIO:IIO.obj
 0001:0000faac       IIO_GetDeviceProto         000000000000fd4c f   LibIIO:IIOutilities.obj
 0001:0000faec       IIO_GetCursorPosition      000000000000fd8c f   LibIIO:IIOutilities.obj
 0001:0000fb58       IIO_SetCursorPosition      000000000000fdf8 f   LibIIO:IIOutilities.obj
 0001:0000fbe4       IIO_GetOutputSize          000000000000fe84 f   LibIIO:IIOutilities.obj
 0001:0000fc94       IIO_WriteOne               000000000000ff34 f   LibIIO:IIOwrite.obj
 0001:0000fed4       IIO_EchoOne                0000000000010174 f   LibIIO:IIOecho.obj
 0001:000100e4       IIO_CanonRead              0000000000010384 f   LibIIO:CanonRead.obj
 0001:0001039c       recvfrom                   000000000001063c f   BsdSocketLib:recvfrom.obj
 0001:000105d8       BslFdToSocketProtocol      0000000000010878 f   BsdSocketLib:socket.obj
 0001:00010640       socket                     00000000000108e0 f   BsdSocketLib:socket.obj
 0001:00010728       getsockname                00000000000109c8 f   BsdSocketLib:getsockname.obj
 0001:0001077c       bind                       0000000000010a1c f   BsdSocketLib:bind.obj
 0001:000107c4       BslSocketClose             0000000000010a64 f   BsdSocketLib:close.obj
 0001:0001085c       BslSocketPoll              0000000000010afc f   BsdSocketLib:poll.obj
 0001:000108b0       BslSocketRead              0000000000010b50 f   BsdSocketLib:read.obj
 0001:000108d4       BslSocketWrite             0000000000010b74 f   BsdSocketLib:write.obj
 0001:0001099c       __dtoa                     0000000000010c3c f   LibGdtoa:dtoa.obj
 0001:00011754       __nrv_alloc_D2A            00000000000119f4 f   LibGdtoa:dmisc.obj
 0001:000117e0       __quorem_D2A               0000000000011a80 f   LibGdtoa:dmisc.obj
 0001:00011928       __Balloc_D2A               0000000000011bc8 f   LibGdtoa:misc.obj
 0001:000119cc       __lo0bits_D2A              0000000000011c6c f   LibGdtoa:misc.obj
 0001:00011a40       __multadd_D2A              0000000000011ce0 f   LibGdtoa:misc.obj
 0001:00011b10       __hi0bits_D2A              0000000000011db0 f   LibGdtoa:misc.obj
 0001:00011b60       __mult_D2A                 0000000000011e00 f   LibGdtoa:misc.obj
 0001:00011c90       __pow5mult_D2A             0000000000011f30 f   LibGdtoa:misc.obj
 0001:00011d64       __lshift_D2A               0000000000012004 f   LibGdtoa:misc.obj
 0001:00011e74       __cmp_D2A                  0000000000012114 f   LibGdtoa:misc.obj
 0001:00011eb8       __diff_D2A                 0000000000012158 f   LibGdtoa:misc.obj
 0001:00011ff0       __d2b_D2A                  0000000000012290 f   LibGdtoa:misc.obj
 0001:00012110       localeconv                 00000000000123b0 f   LibLocale:localeconv.obj
 0001:000121f0       ClassifyPath               0000000000012490 f   DevUtility:Path.obj
 0001:000122d8       ParsePath                  0000000000012578 f   DevUtility:Path.obj
 0001:00012724       __DevSearch                00000000000129c4 f   DevUtility:DevSearch.obj
 0001:00012d70       New_cFIFO                  0000000000013010 f   LibContainer:Fifo.obj
 0001:00013110       memset                     00000000000133b0 f   LibString:Misc.obj
 0001:00013120       strerror                   00000000000133c0 f   LibString:Misc.obj
 0001:00013154       strerror_r                 00000000000133f4 f   LibString:Misc.obj
 0001:000131bc       strlen                     000000000001345c f   LibString:Misc.obj
 0001:000131c4       strcmp                     0000000000013464 f   LibString:Comparison.obj
 0001:000131cc       memcpy                     000000000001346c f   LibString:Copying.obj
 0001:000131d4       strdup                     0000000000013474 f   LibString:Copying.obj
 0001:00013224       strncpy                    00000000000134c4 f   LibString:Copying.obj
 0001:0001322c       strncpyX                   00000000000134cc f   LibString:Copying.obj
 0001:0001326c       AsciiStrCmp                000000000001350c f   BaseLib:String.obj
 0001:00013304       AsciiStrLen                00000000000135a4 f   BaseLib:String.obj
 0001:0001338c       AsciiStrToUnicodeStr       000000000001362c f   BaseLib:String.obj
 0001:000134d4       AsciiStrnCpy               0000000000013774 f   BaseLib:String.obj
 0001:000135f0       StrLen                     0000000000013890 f   BaseLib:String.obj
 0001:000136a8       StrnCmp                    0000000000013948 f   BaseLib:String.obj
 0001:000137b8       UnicodeStrToAsciiStr       0000000000013a58 f   BaseLib:String.obj
 0001:00013924       ReadUnaligned16            0000000000013bc4 f   BaseLib:Unaligned.obj
 0001:0001395c       ReadUnaligned32            0000000000013bfc f   BaseLib:Unaligned.obj
 0001:00013994       ReadUnaligned64            0000000000013c34 f   BaseLib:Unaligned.obj
 0001:000139cc       AsciiStrnLenS              0000000000013c6c f   BaseLib:SafeString.obj
 0001:000139f8       StrnLenS                   0000000000013c98 f   BaseLib:SafeString.obj
 0001:00013a74       GetFirstNode               0000000000013d14 f   BaseLib:LinkedList.obj
 0001:00013ab4       GetNextNode                0000000000013d54 f   BaseLib:LinkedList.obj
 0001:00013b2c       InsertTailList             0000000000013dcc f   BaseLib:LinkedList.obj
 0001:00013bb4       InternalBaseLibIsListValid 0000000000013e54 f   BaseLib:LinkedList.obj
 0001:00013c6c       IsListEmpty                0000000000013f0c f   BaseLib:LinkedList.obj
 0001:00013cb0       IsNodeInList               0000000000013f50 f   BaseLib:LinkedList.obj
 0001:00013d58       RemoveEntryList            0000000000013ff8 f   BaseLib:LinkedList.obj
 0001:00013dac       LShiftU64                  000000000001404c f   BaseLib:LShiftU64.obj
 0001:00013df8       SwapBytes16                0000000000014098 f   BaseLib:SwapBytes16.obj
 0001:00013e08       InternalAssertJumpBuffer   00000000000140a8 f   BaseLib:SetJump.obj
 0001:00013e64       InternalMathDivRemU64x32   0000000000014104 f   BaseLib:Math64.obj
 0001:00013e80       InternalMathLShiftU64      0000000000014120 f   BaseLib:Math64.obj
 0001:00013e8c       CopyMem                    000000000001412c f   BaseMemoryLib:CopyMemWrapper.obj
 0001:00013f34       CompareGuid                00000000000141d4 f   BaseMemoryLib:MemLibGuid.obj
 0001:00013f9c       ZeroMem                    000000000001423c f   BaseMemoryLib:ZeroMemWrapper.obj
 0001:0001401c       SetMem                     00000000000142bc f   BaseMemoryLib:SetMemWrapper.obj
 0001:0001408c       InternalMemCopyMem         000000000001432c f   BaseMemoryLib:CopyMem.obj
 0001:00014240       InternalMemScanMem8        00000000000144e0 f   BaseMemoryLib:MemLibGeneric.obj
 0001:00014258       InternalMemSetMem16        00000000000144f8 f   BaseMemoryLib:MemLibGeneric.obj
 0001:00014278       InternalMemZeroMem         0000000000014518 f   BaseMemoryLib:MemLibGeneric.obj
 0001:00014280       InternalMemSetMem          0000000000014520 f   BaseMemoryLib:SetMem.obj
 0001:00014360       memchr                     0000000000014600 f   LibString:Searching.obj
 0001:00014370       DivU64x32Remainder         0000000000014610 f   BaseLib:DivU64x32Remainder.obj
 0001:000143c8       LongJump                   0000000000014668 f   BaseLib:LongJump.obj
 0001:00014418       ScanMem8                   00000000000146b8 f   BaseMemoryLib:ScanMem8Wrapper.obj
 0001:000144ac       SetMem16                   000000000001474c f   BaseMemoryLib:SetMem16Wrapper.obj
 0002:00000000       _cClass                    0000000000014840     LibCtype:iCtype.obj
 0002:00000008       gEfiShellEnvironment2ExtGuid 0000000000014848     RawIp4Rx:AutoGen.obj
 0002:00000018       gEfiIp6ConfigProtocolGuid  0000000000014858     RawIp4Rx:AutoGen.obj
 0002:00000028       gEfiHiiConfigRoutingProtocolGuid 0000000000014868     RawIp4Rx:AutoGen.obj
 0002:00000038       gEfiUdp4ServiceBindingProtocolGuid 0000000000014878     RawIp4Rx:AutoGen.obj
 0002:00000048       gEfiIp4Config2ProtocolGuid 0000000000014888     RawIp4Rx:AutoGen.obj
 0002:00000058       gEfiHiiImageProtocolGuid   0000000000014898     RawIp4Rx:AutoGen.obj
 0002:00000068       gEfiIp4ServiceBindingProtocolGuid 00000000000148a8     RawIp4Rx:AutoGen.obj
 0002:00000078       gEfiUdp6ProtocolGuid       00000000000148b8     RawIp4Rx:AutoGen.obj
 0002:00000088       gEfiShellParametersProtocolGuid 00000000000148c8     RawIp4Rx:AutoGen.obj
 0002:00000098       gEfiHiiDatabaseProtocolGuid 00000000000148d8     RawIp4Rx:AutoGen.obj
 0002:000000a8       gEfiHiiStringProtocolGuid  00000000000148e8     RawIp4Rx:AutoGen.obj
 0002:000000b8       gEfiUdp6ServiceBindingProtocolGuid 00000000000148f8     RawIp4Rx:AutoGen.obj
 0002:000000c8       gEfiShellEnvironment2Guid  0000000000014908     RawIp4Rx:AutoGen.obj
 0002:000000d8       gEfiIp4ProtocolGuid        0000000000014918     RawIp4Rx:AutoGen.obj
 0002:000000e8       gEfiSocketProtocolGuid     0000000000014928     RawIp4Rx:AutoGen.obj
 0002:000000f8       gEfiShellProtocolGuid      0000000000014938     RawIp4Rx:AutoGen.obj
 0002:00000108       gEfiUdp4ProtocolGuid       0000000000014948     RawIp4Rx:AutoGen.obj
 0002:00000118       gEfiTcp4ServiceBindingProtocolGuid 0000000000014958     RawIp4Rx:AutoGen.obj
 0002:00000128       gEfiCallerIdGuid           0000000000014968     RawIp4Rx:AutoGen.obj
 0002:00000138       gEfiTcp6ServiceBindingProtocolGuid 0000000000014978     RawIp4Rx:AutoGen.obj
 0002:00000148       gEfiTcp6ProtocolGuid       0000000000014988     RawIp4Rx:AutoGen.obj
 0002:00000158       gEfiShellInterfaceGuid     0000000000014998     RawIp4Rx:AutoGen.obj
 0002:00000168       gEfiTcp4ProtocolGuid       00000000000149a8     RawIp4Rx:AutoGen.obj
 0002:00000178       gEfiHiiFontProtocolGuid    00000000000149b8     RawIp4Rx:AutoGen.obj
 0002:00000188       _fltused                   00000000000149c8     LibC:errno.obj
 0002:00000190       cEslAfInet6Api             00000000000149d0     EfiSocketLib:Socket.obj
 0002:000001c0       cEslAfInetApi              0000000000014a00     EfiSocketLib:Socket.obj
 0002:000001f0       tzname                     0000000000014a30     LibTime:ZoneProc.obj
 0002:00000200       daDeviceList               0000000000014a40     DevUtility:DevGenisis.obj
 0002:00000230       __sF                       0000000000014a70     LibStdio:findfp.obj
 0002:00000440       __sglue                    0000000000014c80     LibStdio:findfp.obj
 0002:00000498       __nlocale_changed          0000000000014cd8     LibLocale:localeconv.obj
 0002:0000049c       __mlocale_changed          0000000000014cdc     LibLocale:localeconv.obj
 0002:000004a0       ??_C@_0BD@FPJCFKFJ@Unknown?5Error?3?5?$CFd?4?$AA@ 0000000000014ce0     LibString:Misc.obj
 0002:000004c0       sys_errlist                0000000000014d00     LibString:ErrorList.obj
 0002:000007e0       ??_C@_0BC@CMDFCGIM@No?5Error?5Detected?$AA@ 0000000000015020     LibString:ErrorList.obj
 0002:000007f8       ??_C@_0BI@BJFCGOHL@Operation?5not?5permitted?$AA@ 0000000000015038     LibString:ErrorList.obj
 0002:00000810       ??_C@_0BK@FMDHKPNF@No?5such?5file?5or?5directory?$AA@ 0000000000015050     LibString:ErrorList.obj
 0002:00000830       ??_C@_0BA@FKIAIBGA@No?5such?5process?$AA@ 0000000000015070     LibString:ErrorList.obj
 0002:00000840       ??_C@_0BI@EAGLFFDI@Interrupted?5system?5call?$AA@ 0000000000015080     LibString:ErrorList.obj
 0002:00000858       ??_C@_0BD@KKNFOBBD@Input?1output?5error?$AA@ 0000000000015098     LibString:ErrorList.obj
 0002:00000870       ??_C@_0BG@IEPFGEGM@Device?5not?5configured?$AA@ 00000000000150b0     LibString:ErrorList.obj
 0002:00000888       ??_C@_0BH@CCELHCFA@Argument?5list?5too?5long?$AA@ 00000000000150c8     LibString:ErrorList.obj
 0002:000008a0       ??_C@_0BC@HKPNECK@Exec?5format?5error?$AA@ 00000000000150e0     LibString:ErrorList.obj
 0002:000008b8       ??_C@_0BE@NFGDDCEF@Bad?5file?5descriptor?$AA@ 00000000000150f8     LibString:ErrorList.obj
 0002:000008d0       ??_C@_0BD@LOHELEP@No?5child?5processes?$AA@ 0000000000015110     LibString:ErrorList.obj
 0002:000008e8       ??_C@_0BK@JAEBMJJM@Resource?5deadlock?5avoided?$AA@ 0000000000015128     LibString:ErrorList.obj
 0002:00000908       ??_C@_0BH@DBCLIABC@Cannot?5allocate?5memory?$AA@ 0000000000015148     LibString:ErrorList.obj
 0002:00000920       ??_C@_0BC@HFNFNKAI@Permission?5denied?$AA@ 0000000000015160     LibString:ErrorList.obj
 0002:00000938       ??_C@_0M@LOEHLCJD@Bad?5address?$AA@ 0000000000015178     LibString:ErrorList.obj
 0002:00000948       ??_C@_0BG@DDDDJJIM@Block?5device?5required?$AA@ 0000000000015188     LibString:ErrorList.obj
 0002:00000960       ??_C@_0M@KEEOMFM@Device?5busy?$AA@ 00000000000151a0     LibString:ErrorList.obj
 0002:00000970       ??_C@_0M@NAAJNNGH@File?5exists?$AA@ 00000000000151b0     LibString:ErrorList.obj
 0002:00000980       ??_C@_0BC@OFBLDMPL@Cross?9device?5link?$AA@ 00000000000151c0     LibString:ErrorList.obj
 0002:00000998       ??_C@_0CC@BGJGOOF@Operation?5not?5supported?5by?5devic@ 00000000000151d8     LibString:ErrorList.obj
 0002:000009c0       ??_C@_0BA@CJBACOOL@Not?5a?5directory?$AA@ 0000000000015200     LibString:ErrorList.obj
 0002:000009d0       ??_C@_0P@NDHGCGKE@Is?5a?5directory?$AA@ 0000000000015210     LibString:ErrorList.obj
 0002:000009e0       ??_C@_0BB@HMGGCEBG@Invalid?5argument?$AA@ 0000000000015220     LibString:ErrorList.obj
 0002:000009f8       ??_C@_0BO@IIFBODJE@Too?5many?5open?5files?5in?5system?$AA@ 0000000000015238     LibString:ErrorList.obj
 0002:00000a18       ??_C@_0BE@INBJMKGG@Too?5many?5open?5files?$AA@ 0000000000015258     LibString:ErrorList.obj
 0002:00000a30       ??_C@_0BP@NAOGGPDI@Inappropriate?5ioctl?5for?5device?$AA@ 0000000000015270     LibString:ErrorList.obj
 0002:00000a50       ??_C@_0P@HJGPGMF@Text?5file?5busy?$AA@ 0000000000015290     LibString:ErrorList.obj
 0002:00000a60       ??_C@_0P@LFMMIPAE@File?5too?5large?$AA@ 00000000000152a0     LibString:ErrorList.obj
 0002:00000a70       ??_C@_0BI@FEALHKLD@No?5space?5left?5on?5device?$AA@ 00000000000152b0     LibString:ErrorList.obj
 0002:00000a88       ??_C@_0N@JPKNIBBK@Illegal?5seek?$AA@ 00000000000152c8     LibString:ErrorList.obj
 0002:00000a98       ??_C@_0BF@JEDIFMJD@Read?9only?5filesystem?$AA@ 00000000000152d8     LibString:ErrorList.obj
 0002:00000ab0       ??_C@_0P@PKCJJLLM@Too?5many?5links?$AA@ 00000000000152f0     LibString:ErrorList.obj
 0002:00000ac0       ??_C@_0M@LHEPIIOM@Broken?5pipe?$AA@ 0000000000015300     LibString:ErrorList.obj
 0002:00000ad0       ??_C@_0CB@BNEAGFJG@Numerical?5argument?5out?5of?5domain@ 0000000000015310     LibString:ErrorList.obj
 0002:00000af8       ??_C@_0BB@FCBJFCAJ@Result?5too?5large?$AA@ 0000000000015338     LibString:ErrorList.obj
 0002:00000b10       ??_C@_0CB@EPFKGNAK@Resource?5temporarily?5unavailable@ 0000000000015350     LibString:ErrorList.obj
 0002:00000b38       ??_C@_0BK@LBMNDGCG@Operation?5now?5in?5progress?$AA@ 0000000000015378     LibString:ErrorList.obj
 0002:00000b58       ??_C@_0BO@BMABNIPB@Operation?5already?5in?5progress?$AA@ 0000000000015398     LibString:ErrorList.obj
 0002:00000b78       ??_C@_0BP@MCCLAMPH@Socket?5operation?5on?5non?9socket?$AA@ 00000000000153b8     LibString:ErrorList.obj
 0002:00000b98       ??_C@_0BN@HFCIEIME@Destination?5address?5required?$AA@ 00000000000153d8     LibString:ErrorList.obj
 0002:00000bb8       ??_C@_0BB@NDAKHOCP@Message?5too?5long?$AA@ 00000000000153f8     LibString:ErrorList.obj
 0002:00000bd0       ??_C@_0BP@PDKJLOAE@Protocol?5wrong?5type?5for?5socket?$AA@ 0000000000015410     LibString:ErrorList.obj
 0002:00000bf0       ??_C@_0BH@HPHKDMA@Protocol?5not?5available?$AA@ 0000000000015430     LibString:ErrorList.obj
 0002:00000c08       ??_C@_0BH@JNBKLLAJ@Protocol?5not?5supported?$AA@ 0000000000015448     LibString:ErrorList.obj
 0002:00000c20       ??_C@_0BK@LMAIHBL@Socket?5type?5not?5supported?$AA@ 0000000000015460     LibString:ErrorList.obj
 0002:00000c40       ??_C@_0BI@EDJAHLMH@Operation?5not?5supported?$AA@ 0000000000015480     LibString:ErrorList.obj
 0002:00000c58       ??_C@_0BO@EBCCBLCJ@Protocol?5family?5not?5supported?$AA@ 0000000000015498     LibString:ErrorList.obj
 0002:00000c78       ??_C@_0DA@KDGLCJJO@Address?5family?5not?5supported?5by?5@ 00000000000154b8     LibString:ErrorList.obj
 0002:00000ca8       ??_C@_0BH@LOKACPE@Address?5already?5in?5use?$AA@ 00000000000154e8     LibString:ErrorList.obj
 0002:00000cc0       ??_C@_0BP@OKMOKAIP@Can?8t?5assign?5requested?5address?$AA@ 0000000000015500     LibString:ErrorList.obj
 0002:00000ce0       ??_C@_0BA@LPIEBGEK@Network?5is?5down?$AA@ 0000000000015520     LibString:ErrorList.obj
 0002:00000cf0       ??_C@_0BH@CIEOBPFM@Network?5is?5unreachable?$AA@ 0000000000015530     LibString:ErrorList.obj
 0002:00000d08       ??_C@_0CE@JHDCOCF@Network?5dropped?5connection?5on?5re@ 0000000000015548     LibString:ErrorList.obj
 0002:00000d30       ??_C@_0CB@DJAOADN@Software?5caused?5connection?5abort@ 0000000000015570     LibString:ErrorList.obj
 0002:00000d58       ??_C@_0BJ@FJAMCHKE@Connection?5reset?5by?5peer?$AA@ 0000000000015598     LibString:ErrorList.obj
 0002:00000d78       ??_C@_0BK@OCAHGMEA@No?5buffer?5space?5available?$AA@ 00000000000155b8     LibString:ErrorList.obj
 0002:00000d98       ??_C@_0BM@CCONNCKE@Socket?5is?5already?5connected?$AA@ 00000000000155d8     LibString:ErrorList.obj
 0002:00000db8       ??_C@_0BI@ILAOGBJJ@Socket?5is?5not?5connected?$AA@ 00000000000155f8     LibString:ErrorList.obj
 0002:00000dd0       ??_C@_0CB@IOOOMFJJ@Can?8t?5send?5after?5socket?5shutdown@ 0000000000015610     LibString:ErrorList.obj
 0002:00000df8       ??_C@_0CC@HOLLLFLE@Too?5many?5references?3?5can?8t?5splic@ 0000000000015638     LibString:ErrorList.obj
 0002:00000e20       ??_C@_0BE@JAEOFJAL@Operation?5timed?5out?$AA@ 0000000000015660     LibString:ErrorList.obj
 0002:00000e38       ??_C@_0BD@NPDMPPFP@Connection?5refused?$AA@ 0000000000015678     LibString:ErrorList.obj
 0002:00000e50       ??_C@_0CC@CPDHMANB@Too?5many?5levels?5of?5symbolic?5link@ 0000000000015690     LibString:ErrorList.obj
 0002:00000e78       ??_C@_0BD@CGPKCNP@File?5name?5too?5long?$AA@ 00000000000156b8     LibString:ErrorList.obj
 0002:00000e90       ??_C@_0N@OHOPOBEF@Host?5is?5down?$AA@ 00000000000156d0     LibString:ErrorList.obj
 0002:00000ea0       ??_C@_0BB@PFBILCPA@No?5route?5to?5host?$AA@ 00000000000156e0     LibString:ErrorList.obj
 0002:00000eb8       ??_C@_0BE@ICMCHPHH@Directory?5not?5empty?$AA@ 00000000000156f8     LibString:ErrorList.obj
 0002:00000ed0       ??_C@_0BD@LPHIGPM@Too?5many?5processes?$AA@ 0000000000015710     LibString:ErrorList.obj
 0002:00000ee8       ??_C@_0P@DAFGFIDC@Too?5many?5users?$AA@ 0000000000015728     LibString:ErrorList.obj
 0002:00000ef8       ??_C@_0BE@KMAIMPL@Disc?5quota?5exceeded?$AA@ 0000000000015738     LibString:ErrorList.obj
 0002:00000f10       ??_C@_0BG@KNCBNNDC@Stale?5NFS?5file?5handle?$AA@ 0000000000015750     LibString:ErrorList.obj
 0002:00000f28       ??_C@_0CC@DBGGHIAG@Too?5many?5levels?5of?5remote?5in?5pat@ 0000000000015768     LibString:ErrorList.obj
 0002:00000f50       ??_C@_0BC@ICCGLAJN@RPC?5struct?5is?5bad?$AA@ 0000000000015790     LibString:ErrorList.obj
 0002:00000f68       ??_C@_0BC@FIMLNFGC@RPC?5version?5wrong?$AA@ 00000000000157a8     LibString:ErrorList.obj
 0002:00000f80       ??_C@_0BE@HDGMLIGJ@RPC?5prog?4?5not?5avail?$AA@ 00000000000157c0     LibString:ErrorList.obj
 0002:00000f98       ??_C@_0BG@JOMPHNJI@Program?5version?5wrong?$AA@ 00000000000157d8     LibString:ErrorList.obj
 0002:00000fb0       ??_C@_0BK@LKNMDCLJ@Bad?5procedure?5for?5program?$AA@ 00000000000157f0     LibString:ErrorList.obj
 0002:00000fd0       ??_C@_0BD@CLHBCGPB@No?5locks?5available?$AA@ 0000000000015810     LibString:ErrorList.obj
 0002:00000fe8       ??_C@_0BJ@IHEHINLI@Function?5not?5implemented?$AA@ 0000000000015828     LibString:ErrorList.obj
 0002:00001008       ??_C@_0CC@GLJPLFOJ@Inappropriate?5file?5type?5or?5forma@ 0000000000015848     LibString:ErrorList.obj
 0002:00001030       ??_C@_0BF@MOMJDFNI@Authentication?5error?$AA@ 0000000000015870     LibString:ErrorList.obj
 0002:00001048       ??_C@_0BD@GDKJMNEO@Need?5authenticator?$AA@ 0000000000015888     LibString:ErrorList.obj
 0002:00001060       ??_C@_0BD@LJPFLIMC@Identifier?5removed?$AA@ 00000000000158a0     LibString:ErrorList.obj
 0002:00001078       ??_C@_0BL@LAELPFGP@No?5message?5of?5desired?5type?$AA@ 00000000000158b8     LibString:ErrorList.obj
 0002:00001098       ??_C@_0CK@NDEHDADK@Value?5too?5large?5to?5be?5stored?5in?5@ 00000000000158d8     LibString:ErrorList.obj
 0002:000010c8       ??_C@_0BG@KLEAJEFJ@Illegal?5byte?5sequence?$AA@ 0000000000015908     LibString:ErrorList.obj
 0002:000010e0       ??_C@_0N@JIEBMMEB@Bad?5errno?586?$AA@ 0000000000015920     LibString:ErrorList.obj
 0002:000010f0       ??_C@_0BD@OIDFIKFE@Operation?5canceled?$AA@ 0000000000015930     LibString:ErrorList.obj
 0002:00001108       ??_C@_0M@OEPJJONH@Bad?5message?$AA@ 0000000000015948     LibString:ErrorList.obj
 0002:00001118       ??_C@_0BF@GGKONPHM@No?5message?5available?$AA@ 0000000000015958     LibString:ErrorList.obj
 0002:00001130       ??_C@_0BE@HNNMKAI@No?5STREAM?5resources?$AA@ 0000000000015970     LibString:ErrorList.obj
 0002:00001148       ??_C@_0N@BFKFJNP@Not?5a?5STREAM?$AA@ 0000000000015988     LibString:ErrorList.obj
 0002:00001158       ??_C@_0BF@BKBOOGBB@STREAM?5ioctl?5timeout?$AA@ 0000000000015998     LibString:ErrorList.obj
 0002:00001170       ??_C@_0BE@BOJAKOGO@Attribute?5not?5found?$AA@ 00000000000159b0     LibString:ErrorList.obj
 0002:00001188       ??_C@_0BC@MPFABHFK@Programming?5error?$AA@ 00000000000159c8     LibString:ErrorList.obj
 0002:000011a0       ??_C@_0BD@BLOHNAGF@Multihop?5attempted?$AA@ 00000000000159e0     LibString:ErrorList.obj
 0002:000011b8       ??_C@_0BG@JIGCCAHA@Link?5has?5been?5severed?$AA@ 00000000000159f8     LibString:ErrorList.obj
 0002:000011d0       ??_C@_0P@NFDLBHIK@Protocol?5error?$AA@ 0000000000015a10     LibString:ErrorList.obj
 0002:000011e0       ??_C@_0CA@JBGHAFDD@Buffer?5too?5small?5to?5hold?5result?$AA@ 0000000000015a20     LibString:ErrorList.obj
 0002:00001200       ??_C@_0CO@BCOPOIDC@System?5Error?5list?5and?5errno?4h?5ar@ 0000000000015a40     LibString:ErrorList.obj
 0002:00001230       ??_C@_0DG@MFCDKOLN@g?3?2uefi_edk2_practice?2MdePkg?2Lib@ 0000000000015a70     BaseLib:String.obj
 0002:00001268       ??_C@_0CI@FOLEBOJ@?$CIUINTN?$CJ?$CISource?5?9?5Destination?$CJ?5?$DO?$DN@ 0000000000015aa8     BaseLib:String.obj
 0002:00001290       ??_C@_0DL@LFIMEMJP@Length?5?$DM?$DN?5_gPcd_FixedAtBuild_Pcd@ 0000000000015ad0     BaseLib:String.obj
 0002:000012d0       ??_C@_0CD@BDCLIGHD@?$CI?$CIUINTN?$CJ?5String?5?$CG?50x00000001?$CJ?5?$DN?$DN@ 0000000000015b10     BaseLib:String.obj
 0002:000012f8       ??_C@_0DK@EOJCOAME@Length?5?$DM?5_gPcd_FixedAtBuild_PcdM@ 0000000000015b38     BaseLib:String.obj
 0002:00001338       ??_C@_0BL@JAAMOCAJ@StrSize?5?$CIFirstString?$CJ?5?$CB?$DN?50?$AA@ 0000000000015b78     BaseLib:String.obj
 0002:00001358       ??_C@_0BM@DALBOILC@StrSize?5?$CISecondString?$CJ?5?$CB?$DN?50?$AA@ 0000000000015b98     BaseLib:String.obj
 0002:00001378       ??_C@_0BG@JJELHOCA@StrSize?5?$CISource?$CJ?5?$CB?$DN?50?$AA@ 0000000000015bb8     BaseLib:String.obj
 0002:00001390       ??_C@_0DN@HIFCOCOI@?$CIUINTN?$CJ?5?$CIDestination?5?9?5?$CICHAR8?5?$CK?$CJ@ 0000000000015bd0     BaseLib:String.obj
 0002:000013d0       ??_C@_0DL@LACPINOG@?$CIUINTN?$CJ?5?$CI?$CICHAR8?5?$CK?$CJ?5Source?5?9?5Dest@ 0000000000015c10     BaseLib:String.obj
 0002:00001410       ??_C@_0BA@MFHLDCJH@?$CKSource?5?$DM?50x100?$AA@ 0000000000015c50     BaseLib:String.obj
 0002:00001420       ??_C@_0CA@FFIBMAAF@AsciiStrSize?5?$CIReturnValue?$CJ?5?$CB?$DN?50?$AA@ 0000000000015c60     BaseLib:String.obj
 0002:00001440       ??_C@_0DF@CDKFFDDI@?$CIUINTN?$CJ?$CIDestination?5?9?5Source?$CJ?5?$DO?5@ 0000000000015c80     BaseLib:String.obj
 0002:00001478       ??_C@_0DJ@JJHGIFMP@Length?5?$DM?$DN?5_gPcd_FixedAtBuild_Pcd@ 0000000000015cb8     BaseLib:String.obj
 0002:000014b8       ??_C@_0DI@MDIKFADO@Length?5?$DM?5_gPcd_FixedAtBuild_PcdM@ 0000000000015cf8     BaseLib:String.obj
 0002:000014f0       ??_C@_0BL@IKFBNFIL@AsciiStrSize?5?$CIFirstString?$CJ?$AA@ 0000000000015d30     BaseLib:String.obj
 0002:00001510       ??_C@_0BM@EDNOKLLE@AsciiStrSize?5?$CISecondString?$CJ?$AA@ 0000000000015d50     BaseLib:String.obj
 0002:00001530       ??_C@_0BL@NNBEMOEP@AsciiStrSize?5?$CISource?$CJ?5?$CB?$DN?50?$AA@ 0000000000015d70     BaseLib:String.obj
 0002:00001550       ??_C@_0EA@ELKIMFNG@?$CIUINTN?$CJ?5?$CI?$CICHAR8?5?$CK?$CJ?5Destination?5?9@ 0000000000015d90     BaseLib:String.obj
 0002:00001590       ??_C@_0FG@JICIAIMJ@?$CIUINTN?$CJ?5?$CISource?5?9?5?$CICHAR8?5?$CK?$CJ?5Dest@ 0000000000015dd0     BaseLib:String.obj
 0002:000015e8       ??_C@_0BL@KAGEINIP@StrSize?5?$CIReturnValue?$CJ?5?$CB?$DN?50?$AA@ 0000000000015e28     BaseLib:String.obj
 0002:00001608       ??_C@_0DJ@DIJFAOJH@g?3?2uefi_edk2_practice?2MdePkg?2Lib@ 0000000000015e48     BaseLib:Unaligned.obj
 0002:00001648       ??_C@_0N@KGHEHMDL@Divisor?5?$CB?$DN?50?$AA@ 0000000000015e88     BaseLib:DivU64x32.obj
 0002:00001658       ??_C@_0DK@GNKFIOKI@g?3?2uefi_edk2_practice?2MdePkg?2Lib@ 0000000000015e98     BaseLib:SafeString.obj
 0002:00001698       ??_C@_0BF@NJNGJMPC@List?5?$CB?$DN?5?$CI?$CIvoid?5?$CK?$CJ?50?$CJ?$AA@ 0000000000015ed8     BaseLib:LinkedList.obj
 0002:000016b0       ??_C@_0DK@FPMEKHHB@g?3?2uefi_edk2_practice?2MdePkg?2Lib@ 0000000000015ef0     BaseLib:LinkedList.obj
 0002:000016f0       ??_C@_0CC@KDLPLAED@List?9?$DOForwardLink?5?$CB?$DN?5?$CI?$CIvoid?5?$CK?$CJ?50@ 0000000000015f30     BaseLib:LinkedList.obj
 0002:00001718       ??_C@_0BP@IJJCCMAK@List?9?$DOBackLink?5?$CB?$DN?5?$CI?$CIvoid?5?$CK?$CJ?50?$CJ?$AA@ 0000000000015f58     BaseLib:LinkedList.obj
 0002:00001738       ??_C@_0CI@BMHOPIIO@InternalBaseLibIsListValid?5?$CIFirs@ 0000000000015f78     BaseLib:LinkedList.obj
 0002:00001760       ??_C@_0BM@BAIHHOEP@SecondEntry?5?$CB?$DN?5?$CI?$CIvoid?5?$CK?$CJ?50?$CJ?$AA@ 0000000000015fa0     BaseLib:LinkedList.obj
 0002:00001780       ??_C@_0DI@HOMAKAJD@?$CI?$CIBOOLEAN?$CJ?$CI0?$DN?$DN1?$CJ?$CJ?5?$DN?$DN?5IsNodeInLis@ 0000000000015fc0     BaseLib:LinkedList.obj
 0002:000017b8       ??_C@_0CG@LGIALJFK@InternalBaseLibIsListValid?5?$CIList@ 0000000000015ff8     BaseLib:LinkedList.obj
 0002:000017e0       ??_C@_0CC@JLDICICM@InternalBaseLibIsListValid?5?$CIList@ 0000000000016020     BaseLib:LinkedList.obj
 0002:00001808       ??_C@_0DD@OAAIDOJD@?$CI?$CIBOOLEAN?$CJ?$CI1?$DN?$DN1?$CJ?$CJ?5?$DN?$DN?5IsNodeInLis@ 0000000000016048     BaseLib:LinkedList.obj
 0002:00001840       ??_C@_0BF@NMBJJECB@?$CBIsListEmpty?5?$CIEntry?$CJ?$AA@ 0000000000016080     BaseLib:LinkedList.obj
 0002:00001858       ??_C@_0L@MEMPDLHB@Count?5?$DM?564?$AA@ 0000000000016098     BaseLib:LShiftU64.obj
 0002:00001868       ??_C@_0DJ@KJENGIEM@g?3?2uefi_edk2_practice?2MdePkg?2Lib@ 00000000000160a8     BaseLib:LShiftU64.obj
 0002:000018a8       ??_C@_0BL@CPGKAMND@JumpBuffer?5?$CB?$DN?5?$CI?$CIvoid?5?$CK?$CJ?50?$CJ?$AA@ 00000000000160e8     BaseLib:SetJump.obj
 0002:000018c8       ??_C@_0DH@IHFCELE@g?3?2uefi_edk2_practice?2MdePkg?2Lib@ 0000000000016108     BaseLib:SetJump.obj
 0002:00001900       ??_C@_0CD@OEHNCIHG@?$CI?$CIUINTN?$CJJumpBuffer?5?$CG?5?$CI8?5?9?51?$CJ?$CJ?5?$DN?$DN@ 0000000000016140     BaseLib:SetJump.obj
 0002:00001930       ??_C@_0ED@MKGCMJG@?$CILength?5?9?51?$CJ?5?$DM?$DN?5?$CI0xFFFFFFFFFFFFF@ 0000000000016170     BaseMemoryLib:CopyMemWrapper.obj
 0002:00001980       ??_C@_0EE@COAMBEJJ@g?3?2uefi_edk2_practice?2MdePkg?2Lib@ 00000000000161c0     BaseMemoryLib:CopyMemWrapper.obj
 0002:000019c8       ??_C@_0DO@MAOBOFEG@?$CILength?5?9?51?$CJ?5?$DM?$DN?5?$CI0xFFFFFFFFFFFFF@ 0000000000016208     BaseMemoryLib:CopyMemWrapper.obj
 0002:00001a08       ??_C@_0DG@EEENIGGL@Length?5?$DM?$DN?5?$CI0xFFFFFFFFFFFFFFFFULL@ 0000000000016248     BaseMemoryLib:MemLibGuid.obj
 0002:00001a40       ??_C@_0EE@JKKOHFFO@g?3?2uefi_edk2_practice?2MdePkg?2Lib@ 0000000000016280     BaseMemoryLib:ZeroMemWrapper.obj
 0002:00001a88       ??_C@_0DI@DAGDPLPG@?$CILength?5?9?51?$CJ?5?$DM?$DN?5?$CI0xFFFFFFFFFFFFF@ 00000000000162c8     BaseMemoryLib:SetMemWrapper.obj
 0002:00001ac0       ??_C@_0ED@FGINMKBB@g?3?2uefi_edk2_practice?2MdePkg?2Lib@ 0000000000016300     BaseMemoryLib:SetMemWrapper.obj
 0002:00001b08       ??_C@_0CO@LECKNDNC@?$CI?$CI?$CIUINTN?$CJBuffer?$CJ?5?$CG?5?$CIsizeof?5?$CIValu@ 0000000000016348     BaseMemoryLib:SetMem64Wrapper.obj
 0002:00001b38       ??_C@_0CF@LEICOABD@?$CILength?5?$CG?5?$CIsizeof?5?$CIValue?$CJ?5?9?51?$CJ?$CJ?5@ 0000000000016378     BaseMemoryLib:SetMem64Wrapper.obj
 0002:00001b60       ??_C@_0EC@LJCGBENK@g?3?2uefi_edk2_practice?2MdePkg?2Lib@ 00000000000163a0     BaseLib:DivU64x32Remainder.obj
 0002:00001ba8       ??_C@_0L@KDHIOLNB@Value?5?$CB?$DN?50?$AA@ 00000000000163e8     BaseLib:LongJump.obj
 0002:00001bb8       ??_C@_0DI@IJCLEFAF@g?3?2uefi_edk2_practice?2MdePkg?2Lib@ 00000000000163f8     BaseLib:LongJump.obj
 0002:00001bf0       ??_C@_0EF@NMPMIHNL@g?3?2uefi_edk2_practice?2MdePkg?2Lib@ 0000000000016430     BaseMemoryLib:ScanMem8Wrapper.obj
 0002:00001c40       ??_C@_0EF@LBDHAOLE@g?3?2uefi_edk2_practice?2MdePkg?2Lib@ 0000000000016480     BaseMemoryLib:SetMem16Wrapper.obj
 0002:00001c90       _C_CharClassTable          00000000000164d0     LibCtype:iCtype.obj
 0002:00001d90       ??_C@_0CB@DMEJJJHA@?6ASSERT_EFI_ERROR?5?$CIStatus?5?$DN?5?$CFr?$CJ?6@ 00000000000165d0     RawIp4Rx:AutoGen.obj
 0002:00001db8       ??_C@_0BE@DCHLEIGN@?$CBEFI_ERROR?5?$CIStatus?$CJ?$AA@ 00000000000165f8     RawIp4Rx:AutoGen.obj
 0002:00001dd0       ??_C@_0HH@OCBEBNFL@g?3?2uefi_edk2_practice?2Build?2AppP@ 0000000000016610     RawIp4Rx:AutoGen.obj
 0002:00001e48       _gPcd_FixedAtBuild_PcdMaximumLinkedListLength 0000000000016688     RawIp4Rx:AutoGen.obj
 0002:00001e4c       _gPcd_FixedAtBuild_PcdMaximumUnicodeStringLength 000000000001668c     RawIp4Rx:AutoGen.obj
 0002:00001e50       _gPcd_FixedAtBuild_PcdMaximumAsciiStringLength 0000000000016690     RawIp4Rx:AutoGen.obj
 0002:00001e54       _gPcd_FixedAtBuild_PcdVerifyNodeInList 0000000000016694     RawIp4Rx:AutoGen.obj
 0002:00001e58       ??_C@_06GCNMPELH@stdin?3?$AA@ 0000000000016698     LibC:Main.obj
 0002:00001e60       ??_C@_07CJCKBFG@stdout?3?$AA@ 00000000000166a0     LibC:Main.obj
 0002:00001e68       ??_C@_07NBHIPNPM@stderr?3?$AA@ 00000000000166a8     LibC:Main.obj
 0002:00001e70       ??_C@_1FI@OEFNJEF@?$AAE?$AAR?$AAR?$AAO?$AAR?$AA?5?$AAI?$AAn?$AAi?$AAt?$AAi?$AAa?$AAl?$AAi?$AAz?$AAi?$AAn?$AAg?$AA?5?$AAS?$AAt?$AAa?$AAn?$AAd?$AAa?$AAr?$AAd?$AA?5?$AAI?$AAO?$AA?3?$AA?5@ 00000000000166b0     LibC:Main.obj
 0002:00001ec8       ??_C@_0BH@IACGKAP@Buffer?5?$CB?$DN?5?$CI?$CIvoid?5?$CK?$CJ?50?$CJ?$AA@ 0000000000016708     UefiLib:UefiLibPrint.obj
 0002:00001ee0       ??_C@_0BM@NLNKOJGD@Destination?5?$CB?$DN?5?$CI?$CIvoid?5?$CK?$CJ?50?$CJ?$AA@ 0000000000016720     UefiShellLib:UefiShellLib.obj
 0002:00001f00       ??_C@_1O@CFMGMDFI@?$AAs?$AAt?$AAd?$AAi?$AAn?$AA?3?$AA?$AA@ 0000000000016740     DevConsole:daConsole.obj
 0002:00001f10       ??_C@_1BA@PGAEEPHD@?$AAs?$AAt?$AAd?$AAo?$AAu?$AAt?$AA?3?$AA?$AA@ 0000000000016750     DevConsole:daConsole.obj
 0002:00001f20       ??_C@_1BA@DNLKDFLO@?$AAs?$AAt?$AAd?$AAe?$AAr?$AAr?$AA?3?$AA?$AA@ 0000000000016760     DevConsole:daConsole.obj
 0002:00001f58       mEslUdp4ServiceGuid        0000000000016798     EfiSocketLib:UseEfiSocketLib.obj
 0002:00001f68       mEfiServiceBinding         00000000000167a8     EfiSocketLib:UseEfiSocketLib.obj
 0002:00001f78       mEslUdp6ServiceGuid        00000000000167b8     EfiSocketLib:UseEfiSocketLib.obj
 0002:00001f88       mEslTcp4ServiceGuid        00000000000167c8     EfiSocketLib:UseEfiSocketLib.obj
 0002:00001f98       mEslTcp6ServiceGuid        00000000000167d8     EfiSocketLib:UseEfiSocketLib.obj
 0002:00001fa8       mEslIp4ServiceGuid         00000000000167e8     EfiSocketLib:UseEfiSocketLib.obj
 0002:00001fc0       cEslSocketBinding          0000000000016800     EfiSocketLib:Socket.obj
 0002:00002100       ??_C@_17NIGEJLGH@?$AAI?$AAp?$AA4?$AA?$AA@ 0000000000016940     EfiSocketLib:Socket.obj
 0002:00002108       ??_C@_19IGIFHENE@?$AAT?$AAc?$AAp?$AA4?$AA?$AA@ 0000000000016948     EfiSocketLib:Socket.obj
 0002:00002118       ??_C@_19CMIMLMFP@?$AAT?$AAc?$AAp?$AA6?$AA?$AA@ 0000000000016958     EfiSocketLib:Socket.obj
 0002:00002128       ??_C@_19GDICBGPD@?$AAU?$AAd?$AAp?$AA4?$AA?$AA@ 0000000000016968     EfiSocketLib:Socket.obj
 0002:00002138       ??_C@_19MJILNOHI@?$AAU?$AAd?$AAp?$AA6?$AA?$AA@ 0000000000016978     EfiSocketLib:Socket.obj
 0002:00002150       cEslTcp6Api                0000000000016990     EfiSocketLib:Tcp6.obj
 0002:00002258       ??_C@_05NEBMLMBB@TCPv6?$AA@ 0000000000016a98     EfiSocketLib:Tcp6.obj
 0002:00002260       cEslIp4Api                 0000000000016aa0     EfiSocketLib:Ip4.obj
 0002:00002368       ??_C@_04EMGFNKGN@IPv4?$AA@ 0000000000016ba8     EfiSocketLib:Ip4.obj
 0002:00002370       cEslTcp4Api                0000000000016bb0     EfiSocketLib:Tcp4.obj
 0002:00002478       ??_C@_05OGCKNOJD@TCPv4?$AA@ 0000000000016cb8     EfiSocketLib:Tcp4.obj
 0002:00002480       cEslUdp4Api                0000000000016cc0     EfiSocketLib:Udp4.obj
 0002:00002588       ??_C@_05JPFGNBCG@UDPv4?$AA@ 0000000000016dc8     EfiSocketLib:Udp4.obj
 0002:00002590       cEslUdp6Api                0000000000016dd0     EfiSocketLib:Udp6.obj
 0002:00002698       ??_C@_05KNGALDKE@UDPv6?$AA@ 0000000000016ed8     EfiSocketLib:Udp6.obj
 0002:000026a0       ??_C@_0CC@MGEOBFNO@ERROR?5?9?5socket?5error?0?5errno?3?5?$CFd?$AN@ 0000000000016ee0     RawIp4Rx:RawIp4Rx.obj
 0002:000026c8       ??_C@_0CA@JNMEFEIO@ERROR?5?9?5bind?5error?0?5errno?3?5?$CFd?$AN?6?$AA@ 0000000000016f08     RawIp4Rx:RawIp4Rx.obj
 0002:000026e8       ??_C@_0CH@OKPMFMBK@ERROR?5?9?5getsockname?5error?0?5errno@ 0000000000016f28     RawIp4Rx:RawIp4Rx.obj
 0002:00002710       ??_C@_0CL@GDAEIJEI@Local?5Address?3?5?$CFd?4?$CFd?4?$CFd?4?$CFd?0?5Prot@ 0000000000016f50     RawIp4Rx:RawIp4Rx.obj
 0002:00002740       ??_C@_0IP@KPHOOMPJ@?$CF4d?5bytes?5received?5from?5?$CFd?4?$CFd?4?$CFd@ 0000000000016f80     RawIp4Rx:RawIp4Rx.obj
 0002:000027d0       ??_C@_0CA@LPKAALFH@ERROR?5?9?5recv?5error?0?5errno?3?5?$CFd?$AN?6?$AA@ 0000000000017010     RawIp4Rx:RawIp4Rx.obj
 0002:000027f0       ??_C@_0BN@IHPEKLKC@Total?5Bytes?5Received?3?5?5?$CFLd?$AN?6?$AA@ 0000000000017030     RawIp4Rx:RawIp4Rx.obj
 0002:00002810       ??_C@_0BA@EJPBBALC@Socket?5closed?$AN?6?$AA@ 0000000000017050     RawIp4Rx:RawIp4Rx.obj
 0002:00002820       year_lengths               0000000000017060     LibTime:Time.obj
 0002:00002830       mon_lengths                0000000000017070     LibTime:Time.obj
 0002:00002890       ??_C@_0BA@NFHJAOCJ@?0M4?41?40?0M10?45?40?$AA@ 00000000000170d0     LibTime:ZoneProc.obj
 0002:000028a0       ??_C@_02CLFPBFFP@TZ?$AA@   00000000000170e0     LibTime:ZoneProc.obj
 0002:000028a8       wildabbr                   00000000000170e8     LibTime:ZoneProc.obj
 0002:000028b4       gmt                        00000000000170f4     LibTime:ZoneProc.obj
 0002:000028b8       ??_C@_0CI@BKHCEFMF@?$CILength?5?$DO?50x007F?$CJ?5?$CG?$CG?5?$CILength?5?$DM?$DN?5@ 00000000000170f8     LibLocale:multibyte_Utf8.obj
 0002:000028e0       ??_C@_0P@CCFDOHOB@ProcessOneByte?$AA@ 0000000000017120     LibLocale:multibyte_Utf8.obj
 0002:000028f0       ??_C@_0DK@GDOMIPKJ@g?3?2uefi_edk2_practice?2StdLib?2Lib@ 0000000000017130     LibLocale:multibyte_Utf8.obj
 0002:00002930       ??_C@_0CI@NHCOAOJN@?$CILength?5?$DO?50x07FF?$CJ?5?$CG?$CG?5?$CILength?5?$DM?$DN?5@ 0000000000017170     LibLocale:multibyte_Utf8.obj
 0002:00002958       ??_C@_0CK@ECFFLHAE@?$CILength?5?$DO?50xFFFF?$CJ?5?$CG?$CG?5?$CILength?5?$DM?$DN?5@ 0000000000017198     LibLocale:multibyte_Utf8.obj
 0002:00002a90       ??_C@_03OEIAHPBN@INF?$AA@  00000000000172d0     LibStdio:vfprintf.obj
 0002:00002a94       ??_C@_03OJHLLCGB@inf?$AA@  00000000000172d4     LibStdio:vfprintf.obj
 0002:00002a98       ??_C@_03LKNCIKJB@NAN?$AA@  00000000000172d8     LibStdio:vfprintf.obj
 0002:00002a9c       ??_C@_03LHCJEHON@nan?$AA@  00000000000172dc     LibStdio:vfprintf.obj
 0002:00002aa0       ??_C@_06OJHGLDPL@?$CInull?$CJ?$AA@ 00000000000172e0     LibStdio:vfprintf.obj
 0002:00002ad8       ??_C@_0N@KJMLEBIL@Head?5?$CB?$DN?5NULL?$AA@ 0000000000017318     LibStdLib:Malloc.obj
 0002:00002ae8       ??_C@_06GLDDLHNF@malloc?$AA@ 0000000000017328     LibStdLib:Malloc.obj
 0002:00002af0       ??_C@_0DC@NMCJNOCJ@g?3?2uefi_edk2_practice?2StdLib?2Lib@ 0000000000017330     LibStdLib:Malloc.obj
 0002:00002b24       ??_C@_04LIAPHEDB@free?$AA@ 0000000000017364     LibStdLib:Malloc.obj
 0002:00002b30       ??_C@_07EOOHGPEI@realloc?$AA@ 0000000000017370     LibStdLib:Malloc.obj
 0002:00002b38       ??_C@_07PBILKAFL@Success?$AA@ 0000000000017378     BasePrintLib:PrintLibInternal.obj
 0002:00002b40       ??_C@_0BG@CFJMNNJK@Warning?5Unknown?5Glyph?$AA@ 0000000000017380     BasePrintLib:PrintLibInternal.obj
 0002:00002b58       ??_C@_0BH@GKKCJEPJ@Warning?5Delete?5Failure?$AA@ 0000000000017398     BasePrintLib:PrintLibInternal.obj
 0002:00002b70       ??_C@_0BG@ECIJMOED@Warning?5Write?5Failure?$AA@ 00000000000173b0     BasePrintLib:PrintLibInternal.obj
 0002:00002b88       ??_C@_0BJ@ODIPDGHB@Warning?5Buffer?5Too?5Small?$AA@ 00000000000173c8     BasePrintLib:PrintLibInternal.obj
 0002:00002ba8       ??_C@_0BD@IFJNJCCO@Warning?5Stale?5Data?$AA@ 00000000000173e8     BasePrintLib:PrintLibInternal.obj
 0002:00002bc0       ??_C@_0L@PLPBEPPC@Load?5Error?$AA@ 0000000000017400     BasePrintLib:PrintLibInternal.obj
 0002:00002bd0       ??_C@_0BC@HOFHKGJN@Invalid?5Parameter?$AA@ 0000000000017410     BasePrintLib:PrintLibInternal.obj
 0002:00002be8       ??_C@_0M@BEECMOIL@Unsupported?$AA@ 0000000000017428     BasePrintLib:PrintLibInternal.obj
 0002:00002bf8       ??_C@_0BA@FLNMPMCF@Bad?5Buffer?5Size?$AA@ 0000000000017438     BasePrintLib:PrintLibInternal.obj
 0002:00002c08       ??_C@_0BB@EGELJFOB@Buffer?5Too?5Small?$AA@ 0000000000017448     BasePrintLib:PrintLibInternal.obj
 0002:00002c20       ??_C@_09NKFGCIPN@Not?5Ready?$AA@ 0000000000017460     BasePrintLib:PrintLibInternal.obj
 0002:00002c30       ??_C@_0N@HHEABDHO@Device?5Error?$AA@ 0000000000017470     BasePrintLib:PrintLibInternal.obj
 0002:00002c40       ??_C@_0BA@LNEDDFNB@Write?5Protected?$AA@ 0000000000017480     BasePrintLib:PrintLibInternal.obj
 0002:00002c50       ??_C@_0BB@GOILNEAA@Out?5of?5Resources?$AA@ 0000000000017490     BasePrintLib:PrintLibInternal.obj
 0002:00002c68       ??_C@_0P@EIOJGIF@Volume?5Corrupt?$AA@ 00000000000174a8     BasePrintLib:PrintLibInternal.obj
 0002:00002c78       ??_C@_0M@HDLEPOFA@Volume?5Full?$AA@ 00000000000174b8     BasePrintLib:PrintLibInternal.obj
 0002:00002c88       ??_C@_08KEGAJDNN@No?5Media?$AA@ 00000000000174c8     BasePrintLib:PrintLibInternal.obj
 0002:00002c98       ??_C@_0O@JNCJKCCD@Media?5changed?$AA@ 00000000000174d8     BasePrintLib:PrintLibInternal.obj
 0002:00002ca8       ??_C@_09CFCBFJND@Not?5Found?$AA@ 00000000000174e8     BasePrintLib:PrintLibInternal.obj
 0002:00002cb8       ??_C@_0O@NFHOBIDO@Access?5Denied?$AA@ 00000000000174f8     BasePrintLib:PrintLibInternal.obj
 0002:00002cc8       ??_C@_0M@ENKCBFEP@No?5Response?$AA@ 0000000000017508     BasePrintLib:PrintLibInternal.obj
 0002:00002cd8       ??_C@_0L@IFPBNFC@No?5mapping?$AA@ 0000000000017518     BasePrintLib:PrintLibInternal.obj
 0002:00002ce8       ??_C@_08PAFJCNGP@Time?5out?$AA@ 0000000000017528     BasePrintLib:PrintLibInternal.obj
 0002:00002cf8       ??_C@_0M@DCJFAFHJ@Not?5started?$AA@ 0000000000017538     BasePrintLib:PrintLibInternal.obj
 0002:00002d08       ??_C@_0BA@IGIBFFPH@Already?5started?$AA@ 0000000000017548     BasePrintLib:PrintLibInternal.obj
 0002:00002d18       ??_C@_07LCKDCBKK@Aborted?$AA@ 0000000000017558     BasePrintLib:PrintLibInternal.obj
 0002:00002d20       ??_C@_0L@LKIFCMNO@ICMP?5Error?$AA@ 0000000000017560     BasePrintLib:PrintLibInternal.obj
 0002:00002d30       ??_C@_0L@DJKNJKHM@TFTP?5Error?$AA@ 0000000000017570     BasePrintLib:PrintLibInternal.obj
 0002:00002d40       ??_C@_0P@NCJHBCLM@Protocol?5Error?$AA@ 0000000000017580     BasePrintLib:PrintLibInternal.obj
 0002:00002d50       ??_C@_0BF@EHOBGFMI@Incompatible?5Version?$AA@ 0000000000017590     BasePrintLib:PrintLibInternal.obj
 0002:00002d68       ??_C@_0BD@KHMPCIOG@Security?5Violation?$AA@ 00000000000175a8     BasePrintLib:PrintLibInternal.obj
 0002:00002d80       ??_C@_09BOMAGJEG@CRC?5Error?$AA@ 00000000000175c0     BasePrintLib:PrintLibInternal.obj
 0002:00002d90       ??_C@_0N@JEJDHPO@End?5of?5Media?$AA@ 00000000000175d0     BasePrintLib:PrintLibInternal.obj
 0002:00002da0       ??_C@_0O@NMJOLAMF@Reserved?5?$CI29?$CJ?$AA@ 00000000000175e0     BasePrintLib:PrintLibInternal.obj
 0002:00002db0       ??_C@_0O@GLPDOMCP@Reserved?5?$CI30?$CJ?$AA@ 00000000000175f0     BasePrintLib:PrintLibInternal.obj
 0002:00002dc0       ??_C@_0M@FKGOBENP@End?5of?5File?$AA@ 0000000000017600     BasePrintLib:PrintLibInternal.obj
 0002:00002dd0       ??_C@_0BB@KFJAMCOC@Invalid?5Language?$AA@ 0000000000017610     BasePrintLib:PrintLibInternal.obj
 0002:00002de8       ??_C@_0BB@MFGDFIJM@Compromised?5Data?$AA@ 0000000000017628     BasePrintLib:PrintLibInternal.obj
 0002:00002e00       ??_C@_0O@MLOLIMFM@?$DMnull?5string?$DO?$AA@ 0000000000017640     BasePrintLib:PrintLibInternal.obj
 0002:00002e10       ??_C@_0M@BJJDNPHK@?$DMnull?5guid?$DO?$AA@ 0000000000017650     BasePrintLib:PrintLibInternal.obj
 0002:00002e20       ??_C@_0DB@PMLHLBMO@?$CF08x?9?$CF04x?9?$CF04x?9?$CF02x?$CF02x?9?$CF02x?$CF02x@ 0000000000017660     BasePrintLib:PrintLibInternal.obj
 0002:00002e58       ??_C@_0M@LHGBCIKM@?$DMnull?5time?$DO?$AA@ 0000000000017698     BasePrintLib:PrintLibInternal.obj
 0002:00002e68       ??_C@_0BK@FCPKCIDD@?$CF02d?1?$CF02d?1?$CF04d?5?5?$CF02d?3?$CF02d?$AA@ 00000000000176a8     BasePrintLib:PrintLibInternal.obj
 0002:00002e84       ??_C@_04JIMNDDED@?$CF08X?$AA@ 00000000000176c4     BasePrintLib:PrintLibInternal.obj
 0002:00002e8c       ??_C@_02PCIJFNDE@?$AN?6?$AA@ 00000000000176cc     BasePrintLib:PrintLibInternal.obj
 0002:00002e90       ??_C@_01LIIJDEN@?$AN?$AA@  00000000000176d0     BasePrintLib:PrintLibInternal.obj
 0002:00002ea0       mStatusString              00000000000176e0     BasePrintLib:PrintLibInternal.obj
 0002:00002fe0       mHexStr                    0000000000017820     BasePrintLib:PrintLibInternal.obj
 0002:00002ff0       ??_C@_0CL@CALHJIEG@Assertion?5failed?3?5?$CI?$CFs?$CJ?0?5file?5?$CFs?0@ 0000000000017830     LibC:assert.obj
 0002:00003020       ??_C@_0DI@IOHIAJDA@Assertion?5failed?3?5?$CI?$CFs?$CJ?0?5file?5?$CFs?0@ 0000000000017860     LibC:assert.obj
 0002:00003058       ??_C@_0BH@MAAHKCPC@String?5?$CB?$DN?5?$CI?$CIvoid?5?$CK?$CJ?50?$CJ?$AA@ 0000000000017898     UefiHiiLib:HiiString.obj
 0002:0000306f       ??_C@_00CNPNBAHC@?$AA@     00000000000178af     UefiHiiLib:HiiString.obj
 0002:00003070       ??_C@_0O@IDFELCHE@RowDelta?5?$DO?$DN?50?$AA@ 00000000000178b0     LibIIO:IIOutilities.obj
 0002:00003080       ??_C@_0BA@HPMMKBFI@IIO_CursorDelta?$AA@ 00000000000178c0     LibIIO:IIOutilities.obj
 0002:00003090       ??_C@_0EE@PCGPCLLK@g?3?2uefi_edk2_practice?2StdLib?2Lib@ 00000000000178d0     LibIIO:IIOutilities.obj
 0002:000030e0       SocketOperations           0000000000017920     BsdSocketLib:socket.obj
 0002:00003148       ??_C@_1CI@LEOIGPHJ@?$AA?6?$AAC?$AAa?$AAu?$AAg?$AAh?$AAt?$AA?5?$AAs?$AAi?$AAg?$AAn?$AAa?$AAl?$AA?5?$AA?$CF?$AAd?$AA?4?$AA?6?$AA?$AA@ 0000000000017988     LibSignal:Signal.obj
 0002:00003170       ??_C@_08KEBCLIFP@Infinity?$AA@ 00000000000179b0     LibGdtoa:dtoa.obj
 0002:0000317c       ??_C@_03ICJPMMHB@NaN?$AA@  00000000000179bc     LibGdtoa:dtoa.obj
 0002:00003180       ??_C@_01GBGANLPD@0?$AA@    00000000000179c0     LibGdtoa:dtoa.obj
 0002:00003190       __bigtens_D2A              00000000000179d0     LibGdtoa:misc.obj
 0002:000031c0       __tens_D2A                 0000000000017a00     LibGdtoa:misc.obj
 0002:00003290       _DefaultMonetaryLocale     0000000000017ad0     LibLocale:_def_monetary.obj
 0002:000032d8       ??_C@_01LFCBOECM@?4?$AA@   0000000000017b18     LibLocale:_def_numeric.obj
 0002:000032e0       _DefaultNumericLocale      0000000000017b20     LibLocale:_def_numeric.obj
 0002:000032f8       ??_C@_15KKOHIOBF@?$AA?2?$AA?3?$AA?$AA@ 0000000000017b38     DevUtility:Path.obj
 0002:00003308       ??_C@_0N@DFGEMFMI@Self?5?$CB?$DN?5NULL?$AA@ 0000000000017b48     LibContainer:Fifo.obj
 0002:00003318       ??_C@_0DL@KIFDCNBL@g?3?2uefi_edk2_practice?2StdLib?2Lib@ 0000000000017b58     LibContainer:Fifo.obj
 0002:00003358       ??_C@_0N@KPNBOCLA@FIFO_IsEmpty?$AA@ 0000000000017b98     LibContainer:Fifo.obj
 0002:00003368       ??_C@_0M@LHAKPCNM@FIFO_IsFull?$AA@ 0000000000017ba8     LibContainer:Fifo.obj
 0002:00003378       ??_C@_0N@LBHOADMO@FIFO_Enqueue?$AA@ 0000000000017bb8     LibContainer:Fifo.obj
 0002:00003388       ??_C@_0BB@EKHBJDKA@pElement?5?$CB?$DN?5NULL?$AA@ 0000000000017bc8     LibContainer:Fifo.obj
 0002:000033a0       ??_C@_0N@HPNDFHKK@FIFO_Dequeue?$AA@ 0000000000017be0     LibContainer:Fifo.obj
 0002:000033b0       ??_C@_0N@CJLEDFNJ@FIFO_GetRDex?$AA@ 0000000000017bf0     LibContainer:Fifo.obj
 0002:000033c0       ??_C@_0N@OBFELKKJ@FIFO_GetWDex?$AA@ 0000000000017c00     LibContainer:Fifo.obj
 0002:000033d0       ??_C@_0M@BLMNFLCB@FIFO_Delete?$AA@ 0000000000017c10     LibContainer:Fifo.obj
 0002:000033e0       ??_C@_0L@GCDDJGHC@FIFO_Flush?$AA@ 0000000000017c20     LibContainer:Fifo.obj
 0002:000033f0       ??_C@_0O@CEMJFGGE@FIFO_Truncate?$AA@ 0000000000017c30     LibContainer:Fifo.obj
 0002:00003400       __real@0000000000000000    0000000000017c40     LibGdtoa:dtoa.obj
 0002:00003408       __real@3fc68a288b60c8b3    0000000000017c48     LibGdtoa:dtoa.obj
 0002:00003410       __real@3fd287a7636f4361    0000000000017c50     LibGdtoa:dtoa.obj
 0002:00003418       __real@3fd34413509f79fb    0000000000017c58     LibGdtoa:dtoa.obj
 0002:00003420       __real@3fe0000000000000    0000000000017c60     LibGdtoa:dtoa.obj
 0002:00003428       __real@3ff0000000000000    0000000000017c68     LibGdtoa:dtoa.obj
 0002:00003430       __real@3ff8000000000000    0000000000017c70     LibGdtoa:dtoa.obj
 0002:00003438       __real@4014000000000000    0000000000017c78     LibGdtoa:dtoa.obj
 0002:00003440       __real@401c000000000000    0000000000017c80     LibGdtoa:dtoa.obj
 0002:00003448       __real@4024000000000000    0000000000017c88     LibGdtoa:dtoa.obj
 0002:00003450       __real@75154fdd7f73bf3c    0000000000017c90     LibGdtoa:dtoa.obj
 0002:00003458       __real@c014000000000000    0000000000017c98     LibGdtoa:dtoa.obj
 0002:00003460       __xmm@80000000000000008000000000000000 0000000000017ca0     LibGdtoa:dtoa.obj
 0002:000035a0       gST                        0000000000017de0     UefiBootServicesTableLib:UefiBootServicesTableLib.obj
 0002:000035a8       gImageHandle               0000000000017de8     UefiBootServicesTableLib:UefiBootServicesTableLib.obj
 0002:000035b0       gBS                        0000000000017df0     UefiBootServicesTableLib:UefiBootServicesTableLib.obj
 0002:000035b8       EFIerrno                   0000000000017df8     LibC:errno.obj
 0002:000035c0       errno                      0000000000017e00     LibC:errno.obj
 0002:000035c8       gRT                        0000000000017e08     UefiRuntimeServicesTableLib:UefiRuntimeServicesTableLib.obj
 0002:000035d0       __wchar_bitmap             0000000000017e10     LibWchar:ConsDecons.obj
 0002:000035d8       gHiiString                 0000000000017e18     UefiHiiServicesLib:UefiHiiServicesLib.obj
 0002:000035e0       gHiiFont                   0000000000017e20     UefiHiiServicesLib:UefiHiiServicesLib.obj
 0002:000035e8       gHiiConfigRouting          0000000000017e28     UefiHiiServicesLib:UefiHiiServicesLib.obj
 0002:000035f0       gHiiImage                  0000000000017e30     UefiHiiServicesLib:UefiHiiServicesLib.obj
 0002:000035f8       gHiiDatabase               0000000000017e38     UefiHiiServicesLib:UefiHiiServicesLib.obj
 0002:00003600       lclptr                     0000000000017e40     LibTime:ZoneProc.obj
 0002:00003608       gmtptr                     0000000000017e48     LibTime:ZoneProc.obj
 0002:00003630       daDefaultDevice            0000000000017e70     DevUtility:DevGenisis.obj
 0002:00005370       __dtoa_result_D2A          0000000000019bb0     <common>
 0002:00005380       __sFext                    0000000000019bc0     <common>
 0002:00005470       __sdidinit                 0000000000019cb0     <common>
 0002:00005480       mBuffer                    0000000000019cc0     <common>
 0002:00015480       mEslLayer                  0000000000029cc0     <common>
 0002:000154c8       __wchar_bitmap_size        0000000000029d08     <common>
 0002:000154d0       gEfiShellParametersProtocol 0000000000029d10     <common>
 0002:000154d8       mEfiShellEnvironment2      0000000000029d18     <common>
 0002:000154e0       mEfiShellInterface         0000000000029d20     <common>
 0002:000154e8       gEfiShellProtocol          0000000000029d28     <common>
 0002:000154f0       mUnicodeCollationProtocol  0000000000029d30     <common>
 0002:000154f8       mEfiShellEnvironment2Handle 0000000000029d38     <common>
 0002:00015500       gMD                        0000000000029d40     <common>

 entry point at        0001:0000010c

 Static symbols

 0001:00001214       da_ConSeek                 00000000000014b4 f   DevConsole:daConsole.obj
 0001:00001284       da_ConWrite                0000000000001524 f   DevConsole:daConsole.obj
 0001:0000132c       da_ConRawRead              00000000000015cc f   DevConsole:daConsole.obj
 0001:000013dc       da_ConRead                 000000000000167c f   DevConsole:daConsole.obj
 0001:000014d4       da_ConStat                 0000000000001774 f   DevConsole:daConsole.obj
 0001:000015b0       da_ConIoctl                0000000000001850 f   DevConsole:daConsole.obj
 0001:00001634       da_ConFlush                00000000000018d4 f   DevConsole:daConsole.obj
 0001:000016e8       da_ConClose                0000000000001988 f   DevConsole:daConsole.obj
 0001:0000174c       da_ConPoll                 00000000000019ec f   DevConsole:daConsole.obj
 0001:0000872c       timesub                    00000000000089cc f   LibTime:Time.obj
 0001:00008a24       normalize_overflow         0000000000008cc4 f   LibTime:Time.obj
 0001:00008a7c       time2sub                   0000000000008d1c f   LibTime:Time.obj
 0001:00008ef8       time1                      0000000000009198 f   LibTime:Time.obj
 0001:00009214       localsub                   00000000000094b4 f   LibTime:Time.obj
 0001:00009310       settzname                  00000000000095b0 f   LibTime:ZoneProc.obj
 0001:000093c0       getnum                     0000000000009660 f   LibTime:ZoneProc.obj
 0001:00009400       getsecs                    00000000000096a0 f   LibTime:ZoneProc.obj
 0001:000094a8       getrule                    0000000000009748 f   LibTime:ZoneProc.obj
 0001:000095a0       transtime                  0000000000009840 f   LibTime:ZoneProc.obj
 0001:000097a0       tzparse                    0000000000009a40 f   LibTime:ZoneProc.obj
 0001:00009dcc       ProcessOneByte             000000000000a06c f   LibLocale:multibyte_Utf8.obj
 0001:0000a764       __sbprintf                 000000000000aa04 f   LibStdio:vfprintf.obj
 0001:0000a838       __ultoa                    000000000000aad8 f   LibStdio:vfprintf.obj
 0001:0000a978       __ujtoa                    000000000000ac18 f   LibStdio:vfprintf.obj
 0001:0000ab04       __wcsconv                  000000000000ada4 f   LibStdio:vfprintf.obj
 0001:0000cca8       __find_arguments           000000000000cf48 f   LibStdio:vfprintf.obj
 0001:0000d6a8       __grow_type_table          000000000000d948 f   LibStdio:vfprintf.obj
 0001:0000d764       cvt                        000000000000da04 f   LibStdio:vfprintf.obj
 0001:0000d898       exponent                   000000000000db38 f   LibStdio:vfprintf.obj
 0001:0000f460       IIO_Read                   000000000000f700 f   LibIIO:IIO.obj
 0001:0000f578       IIO_Write                  000000000000f818 f   LibIIO:IIO.obj
 0001:0000f79c       IIO_Echo                   000000000000fa3c f   LibIIO:IIO.obj
 0001:0000f950       IIO_Delete                 000000000000fbf0 f   LibIIO:IIO.obj
 0001:000127d8       BuildBitmap                0000000000012a78 f   LibWchar:Searching.obj
 0001:00012844       FIFO_NumInQueue            0000000000012ae4 f   LibContainer:Fifo.obj
 0001:00012870       FIFO_FreeSpace             0000000000012b10 f   LibContainer:Fifo.obj
 0001:000128a0       FIFO_IsEmpty               0000000000012b40 f   LibContainer:Fifo.obj
 0001:000128e0       FIFO_IsFull                0000000000012b80 f   LibContainer:Fifo.obj
 0001:0001293c       FIFO_Enqueue               0000000000012bdc f   LibContainer:Fifo.obj
 0001:00012a4c       FIFO_Dequeue               0000000000012cec f   LibContainer:Fifo.obj
 0001:00012b68       FIFO_Read                  0000000000012e08 f   LibContainer:Fifo.obj
 0001:00012b70       FIFO_Copy                  0000000000012e10 f   LibContainer:Fifo.obj
 0001:00012b78       FIFO_GetRDex               0000000000012e18 f   LibContainer:Fifo.obj
 0001:00012bb0       FIFO_GetWDex               0000000000012e50 f   LibContainer:Fifo.obj
 0001:00012be8       FIFO_Delete                0000000000012e88 f   LibContainer:Fifo.obj
 0001:00012c44       FIFO_Flush                 0000000000012ee4 f   LibContainer:Fifo.obj
 0001:00012cfc       FIFO_Truncate              0000000000012f9c f   LibContainer:Fifo.obj
 0001:00012e60       __wctoint                  0000000000013100 f   LibLocale:wcstol.obj
 0002:00000210       ?zeroes@?1??__vfprintf_unlocked@@9@9 0000000000014a50     LibStdio:vfprintf.obj
 0002:00000220       ?blanks@?1??__vfprintf_unlocked@@9@9 0000000000014a60     LibStdio:vfprintf.obj
 0002:00000428       uglue                      0000000000014c68     LibStdio:findfp.obj
 0002:00000458       MemPoolHead                0000000000014c98     LibStdLib:Malloc.obj
 0002:00000468       Spaces                     0000000000014ca8     LibIIO:IIOwrite.obj
 0002:00000490       pmem_next                  0000000000014cd0     LibGdtoa:misc.obj
 0002:00001f30       stdioFlags                 0000000000016770     DevConsole:daConsole.obj
 0002:00001f40       stdioNames                 0000000000016780     DevConsole:daConsole.obj
 0002:00002990       utf8_code_length           00000000000171d0     LibLocale:multibyte_Utf8.obj
 0002:00002aa8       ?xdigs_lower@?1??__vfprintf_unlocked@@9@9 00000000000172e8     LibStdio:vfprintf.obj
 0002:00002ac0       ?xdigs_upper@?1??__vfprintf_unlocked@@9@9 0000000000017300     LibStdio:vfprintf.obj
 0002:00003278       ?p05@?1??__pow5mult_D2A@@9@9 0000000000017ab8     LibGdtoa:misc.obj
 0002:00003300       BitMask                    0000000000017b40     LibWchar:Searching.obj
 0002:000034a0       ?errorbuf@?1??strerror@@9@9 0000000000017ce0     LibString:Misc.obj
 0002:00003610       lcl_is_set                 0000000000017e50     LibTime:ZoneProc.obj
 0002:00003618       LocalConvState             0000000000017e58     LibLocale:multibyte_Utf8.obj
 0002:00003640       usual                      0000000000017e80     LibStdio:findfp.obj
 0002:00004170       private_mem                00000000000189b0     LibGdtoa:misc.obj
 0002:00004a70       ConInstanceList            00000000000192b0     DevConsole:daConsole.obj
 0002:00004a78       IIO                        00000000000192b8     DevConsole:daConsole.obj
 0002:00004a80       ConNode                    00000000000192c0     DevConsole:daConsole.obj
 0002:00004a98       gmt_is_set                 00000000000192d8     LibTime:Time.obj
 0002:00004aa0       lcl_TZname                 00000000000192e0     LibTime:ZoneProc.obj
 0002:00004ba0       usualext                   00000000000193e0     LibStdio:findfp.obj
 0002:000050f0       ?BufCnt@?1??IIO_GetInChar@@9@9 0000000000019930     LibIIO:IIOutilities.obj
 0002:000050f8       p5s                        0000000000019938     LibGdtoa:misc.obj
 0002:00005100       freelist                   0000000000019940     LibGdtoa:misc.obj
 0002:00005310       ?ret@?1??localeconv@@9@9   0000000000019b50     LibLocale:localeconv.obj
 0003:00000000       $pdata$_ModuleEntryPoint   0000000000029de0     UefiApplicationEntryPoint:ApplicationEntryPoint.obj
 0003:0000000c       $pdata$ProcessLibraryConstructorList 0000000000029dec     RawIp4Rx:AutoGen.obj
 0003:00000018       $pdata$ProcessLibraryDestructorList 0000000000029df8     RawIp4Rx:AutoGen.obj
 0003:00000024       $pdata$ProcessModuleEntryPointList 0000000000029e04     RawIp4Rx:AutoGen.obj
 0003:00000030       $pdata$ShellCEntryLib      0000000000029e10     UefiShellCEntryLib:UefiShellCEntryLib.obj
 0003:0000003c       $pdata$exitCleanup         0000000000029e1c     LibC:Main.obj
 0003:00000048       $pdata$ShellAppMain        0000000000029e28     LibC:Main.obj
 0003:00000054       $pdata$EfiGetCurrentTpl    0000000000029e34     UefiLib:UefiLib.obj
 0003:00000060       $pdata$InternalPrint       0000000000029e40     UefiLib:UefiLibPrint.obj
 0003:0000006c       $pdata$Print               0000000000029e4c     UefiLib:UefiLibPrint.obj
 0003:00000078       $pdata$ShellFindSE2        0000000000029e58     UefiShellLib:UefiShellLib.obj
 0003:00000084       $pdata$ShellLibConstructorWorker 0000000000029e64     UefiShellLib:UefiShellLib.obj
 0003:00000090       $pdata$ShellLibDestructor  0000000000029e70     UefiShellLib:UefiShellLib.obj
 0003:0000009c       $pdata$__wchar_construct   0000000000029e7c     LibWchar:ConsDecons.obj
 0003:000000a8       $pdata$__wchar_deconstruct 0000000000029e88     LibWchar:ConsDecons.obj
 0003:000000b4       $pdata$UefiHiiServicesLibConstructor 0000000000029e94     UefiHiiServicesLib:UefiHiiServicesLib.obj
 0003:000000c0       $pdata$da_ConSeek          0000000000029ea0     DevConsole:daConsole.obj
 0003:000000cc       $pdata$da_ConWrite         0000000000029eac     DevConsole:daConsole.obj
 0003:000000d8       $pdata$da_ConRawRead       0000000000029eb8     DevConsole:daConsole.obj
 0003:000000e4       $pdata$da_ConRead          0000000000029ec4     DevConsole:daConsole.obj
 0003:000000f0       $pdata$da_ConStat          0000000000029ed0     DevConsole:daConsole.obj
 0003:000000fc       $pdata$da_ConFlush         0000000000029edc     DevConsole:daConsole.obj
 0003:00000108       $pdata$da_ConClose         0000000000029ee8     DevConsole:daConsole.obj
 0003:00000114       $pdata$da_ConPoll          0000000000029ef4     DevConsole:daConsole.obj
 0003:00000120       $pdata$__Cons_construct    0000000000029f00     DevConsole:daConsole.obj
 0003:0000012c       $pdata$__Cons_deconstruct  0000000000029f0c     DevConsole:daConsole.obj
 0003:00000138       $pdata$EslServiceFreeProtocol 0000000000029f18     EfiSocketLib:UseEfiSocketLib.obj
 0003:00000144       $pdata$EslServiceNetworkConnect 0000000000029f24     EfiSocketLib:UseEfiSocketLib.obj
 0003:00000150       $pdata$EslServiceNetworkDisconnect 0000000000029f30     EfiSocketLib:UseEfiSocketLib.obj
 0003:0000015c       $pdata$EslServiceConnect   0000000000029f3c     EfiSocketLib:Service.obj
 0003:00000168       $pdata$EslSocket           0000000000029f48     EfiSocketLib:Socket.obj
 0003:00000174       $pdata$EslSocketAccept     0000000000029f54     EfiSocketLib:Socket.obj
[...]
 0004:00000048       $unwind$EncodeUtf8         000000000002a9c8     LibLocale:multibyte_Utf8.obj
 0004:00000048       $unwind$lseek              000000000002a9c8     LibUefi:SysCalls.obj
 0004:00000048       $unwind$ReadUnaligned32    000000000002a9c8     BaseLib:Unaligned.obj
 0004:00000048       $unwind$EfiGetCurrentTpl   000000000002a9c8     UefiLib:UefiLib.obj
 0004:00000048       $unwind$FIFO_Truncate      000000000002a9c8     LibContainer:Fifo.obj
 0004:00000048       $unwind$ReadUnaligned64    000000000002a9c8     BaseLib:Unaligned.obj
 0004:00000048       $unwind$EslTcp4PortClose   000000000002a9c8     EfiSocketLib:Tcp4.obj
 0004:00000048       $unwind$FIFO_Delete        000000000002a9c8     LibContainer:Fifo.obj
 0004:00000048       $unwind$ReadUnaligned16    000000000002a9c8     BaseLib:Unaligned.obj
 0004:00000048       $unwind$tzset              000000000002a9c8     LibTime:ZoneProc.obj
 0004:00000048       $unwind$FIFO_GetWDex       000000000002a9c8     LibContainer:Fifo.obj
 0004:00000048       $unwind$RemoveEntryList    000000000002a9c8     BaseLib:LinkedList.obj
 0004:00000048       $unwind$FIFO_GetRDex       000000000002a9c8     LibContainer:Fifo.obj
 0004:00000048       $unwind$__ultoa            000000000002a9c8     LibStdio:vfprintf.obj
 0004:00000048       $unwind$IsListEmpty        000000000002a9c8     BaseLib:LinkedList.obj
 0004:00000048       $unwind$getsecs            000000000002a9c8     LibTime:ZoneProc.obj
 0004:00000048       $unwind$FIFO_IsEmpty       000000000002a9c8     LibContainer:Fifo.obj
 0004:00000048       $unwind$getrule            000000000002a9c8     LibTime:ZoneProc.obj
 0004:00000048       $unwind$EslTcp6PortClose   000000000002a9c8     EfiSocketLib:Tcp6.obj
 0004:00000048       $unwind$EslUdp4RemoteAddressSet 000000000002a9c8     EfiSocketLib:Udp4.obj
 0004:00000048       $unwind$EslSocketPortCloseRxDone 000000000002a9c8     EfiSocketLib:Socket.obj
 0004:00000048       $unwind$GetFirstNode       000000000002a9c8     BaseLib:LinkedList.obj
 0004:00000048       $unwind$AllocateZeroPool   000000000002a9c8     UefiMemoryAllocationLib:MemoryAllocationLib.obj
 0004:00000048       $unwind$strncpyX           000000000002a9c8     LibString:Copying.obj
 0004:00000048       $unwind$InternalAssertJumpBuffer 000000000002a9c8     BaseLib:SetJump.obj
 0004:00000050       $unwind$InternalPrint      000000000002a9d0     UefiLib:UefiLibPrint.obj
 0004:00000050       $unwind$EslUdp6Receive     000000000002a9d0     EfiSocketLib:Udp6.obj
 0004:00000050       $unwind$EslUdp4Receive     000000000002a9d0     EfiSocketLib:Udp4.obj
 0004:00000050       $unwind$EslSocketTxComplete 000000000002a9d0     EfiSocketLib:Socket.obj
 0004:00000064       $unwind$printf             000000000002a9e4     LibStdio:printf.obj
 0004:00000064       $unwind$Print              000000000002a9e4     UefiLib:UefiLibPrint.obj
 0004:0000006c       $unwind$ShellFindSE2       000000000002a9ec     UefiShellLib:UefiShellLib.obj
 0004:00000080       $unwind$EslTcp6PortAllocate 000000000002aa00     EfiSocketLib:Tcp6.obj
 0004:00000080       $unwind$EslTcp4PortAllocate 000000000002aa00     EfiSocketLib:Tcp4.obj
 0004:00000080       $unwind$ShellLibConstructorWorker 000000000002aa00     UefiShellLib:UefiShellLib.obj
 0004:00000080       $unwind$free               000000000002aa00     LibStdLib:Malloc.obj
 0004:0000008c       $unwind$InsertTailList     000000000002aa0c     BaseLib:LinkedList.obj
 0004:0000008c       $unwind$ZeroMem            000000000002aa0c     BaseMemoryLib:ZeroMemWrapper.obj
 0004:0000008c       $unwind$EslSocketPortCloseTxDone 000000000002aa0c     EfiSocketLib:Socket.obj
 0004:0000008c       $unwind$IsNodeInList       000000000002aa0c     BaseLib:LinkedList.obj
 0004:0000008c       $unwind$EslUdp4LocalAddressGet 000000000002aa0c     EfiSocketLib:Udp4.obj
 0004:0000008c       $unwind$EslSocketPortCloseComplete 000000000002aa0c     EfiSocketLib:Socket.obj
 0004:0000008c       $unwind$LongJump           000000000002aa0c     BaseLib:LongJump.obj
 0004:0000008c       $unwind$GetNextNode        000000000002aa0c     BaseLib:LinkedList.obj
 0004:0000008c       $unwind$New_cFIFO          000000000002aa0c     LibContainer:Fifo.obj
 0004:0000008c       $unwind$EslUdp6RemoteAddressSet 000000000002aa0c     EfiSocketLib:Udp6.obj
 0004:0000008c       $unwind$AsciiStrCmp        000000000002aa0c     BaseLib:String.obj
 0004:0000008c       $unwind$EslTcp4ConnectComplete 000000000002aa0c     EfiSocketLib:Tcp4.obj
 0004:0000008c       $unwind$EslTcp6RemoteAddressGet 000000000002aa0c     EfiSocketLib:Tcp6.obj
 0004:0000008c       $unwind$FIFO_IsFull        000000000002aa0c     LibContainer:Fifo.obj
 0004:0000008c       $unwind$EslUdp6RemoteAddressGet 000000000002aa0c     EfiSocketLib:Udp6.obj
 0004:0000008c       $unwind$calloc             000000000002aa0c     LibStdLib:Malloc.obj
 0004:0000008c       $unwind$IIO_GetCursorPosition 000000000002aa0c     LibIIO:IIOutilities.obj
 0004:0000008c       $unwind$__Balloc_D2A       000000000002aa0c     LibGdtoa:misc.obj
 0004:0000008c       $unwind$EslUdp6LocalAddressGet 000000000002aa0c     EfiSocketLib:Udp6.obj
 0004:0000008c       $unwind$EslTcp4LocalAddressGet 000000000002aa0c     EfiSocketLib:Tcp4.obj
 0004:0000008c       $unwind$EslTcp6LocalAddressGet 000000000002aa0c     EfiSocketLib:Tcp6.obj
 0004:0000008c       $unwind$time               000000000002aa0c     LibTime:Time.obj
 0004:0000008c       $unwind$LShiftU64          000000000002aa0c     BaseLib:LShiftU64.obj
 0004:0000008c       $unwind$wcrtomb            000000000002aa0c     LibLocale:multibyte_Utf8.obj
 0004:0000008c       $unwind$InternalBaseLibIsListValid 000000000002aa0c     BaseLib:LinkedList.obj
 0004:0000008c       $unwind$da_ConClose        000000000002aa0c     DevConsole:daConsole.obj
 0004:0000008c       $unwind$EslTcp6ConnectComplete 000000000002aa0c     EfiSocketLib:Tcp6.obj
 0004:0000008c       $unwind$__swsetup          000000000002aa0c     LibStdio:wsetup.obj
 0004:0000008c       $unwind$EslTcp4RemoteAddressGet 000000000002aa0c     EfiSocketLib:Tcp4.obj
 0004:0000008c       $unwind$EslTcp6RemoteAddressSet 000000000002aa0c     EfiSocketLib:Tcp6.obj
 0004:0000008c       $unwind$EslTcp4RemoteAddressSet 000000000002aa0c     EfiSocketLib:Tcp4.obj
 0004:0000008c       $unwind$ShellLibDestructor 000000000002aa0c     UefiShellLib:UefiShellLib.obj
 0004:0000008c       $unwind$__Cons_deconstruct 000000000002aa0c     DevConsole:daConsole.obj
 0004:0000008c       $unwind$EstimateWtoM       000000000002aa0c     LibLocale:multibyte_Utf8.obj
 0004:0000008c       $unwind$BuildBitmap        000000000002aa0c     LibWchar:Searching.obj
 0004:0000008c       $unwind$bind               000000000002aa0c     BsdSocketLib:bind.obj
 0004:0000008c       $unwind$AsciiStrLen        000000000002aa0c     BaseLib:String.obj
 0004:0000008c       $unwind$EslUdp4RemoteAddressGet 000000000002aa0c     EfiSocketLib:Udp4.obj
 0004:00000098       $unwind$BslFdToSocketProtocol 000000000002aa18     BsdSocketLib:socket.obj
 0004:00000098       $unwind$BslSocketPoll      000000000002aa18     BsdSocketLib:poll.obj
 0004:00000098       $unwind$IIO_GetDeviceProto 000000000002aa18     LibIIO:IIOutilities.obj
 0004:00000098       $unwind$strerror           000000000002aa18     LibString:Misc.obj
 0004:00000098       $unwind$strerror_r         000000000002aa18     LibString:Misc.obj
 0004:00000098       $unwind$exit               000000000002aa18     LibStdLib:Environs.obj
 0004:00000098       $unwind$abort              000000000002aa18     LibStdLib:Environs.obj
 0004:00000098       $unwind$UefiHiiServicesLibConstructor 000000000002aa18     UefiHiiServicesLib:UefiHiiServicesLib.obj
 0004:00000098       $unwind$__wchar_construct  000000000002aa18     LibWchar:ConsDecons.obj
 0004:00000098       $unwind$__wchar_deconstruct 000000000002aa18     LibWchar:ConsDecons.obj
 0004:00000098       $unwind$isatty             000000000002aa18     LibUefi:SysCalls.obj
 0004:00000098       $unwind$InternalAllocatePool 000000000002aa18     UefiMemoryAllocationLib:MemoryAllocationLib.obj
 0004:000000a0       $unwind$EslSocketClosePoll 000000000002aa20     EfiSocketLib:Socket.obj
 0004:000000a0       $unwind$EslSocketTxStart   000000000002aa20     EfiSocketLib:Socket.obj
 0004:000000a0       $unwind$da_ConWrite        000000000002aa20     DevConsole:daConsole.obj
 0004:000000a0       $unwind$EslTcp4Receive     000000000002aa20     EfiSocketLib:Tcp4.obj
 0004:000000a0       $unwind$__DevSearch        000000000002aa20     DevUtility:DevSearch.obj
 0004:000000a0       $unwind$UnicodeStrToAsciiStr 000000000002aa20     BaseLib:String.obj
 0004:000000a0       $unwind$ClassifyPath       000000000002aa20     DevUtility:Path.obj
 0004:000000a0       $unwind$AsciiStrToUnicodeStr 000000000002aa20     BaseLib:String.obj
 0004:000000a0       $unwind$EslTcp6Receive     000000000002aa20     EfiSocketLib:Tcp6.obj
 0004:000000a0       $unwind$DecodeOneStateful  000000000002aa20     LibLocale:multibyte_Utf8.obj
 0004:000000a0       $unwind$wcsrtombs          000000000002aa20     LibLocale:multibyte_Utf8.obj
 0004:000000a0       $unwind$fflush             000000000002aa20     LibStdio:fflush.obj
 0004:000000a0       $unwind$EslTcp6LocalAddressSet 000000000002aa20     EfiSocketLib:Tcp6.obj
 0004:000000b8       $unwind$da_ConRawRead      000000000002aa38     DevConsole:daConsole.obj
 0004:000000b8       $unwind$localsub           000000000002aa38     LibTime:Time.obj
 0004:000000b8       $unwind$EslSocketOptionSet 000000000002aa38     EfiSocketLib:Socket.obj
 0004:000000c8       $unwind$da_ConRead         000000000002aa48     DevConsole:daConsole.obj
 0004:000000e0       $unwind$da_ConStat         000000000002aa60     DevConsole:daConsole.obj
 0004:000000e8       $unwind$StrnCmp            000000000002aa68     BaseLib:String.obj
 0004:000000e8       $unwind$InternalMemSetMem  000000000002aa68     BaseMemoryLib:SetMem.obj
 0004:000000e8       $unwind$CompareGuid        000000000002aa68     BaseMemoryLib:MemLibGuid.obj
 0004:000000e8       $unwind$EslTcp4LocalAddressSet 000000000002aa68     EfiSocketLib:Tcp4.obj
 0004:000000e8       $unwind$EslUdp6LocalAddressSet 000000000002aa68     EfiSocketLib:Udp6.obj
 0004:000000e8       $unwind$EslUdp4LocalAddressSet 000000000002aa68     EfiSocketLib:Udp4.obj
 0004:000000e8       $unwind$__multadd_D2A      000000000002aa68     LibGdtoa:misc.obj
 0004:000000e8       $unwind$AsciiStrnCpy       000000000002aa68     BaseLib:String.obj
 0004:000000e8       $unwind$EslSocketPortClose 000000000002aa68     EfiSocketLib:Socket.obj
 0004:000000e8       $unwind$da_ConFlush        000000000002aa68     DevConsole:daConsole.obj
 0004:000000fc       $unwind$EslSocketTransmit  000000000002aa7c     EfiSocketLib:Socket.obj
 0004:000000fc       $unwind$__Cons_construct   000000000002aa7c     DevConsole:daConsole.obj
 0004:00000118       $unwind$EslServiceNetworkConnect 000000000002aa98     EfiSocketLib:UseEfiSocketLib.obj
 0004:0000012c       $unwind$EslServiceNetworkDisconnect 000000000002aaac     EfiSocketLib:UseEfiSocketLib.obj
 0004:00000140       $unwind$EslServiceConnect  000000000002aac0     EfiSocketLib:Service.obj
 0004:00000158       $unwind$EslSocket          000000000002aad8     EfiSocketLib:Socket.obj
 0004:00000168       $unwind$EslSocketRxComplete 000000000002aae8     EfiSocketLib:Socket.obj
 0004:00000168       $unwind$EslSocketGetPeerAddress 000000000002aae8     EfiSocketLib:Socket.obj
 0004:00000168       $unwind$EslSocketAccept    000000000002aae8     EfiSocketLib:Socket.obj
 0004:00000168       $unwind$FIFO_Enqueue       000000000002aae8     LibContainer:Fifo.obj
 0004:00000168       $unwind$EslSocketCopyFragmentedBuffer 000000000002aae8     EfiSocketLib:Socket.obj
 0004:00000168       $unwind$EslSocketGetLocalAddress 000000000002aae8     EfiSocketLib:Socket.obj
 0004:00000184       $unwind$EslSocketAllocate  000000000002ab04     EfiSocketLib:Socket.obj
 0004:0000019c       $unwind$EslSocketBind      000000000002ab1c     EfiSocketLib:Socket.obj
 0004:000001b0       $unwind$EslSocketCloseStart 000000000002ab30     EfiSocketLib:Socket.obj
 0004:000001c8       $unwind$EslUdp4SocketIsConfigured 000000000002ab48     EfiSocketLib:Udp4.obj
 0004:000001c8       $unwind$EslSocketConnect   000000000002ab48     EfiSocketLib:Socket.obj
 0004:000001e4       $unwind$EslTcp6Listen      000000000002ab64     EfiSocketLib:Tcp6.obj
 0004:000001e4       $unwind$EslSocketIoInit    000000000002ab64     EfiSocketLib:Socket.obj
 0004:000001e4       $unwind$EslTcp4Listen      000000000002ab64     EfiSocketLib:Tcp4.obj
 0004:000001e4       $unwind$EslSocketListen    000000000002ab64     EfiSocketLib:Socket.obj
 0004:000001fc       $unwind$EslSocketOptionGet 000000000002ab7c     EfiSocketLib:Socket.obj
 0004:00000214       $unwind$EslSocketPacketAllocate 000000000002ab94     EfiSocketLib:Socket.obj
 0004:00000228       $unwind$EslSocketPoll      000000000002aba8     EfiSocketLib:Socket.obj
 0004:00000228       $unwind$FIFO_Dequeue       000000000002aba8     LibContainer:Fifo.obj
 0004:00000228       $unwind$__quorem_D2A       000000000002aba8     LibGdtoa:dmisc.obj
 0004:00000228       $unwind$__mult_D2A         000000000002aba8     LibGdtoa:misc.obj
 0004:00000244       $unwind$EslSocketPortAllocate 000000000002abc4     EfiSocketLib:Socket.obj
 0004:00000260       $unwind$EslSocketReceive   000000000002abe0     EfiSocketLib:Socket.obj
 0004:0000027c       $unwind$EslSocketRxStart   000000000002abfc     EfiSocketLib:Socket.obj
 0004:00000290       $unwind$__grow_type_table  000000000002ac10     LibStdio:vfprintf.obj
 0004:00000290       $unwind$__diff_D2A         000000000002ac10     LibGdtoa:misc.obj
 0004:00000290       $unwind$EslSocketShutdown  000000000002ac10     EfiSocketLib:Socket.obj
 0004:000002a8       $unwind$EslTcp6ConnectStart 000000000002ac28     EfiSocketLib:Tcp6.obj
 0004:000002a8       $unwind$EslTcp4ConnectStart 000000000002ac28     EfiSocketLib:Tcp4.obj
 0004:000002c0       $unwind$EslTcp6ListenComplete 000000000002ac40     EfiSocketLib:Tcp6.obj
 0004:000002d4       $unwind$EslTcp4TxBuffer    000000000002ac54     EfiSocketLib:Tcp4.obj
 0004:000002d4       $unwind$EslTcp6TxBuffer    000000000002ac54     EfiSocketLib:Tcp6.obj
 0004:000002ec       $unwind$EslTcp4TxOobComplete 000000000002ac6c     EfiSocketLib:Tcp4.obj
 0004:000002ec       $unwind$EslTcp4TxComplete  000000000002ac6c     EfiSocketLib:Tcp4.obj
 0004:000002ec       $unwind$EslIp4TxComplete   000000000002ac6c     EfiSocketLib:Ip4.obj
 0004:000002ec       $unwind$EslTcp6TxComplete  000000000002ac6c     EfiSocketLib:Tcp6.obj
 0004:000002ec       $unwind$EslTcp6TxOobComplete 000000000002ac6c     EfiSocketLib:Tcp6.obj
 0004:000002ec       $unwind$EslUdp4TxComplete  000000000002ac6c     EfiSocketLib:Udp4.obj
 0004:000002ec       $unwind$EslUdp6TxComplete  000000000002ac6c     EfiSocketLib:Udp6.obj
 0004:000002f4       $unwind$EslUdp6VerifyLocalIpAddress 000000000002ac74     EfiSocketLib:Udp6.obj
 0004:000002f4       $unwind$EslTcp6VerifyLocalIpAddress 000000000002ac74     EfiSocketLib:Tcp6.obj
 0004:00000304       $unwind$realloc            000000000002ac84     LibStdLib:Malloc.obj
 0004:00000304       $unwind$EslIp4Receive      000000000002ac84     EfiSocketLib:Ip4.obj
 0004:0000031c       $unwind$EslIp4SocketIsConfigured 000000000002ac9c     EfiSocketLib:Ip4.obj
 0004:00000338       $unwind$EslUdp6TxBuffer    000000000002acb8     EfiSocketLib:Udp6.obj
 0004:00000338       $unwind$EslIp4TxBuffer     000000000002acb8     EfiSocketLib:Ip4.obj
 0004:00000354       $unwind$EslIp4VerifyLocalIpAddress 000000000002acd4     EfiSocketLib:Ip4.obj
 0004:00000354       $unwind$EslTcp4VerifyLocalIpAddress 000000000002acd4     EfiSocketLib:Tcp4.obj
 0004:00000354       $unwind$EslUdp4VerifyLocalIpAddress 000000000002acd4     EfiSocketLib:Udp4.obj
 0004:00000364       $unwind$EslTcp4ListenComplete 000000000002ace4     EfiSocketLib:Tcp4.obj
 0004:00000378       $unwind$EslUdp4TxBuffer    000000000002acf8     EfiSocketLib:Udp4.obj
 0004:00000390       $unwind$EslUdp6SocketIsConfigured 000000000002ad10     EfiSocketLib:Udp6.obj
 0004:000003a8       $unwind$main               000000000002ad28     RawIp4Rx:Main.obj
 0004:000003b0       $unwind$RawIp4Rx           000000000002ad30     RawIp4Rx:RawIp4Rx.obj
 0004:000003c8       $unwind$timesub            000000000002ad48     LibTime:Time.obj
 0004:000003dc       $unwind$normalize_overflow 000000000002ad5c     LibTime:Time.obj
 0004:000003e4       $unwind$time2sub           000000000002ad64     LibTime:Time.obj
 0004:000003fc       $unwind$time1              000000000002ad7c     LibTime:Time.obj
 0004:0000041c       $unwind$transtime          000000000002ad9c     LibTime:ZoneProc.obj
 0004:00000434       $unwind$tzparse            000000000002adb4     LibTime:ZoneProc.obj
 0004:0000044c       $unwind$open               000000000002adcc     LibUefi:SysCalls.obj
 0004:00000460       $unwind$__sbprintf         000000000002ade0     LibStdio:vfprintf.obj
 0004:00000474       $unwind$__ujtoa            000000000002adf4     LibStdio:vfprintf.obj
 0004:0000047c       $unwind$__wcsconv          000000000002adfc     LibStdio:vfprintf.obj
 0004:0000048c       $unwind$__vfprintf_unlocked 000000000002ae0c     LibStdio:vfprintf.obj
 0004:000004a8       $unwind$__find_arguments   000000000002ae28     LibStdio:vfprintf.obj
 0004:000004c0       $unwind$cvt                000000000002ae40     LibStdio:vfprintf.obj
 0004:000004e0       $unwind$exponent           000000000002ae60     LibStdio:vfprintf.obj
 0004:000004e8       $unwind$__sfvwrite         000000000002ae68     LibStdio:fvwrite.obj
 0004:00000500       $unwind$__smakebuf         000000000002ae80     LibStdio:makebuf.obj
 0004:00000510       $unwind$__swhatbuf         000000000002ae90     LibStdio:makebuf.obj
 0004:00000524       $unwind$malloc             000000000002aea4     LibStdLib:Malloc.obj
 0004:00000530       $unwind$AsciiSPrint        000000000002aeb0     BasePrintLib:PrintLib.obj
 0004:00000538       $unwind$BasePrintLibValueToString 000000000002aeb8     BasePrintLib:PrintLibInternal.obj
 0004:00000544       $unwind$BasePrintLibSPrintMarker 000000000002aec4     BasePrintLib:PrintLibInternal.obj
 0004:00000560       $unwind$BasePrintLibSPrint 000000000002aee0     BasePrintLib:PrintLibInternal.obj
 0004:00000568       $unwind$__assert           000000000002aee8     LibC:assert.obj
 0004:00000568       $unwind$BslSocketRead      000000000002aee8     BsdSocketLib:read.obj
 0004:00000570       $unwind$IIO_Read           000000000002aef0     LibIIO:IIO.obj
 0004:00000584       $unwind$IIO_Write          000000000002af04     LibIIO:IIO.obj
 0004:0000059c       $unwind$IIO_Echo           000000000002af1c     LibIIO:IIO.obj
 0004:000005b8       $unwind$IIO_Delete         000000000002af38     LibIIO:IIO.obj
 0004:000005c0       $unwind$New_cIIO           000000000002af40     LibIIO:IIO.obj
 0004:000005cc       $unwind$IIO_GetOutputSize  000000000002af4c     LibIIO:IIOutilities.obj
 0004:000005e0       $unwind$IIO_WriteOne       000000000002af60     LibIIO:IIOwrite.obj
 0004:000005fc       $unwind$IIO_EchoOne        000000000002af7c     LibIIO:IIOecho.obj
 0004:00000614       $unwind$IIO_CanonRead      000000000002af94     LibIIO:CanonRead.obj
 0004:0000062c       $unwind$recvfrom           000000000002afac     BsdSocketLib:recvfrom.obj
 0004:00000648       $unwind$socket             000000000002afc8     BsdSocketLib:socket.obj
 0004:0000065c       $unwind$BslSocketWrite     000000000002afdc     BsdSocketLib:write.obj
 0004:00000670       $unwind$__dtoa             000000000002aff0     LibGdtoa:dtoa.obj
 0004:00000690       $unwind$__lshift_D2A       000000000002b010     LibGdtoa:misc.obj
 0004:000006ac       $unwind$__d2b_D2A          000000000002b02c     LibGdtoa:misc.obj
 0004:000006b8       $unwind$ParsePath          000000000002b038     DevUtility:Path.obj
