 WebServer

 Timestamp is 5fb88493 (Sat Nov 21 11:08:03 2020)

 Preferred load address is 0000000000000000

 Start         Length     Name                   Class
 0001:00000000 000001d8H .text                   CODE
 0001:000001d8 00021ddbH .text$mn                CODE
 0002:00000000 000005b0H .data                   DATA
 0002:000005b0 00006570H .rdata                  DATA
 0002:00006b20 00002108H .bss                    DATA
 0002:00008c28 00000090H .rdata$zzzdbg           DATA
 0003:00000000 000010c8H .pdata                  DATA
 0004:00000000 00000808H .xdata                  DATA

  Address         Publics by Value              Rva+Base               Lib:Object

 0000:00000000       __dynamic_value_reloc_table 0000000000000000     <absolute>
 0000:00000000       __guard_iat_count          0000000000000000     <absolute>
 0000:00000000       __guard_iat_table          0000000000000000     <absolute>
 0000:00000000       __guard_fids_count         0000000000000000     <absolute>
 0000:00000000       __guard_longjmp_table      0000000000000000     <absolute>
 0000:00000000       __guard_longjmp_count      0000000000000000     <absolute>
 0000:00000000       __guard_fids_table         0000000000000000     <absolute>
 0000:00000000       __guard_flags              0000000000000000     <absolute>
 0000:00000000       __ImageBase                0000000000000000     <linker-defined>
 0001:00000000       SetJump                    00000000000002a0     BaseLib:SetJump.obj
 0001:00000090       AsmEnableCache             0000000000000330     BaseLib:EnableCache.obj
 0001:000000b0       AsmCpuid                   0000000000000350     BaseLib:CpuId.obj
 0001:000000e0       AsmDisableCache            0000000000000380     BaseLib:DisableCache.obj
 0001:00000100       AsmWriteCr4                00000000000003a0     BaseLib:WriteCr4.obj
 0001:00000110       AsmReadCr4                 00000000000003b0     BaseLib:ReadCr4.obj
 0001:00000120       InternalLongJump           00000000000003c0     BaseLib:LongJump.obj
 0001:000001a0       EnableInterrupts           0000000000000440     BaseLib:EnableInterrupts.obj
 0001:000001b0       DisableInterrupts          0000000000000450     BaseLib:DisableInterrupts.obj
 0001:000001c0       AsmReadEflags              0000000000000460     BaseLib:ReadEflags.obj
 0001:000001d0       CpuFlushTlb                0000000000000470     BaseCpuLib:CpuFlushTlb.obj
 0001:000001d8       _ModuleEntryPoint          0000000000000478 f   UefiApplicationEntryPoint:ApplicationEntryPoint.obj
 0001:00000220       UefiBootServicesTableLibConstructor 00000000000004c0 f   UefiBootServicesTableLib:UefiBootServicesTableLib.obj
 0001:0000023c       ProcessLibraryConstructorList 00000000000004dc f   WebServer:AutoGen.obj
 0001:00000778       ProcessLibraryDestructorList 0000000000000a18 f   WebServer:AutoGen.obj
 0001:00000a1c       ProcessModuleEntryPointList 0000000000000cbc f   WebServer:AutoGen.obj
 0001:00000a40       ShellCEntryLib             0000000000000ce0 f   UefiShellCEntryLib:UefiShellCEntryLib.obj
 0001:00000af4       exitCleanup                0000000000000d94 f   LibC:Main.obj
 0001:00000b60       ShellAppMain               0000000000000e00 f   LibC:Main.obj
 0001:00000de4       DebugPrint                 0000000000001084 f   BaseDebugLibNull:DebugLib.obj
 0001:00000df0       DebugAssert                0000000000001090 f   BaseDebugLibNull:DebugLib.obj
 0001:00000df4       DebugAssertEnabled         0000000000001094 f   BaseDebugLibNull:DebugLib.obj
 0001:00000df4       DebugPrintLevelEnabled     0000000000001094 f   BaseDebugLibNull:DebugLib.obj
 0001:00000df4       DebugPrintEnabled          0000000000001094 f   BaseDebugLibNull:DebugLib.obj
 0001:00000df8       __wchar_construct          0000000000001098 f   LibWchar:ConsDecons.obj
 0001:00000e4c       __wchar_deconstruct        00000000000010ec f   LibWchar:ConsDecons.obj
 0001:00000e74       UefiRuntimeServicesTableLibConstructor 0000000000001114 f   UefiRuntimeServicesTableLib:UefiRuntimeServicesTableLib.obj
 0001:00000e84       UefiLibConstructor         0000000000001124 f   UefiLib:UefiLib.obj
 0001:00000e84       fnullop_flush              0000000000001124 f   DevUtility:DevGenisis.obj
 0001:00000e84       fnullop_fcntl              0000000000001124 f   DevUtility:DevGenisis.obj
 0001:00000e88       EfiGetSystemConfigurationTable 0000000000001128 f   UefiLib:UefiLib.obj
 0001:00000f18       EfiGetCurrentTpl           00000000000011b8 f   UefiLib:UefiLib.obj
 0001:00000f48       InternalPrint              00000000000011e8 f   UefiLib:UefiLibPrint.obj
 0001:00000fd0       Print                      0000000000001270 f   UefiLib:UefiLibPrint.obj
 0001:000013ac       da_ConOpen                 000000000000164c f   DevConsole:daConsole.obj
 0001:000015f8       __Cons_construct           0000000000001898 f   DevConsole:daConsole.obj
 0001:00001800       __Cons_deconstruct         0000000000001aa0 f   DevConsole:daConsole.obj
 0001:00001870       ShellFindSE2               0000000000001b10 f   UefiShellLib:UefiShellLib.obj
 0001:00001a20       ShellLibConstructorWorker  0000000000001cc0 f   UefiShellLib:UefiShellLib.obj
 0001:00001cc0       ShellLibConstructor        0000000000001f60 f   UefiShellLib:UefiShellLib.obj
 0001:00001cf4       ShellLibDestructor         0000000000001f94 f   UefiShellLib:UefiShellLib.obj
 0001:00001e08       ShellOpenFileByDevicePath  00000000000020a8 f   UefiShellLib:UefiShellLib.obj
 0001:0000203c       ShellOpenFileByName        00000000000022dc f   UefiShellLib:UefiShellLib.obj
 0001:0000225c       ShellFindFirstFile         00000000000024fc f   UefiShellLib:UefiShellLib.obj
 0001:00002340       ShellIsFile                00000000000025e0 f   UefiShellLib:UefiShellLib.obj
 0001:00002390       UefiHiiServicesLibConstructor 0000000000002630 f   UefiHiiServicesLib:UefiHiiServicesLib.obj
 0001:000029e8       da_ShellOpen               0000000000002c88 f   DevShell:daShell.obj
 0001:00002f88       __ctor_DevShell            0000000000003228 f   DevShell:daShell.obj
 0001:00003084       __dtor_DevShell            0000000000003324 f   DevShell:daShell.obj
 0001:000030c4       DxeServicesTableLibConstructor 0000000000003364 f   DxeServicesTableLib:DxeServicesTableLib.obj
 0001:000030d8       EslConstructor             0000000000003378 f   EfiSocketLib:Init.obj
 0001:000030e0       EslDestructor              0000000000003380 f   EfiSocketLib:Init.obj
 0001:000030e8       EslServiceFreeProtocol     0000000000003388 f   EfiSocketLib:UseEfiSocketLib.obj
 0001:000031c0       EslServiceNetworkConnect   0000000000003460 f   EfiSocketLib:UseEfiSocketLib.obj
 0001:000032d8       EslServiceNetworkDisconnect 0000000000003578 f   EfiSocketLib:UseEfiSocketLib.obj
 0001:000034d8       EslServiceConnect          0000000000003778 f   EfiSocketLib:Service.obj
 0001:000036fc       EslSocket                  000000000000399c f   EfiSocketLib:Socket.obj
 0001:00003828       EslSocketAccept            0000000000003ac8 f   EfiSocketLib:Socket.obj
 0001:00003a14       EslSocketAllocate          0000000000003cb4 f   EfiSocketLib:Socket.obj
 0001:00003bac       EslSocketBind              0000000000003e4c f   EfiSocketLib:Socket.obj
 0001:00003d3c       EslSocketBindTest          0000000000003fdc f   EfiSocketLib:Socket.obj
 0001:00003dc4       EslSocketClosePoll         0000000000004064 f   EfiSocketLib:Socket.obj
 0001:00003ecc       EslSocketCloseStart        000000000000416c f   EfiSocketLib:Socket.obj
 0001:00003fb4       EslSocketConnect           0000000000004254 f   EfiSocketLib:Socket.obj
 0001:00004234       EslSocketCopyFragmentedBuffer 00000000000044d4 f   EfiSocketLib:Socket.obj
 0001:000042d0       EslSocketGetLocalAddress   0000000000004570 f   EfiSocketLib:Socket.obj
 0001:00004470       EslSocketGetPeerAddress    0000000000004710 f   EfiSocketLib:Socket.obj
 0001:00004624       EslSocketIoFree            00000000000048c4 f   EfiSocketLib:Socket.obj
 0001:00004688       EslSocketIoInit            0000000000004928 f   EfiSocketLib:Socket.obj
 0001:00004738       EslSocketIsConfigured      00000000000049d8 f   EfiSocketLib:Socket.obj
 0001:000047d0       EslSocketListen            0000000000004a70 f   EfiSocketLib:Socket.obj
 0001:00004950       EslSocketOptionGet         0000000000004bf0 f   EfiSocketLib:Socket.obj
 0001:00004ae8       EslSocketOptionSet         0000000000004d88 f   EfiSocketLib:Socket.obj
 0001:00004c4c       EslSocketPacketAllocate    0000000000004eec f   EfiSocketLib:Socket.obj
 0001:00004cd0       EslSocketPoll              0000000000004f70 f   EfiSocketLib:Socket.obj
 0001:00004e68       EslSocketPortAllocate      0000000000005108 f   EfiSocketLib:Socket.obj
 0001:000050e8       EslSocketPortClose         0000000000005388 f   EfiSocketLib:Socket.obj
 0001:000052f4       EslSocketPortCloseComplete 0000000000005594 f   EfiSocketLib:Socket.obj
 0001:0000534c       EslSocketPortCloseRxDone   00000000000055ec f   EfiSocketLib:Socket.obj
 0001:00005394       EslSocketPortCloseStart    0000000000005634 f   EfiSocketLib:Socket.obj
 0001:000053fc       EslSocketPortCloseTxDone   000000000000569c f   EfiSocketLib:Socket.obj
 0001:00005498       EslSocketReceive           0000000000005738 f   EfiSocketLib:Socket.obj
 0001:00005930       EslSocketRxComplete        0000000000005bd0 f   EfiSocketLib:Socket.obj
 0001:00005aac       EslSocketRxStart           0000000000005d4c f   EfiSocketLib:Socket.obj
 0001:00005bf4       EslSocketShutdown          0000000000005e94 f   EfiSocketLib:Socket.obj
 0001:00005d18       EslSocketTransmit          0000000000005fb8 f   EfiSocketLib:Socket.obj
 0001:00005ed0       EslSocketTxComplete        0000000000006170 f   EfiSocketLib:Socket.obj
 0001:00005fd4       EslSocketTxStart           0000000000006274 f   EfiSocketLib:Socket.obj
 0001:000060a4       EslTcp6Accept              0000000000006344 f   EfiSocketLib:Tcp6.obj
 0001:00006128       EslTcp6ConnectComplete     00000000000063c8 f   EfiSocketLib:Tcp6.obj
 0001:000061c0       EslTcp6ConnectPoll         0000000000006460 f   EfiSocketLib:Tcp6.obj
 0001:000061c0       EslTcp4ConnectPoll         0000000000006460 f   EfiSocketLib:Tcp4.obj
 0001:00006378       EslTcp6ConnectStart        0000000000006618 f   EfiSocketLib:Tcp6.obj
 0001:00006484       EslTcp6Listen              0000000000006724 f   EfiSocketLib:Tcp6.obj
 0001:00006680       EslTcp6ListenComplete      0000000000006920 f   EfiSocketLib:Tcp6.obj
 0001:00006864       EslTcp6LocalAddressGet     0000000000006b04 f   EfiSocketLib:Tcp6.obj
 0001:000068a8       EslTcp6LocalAddressSet     0000000000006b48 f   EfiSocketLib:Tcp6.obj
 0001:00006940       EslTcp6PacketFree          0000000000006be0 f   EfiSocketLib:Tcp6.obj
 0001:00006940       EslTcp4PacketFree          0000000000006be0 f   EfiSocketLib:Tcp4.obj
 0001:00006948       EslTcp6PortAllocate        0000000000006be8 f   EfiSocketLib:Tcp6.obj
 0001:00006a38       EslTcp6PortClose           0000000000006cd8 f   EfiSocketLib:Tcp6.obj
 0001:00006a8c       EslTcp6PortCloseOp         0000000000006d2c f   EfiSocketLib:Tcp6.obj
 0001:00006aac       EslTcp6Receive             0000000000006d4c f   EfiSocketLib:Tcp6.obj
 0001:00006b78       EslTcp6RemoteAddressGet    0000000000006e18 f   EfiSocketLib:Tcp6.obj
 0001:00006bbc       EslTcp6RemoteAddressSet    0000000000006e5c f   EfiSocketLib:Tcp6.obj
 0001:00006c00       EslTcp4RxComplete          0000000000006ea0 f   EfiSocketLib:Tcp4.obj
 0001:00006c00       EslTcp6RxComplete          0000000000006ea0 f   EfiSocketLib:Tcp6.obj
 0001:00006c28       EslTcp4RxStart             0000000000006ec8 f   EfiSocketLib:Tcp4.obj
 0001:00006c28       EslTcp6RxStart             0000000000006ec8 f   EfiSocketLib:Tcp6.obj
 0001:00006c50       EslTcp6SocketIsConfigured  0000000000006ef0 f   EfiSocketLib:Tcp6.obj
 0001:00006c50       EslTcp4SocketIsConfigured  0000000000006ef0 f   EfiSocketLib:Tcp4.obj
 0001:00006c6c       EslTcp6TxBuffer            0000000000006f0c f   EfiSocketLib:Tcp6.obj
 0001:00006c6c       EslTcp4TxBuffer            0000000000006f0c f   EfiSocketLib:Tcp4.obj
 0001:00006e84       EslTcp4TxComplete          0000000000007124 f   EfiSocketLib:Tcp4.obj
 0001:00006e84       EslTcp6TxComplete          0000000000007124 f   EfiSocketLib:Tcp6.obj
 0001:00006ed8       EslTcp6TxOobComplete       0000000000007178 f   EfiSocketLib:Tcp6.obj
 0001:00006ed8       EslTcp4TxOobComplete       0000000000007178 f   EfiSocketLib:Tcp4.obj
 0001:00006f34       EslTcp6VerifyLocalIpAddress 00000000000071d4 f   EfiSocketLib:Tcp6.obj
 0001:000071bc       EslIp4LocalAddressGet      000000000000745c f   EfiSocketLib:Ip4.obj
 0001:000071dc       EslIp4LocalAddressSet      000000000000747c f   EfiSocketLib:Ip4.obj
 0001:00007284       EslIp4OptionGet            0000000000007524 f   EfiSocketLib:Ip4.obj
 0001:000072b8       EslIp4OptionSet            0000000000007558 f   EfiSocketLib:Ip4.obj
 0001:000072dc       EslIp4PacketFree           000000000000757c f   EfiSocketLib:Ip4.obj
 0001:00007300       EslIp4PortAllocate         00000000000075a0 f   EfiSocketLib:Ip4.obj
 0001:00007398       EslIp4Receive              0000000000007638 f   EfiSocketLib:Ip4.obj
 0001:00007464       EslIp4RemoteAddressGet     0000000000007704 f   EfiSocketLib:Ip4.obj
 0001:00007484       EslIp4RemoteAddressSet     0000000000007724 f   EfiSocketLib:Ip4.obj
 0001:000074bc       EslIp4RxComplete           000000000000775c f   EfiSocketLib:Ip4.obj
 0001:000074e4       EslIp4SocketIsConfigured   0000000000007784 f   EfiSocketLib:Ip4.obj
 0001:0000768c       EslIp4TxBuffer             000000000000792c f   EfiSocketLib:Ip4.obj
 0001:000078c4       EslIp4TxComplete           0000000000007b64 f   EfiSocketLib:Ip4.obj
 0001:000078c4       EslUdp6TxComplete          0000000000007b64 f   EfiSocketLib:Udp6.obj
 0001:00007924       EslIp4VerifyLocalIpAddress 0000000000007bc4 f   EfiSocketLib:Ip4.obj
 0001:00007a58       EslTcp4Accept              0000000000007cf8 f   EfiSocketLib:Tcp4.obj
 0001:00007af8       EslTcp4ConnectComplete     0000000000007d98 f   EfiSocketLib:Tcp4.obj
 0001:00007b90       EslTcp4ConnectStart        0000000000007e30 f   EfiSocketLib:Tcp4.obj
 0001:00007c98       EslTcp4Listen              0000000000007f38 f   EfiSocketLib:Tcp4.obj
 0001:00007e94       EslTcp4ListenComplete      0000000000008134 f   EfiSocketLib:Tcp4.obj
 0001:0000806c       EslTcp4LocalAddressGet     000000000000830c f   EfiSocketLib:Tcp4.obj
 0001:000080b0       EslTcp4LocalAddressSet     0000000000008350 f   EfiSocketLib:Tcp4.obj
 0001:000081c0       EslTcp4PortAllocate        0000000000008460 f   EfiSocketLib:Tcp4.obj
 0001:000082b0       EslTcp4PortClose           0000000000008550 f   EfiSocketLib:Tcp4.obj
 0001:00008304       EslTcp4PortCloseOp         00000000000085a4 f   EfiSocketLib:Tcp4.obj
 0001:00008324       EslTcp4Receive             00000000000085c4 f   EfiSocketLib:Tcp4.obj
 0001:000083f0       EslTcp4RemoteAddressGet    0000000000008690 f   EfiSocketLib:Tcp4.obj
 0001:00008434       EslTcp4RemoteAddressSet    00000000000086d4 f   EfiSocketLib:Tcp4.obj
 0001:000084a8       EslTcp4VerifyLocalIpAddress 0000000000008748 f   EfiSocketLib:Tcp4.obj
 0001:000085dc       EslUdp4LocalAddressGet     000000000000887c f   EfiSocketLib:Udp4.obj
 0001:00008620       EslUdp4LocalAddressSet     00000000000088c0 f   EfiSocketLib:Udp4.obj
 0001:00008724       EslUdp4PacketFree          00000000000089c4 f   EfiSocketLib:Udp4.obj
 0001:00008748       EslUdp4PortAllocate        00000000000089e8 f   EfiSocketLib:Udp4.obj
 0001:000087c8       EslUdp4Receive             0000000000008a68 f   EfiSocketLib:Udp4.obj
 0001:00008864       EslUdp4RemoteAddressGet    0000000000008b04 f   EfiSocketLib:Udp4.obj
 0001:000088a8       EslUdp4RemoteAddressSet    0000000000008b48 f   EfiSocketLib:Udp4.obj
 0001:000088fc       EslUdp4RxComplete          0000000000008b9c f   EfiSocketLib:Udp4.obj
 0001:00008920       EslUdp4SocketIsConfigured  0000000000008bc0 f   EfiSocketLib:Udp4.obj
 0001:00008ac0       EslUdp4TxBuffer            0000000000008d60 f   EfiSocketLib:Udp4.obj
 0001:00008ccc       EslUdp4TxComplete          0000000000008f6c f   EfiSocketLib:Udp4.obj
 0001:00008d2c       EslUdp4VerifyLocalIpAddress 0000000000008fcc f   EfiSocketLib:Udp4.obj
 0001:00008e60       EslUdp6LocalAddressGet     0000000000009100 f   EfiSocketLib:Udp6.obj
 0001:00008ea4       EslUdp6LocalAddressSet     0000000000009144 f   EfiSocketLib:Udp6.obj
 0001:00008f30       EslUdp6PacketFree          00000000000091d0 f   EfiSocketLib:Udp6.obj
 0001:00008f54       EslUdp6PortAllocate        00000000000091f4 f   EfiSocketLib:Udp6.obj
 0001:00008fcc       EslUdp6Receive             000000000000926c f   EfiSocketLib:Udp6.obj
 0001:00009068       EslUdp6RemoteAddressGet    0000000000009308 f   EfiSocketLib:Udp6.obj
 0001:000090ac       EslUdp6RemoteAddressSet    000000000000934c f   EfiSocketLib:Udp6.obj
 0001:000090f0       EslUdp6RxComplete          0000000000009390 f   EfiSocketLib:Udp6.obj
 0001:00009114       EslUdp6SocketIsConfigured  00000000000093b4 f   EfiSocketLib:Udp6.obj
 0001:000092b8       EslUdp6TxBuffer            0000000000009558 f   EfiSocketLib:Udp6.obj
 0001:000094b0       EslUdp6VerifyLocalIpAddress 0000000000009750 f   EfiSocketLib:Udp6.obj
 0001:00009738       PortAdd                    00000000000099d8 f   WebServer:WebServer.obj
 0001:00009b80       PortRemove                 0000000000009e20 f   WebServer:WebServer.obj
 0001:00009d98       PortWork                   000000000000a038 f   WebServer:WebServer.obj
 0001:0000a15c       SocketPoll                 000000000000a3fc f   WebServer:WebServer.obj
 0001:0000a310       WebServerListen            000000000000a5b0 f   WebServer:WebServer.obj
 0001:0000a530       main                       000000000000a7d0 f   WebServer:WebServer.obj
 0001:0000a7ac       HttpCharGet                000000000000aa4c f   WebServer:HTTP.obj
 0001:0000a8dc       HttpFlush                  000000000000ab7c f   WebServer:HTTP.obj
 0001:0000aa08       HttpLowerCase              000000000000aca8 f   WebServer:HTTP.obj
 0001:0000aa34       HttpMatch                  000000000000acd4 f   WebServer:HTTP.obj
 0001:0000aaf4       HttpPageHeader             000000000000ad94 f   WebServer:HTTP.obj
 0001:0000acbc       HttpPageNotFound           000000000000af5c f   WebServer:HTTP.obj
 0001:0000adb8       HttpPageTrailer            000000000000b058 f   WebServer:HTTP.obj
 0001:0000b010       HttpReplaceSpace           000000000000b2b0 f   WebServer:HTTP.obj
 0001:0000b088       HttpRequest                000000000000b328 f   WebServer:HTTP.obj
 0001:0000b330       HttpSend                   000000000000b5d0 f   WebServer:HTTP.obj
 0001:0000b420       HttpSendAnsiString         000000000000b6c0 f   WebServer:HTTP.obj
 0001:0000b498       HttpSendByte               000000000000b738 f   WebServer:HTTP.obj
 0001:0000b4d4       HttpSendCharacter          000000000000b774 f   WebServer:HTTP.obj
 0001:0000b5e0       HttpSendDump               000000000000b880 f   WebServer:HTTP.obj
 0001:0000b984       HttpSendGuid               000000000000bc24 f   WebServer:HTTP.obj
 0001:0000bbe8       HttpSendHexBits            000000000000be88 f   WebServer:HTTP.obj
 0001:0000bc88       HttpSendHexValue           000000000000bf28 f   WebServer:HTTP.obj
 0001:0000bd38       HttpSendIp6Value           000000000000bfd8 f   WebServer:HTTP.obj
 0001:0000beec       HttpSendIpAddress          000000000000c18c f   WebServer:HTTP.obj
 0001:0000c1ec       HttpSendUnicodeString      000000000000c48c f   WebServer:HTTP.obj
 0001:0000c38c       HttpSendValue              000000000000c62c f   WebServer:HTTP.obj
 0001:0000c5d4       LocateRsdt                 000000000000c874 f   WebServer:ACPI.obj
 0001:0000c64c       LocateTable                000000000000c8ec f   WebServer:ACPI.obj
 0001:0000c734       RowAnsiArray               000000000000c9d4 f   WebServer:ACPI.obj
 0001:0000c99c       RowBytes                   000000000000cc3c f   WebServer:ACPI.obj
 0001:0000caf0       RowDump                    000000000000cd90 f   WebServer:ACPI.obj
 0001:0000cbbc       RowGenericAddress          000000000000ce5c f   WebServer:ACPI.obj
 0001:0000cff4       SignatureLookup            000000000000d294 f   WebServer:ACPI.obj
 0001:0000d098       AcpiApicPage               000000000000d338 f   WebServer:ACPI.obj
 0001:0000d24c       AcpiBgrtPage               000000000000d4ec f   WebServer:ACPI.obj
 0001:0000d400       AcpiDsdtPage               000000000000d6a0 f   WebServer:ACPI.obj
 0001:0000d764       AcpiFadtPage               000000000000da04 f   WebServer:ACPI.obj
 0001:0000e744       AcpiHpetPage               000000000000e9e4 f   WebServer:ACPI.obj
 0001:0000e8f8       AcpiMcfgPage               000000000000eb98 f   WebServer:ACPI.obj
 0001:0000eaac       AcpiRsdp10Page             000000000000ed4c f   WebServer:ACPI.obj
 0001:0000ecdc       AcpiRsdp30Page             000000000000ef7c f   WebServer:ACPI.obj
 0001:0000eff8       AcpiRsdtPage               000000000000f298 f   WebServer:ACPI.obj
 0001:0000f428       AcpiSsdtPage               000000000000f6c8 f   WebServer:ACPI.obj
 0001:0000f5dc       AcpiTcpaPage               000000000000f87c f   WebServer:ACPI.obj
 0001:0000f790       AcpiUefiPage               000000000000fa30 f   WebServer:ACPI.obj
 0001:0000f944       RebootPage                 000000000000fbe4 f   WebServer:Reboot.obj
 0001:0000faa8       BootServicesTablePage      000000000000fd48 f   WebServer:BootServicesTable.obj
 0001:00010630       IndexPage                  00000000000108d0 f   WebServer:Index.obj
 0001:000108e8       HelloPage                  0000000000010b88 f   WebServer:Hello.obj
 0001:000109e4       DxeServicesTablePage       0000000000010c84 f   WebServer:DxeServicesTable.obj
 0001:00010ee0       ExitPage                   0000000000011180 f   WebServer:Exit.obj
 0001:00010fe0       DhcpOptionsPage            0000000000011280 f   WebServer:DhcpOptions.obj
 0001:0001133c       HandlePage                 00000000000115dc f   WebServer:Handles.obj
 0001:00011958       MemoryMapPage              0000000000011bf8 f   WebServer:MemoryMap.obj
 0001:00012084       FirmwarePage               0000000000012324 f   WebServer:Firmware.obj
 0001:000121f0       EfiTableHeader             0000000000012490 f   WebServer:SystemTable.obj
 0001:0001238c       RowDecimalValue            000000000001262c f   WebServer:SystemTable.obj
 0001:000124d8       RowHexValue                0000000000012778 f   WebServer:SystemTable.obj
 0001:000126cc       RowPointer                 000000000001296c f   WebServer:SystemTable.obj
 0001:000128f0       RowRevision                0000000000012b90 f   WebServer:SystemTable.obj
 0001:00012a94       RowUnicodeString           0000000000012d34 f   WebServer:SystemTable.obj
 0001:00012be0       TableHeader                0000000000012e80 f   WebServer:SystemTable.obj
 0001:00012d60       TableTrailer               0000000000013000 f   WebServer:SystemTable.obj
 0001:00012e38       SystemTablePage            00000000000130d8 f   WebServer:SystemTable.obj
 0001:000131e4       RowGuid                    0000000000013484 f   WebServer:ConfigurationTable.obj
 0001:000136bc       ConfigurationTablePage     000000000001395c f   WebServer:ConfigurationTable.obj
 0001:0001387c       PortsPage                  0000000000013b1c f   WebServer:Ports.obj
 0001:00013ad0       MtrrDisplayFixedRow        0000000000013d70 f   WebServer:Mtrr.obj
 0001:00013c34       MemoryTypeRegistersPage    0000000000013ed4 f   WebServer:Mtrr.obj
 0001:00014e44       RuntimeSservicesTablePage  00000000000150e4 f   WebServer:RuntimeServicesTable.obj
 0001:00015c54       time                       0000000000015ef4 f   LibTime:Time.obj
 0001:00015d0c       gmtsub                     0000000000015fac f   LibTime:Time.obj
 0001:00015e84       Efi2Time                   0000000000016124 f   LibTime:TimeEfi.obj
 0001:00015ef0       Time2Efi                   0000000000016190 f   LibTime:TimeEfi.obj
 0001:000168a8       tzset                      0000000000016b48 f   LibTime:ZoneProc.obj
 0001:00016c98       DecodeOneStateful          0000000000016f38 f   LibLocale:multibyte_Utf8.obj
 0001:00016d3c       OneWcToMcLen               0000000000016fdc f   LibLocale:multibyte_Utf8.obj
 0001:00016d84       EstimateWtoM               0000000000017024 f   LibLocale:multibyte_Utf8.obj
 0001:00016ddc       EncodeUtf8                 000000000001707c f   LibLocale:multibyte_Utf8.obj
 0001:00016e88       wcrtomb                    0000000000017128 f   LibLocale:multibyte_Utf8.obj
 0001:00016ecc       wcsrtombs                  000000000001716c f   LibLocale:multibyte_Utf8.obj
 0001:00016f98       fbadop_rename              0000000000017238 f   DevUtility:DevGenisis.obj
 0001:00016f98       fbadop_delete              0000000000017238 f   DevUtility:DevGenisis.obj
 0001:00016f98       fbadop_rmdir               0000000000017238 f   DevUtility:DevGenisis.obj
 0001:00016f98       fbadop_mkdir               0000000000017238 f   DevUtility:DevGenisis.obj
 0001:00016f98       fbadop_stat                0000000000017238 f   DevUtility:DevGenisis.obj
 0001:00016f98       fbadop_ioctl               0000000000017238 f   DevUtility:DevGenisis.obj
 0001:00016fa8       __DevRegister              0000000000017248 f   DevUtility:DevGenisis.obj
 0001:00017074       ClassifyPath               0000000000017314 f   DevUtility:Path.obj
 0001:0001715c       NormalizePath              00000000000173fc f   DevUtility:Path.obj
 0001:000171dc       ParsePath                  000000000001747c f   DevUtility:Path.obj
 0001:000175b0       __DevSearch                0000000000017850 f   DevUtility:DevSearch.obj
 0001:00017664       ValidateFD                 0000000000017904 f   LibUefi:SysCalls.obj
 0001:00017690       FindFreeFD                 0000000000017930 f   LibUefi:SysCalls.obj
 0001:000176d0       isatty                     0000000000017970 f   LibUefi:SysCalls.obj
 0001:00017714       close                      00000000000179b4 f   LibUefi:SysCalls.obj
 0001:000177e0       lseek                      0000000000017a80 f   LibUefi:SysCalls.obj
 0001:00017854       open                       0000000000017af4 f   LibUefi:SysCalls.obj
 0001:000179ac       poll                       0000000000017c4c f   LibUefi:SysCalls.obj
 0001:00017b34       EFI2errno                  0000000000017dd4 f   LibUefi:Xform.obj
 0001:00018134       __vfprintf_unlocked        00000000000183d4 f   LibStdio:vfprintf.obj
 0001:0001aec4       __swsetup                  000000000001b164 f   LibStdio:wsetup.obj
 0001:0001af7c       fflush                     000000000001b21c f   LibStdio:fflush.obj
 0001:0001b010       __sflush                   000000000001b2b0 f   LibStdio:fflush.obj
 0001:0001b098       __sfvwrite                 000000000001b338 f   LibStdio:fvwrite.obj
 0001:0001b3a4       __smakebuf                 000000000001b644 f   LibStdio:makebuf.obj
 0001:0001b470       __swhatbuf                 000000000001b710 f   LibStdio:makebuf.obj
 0001:0001b54c       _cleanup                   000000000001b7ec f   LibStdio:findfp.obj
 0001:0001b554       __sinit                    000000000001b7f4 f   LibStdio:findfp.obj
 0001:0001b59c       __sread                    000000000001b83c f   LibStdio:stdio.obj
 0001:0001b668       __swrite                   000000000001b908 f   LibStdio:stdio.obj
 0001:0001b738       __sseek                    000000000001b9d8 f   LibStdio:stdio.obj
 0001:0001b788       __sclose                   000000000001ba28 f   LibStdio:stdio.obj
 0001:0001b7a4       abort                      000000000001ba44 f   LibStdLib:Environs.obj
 0001:0001b824       exit                       000000000001bac4 f   LibStdLib:Environs.obj
 0001:0001b858       malloc                     000000000001baf8 f   LibStdLib:Malloc.obj
 0001:0001b91c       calloc                     000000000001bbbc f   LibStdLib:Malloc.obj
 0001:0001b95c       free                       000000000001bbfc f   LibStdLib:Malloc.obj
 0001:0001b9dc       realloc                    000000000001bc7c f   LibStdLib:Malloc.obj
 0001:0001babc       InternalAllocatePool       000000000001bd5c f   UefiMemoryAllocationLib:MemoryAllocationLib.obj
 0001:0001baec       AllocateZeroPool           000000000001bd8c f   UefiMemoryAllocationLib:MemoryAllocationLib.obj
 0001:0001bb14       AllocateCopyPool           000000000001bdb4 f   UefiMemoryAllocationLib:MemoryAllocationLib.obj
 0001:0001bb4c       FreePool                   000000000001bdec f   UefiMemoryAllocationLib:MemoryAllocationLib.obj
 0001:0001bb58       AsciiSPrint                000000000001bdf8 f   BasePrintLib:PrintLib.obj
 0001:0001bb80       BasePrintLibFillBuffer     000000000001be20 f   BasePrintLib:PrintLibInternal.obj
 0001:0001bbb4       BasePrintLibValueToString  000000000001be54 f   BasePrintLib:PrintLibInternal.obj
 0001:0001bc04       BasePrintLibSPrintMarker   000000000001bea4 f   BasePrintLib:PrintLibInternal.obj
 0001:0001c994       BasePrintLibSPrint         000000000001cc34 f   BasePrintLib:PrintLibInternal.obj
 0001:0001c9b8       bswap16                    000000000001cc58 f   LibC:ByteSwap.obj
 0001:0001c9c0       __assert                   000000000001cc60 f   LibC:assert.obj
 0001:0001cfc4       New_cIIO                   000000000001d264 f   LibIIO:IIO.obj
 0001:0001d0c0       IIO_GetDeviceProto         000000000001d360 f   LibIIO:IIOutilities.obj
 0001:0001d100       IIO_GetCursorPosition      000000000001d3a0 f   LibIIO:IIOutilities.obj
 0001:0001d16c       IIO_SetCursorPosition      000000000001d40c f   LibIIO:IIOutilities.obj
 0001:0001d1f8       IIO_GetOutputSize          000000000001d498 f   LibIIO:IIOutilities.obj
 0001:0001d2a8       IIO_WriteOne               000000000001d548 f   LibIIO:IIOwrite.obj
 0001:0001d4e8       IIO_EchoOne                000000000001d788 f   LibIIO:IIOecho.obj
 0001:0001d6f8       IIO_CanonRead              000000000001d998 f   LibIIO:CanonRead.obj
 0001:0001d9b0       FileHandleGetInfo          000000000001dc50 f   UefiFileHandleLib:UefiFileHandleLib.obj
 0001:0001da38       FileHandleSetInfo          000000000001dcd8 f   UefiFileHandleLib:UefiFileHandleLib.obj
 0001:0001da60       FileHandleRead             000000000001dd00 f   UefiFileHandleLib:UefiFileHandleLib.obj
 0001:0001da74       FileHandleWrite            000000000001dd14 f   UefiFileHandleLib:UefiFileHandleLib.obj
 0001:0001da88       FileHandleClose            000000000001dd28 f   UefiFileHandleLib:UefiFileHandleLib.obj
 0001:0001da9c       FileHandleDelete           000000000001dd3c f   UefiFileHandleLib:UefiFileHandleLib.obj
 0001:0001dab0       FileHandleSetPosition      000000000001dd50 f   UefiFileHandleLib:UefiFileHandleLib.obj
 0001:0001dac4       FileHandleGetPosition      000000000001dd64 f   UefiFileHandleLib:UefiFileHandleLib.obj
 0001:0001dae0       FileHandleFlush            000000000001dd80 f   UefiFileHandleLib:UefiFileHandleLib.obj
 0001:0001daf4       FileHandleIsDirectory      000000000001dd94 f   UefiFileHandleLib:UefiFileHandleLib.obj
 0001:0001db40       FileHandleGetSize          000000000001dde0 f   UefiFileHandleLib:UefiFileHandleLib.obj
 0001:0001db94       recv                       000000000001de34 f   BsdSocketLib:recv.obj
 0001:0001dba4       BslFdToSocketProtocol      000000000001de44 f   BsdSocketLib:socket.obj
 0001:0001dc0c       BslSocketProtocolToFd      000000000001deac f   BsdSocketLib:socket.obj
 0001:0001dc78       socket                     000000000001df18 f   BsdSocketLib:socket.obj
 0001:0001dd08       listen                     000000000001dfa8 f   BsdSocketLib:listen.obj
 0001:0001dd40       bind                       000000000001dfe0 f   BsdSocketLib:bind.obj
 0001:0001dd88       AcceptWork                 000000000001e028 f   BsdSocketLib:accept.obj
 0001:0001de3c       accept                     000000000001e0dc f   BsdSocketLib:accept.obj
 0001:0001de48       send                       000000000001e0e8 f   BsdSocketLib:send.obj
 0001:0001df24       getsockname                000000000001e1c4 f   BsdSocketLib:getsockname.obj
 0001:0001df78       getpeername                000000000001e218 f   BsdSocketLib:getpeername.obj
 0001:0001dfcc       recvfrom                   000000000001e26c f   BsdSocketLib:recvfrom.obj
 0001:0001e200       BslSocketCloseWork         000000000001e4a0 f   BsdSocketLib:close.obj
 0001:0001e270       BslSocketClose             000000000001e510 f   BsdSocketLib:close.obj
 0001:0001e2b8       BslSocketPoll              000000000001e558 f   BsdSocketLib:poll.obj
 0001:0001e30c       BslSocketRead              000000000001e5ac f   BsdSocketLib:read.obj
 0001:0001e324       BslSocketWrite             000000000001e5c4 f   BsdSocketLib:write.obj
 0001:0001e334       MtrrGetFixedMtrrWorker     000000000001e5d4 f   MtrrLib:MtrrLib.obj
 0001:0001e38c       MtrrGetVariableMtrrWorker  000000000001e62c f   MtrrLib:MtrrLib.obj
 0001:0001e3f4       MtrrGetAllMtrrs            000000000001e694 f   MtrrLib:MtrrLib.obj
 0001:0001e440       IsMtrrSupported            000000000001e6e0 f   MtrrLib:MtrrLib.obj
 0001:0001e48c       __dtoa                     000000000001e72c f   LibGdtoa:dtoa.obj
 0001:0001f244       __nrv_alloc_D2A            000000000001f4e4 f   LibGdtoa:dmisc.obj
 0001:0001f2d0       __quorem_D2A               000000000001f570 f   LibGdtoa:dmisc.obj
 0001:0001f418       __Balloc_D2A               000000000001f6b8 f   LibGdtoa:misc.obj
 0001:0001f4bc       __lo0bits_D2A              000000000001f75c f   LibGdtoa:misc.obj
 0001:0001f530       __multadd_D2A              000000000001f7d0 f   LibGdtoa:misc.obj
 0001:0001f600       __hi0bits_D2A              000000000001f8a0 f   LibGdtoa:misc.obj
 0001:0001f650       __mult_D2A                 000000000001f8f0 f   LibGdtoa:misc.obj
 0001:0001f780       __pow5mult_D2A             000000000001fa20 f   LibGdtoa:misc.obj
 0001:0001f854       __lshift_D2A               000000000001faf4 f   LibGdtoa:misc.obj
 0001:0001f964       __cmp_D2A                  000000000001fc04 f   LibGdtoa:misc.obj
 0001:0001f9a8       __diff_D2A                 000000000001fc48 f   LibGdtoa:misc.obj
 0001:0001fae0       __d2b_D2A                  000000000001fd80 f   LibGdtoa:misc.obj
 0001:0001feb0       localeconv                 0000000000020150 f   LibLocale:localeconv.obj
 0001:0001ff90       printf                     0000000000020230 f   LibStdio:printf.obj
 0001:000204ec       New_cFIFO                  000000000002078c f   LibContainer:Fifo.obj
 0001:000205dc       memset                     000000000002087c f   LibString:Misc.obj
 0001:000205ec       strerror                   000000000002088c f   LibString:Misc.obj
 0001:00020620       strerror_r                 00000000000208c0 f   LibString:Misc.obj
 0001:00020688       strlen                     0000000000020928 f   LibString:Misc.obj
 0001:00020690       memcpy                     0000000000020930 f   LibString:Copying.obj
 0001:00020698       strdup                     0000000000020938 f   LibString:Copying.obj
 0001:000206e8       strncpy                    0000000000020988 f   LibString:Copying.obj
 0001:000206f0       strncpyX                   0000000000020990 f   LibString:Copying.obj
 0001:00020730       strcmp                     00000000000209d0 f   LibString:Comparison.obj
 0001:00020738       AsciiStrCmp                00000000000209d8 f   BaseLib:String.obj
 0001:000207d0       AsciiStrLen                0000000000020a70 f   BaseLib:String.obj
 0001:00020858       AsciiStrToUnicodeStr       0000000000020af8 f   BaseLib:String.obj
 0001:000209a0       AsciiStrnCpy               0000000000020c40 f   BaseLib:String.obj
 0001:00020abc       StrCmp                     0000000000020d5c f   BaseLib:String.obj
 0001:00020b70       StrLen                     0000000000020e10 f   BaseLib:String.obj
 0001:00020c28       StrSize                    0000000000020ec8 f   BaseLib:String.obj
 0001:00020c40       StrStr                     0000000000020ee0 f   BaseLib:String.obj
 0001:00020d1c       StrnCat                    0000000000020fbc f   BaseLib:String.obj
 0001:00020dac       StrnCmp                    000000000002104c f   BaseLib:String.obj
 0001:00020ebc       StrnCpy                    000000000002115c f   BaseLib:String.obj
 0001:00021010       UnicodeStrToAsciiStr       00000000000212b0 f   BaseLib:String.obj
 0001:0002117c       ReadUnaligned16            000000000002141c f   BaseLib:Unaligned.obj
 0001:000211b4       ReadUnaligned32            0000000000021454 f   BaseLib:Unaligned.obj
 0001:000211ec       ReadUnaligned64            000000000002148c f   BaseLib:Unaligned.obj
 0001:00021224       AsciiStrnLenS              00000000000214c4 f   BaseLib:SafeString.obj
 0001:00021250       StrnLenS                   00000000000214f0 f   BaseLib:SafeString.obj
 0001:000212cc       GetFirstNode               000000000002156c f   BaseLib:LinkedList.obj
 0001:0002130c       GetNextNode                00000000000215ac f   BaseLib:LinkedList.obj
 0001:00021384       InsertTailList             0000000000021624 f   BaseLib:LinkedList.obj
 0001:0002140c       InternalBaseLibIsListValid 00000000000216ac f   BaseLib:LinkedList.obj
 0001:000214c4       IsListEmpty                0000000000021764 f   BaseLib:LinkedList.obj
 0001:00021508       IsNodeInList               00000000000217a8 f   BaseLib:LinkedList.obj
 0001:000215b0       RemoveEntryList            0000000000021850 f   BaseLib:LinkedList.obj
 0001:00021604       PathCleanUpDirectories     00000000000218a4 f   BaseLib:FilePaths.obj
 0001:00021760       PathRemoveLastItem         0000000000021a00 f   BaseLib:FilePaths.obj
 0001:000217bc       LShiftU64                  0000000000021a5c f   BaseLib:LShiftU64.obj
 0001:00021808       SwapBytes16                0000000000021aa8 f   BaseLib:SwapBytes16.obj
 0001:00021818       AsmReadMsr64               0000000000021ab8 f   BaseLib:ReadMsr64.obj
 0001:00021824       DivU64x32Remainder         0000000000021ac4 f   BaseLib:DivU64x32Remainder.obj
 0001:0002187c       InternalAssertJumpBuffer   0000000000021b1c f   BaseLib:SetJump.obj
 0001:000218d8       InternalMathDivRemU64x32   0000000000021b78 f   BaseLib:Math64.obj
 0001:000218f4       InternalMathLShiftU64      0000000000021b94 f   BaseLib:Math64.obj
 0001:00021900       CopyMem                    0000000000021ba0 f   BaseMemoryLib:CopyMemWrapper.obj
 0001:000219a8       CompareGuid                0000000000021c48 f   BaseMemoryLib:MemLibGuid.obj
 0001:00021a10       ZeroMem                    0000000000021cb0 f   BaseMemoryLib:ZeroMemWrapper.obj
 0001:00021a90       SetMem                     0000000000021d30 f   BaseMemoryLib:SetMemWrapper.obj
 0001:00021b00       InternalMemCopyMem         0000000000021da0 f   BaseMemoryLib:CopyMem.obj
 0001:00021cb4       InternalMemScanMem8        0000000000021f54 f   BaseMemoryLib:MemLibGeneric.obj
 0001:00021ccc       InternalMemSetMem16        0000000000021f6c f   BaseMemoryLib:MemLibGeneric.obj
 0001:00021cec       InternalMemZeroMem         0000000000021f8c f   BaseMemoryLib:MemLibGeneric.obj
 0001:00021cf4       InternalMemSetMem          0000000000021f94 f   BaseMemoryLib:SetMem.obj
 0001:00021dd4       memchr                     0000000000022074 f   LibString:Searching.obj
 0001:00021de4       LongJump                   0000000000022084 f   BaseLib:LongJump.obj
 0001:00021e34       SetMem16                   00000000000220d4 f   BaseMemoryLib:SetMem16Wrapper.obj
 0001:00021f20       ScanMem8                   00000000000221c0 f   BaseMemoryLib:ScanMem8Wrapper.obj
 0002:00000000       _cClass                    0000000000022260     LibCtype:iCtype.obj
 0002:00000008       gEfiMemoryTypeInformationGuid 0000000000022268     WebServer:AutoGen.obj
 0002:00000018       gEfiUnicodeCollation2ProtocolGuid 0000000000022278     WebServer:AutoGen.obj
 0002:00000028       gLoadFixedAddressConfigurationTableGuid 0000000000022288     WebServer:AutoGen.obj
 0002:00000038       gEfiShellEnvironment2ExtGuid 0000000000022298     WebServer:AutoGen.obj
 0002:00000048       gEfiFileInfoGuid           00000000000222a8     WebServer:AutoGen.obj
 0002:00000058       gEfiIp6ConfigProtocolGuid  00000000000222b8     WebServer:AutoGen.obj
 0002:00000068       gEfiHiiConfigRoutingProtocolGuid 00000000000222c8     WebServer:AutoGen.obj
 0002:00000078       gEfiAcpi10TableGuid        00000000000222d8     WebServer:AutoGen.obj
 0002:00000088       gEfiUdp4ServiceBindingProtocolGuid 00000000000222e8     WebServer:AutoGen.obj
 0002:00000098       gEfiAcpiTableGuid          00000000000222f8     WebServer:AutoGen.obj
 0002:000000a8       gEfiIp4Config2ProtocolGuid 0000000000022308     WebServer:AutoGen.obj
 0002:000000b8       gEfiHiiImageProtocolGuid   0000000000022318     WebServer:AutoGen.obj
 0002:000000c8       gEfiIp4ServiceBindingProtocolGuid 0000000000022328     WebServer:AutoGen.obj
 0002:000000d8       gEfiDebugImageInfoTableGuid 0000000000022338     WebServer:AutoGen.obj
 0002:000000e8       gEfiUdp6ProtocolGuid       0000000000022348     WebServer:AutoGen.obj
 0002:000000f8       gEfiShellParametersProtocolGuid 0000000000022358     WebServer:AutoGen.obj
 0002:00000108       gEfiHiiDatabaseProtocolGuid 0000000000022368     WebServer:AutoGen.obj
 0002:00000118       gEfiSimpleFileSystemProtocolGuid 0000000000022378     WebServer:AutoGen.obj
 0002:00000128       gEfiHiiStringProtocolGuid  0000000000022388     WebServer:AutoGen.obj
 0002:00000138       gEfiUdp6ServiceBindingProtocolGuid 0000000000022398     WebServer:AutoGen.obj
 0002:00000148       gEfiShellEnvironment2Guid  00000000000223a8     WebServer:AutoGen.obj
 0002:00000158       gEfiHobListGuid            00000000000223b8     WebServer:AutoGen.obj
 0002:00000168       gEfiIp4ProtocolGuid        00000000000223c8     WebServer:AutoGen.obj
 0002:00000178       gEfiSocketProtocolGuid     00000000000223d8     WebServer:AutoGen.obj
 0002:00000188       gEfiShellProtocolGuid      00000000000223e8     WebServer:AutoGen.obj
 0002:00000198       gEfiUdp4ProtocolGuid       00000000000223f8     WebServer:AutoGen.obj
 0002:000001a8       gEfiTcp4ServiceBindingProtocolGuid 0000000000022408     WebServer:AutoGen.obj
 0002:000001b8       gEfiDxeServicesTableGuid   0000000000022418     WebServer:AutoGen.obj
 0002:000001c8       gEfiCallerIdGuid           0000000000022428     WebServer:AutoGen.obj
 0002:000001d8       gEfiDhcp4ProtocolGuid      0000000000022438     WebServer:AutoGen.obj
 0002:000001e8       gEfiTcp6ServiceBindingProtocolGuid 0000000000022448     WebServer:AutoGen.obj
 0002:000001f8       gEfiTcp6ProtocolGuid       0000000000022458     WebServer:AutoGen.obj
 0002:00000208       gEfiShellInterfaceGuid     0000000000022468     WebServer:AutoGen.obj
 0002:00000218       gEfiTcp4ProtocolGuid       0000000000022478     WebServer:AutoGen.obj
 0002:00000228       gEfiHiiFontProtocolGuid    0000000000022488     WebServer:AutoGen.obj
 0002:00000238       _fltused                   0000000000022498     LibC:errno.obj
 0002:00000240       cEslAfInet6Api             00000000000224a0     EfiSocketLib:Socket.obj
 0002:00000270       cEslAfInetApi              00000000000224d0     EfiSocketLib:Socket.obj
 0002:000002a0       mpMemoryType               0000000000022500     WebServer:MemoryMap.obj
 0002:000002c0       mMemoryType                0000000000022520     WebServer:Mtrr.obj
 0002:00000300       tzname                     0000000000022560     LibTime:ZoneProc.obj
 0002:00000310       daDeviceList               0000000000022570     DevUtility:DevGenisis.obj
 0002:00000340       __sF                       00000000000225a0     LibStdio:findfp.obj
 0002:00000550       __sglue                    00000000000227b0     LibStdio:findfp.obj
 0002:000005a8       __nlocale_changed          0000000000022808     LibLocale:localeconv.obj
 0002:000005ac       __mlocale_changed          000000000002280c     LibLocale:localeconv.obj
 0002:000005b0       ??_C@_0BD@FPJCFKFJ@Unknown?5Error?3?5?$CFd?4?$AA@ 0000000000022810     LibString:Misc.obj
 0002:000005d0       sys_errlist                0000000000022830     LibString:ErrorList.obj
 0002:000008f0       ??_C@_0BC@CMDFCGIM@No?5Error?5Detected?$AA@ 0000000000022b50     LibString:ErrorList.obj
 0002:00000908       ??_C@_0BI@BJFCGOHL@Operation?5not?5permitted?$AA@ 0000000000022b68     LibString:ErrorList.obj
 0002:00000920       ??_C@_0BK@FMDHKPNF@No?5such?5file?5or?5directory?$AA@ 0000000000022b80     LibString:ErrorList.obj
 0002:00000940       ??_C@_0BA@FKIAIBGA@No?5such?5process?$AA@ 0000000000022ba0     LibString:ErrorList.obj
 0002:00000950       ??_C@_0BI@EAGLFFDI@Interrupted?5system?5call?$AA@ 0000000000022bb0     LibString:ErrorList.obj
 0002:00000968       ??_C@_0BD@KKNFOBBD@Input?1output?5error?$AA@ 0000000000022bc8     LibString:ErrorList.obj
 0002:00000980       ??_C@_0BG@IEPFGEGM@Device?5not?5configured?$AA@ 0000000000022be0     LibString:ErrorList.obj
 0002:00000998       ??_C@_0BH@CCELHCFA@Argument?5list?5too?5long?$AA@ 0000000000022bf8     LibString:ErrorList.obj
 0002:000009b0       ??_C@_0BC@HKPNECK@Exec?5format?5error?$AA@ 0000000000022c10     LibString:ErrorList.obj
 0002:000009c8       ??_C@_0BE@NFGDDCEF@Bad?5file?5descriptor?$AA@ 0000000000022c28     LibString:ErrorList.obj
 0002:000009e0       ??_C@_0BD@LOHELEP@No?5child?5processes?$AA@ 0000000000022c40     LibString:ErrorList.obj
 0002:000009f8       ??_C@_0BK@JAEBMJJM@Resource?5deadlock?5avoided?$AA@ 0000000000022c58     LibString:ErrorList.obj
 0002:00000a18       ??_C@_0BH@DBCLIABC@Cannot?5allocate?5memory?$AA@ 0000000000022c78     LibString:ErrorList.obj
 0002:00000a30       ??_C@_0BC@HFNFNKAI@Permission?5denied?$AA@ 0000000000022c90     LibString:ErrorList.obj
 0002:00000a48       ??_C@_0M@LOEHLCJD@Bad?5address?$AA@ 0000000000022ca8     LibString:ErrorList.obj
 0002:00000a58       ??_C@_0BG@DDDDJJIM@Block?5device?5required?$AA@ 0000000000022cb8     LibString:ErrorList.obj
 0002:00000a70       ??_C@_0M@KEEOMFM@Device?5busy?$AA@ 0000000000022cd0     LibString:ErrorList.obj
 0002:00000a80       ??_C@_0M@NAAJNNGH@File?5exists?$AA@ 0000000000022ce0     LibString:ErrorList.obj
 0002:00000a90       ??_C@_0BC@OFBLDMPL@Cross?9device?5link?$AA@ 0000000000022cf0     LibString:ErrorList.obj
 0002:00000aa8       ??_C@_0CC@BGJGOOF@Operation?5not?5supported?5by?5devic@ 0000000000022d08     LibString:ErrorList.obj
 0002:00000ad0       ??_C@_0BA@CJBACOOL@Not?5a?5directory?$AA@ 0000000000022d30     LibString:ErrorList.obj
 0002:00000ae0       ??_C@_0P@NDHGCGKE@Is?5a?5directory?$AA@ 0000000000022d40     LibString:ErrorList.obj
 0002:00000af0       ??_C@_0BB@HMGGCEBG@Invalid?5argument?$AA@ 0000000000022d50     LibString:ErrorList.obj
 0002:00000b08       ??_C@_0BO@IIFBODJE@Too?5many?5open?5files?5in?5system?$AA@ 0000000000022d68     LibString:ErrorList.obj
 0002:00000b28       ??_C@_0BE@INBJMKGG@Too?5many?5open?5files?$AA@ 0000000000022d88     LibString:ErrorList.obj
 0002:00000b40       ??_C@_0BP@NAOGGPDI@Inappropriate?5ioctl?5for?5device?$AA@ 0000000000022da0     LibString:ErrorList.obj
 0002:00000b60       ??_C@_0P@HJGPGMF@Text?5file?5busy?$AA@ 0000000000022dc0     LibString:ErrorList.obj
 0002:00000b70       ??_C@_0P@LFMMIPAE@File?5too?5large?$AA@ 0000000000022dd0     LibString:ErrorList.obj
 0002:00000b80       ??_C@_0BI@FEALHKLD@No?5space?5left?5on?5device?$AA@ 0000000000022de0     LibString:ErrorList.obj
 0002:00000b98       ??_C@_0N@JPKNIBBK@Illegal?5seek?$AA@ 0000000000022df8     LibString:ErrorList.obj
 0002:00000ba8       ??_C@_0BF@JEDIFMJD@Read?9only?5filesystem?$AA@ 0000000000022e08     LibString:ErrorList.obj
 0002:00000bc0       ??_C@_0P@PKCJJLLM@Too?5many?5links?$AA@ 0000000000022e20     LibString:ErrorList.obj
 0002:00000bd0       ??_C@_0M@LHEPIIOM@Broken?5pipe?$AA@ 0000000000022e30     LibString:ErrorList.obj
 0002:00000be0       ??_C@_0CB@BNEAGFJG@Numerical?5argument?5out?5of?5domain@ 0000000000022e40     LibString:ErrorList.obj
 0002:00000c08       ??_C@_0BB@FCBJFCAJ@Result?5too?5large?$AA@ 0000000000022e68     LibString:ErrorList.obj
 0002:00000c20       ??_C@_0CB@EPFKGNAK@Resource?5temporarily?5unavailable@ 0000000000022e80     LibString:ErrorList.obj
 0002:00000c48       ??_C@_0BK@LBMNDGCG@Operation?5now?5in?5progress?$AA@ 0000000000022ea8     LibString:ErrorList.obj
 0002:00000c68       ??_C@_0BO@BMABNIPB@Operation?5already?5in?5progress?$AA@ 0000000000022ec8     LibString:ErrorList.obj
 0002:00000c88       ??_C@_0BP@MCCLAMPH@Socket?5operation?5on?5non?9socket?$AA@ 0000000000022ee8     LibString:ErrorList.obj
 0002:00000ca8       ??_C@_0BN@HFCIEIME@Destination?5address?5required?$AA@ 0000000000022f08     LibString:ErrorList.obj
 0002:00000cc8       ??_C@_0BB@NDAKHOCP@Message?5too?5long?$AA@ 0000000000022f28     LibString:ErrorList.obj
 0002:00000ce0       ??_C@_0BP@PDKJLOAE@Protocol?5wrong?5type?5for?5socket?$AA@ 0000000000022f40     LibString:ErrorList.obj
 0002:00000d00       ??_C@_0BH@HPHKDMA@Protocol?5not?5available?$AA@ 0000000000022f60     LibString:ErrorList.obj
 0002:00000d18       ??_C@_0BH@JNBKLLAJ@Protocol?5not?5supported?$AA@ 0000000000022f78     LibString:ErrorList.obj
 0002:00000d30       ??_C@_0BK@LMAIHBL@Socket?5type?5not?5supported?$AA@ 0000000000022f90     LibString:ErrorList.obj
 0002:00000d50       ??_C@_0BI@EDJAHLMH@Operation?5not?5supported?$AA@ 0000000000022fb0     LibString:ErrorList.obj
 0002:00000d68       ??_C@_0BO@EBCCBLCJ@Protocol?5family?5not?5supported?$AA@ 0000000000022fc8     LibString:ErrorList.obj
 0002:00000d88       ??_C@_0DA@KDGLCJJO@Address?5family?5not?5supported?5by?5@ 0000000000022fe8     LibString:ErrorList.obj
 0002:00000db8       ??_C@_0BH@LOKACPE@Address?5already?5in?5use?$AA@ 0000000000023018     LibString:ErrorList.obj
 0002:00000dd0       ??_C@_0BP@OKMOKAIP@Can?8t?5assign?5requested?5address?$AA@ 0000000000023030     LibString:ErrorList.obj
 0002:00000df0       ??_C@_0BA@LPIEBGEK@Network?5is?5down?$AA@ 0000000000023050     LibString:ErrorList.obj
 0002:00000e00       ??_C@_0BH@CIEOBPFM@Network?5is?5unreachable?$AA@ 0000000000023060     LibString:ErrorList.obj
 0002:00000e18       ??_C@_0CE@JHDCOCF@Network?5dropped?5connection?5on?5re@ 0000000000023078     LibString:ErrorList.obj
 0002:00000e40       ??_C@_0CB@DJAOADN@Software?5caused?5connection?5abort@ 00000000000230a0     LibString:ErrorList.obj
 0002:00000e68       ??_C@_0BJ@FJAMCHKE@Connection?5reset?5by?5peer?$AA@ 00000000000230c8     LibString:ErrorList.obj
 0002:00000e88       ??_C@_0BK@OCAHGMEA@No?5buffer?5space?5available?$AA@ 00000000000230e8     LibString:ErrorList.obj
 0002:00000ea8       ??_C@_0BM@CCONNCKE@Socket?5is?5already?5connected?$AA@ 0000000000023108     LibString:ErrorList.obj
 0002:00000ec8       ??_C@_0BI@ILAOGBJJ@Socket?5is?5not?5connected?$AA@ 0000000000023128     LibString:ErrorList.obj
 0002:00000ee0       ??_C@_0CB@IOOOMFJJ@Can?8t?5send?5after?5socket?5shutdown@ 0000000000023140     LibString:ErrorList.obj
 0002:00000f08       ??_C@_0CC@HOLLLFLE@Too?5many?5references?3?5can?8t?5splic@ 0000000000023168     LibString:ErrorList.obj
 0002:00000f30       ??_C@_0BE@JAEOFJAL@Operation?5timed?5out?$AA@ 0000000000023190     LibString:ErrorList.obj
 0002:00000f48       ??_C@_0BD@NPDMPPFP@Connection?5refused?$AA@ 00000000000231a8     LibString:ErrorList.obj
 0002:00000f60       ??_C@_0CC@CPDHMANB@Too?5many?5levels?5of?5symbolic?5link@ 00000000000231c0     LibString:ErrorList.obj
 0002:00000f88       ??_C@_0BD@CGPKCNP@File?5name?5too?5long?$AA@ 00000000000231e8     LibString:ErrorList.obj
 0002:00000fa0       ??_C@_0N@OHOPOBEF@Host?5is?5down?$AA@ 0000000000023200     LibString:ErrorList.obj
 0002:00000fb0       ??_C@_0BB@PFBILCPA@No?5route?5to?5host?$AA@ 0000000000023210     LibString:ErrorList.obj
 0002:00000fc8       ??_C@_0BE@ICMCHPHH@Directory?5not?5empty?$AA@ 0000000000023228     LibString:ErrorList.obj
 0002:00000fe0       ??_C@_0BD@LPHIGPM@Too?5many?5processes?$AA@ 0000000000023240     LibString:ErrorList.obj
 0002:00000ff8       ??_C@_0P@DAFGFIDC@Too?5many?5users?$AA@ 0000000000023258     LibString:ErrorList.obj
 0002:00001008       ??_C@_0BE@KMAIMPL@Disc?5quota?5exceeded?$AA@ 0000000000023268     LibString:ErrorList.obj
 0002:00001020       ??_C@_0BG@KNCBNNDC@Stale?5NFS?5file?5handle?$AA@ 0000000000023280     LibString:ErrorList.obj
 0002:00001038       ??_C@_0CC@DBGGHIAG@Too?5many?5levels?5of?5remote?5in?5pat@ 0000000000023298     LibString:ErrorList.obj
 0002:00001060       ??_C@_0BC@ICCGLAJN@RPC?5struct?5is?5bad?$AA@ 00000000000232c0     LibString:ErrorList.obj
 0002:00001078       ??_C@_0BC@FIMLNFGC@RPC?5version?5wrong?$AA@ 00000000000232d8     LibString:ErrorList.obj
 0002:00001090       ??_C@_0BE@HDGMLIGJ@RPC?5prog?4?5not?5avail?$AA@ 00000000000232f0     LibString:ErrorList.obj
 0002:000010a8       ??_C@_0BG@JOMPHNJI@Program?5version?5wrong?$AA@ 0000000000023308     LibString:ErrorList.obj
 0002:000010c0       ??_C@_0BK@LKNMDCLJ@Bad?5procedure?5for?5program?$AA@ 0000000000023320     LibString:ErrorList.obj
 0002:000010e0       ??_C@_0BD@CLHBCGPB@No?5locks?5available?$AA@ 0000000000023340     LibString:ErrorList.obj
 0002:000010f8       ??_C@_0BJ@IHEHINLI@Function?5not?5implemented?$AA@ 0000000000023358     LibString:ErrorList.obj
 0002:00001118       ??_C@_0CC@GLJPLFOJ@Inappropriate?5file?5type?5or?5forma@ 0000000000023378     LibString:ErrorList.obj
 0002:00001140       ??_C@_0BF@MOMJDFNI@Authentication?5error?$AA@ 00000000000233a0     LibString:ErrorList.obj
 0002:00001158       ??_C@_0BD@GDKJMNEO@Need?5authenticator?$AA@ 00000000000233b8     LibString:ErrorList.obj
 0002:00001170       ??_C@_0BD@LJPFLIMC@Identifier?5removed?$AA@ 00000000000233d0     LibString:ErrorList.obj
 0002:00001188       ??_C@_0BL@LAELPFGP@No?5message?5of?5desired?5type?$AA@ 00000000000233e8     LibString:ErrorList.obj
 0002:000011a8       ??_C@_0CK@NDEHDADK@Value?5too?5large?5to?5be?5stored?5in?5@ 0000000000023408     LibString:ErrorList.obj
 0002:000011d8       ??_C@_0BG@KLEAJEFJ@Illegal?5byte?5sequence?$AA@ 0000000000023438     LibString:ErrorList.obj
 0002:000011f0       ??_C@_0N@JIEBMMEB@Bad?5errno?586?$AA@ 0000000000023450     LibString:ErrorList.obj
 0002:00001200       ??_C@_0BD@OIDFIKFE@Operation?5canceled?$AA@ 0000000000023460     LibString:ErrorList.obj
 0002:00001218       ??_C@_0M@OEPJJONH@Bad?5message?$AA@ 0000000000023478     LibString:ErrorList.obj
 0002:00001228       ??_C@_0BF@GGKONPHM@No?5message?5available?$AA@ 0000000000023488     LibString:ErrorList.obj
 0002:00001240       ??_C@_0BE@HNNMKAI@No?5STREAM?5resources?$AA@ 00000000000234a0     LibString:ErrorList.obj
 0002:00001258       ??_C@_0N@BFKFJNP@Not?5a?5STREAM?$AA@ 00000000000234b8     LibString:ErrorList.obj
 0002:00001268       ??_C@_0BF@BKBOOGBB@STREAM?5ioctl?5timeout?$AA@ 00000000000234c8     LibString:ErrorList.obj
 0002:00001280       ??_C@_0BE@BOJAKOGO@Attribute?5not?5found?$AA@ 00000000000234e0     LibString:ErrorList.obj
 0002:00001298       ??_C@_0BC@MPFABHFK@Programming?5error?$AA@ 00000000000234f8     LibString:ErrorList.obj
 0002:000012b0       ??_C@_0BD@BLOHNAGF@Multihop?5attempted?$AA@ 0000000000023510     LibString:ErrorList.obj
 0002:000012c8       ??_C@_0BG@JIGCCAHA@Link?5has?5been?5severed?$AA@ 0000000000023528     LibString:ErrorList.obj
 0002:000012e0       ??_C@_0P@NFDLBHIK@Protocol?5error?$AA@ 0000000000023540     LibString:ErrorList.obj
 0002:000012f0       ??_C@_0CA@JBGHAFDD@Buffer?5too?5small?5to?5hold?5result?$AA@ 0000000000023550     LibString:ErrorList.obj
 0002:00001310       ??_C@_0CO@BCOPOIDC@System?5Error?5list?5and?5errno?4h?5ar@ 0000000000023570     LibString:ErrorList.obj
 0002:00001340       ??_C@_0DG@MFCDKOLN@g?3?2uefi_edk2_practice?2MdePkg?2Lib@ 00000000000235a0     BaseLib:String.obj
 0002:00001378       ??_C@_0CI@LLKACKFD@?$CI?$CIUINTN?$CJ?5Destination?5?$CG?50x0000000@ 00000000000235d8     BaseLib:String.obj
 0002:000013a0       ??_C@_0DA@MIOLHJCL@?$CIUINTN?$CJ?$CIDestination?5?9?5Source?$CJ?5?$DO?5@ 0000000000023600     BaseLib:String.obj
 0002:000013d0       ??_C@_0CI@FOLEBOJ@?$CIUINTN?$CJ?$CISource?5?9?5Destination?$CJ?5?$DO?$DN@ 0000000000023630     BaseLib:String.obj
 0002:000013f8       ??_C@_0DL@LFIMEMJP@Length?5?$DM?$DN?5_gPcd_FixedAtBuild_Pcd@ 0000000000023658     BaseLib:String.obj
 0002:00001438       ??_C@_0CD@BDCLIGHD@?$CI?$CIUINTN?$CJ?5String?5?$CG?50x00000001?$CJ?5?$DN?$DN@ 0000000000023698     BaseLib:String.obj
 0002:00001460       ??_C@_0DK@EOJCOAME@Length?5?$DM?5_gPcd_FixedAtBuild_PcdM@ 00000000000236c0     BaseLib:String.obj
 0002:000014a0       ??_C@_0BL@JAAMOCAJ@StrSize?5?$CIFirstString?$CJ?5?$CB?$DN?50?$AA@ 0000000000023700     BaseLib:String.obj
 0002:000014c0       ??_C@_0BM@DALBOILC@StrSize?5?$CISecondString?$CJ?5?$CB?$DN?50?$AA@ 0000000000023720     BaseLib:String.obj
 0002:000014e0       ??_C@_0BL@NAIOOBPB@StrSize?5?$CIDestination?$CJ?5?$CB?$DN?50?$AA@ 0000000000023740     BaseLib:String.obj
 0002:00001500       ??_C@_0BG@KBNOLIGE@StrSize?5?$CIString?$CJ?5?$CB?$DN?50?$AA@ 0000000000023760     BaseLib:String.obj
 0002:00001518       ??_C@_0BM@NNBLOHJD@StrSize?5?$CISearchString?$CJ?5?$CB?$DN?50?$AA@ 0000000000023778     BaseLib:String.obj
 0002:00001538       ??_C@_0BG@JJELHOCA@StrSize?5?$CISource?$CJ?5?$CB?$DN?50?$AA@ 0000000000023798     BaseLib:String.obj
 0002:00001550       ??_C@_0DN@HIFCOCOI@?$CIUINTN?$CJ?5?$CIDestination?5?9?5?$CICHAR8?5?$CK?$CJ@ 00000000000237b0     BaseLib:String.obj
 0002:00001590       ??_C@_0DL@LACPINOG@?$CIUINTN?$CJ?5?$CI?$CICHAR8?5?$CK?$CJ?5Source?5?9?5Dest@ 00000000000237f0     BaseLib:String.obj
 0002:000015d0       ??_C@_0BA@MFHLDCJH@?$CKSource?5?$DM?50x100?$AA@ 0000000000023830     BaseLib:String.obj
 0002:000015e0       ??_C@_0CA@FFIBMAAF@AsciiStrSize?5?$CIReturnValue?$CJ?5?$CB?$DN?50?$AA@ 0000000000023840     BaseLib:String.obj
 0002:00001600       ??_C@_0DF@CDKFFDDI@?$CIUINTN?$CJ?$CIDestination?5?9?5Source?$CJ?5?$DO?5@ 0000000000023860     BaseLib:String.obj
 0002:00001638       ??_C@_0DJ@JJHGIFMP@Length?5?$DM?$DN?5_gPcd_FixedAtBuild_Pcd@ 0000000000023898     BaseLib:String.obj
 0002:00001678       ??_C@_0DI@MDIKFADO@Length?5?$DM?5_gPcd_FixedAtBuild_PcdM@ 00000000000238d8     BaseLib:String.obj
 0002:000016b0       ??_C@_0BL@IKFBNFIL@AsciiStrSize?5?$CIFirstString?$CJ?$AA@ 0000000000023910     BaseLib:String.obj
 0002:000016d0       ??_C@_0BM@EDNOKLLE@AsciiStrSize?5?$CISecondString?$CJ?$AA@ 0000000000023930     BaseLib:String.obj
 0002:000016f0       ??_C@_0BL@NNBEMOEP@AsciiStrSize?5?$CISource?$CJ?5?$CB?$DN?50?$AA@ 0000000000023950     BaseLib:String.obj
 0002:00001710       ??_C@_0EA@ELKIMFNG@?$CIUINTN?$CJ?5?$CI?$CICHAR8?5?$CK?$CJ?5Destination?5?9@ 0000000000023970     BaseLib:String.obj
 0002:00001750       ??_C@_0FG@JICIAIMJ@?$CIUINTN?$CJ?5?$CISource?5?9?5?$CICHAR8?5?$CK?$CJ?5Dest@ 00000000000239b0     BaseLib:String.obj
 0002:000017a8       ??_C@_0BL@KAGEINIP@StrSize?5?$CIReturnValue?$CJ?5?$CB?$DN?50?$AA@ 0000000000023a08     BaseLib:String.obj
 0002:000017c8       ??_C@_0DJ@DIJFAOJH@g?3?2uefi_edk2_practice?2MdePkg?2Lib@ 0000000000023a28     BaseLib:Unaligned.obj
 0002:00001808       ??_C@_0N@KGHEHMDL@Divisor?5?$CB?$DN?50?$AA@ 0000000000023a68     BaseLib:DivU64x32.obj
 0002:00001818       ??_C@_0DK@GNKFIOKI@g?3?2uefi_edk2_practice?2MdePkg?2Lib@ 0000000000023a78     BaseLib:SafeString.obj
 0002:00001858       ??_C@_0BF@NJNGJMPC@List?5?$CB?$DN?5?$CI?$CIvoid?5?$CK?$CJ?50?$CJ?$AA@ 0000000000023ab8     BaseLib:LinkedList.obj
 0002:00001870       ??_C@_0DK@FPMEKHHB@g?3?2uefi_edk2_practice?2MdePkg?2Lib@ 0000000000023ad0     BaseLib:LinkedList.obj
 0002:000018b0       ??_C@_0CC@KDLPLAED@List?9?$DOForwardLink?5?$CB?$DN?5?$CI?$CIvoid?5?$CK?$CJ?50@ 0000000000023b10     BaseLib:LinkedList.obj
 0002:000018d8       ??_C@_0BP@IJJCCMAK@List?9?$DOBackLink?5?$CB?$DN?5?$CI?$CIvoid?5?$CK?$CJ?50?$CJ?$AA@ 0000000000023b38     BaseLib:LinkedList.obj
 0002:000018f8       ??_C@_0CI@BMHOPIIO@InternalBaseLibIsListValid?5?$CIFirs@ 0000000000023b58     BaseLib:LinkedList.obj
 0002:00001920       ??_C@_0BM@BAIHHOEP@SecondEntry?5?$CB?$DN?5?$CI?$CIvoid?5?$CK?$CJ?50?$CJ?$AA@ 0000000000023b80     BaseLib:LinkedList.obj
 0002:00001940       ??_C@_0DI@HOMAKAJD@?$CI?$CIBOOLEAN?$CJ?$CI0?$DN?$DN1?$CJ?$CJ?5?$DN?$DN?5IsNodeInLis@ 0000000000023ba0     BaseLib:LinkedList.obj
 0002:00001978       ??_C@_0CG@LGIALJFK@InternalBaseLibIsListValid?5?$CIList@ 0000000000023bd8     BaseLib:LinkedList.obj
 0002:000019a0       ??_C@_0CC@JLDICICM@InternalBaseLibIsListValid?5?$CIList@ 0000000000023c00     BaseLib:LinkedList.obj
 0002:000019c8       ??_C@_0DD@OAAIDOJD@?$CI?$CIBOOLEAN?$CJ?$CI1?$DN?$DN1?$CJ?$CJ?5?$DN?$DN?5IsNodeInLis@ 0000000000023c28     BaseLib:LinkedList.obj
 0002:00001a00       ??_C@_0BF@NMBJJECB@?$CBIsListEmpty?5?$CIEntry?$CJ?$AA@ 0000000000023c60     BaseLib:LinkedList.obj
 0002:00001a18       ??_C@_17CECJBCED@?$AA?2?$AA?4?$AA?2?$AA?$AA@ 0000000000023c78     BaseLib:FilePaths.obj
 0002:00001a20       ??_C@_15HFJMEONN@?$AA?2?$AA?4?$AA?$AA@ 0000000000023c80     BaseLib:FilePaths.obj
 0002:00001a28       ??_C@_17OFBPHKFE@?$AA?2?$AA?4?$AA?4?$AA?$AA@ 0000000000023c88     BaseLib:FilePaths.obj
 0002:00001a30       ??_C@_15LEKKCGMK@?$AA?2?$AA?2?$AA?$AA@ 0000000000023c90     BaseLib:FilePaths.obj
 0002:00001a38       ??_C@_0L@MEMPDLHB@Count?5?$DM?564?$AA@ 0000000000023c98     BaseLib:LShiftU64.obj
 0002:00001a48       ??_C@_0DJ@KJENGIEM@g?3?2uefi_edk2_practice?2MdePkg?2Lib@ 0000000000023ca8     BaseLib:LShiftU64.obj
 0002:00001a90       ??_C@_0EC@LJCGBENK@g?3?2uefi_edk2_practice?2MdePkg?2Lib@ 0000000000023cf0     BaseLib:DivU64x32Remainder.obj
 0002:00001ad8       ??_C@_0BL@CPGKAMND@JumpBuffer?5?$CB?$DN?5?$CI?$CIvoid?5?$CK?$CJ?50?$CJ?$AA@ 0000000000023d38     BaseLib:SetJump.obj
 0002:00001af8       ??_C@_0DH@IHFCELE@g?3?2uefi_edk2_practice?2MdePkg?2Lib@ 0000000000023d58     BaseLib:SetJump.obj
 0002:00001b30       ??_C@_0CD@OEHNCIHG@?$CI?$CIUINTN?$CJJumpBuffer?5?$CG?5?$CI8?5?9?51?$CJ?$CJ?5?$DN?$DN@ 0000000000023d90     BaseLib:SetJump.obj
 0002:00001b60       ??_C@_0ED@MKGCMJG@?$CILength?5?9?51?$CJ?5?$DM?$DN?5?$CI0xFFFFFFFFFFFFF@ 0000000000023dc0     BaseMemoryLib:CopyMemWrapper.obj
 0002:00001bb0       ??_C@_0EE@COAMBEJJ@g?3?2uefi_edk2_practice?2MdePkg?2Lib@ 0000000000023e10     BaseMemoryLib:CopyMemWrapper.obj
 0002:00001bf8       ??_C@_0DO@MAOBOFEG@?$CILength?5?9?51?$CJ?5?$DM?$DN?5?$CI0xFFFFFFFFFFFFF@ 0000000000023e58     BaseMemoryLib:CopyMemWrapper.obj
 0002:00001c38       ??_C@_0DG@EEENIGGL@Length?5?$DM?$DN?5?$CI0xFFFFFFFFFFFFFFFFULL@ 0000000000023e98     BaseMemoryLib:MemLibGuid.obj
 0002:00001c70       ??_C@_0EE@JKKOHFFO@g?3?2uefi_edk2_practice?2MdePkg?2Lib@ 0000000000023ed0     BaseMemoryLib:ZeroMemWrapper.obj
 0002:00001cb8       ??_C@_0DI@DAGDPLPG@?$CILength?5?9?51?$CJ?5?$DM?$DN?5?$CI0xFFFFFFFFFFFFF@ 0000000000023f18     BaseMemoryLib:SetMemWrapper.obj
 0002:00001cf0       ??_C@_0ED@FGINMKBB@g?3?2uefi_edk2_practice?2MdePkg?2Lib@ 0000000000023f50     BaseMemoryLib:SetMemWrapper.obj
 0002:00001d38       ??_C@_0CO@LECKNDNC@?$CI?$CI?$CIUINTN?$CJBuffer?$CJ?5?$CG?5?$CIsizeof?5?$CIValu@ 0000000000023f98     BaseMemoryLib:SetMem64Wrapper.obj
 0002:00001d68       ??_C@_0CF@LEICOABD@?$CILength?5?$CG?5?$CIsizeof?5?$CIValue?$CJ?5?9?51?$CJ?$CJ?5@ 0000000000023fc8     BaseMemoryLib:SetMem64Wrapper.obj
 0002:00001d90       ??_C@_0L@KDHIOLNB@Value?5?$CB?$DN?50?$AA@ 0000000000023ff0     BaseLib:LongJump.obj
 0002:00001da0       ??_C@_0DI@IJCLEFAF@g?3?2uefi_edk2_practice?2MdePkg?2Lib@ 0000000000024000     BaseLib:LongJump.obj
 0002:00001de0       ??_C@_0EF@LBDHAOLE@g?3?2uefi_edk2_practice?2MdePkg?2Lib@ 0000000000024040     BaseMemoryLib:SetMem16Wrapper.obj
 0002:00001e30       ??_C@_0EF@NMPMIHNL@g?3?2uefi_edk2_practice?2MdePkg?2Lib@ 0000000000024090     BaseMemoryLib:ScanMem8Wrapper.obj
 0002:00001e80       _C_CharClassTable          00000000000240e0     LibCtype:iCtype.obj
 0002:00001f80       ??_C@_0CB@DMEJJJHA@?6ASSERT_EFI_ERROR?5?$CIStatus?5?$DN?5?$CFr?$CJ?6@ 00000000000241e0     WebServer:AutoGen.obj
 0002:00001fa8       ??_C@_0BE@DCHLEIGN@?$CBEFI_ERROR?5?$CIStatus?$CJ?$AA@ 0000000000024208     WebServer:AutoGen.obj
 0002:00001fc0       ??_C@_0HJ@PLGEKNFN@g?3?2uefi_edk2_practice?2Build?2AppP@ 0000000000024220     WebServer:AutoGen.obj
 0002:0000203c       _gPcd_FixedAtBuild_PcdMaximumLinkedListLength 000000000002429c     WebServer:AutoGen.obj
 0002:00002040       _gPcd_FixedAtBuild_PcdMaximumUnicodeStringLength 00000000000242a0     WebServer:AutoGen.obj
 0002:00002044       _gPcd_FixedAtBuild_PcdMaximumAsciiStringLength 00000000000242a4     WebServer:AutoGen.obj
 0002:00002048       _gPcd_FixedAtBuild_WebServer_HttpPort 00000000000242a8     WebServer:AutoGen.obj
 0002:0000204a       _gPcd_FixedAtBuild_PcdVerifyNodeInList 00000000000242aa     WebServer:AutoGen.obj
 0002:0000204c       ??_C@_06GCNMPELH@stdin?3?$AA@ 00000000000242ac     LibC:Main.obj
 0002:00002058       ??_C@_07CJCKBFG@stdout?3?$AA@ 00000000000242b8     LibC:Main.obj
 0002:00002060       ??_C@_07NBHIPNPM@stderr?3?$AA@ 00000000000242c0     LibC:Main.obj
 0002:00002070       ??_C@_1FI@OEFNJEF@?$AAE?$AAR?$AAR?$AAO?$AAR?$AA?5?$AAI?$AAn?$AAi?$AAt?$AAi?$AAa?$AAl?$AAi?$AAz?$AAi?$AAn?$AAg?$AA?5?$AAS?$AAt?$AAa?$AAn?$AAd?$AAa?$AAr?$AAd?$AA?5?$AAI?$AAO?$AA?3?$AA?5@ 00000000000242d0     LibC:Main.obj
 0002:000020c8       ??_C@_0BH@IACGKAP@Buffer?5?$CB?$DN?5?$CI?$CIvoid?5?$CK?$CJ?50?$CJ?$AA@ 0000000000024328     UefiLib:UefiLibPrint.obj
 0002:000020e0       ??_C@_1O@CFMGMDFI@?$AAs?$AAt?$AAd?$AAi?$AAn?$AA?3?$AA?$AA@ 0000000000024340     DevConsole:daConsole.obj
 0002:000020f0       ??_C@_1BA@PGAEEPHD@?$AAs?$AAt?$AAd?$AAo?$AAu?$AAt?$AA?3?$AA?$AA@ 0000000000024350     DevConsole:daConsole.obj
 0002:00002100       ??_C@_1BA@DNLKDFLO@?$AAs?$AAt?$AAd?$AAe?$AAr?$AAr?$AA?3?$AA?$AA@ 0000000000024360     DevConsole:daConsole.obj
 0002:00002138       ??_C@_17CLELIOII@?$AAN?$AAU?$AAL?$AA?$AA@ 0000000000024398     UefiShellLib:UefiShellLib.obj
 0002:00002140       ??_C@_19CIJIHAKK@?$AAN?$AAU?$AAL?$AAL?$AA?$AA@ 00000000000243a0     UefiShellLib:UefiShellLib.obj
 0002:00002150       ??_C@_0BM@NLNKOJGD@Destination?5?$CB?$DN?5?$CI?$CIvoid?5?$CK?$CJ?50?$CJ?$AA@ 00000000000243b0     UefiShellLib:UefiShellLib.obj
 0002:00002170       mEslUdp4ServiceGuid        00000000000243d0     EfiSocketLib:UseEfiSocketLib.obj
 0002:00002180       mEfiServiceBinding         00000000000243e0     EfiSocketLib:UseEfiSocketLib.obj
 0002:00002190       mEslUdp6ServiceGuid        00000000000243f0     EfiSocketLib:UseEfiSocketLib.obj
 0002:000021a0       mEslTcp4ServiceGuid        0000000000024400     EfiSocketLib:UseEfiSocketLib.obj
 0002:000021b0       mEslTcp6ServiceGuid        0000000000024410     EfiSocketLib:UseEfiSocketLib.obj
 0002:000021c0       mEslIp4ServiceGuid         0000000000024420     EfiSocketLib:UseEfiSocketLib.obj
 0002:000021d0       cEslSocketBinding          0000000000024430     EfiSocketLib:Socket.obj
 0002:00002310       ??_C@_17NIGEJLGH@?$AAI?$AAp?$AA4?$AA?$AA@ 0000000000024570     EfiSocketLib:Socket.obj
 0002:00002318       ??_C@_19IGIFHENE@?$AAT?$AAc?$AAp?$AA4?$AA?$AA@ 0000000000024578     EfiSocketLib:Socket.obj
 0002:00002328       ??_C@_19CMIMLMFP@?$AAT?$AAc?$AAp?$AA6?$AA?$AA@ 0000000000024588     EfiSocketLib:Socket.obj
 0002:00002338       ??_C@_19GDICBGPD@?$AAU?$AAd?$AAp?$AA4?$AA?$AA@ 0000000000024598     EfiSocketLib:Socket.obj
 0002:00002348       ??_C@_19MJILNOHI@?$AAU?$AAd?$AAp?$AA6?$AA?$AA@ 00000000000245a8     EfiSocketLib:Socket.obj
 0002:00002358       ??_C@_0BG@FEICDNJM@Entering?5SocketPoll?$AN?6?$AA@ 00000000000245b8     EfiSocketLib:Socket.obj
 0002:00002370       cEslTcp6Api                00000000000245d0     EfiSocketLib:Tcp6.obj
 0002:00002478       ??_C@_05NEBMLMBB@TCPv6?$AA@ 00000000000246d8     EfiSocketLib:Tcp6.obj
 0002:00002480       cEslIp4Api                 00000000000246e0     EfiSocketLib:Ip4.obj
 0002:00002588       ??_C@_04EMGFNKGN@IPv4?$AA@ 00000000000247e8     EfiSocketLib:Ip4.obj
 0002:00002590       cEslTcp4Api                00000000000247f0     EfiSocketLib:Tcp4.obj
 0002:00002698       ??_C@_05OGCKNOJD@TCPv4?$AA@ 00000000000248f8     EfiSocketLib:Tcp4.obj
 0002:000026a0       cEslUdp4Api                0000000000024900     EfiSocketLib:Udp4.obj
 0002:000027a8       ??_C@_05JPFGNBCG@UDPv4?$AA@ 0000000000024a08     EfiSocketLib:Udp4.obj
 0002:000027b0       cEslUdp6Api                0000000000024a10     EfiSocketLib:Udp6.obj
 0002:000028b8       ??_C@_05KNGALDKE@UDPv6?$AA@ 0000000000024b18     EfiSocketLib:Udp6.obj
 0002:000028c0       ??_C@_0BC@PDBPFBH@Entering?5PortAdd?6?$AA@ 0000000000024b20     WebServer:WebServer.obj
 0002:000028d8       ??_C@_0DF@DJCPPPBM@ERROR?5?9?5Failed?5to?5allocate?5the?5F@ 0000000000024b38     WebServer:WebServer.obj
 0002:00002910       ??_C@_0DH@CNCFOODJ@ERROR?5?9?5Failed?5to?5allocate?5the?5p@ 0000000000024b70     WebServer:WebServer.obj
 0002:00002948       ??_C@_0DC@EHOOAGC@ERROR?5?9?5Failed?5to?5allocate?5the?5p@ 0000000000024ba8     WebServer:WebServer.obj
 0002:00002980       ??_C@_0BO@PGMNCKBN@WebServer?5handling?5?$CFd?5ports?$AN?6?$AA@ 0000000000024be0     WebServer:WebServer.obj
 0002:000029a0       ??_C@_0BN@DLHFDMKL@Exiting?5PortAdd?0?5Status?3?5?$CFr?6?$AA@ 0000000000024c00     WebServer:WebServer.obj
 0002:000029c0       ??_C@_0BF@PJEFCKLA@Entering?5PortRemove?6?$AA@ 0000000000024c20     WebServer:WebServer.obj
 0002:000029d8       ??_C@_0BE@LNNMKLHE@Exiting?5PortRemove?6?$AA@ 0000000000024c38     WebServer:WebServer.obj
 0002:000029f0       ??_C@_0BE@DIJAFNJO@Entering?5PortWork?$AN?6?$AA@ 0000000000024c50     WebServer:WebServer.obj
 0002:00002a08       ??_C@_0DE@IJMPAMAD@ERROR?5?9?5Failed?5to?5add?5the?5port?50@ 0000000000024c68     WebServer:WebServer.obj
 0002:00002a40       ??_C@_0CA@FLAFKMOL@ERROR?5?9?5Socket?5not?5available?$CB?$AN?6?$AA@ 0000000000024ca0     WebServer:WebServer.obj
 0002:00002a60       ??_C@_0DJ@LNBAMKJN@ERROR?5?9?5Failed?5to?5accept?5new?5con@ 0000000000024cc0     WebServer:WebServer.obj
 0002:00002aa0       ??_C@_0DF@GHCLCIMA@0x?$CF08x?3?5Socket?5?9?5Received?5?$CFd?5byt@ 0000000000024d00     WebServer:WebServer.obj
 0002:00002ad8       ??_C@_0DC@PLCAAJND@0x?$CF08x?3?5Socket?5?9?5Received?5?$CFd?5byt@ 0000000000024d38     WebServer:WebServer.obj
 0002:00002b10       ??_C@_0BP@MLDNLINP@Exiting?5PortWork?0?5Status?3?5?$CFr?$AN?6?$AA@ 0000000000024d70     WebServer:WebServer.obj
 0002:00002b30       ??_C@_0BE@PNMAENOA@ERROR?5?9?5errno?3?5?$CFd?$AN?6?$AA@ 0000000000024d90     WebServer:WebServer.obj
 0002:00002b48       ??_C@_0BF@MIMPKCLE@Exiting?5SocketPoll?$AN?6?$AA@ 0000000000024da8     WebServer:WebServer.obj
 0002:00002b60       ??_C@_0BL@HFDNPEEI@Entering?5WebServerListen?$AN?6?$AA@ 0000000000024dc0     WebServer:WebServer.obj
 0002:00002b80       ??_C@_0BI@DPMIBOHE@Listening?5on?5Tcp?$CFd?3?$CFd?$AN?6?$AA@ 0000000000024de0     WebServer:WebServer.obj
 0002:00002b98       ??_C@_0BK@MEBJLKPK@Exiting?5WebServerListen?$AN?6?$AA@ 0000000000024df8     WebServer:WebServer.obj
 0002:00002bb8       ??_C@_0BA@IPCAEGHC@HTTP?5Port?3?5?$CFd?$AN?6?$AA@ 0000000000024e18     WebServer:WebServer.obj
 0002:00002bc8       ??_C@_0BK@BBENEJKL@Exiting?5main?0?5Status?3?5?$CFr?6?$AA@ 0000000000024e28     WebServer:WebServer.obj
 0002:00002be8       ??_C@_0BE@CKBHDKAA@Entering?5HttpFlush?6?$AA@ 0000000000024e48     WebServer:HTTP.obj
 0002:00002c00       ??_C@_0BP@LMPEPNDP@Exiting?5HttpFlush?0?5Status?3?5?$CFr?6?$AA@ 0000000000024e60     WebServer:HTTP.obj
 0002:00002c20       ??_C@_0BJ@LHFEAOIA@Entering?5HttpPageHeader?6?$AA@ 0000000000024e80     WebServer:HTTP.obj
 0002:00002c40       ??_C@_0GJ@IMCMCPIG@?$DM?$CBDOCTYPE?5HTML?5PUBLIC?5?$CC?9?1?1W3C?1?1D@ 0000000000024ea0     WebServer:HTTP.obj
 0002:00002cb0       ??_C@_0BG@LLKBGKPE@?$DMhtml?5lang?$DN?$CCen?9US?$CC?$DO?$AN?6?$AA@ 0000000000024f10     WebServer:HTTP.obj
 0002:00002cc8       ??_C@_0L@COFNAKH@?5?5?$DMhead?$DO?$AN?6?$AA@ 0000000000024f28     WebServer:HTTP.obj
 0002:00002cd8       ??_C@_0M@EAOOBMFG@?5?5?5?5?$DMtitle?$DO?$AA@ 0000000000024f38     WebServer:HTTP.obj
 0002:00002ce8       ??_C@_0L@LOLFNBLD@?$DM?1title?$DO?$AN?6?$AA@ 0000000000024f48     WebServer:HTTP.obj
 0002:00002cf8       ??_C@_0M@KCFJGDAO@?5?5?$DM?1head?$DO?$AN?6?$AA@ 0000000000024f58     WebServer:HTTP.obj
 0002:00002d08       ??_C@_0L@PPOIFBKB@?5?5?$DMbody?$DO?$AN?6?$AA@ 0000000000024f68     WebServer:HTTP.obj
 0002:00002d18       ??_C@_0CE@LOOMBNBN@Exiting?5HttpPageHeader?0?5Status?3?5@ 0000000000024f78     WebServer:HTTP.obj
 0002:00002d40       ??_C@_0BL@DKLMPLGP@Entering?5HttpPageNotFound?6?$AA@ 0000000000024fa0     WebServer:HTTP.obj
 0002:00002d60       ??_C@_1BM@GPBFGPJA@?$AA4?$AA0?$AA4?$AA?5?$AAN?$AAo?$AAt?$AA?5?$AAf?$AAo?$AAu?$AAn?$AAd?$AA?$AA@ 0000000000024fc0     WebServer:HTTP.obj
 0002:00002d80       ??_C@_0DI@KMMKAOAE@ERROR?5?$DMb?$DO404?$DM?1b?$DO?$DMbr?5?1?$DORequested?5@ 0000000000024fe0     WebServer:HTTP.obj
 0002:00002db8       ??_C@_0CG@KNHJMJPI@Exiting?5HttpPageNotFound?0?5Status@ 0000000000025018     WebServer:HTTP.obj
 0002:00002de0       ??_C@_0BK@NMIJBJC@Entering?5HttpPageTrailer?6?$AA@ 0000000000025040     WebServer:HTTP.obj
 0002:00002e00       ??_C@_0P@CPLHHGPG@?5?5?$DMhr?$DO?$AN?6?$DMcode?$DO?$AA@ 0000000000025060     WebServer:HTTP.obj
 0002:00002e10       ??_C@_07JDEIGLNB@?5?5?9?9?$DO?5?5?$AA@ 0000000000025070     WebServer:HTTP.obj
 0002:00002e18       ??_C@_09DABMGCCD@?$DM?1code?$DO?$AN?6?$AA@ 0000000000025078     WebServer:HTTP.obj
 0002:00002e28       ??_C@_0M@FPFEOCAI@?5?5?$DM?1body?$DO?$AN?6?$AA@ 0000000000025088     WebServer:HTTP.obj
 0002:00002e38       ??_C@_0M@CEECHPMO@?5?5?$DM?1html?$DO?$AN?6?$AA@ 0000000000025098     WebServer:HTTP.obj
 0002:00002e48       ??_C@_0CF@DHEFBHGG@Exiting?5HttpPageTrailer?0?5Status?3@ 00000000000250a8     WebServer:HTTP.obj
 0002:00002e70       ??_C@_0BG@ENMJDPFM@Entering?5HttpRequest?6?$AA@ 00000000000250d0     WebServer:HTTP.obj
 0002:00002e88       ??_C@_17KCHPOIEI@?$AAG?$AAE?$AAT?$AA?$AA@ 00000000000250e8     WebServer:HTTP.obj
 0002:00002e90       ??_C@_0BF@CBLBEHLK@HTTP?3?5Invalid?5verb?$AN?6?$AA@ 00000000000250f0     WebServer:HTTP.obj
 0002:00002ea8       ??_C@_0CF@FBPIFIAJ@HTTP?3?5Page?5not?5found?5in?5page?5tab@ 0000000000025108     WebServer:HTTP.obj
 0002:00002ed0       ??_C@_0CB@ENGJIFHG@Exiting?5HttpRequest?0?5Status?3?5?$CFr?6@ 0000000000025130     WebServer:HTTP.obj
 0002:00002ef4       ??_C@_04GJOGLFEJ@?$CGlt?$DL?$AA@ 0000000000025154     WebServer:HTTP.obj
 0002:00002efc       ??_C@_04LOOHDCEI@?$CGgt?$DL?$AA@ 000000000002515c     WebServer:HTTP.obj
 0002:00002f04       ??_C@_05JKJFEODM@?$CGamp?$DL?$AA@ 0000000000025164     WebServer:HTTP.obj
 0002:00002f0c       ??_C@_06DDLNFFBN@?$CGquot?$DL?$AA@ 000000000002516c     WebServer:HTTP.obj
 0002:00002f14       ??_C@_06CDMPAACN@?$DMcode?$DO?$AA@ 0000000000025174     WebServer:HTTP.obj
 0002:00002f1c       ??_C@_06ODLOODK@?$CGnbsp?$DL?$AA@ 000000000002517c     WebServer:HTTP.obj
 0002:00002f24       ??_C@_01LFCBOECM@?4?$AA@   0000000000025184     WebServer:HTTP.obj
 0002:00002f28       ??_C@_07LDCONLDM@?$DMbr?1?$DO?$AN?6?$AA@ 0000000000025188     WebServer:HTTP.obj
 0002:00002f30       ??_C@_0BH@DGJBNLFM@Entering?5HttpSendGuid?6?$AA@ 0000000000025190     WebServer:HTTP.obj
 0002:00002f48       ??_C@_02MDDDDAID@0x?$AA@   00000000000251a8     WebServer:HTTP.obj
 0002:00002f4c       ??_C@_04FOFDHDLH@?0?50x?$AA@ 00000000000251ac     WebServer:HTTP.obj
 0002:00002f54       ??_C@_06IAJPBONB@?0?5?$HL?50x?$AA@ 00000000000251b4     WebServer:HTTP.obj
 0002:00002f5c       ??_C@_02KCGCGHLG@?5?$HN?$AA@ 00000000000251bc     WebServer:HTTP.obj
 0002:00002f60       ??_C@_0CC@CAPKOCDD@Exiting?5HttpSendGuid?0?5Status?3?5?$CFr@ 00000000000251c0     WebServer:HTTP.obj
 0002:00002f90       mPageList                  00000000000251f0     WebServer:PageList.obj
 0002:00003218       mPageCount                 0000000000025478     WebServer:PageList.obj
 0002:00003220       ??_C@_13CGOKJPIL@?$AA?1?$AA?$AA@ 0000000000025480     WebServer:PageList.obj
 0002:00003228       ??_C@_1BO@POCGNNPJ@?$AAI?$AAn?$AAd?$AAe?$AAx?$AA?5?$AAo?$AAf?$AA?5?$AAp?$AAa?$AAg?$AAe?$AAs?$AA?$AA@ 0000000000025488     WebServer:PageList.obj
 0002:00003248       ??_C@_1CG@PPGKHFPO@?$AA?1?$AAB?$AAo?$AAo?$AAt?$AAS?$AAe?$AAr?$AAv?$AAi?$AAc?$AAe?$AAs?$AAT?$AAa?$AAb?$AAl?$AAe?$AA?$AA@ 00000000000254a8     WebServer:PageList.obj
 0002:00003270       ??_C@_1CI@CNIMNGAD@?$AAB?$AAo?$AAo?$AAt?$AA?5?$AAS?$AAe?$AAr?$AAv?$AAi?$AAc?$AAe?$AAs?$AA?5?$AAT?$AAa?$AAb?$AAl?$AAe?$AA?$AA@ 00000000000254d0     WebServer:PageList.obj
 0002:00003298       ??_C@_1CI@IAPHGFIP@?$AA?1?$AAC?$AAo?$AAn?$AAf?$AAi?$AAg?$AAu?$AAr?$AAa?$AAt?$AAi?$AAo?$AAn?$AAT?$AAa?$AAb?$AAl?$AAe?$AA?$AA@ 00000000000254f8     WebServer:PageList.obj
 0002:000032c0       ??_C@_1CI@NIPKHCAP@?$AAC?$AAo?$AAn?$AAf?$AAi?$AAg?$AAu?$AAr?$AAa?$AAt?$AAi?$AAo?$AAn?$AA?5?$AAT?$AAa?$AAb?$AAl?$AAe?$AA?$AA@ 0000000000025520     WebServer:PageList.obj
 0002:000032e8       ??_C@_1BK@KNFLBJGM@?$AA?1?$AAD?$AAh?$AAc?$AAp?$AAO?$AAp?$AAt?$AAi?$AAo?$AAn?$AAs?$AA?$AA@ 0000000000025548     WebServer:PageList.obj
 0002:00003308       ??_C@_1BK@DDDICPEE@?$AAD?$AAH?$AAC?$AAP?$AA?5?$AAO?$AAp?$AAt?$AAi?$AAo?$AAn?$AAs?$AA?$AA@ 0000000000025568     WebServer:PageList.obj
 0002:00003328       ??_C@_1M@GLCHEODG@?$AA?1?$AAA?$AAP?$AAI?$AAC?$AA?$AA@ 0000000000025588     WebServer:PageList.obj
 0002:00003338       ??_C@_19JJNNKEKG@?$AAA?$AAP?$AAI?$AAC?$AA?$AA@ 0000000000025598     WebServer:PageList.obj
 0002:00003348       ??_C@_1M@FCLBFAHJ@?$AA?1?$AAB?$AAG?$AAR?$AAT?$AA?$AA@ 00000000000255a8     WebServer:PageList.obj
 0002:00003358       ??_C@_19KAELLKOJ@?$AAB?$AAG?$AAR?$AAT?$AA?$AA@ 00000000000255b8     WebServer:PageList.obj
 0002:00003368       ??_C@_1M@HCNBPOGJ@?$AA?1?$AAD?$AAS?$AAD?$AAT?$AA?$AA@ 00000000000255c8     WebServer:PageList.obj
 0002:00003380       ??_C@_1FO@HOPHOHF@?$AAD?$AAS?$AAD?$AAT?$AA?5?$AA?9?$AA?5?$AAD?$AAi?$AAf?$AAf?$AAe?$AAr?$AAe?$AAn?$AAt?$AAi?$AAa?$AAt?$AAe?$AAd?$AA?5?$AAS?$AAy?$AAs?$AAt?$AAe?$AAm?$AA?5?$AAD?$AAe?$AAs@ 00000000000255e0     WebServer:PageList.obj
 0002:000033e0       ??_C@_1CE@NLFFCNAF@?$AA?1?$AAD?$AAx?$AAe?$AAS?$AAe?$AAr?$AAv?$AAi?$AAc?$AAe?$AAs?$AAT?$AAa?$AAb?$AAl?$AAe?$AA?$AA@ 0000000000025640     WebServer:PageList.obj
 0002:00003408       ??_C@_1CG@BINILDMB@?$AAD?$AAX?$AAE?$AA?5?$AAS?$AAe?$AAr?$AAv?$AAi?$AAc?$AAe?$AAs?$AA?5?$AAT?$AAa?$AAb?$AAl?$AAe?$AA?$AA@ 0000000000025668     WebServer:PageList.obj
 0002:00003430       ??_C@_1M@CCAPFCIB@?$AA?1?$AAE?$AAx?$AAi?$AAt?$AA?$AA@ 0000000000025690     WebServer:PageList.obj
 0002:00003440       ??_C@_1CI@JECBGJMN@?$AAE?$AAx?$AAi?$AAt?$AA?5?$AAt?$AAh?$AAe?$AA?5?$AAw?$AAe?$AAb?$AA?5?$AAs?$AAe?$AAr?$AAv?$AAe?$AAr?$AA?$AA@ 00000000000256a0     WebServer:PageList.obj
 0002:00003468       ??_C@_1M@EILKBIAC@?$AA?1?$AAF?$AAA?$AAD?$AAT?$AA?$AA@ 00000000000256c8     WebServer:PageList.obj
 0002:00003480       ??_C@_1EI@LBDCMOIL@?$AAF?$AAA?$AAD?$AAT?$AA?5?$AA?9?$AA?5?$AAF?$AAi?$AAx?$AAe?$AAd?$AA?5?$AAA?$AAC?$AAP?$AAI?$AA?5?$AAD?$AAe?$AAs?$AAc?$AAr?$AAi?$AAp?$AAt?$AAi?$AAo?$AAn?$AA?5?$AAT?$AAa@ 00000000000256e0     WebServer:PageList.obj
 0002:000034c8       ??_C@_1BE@DJLIIENF@?$AA?1?$AAF?$AAi?$AAr?$AAm?$AAw?$AAa?$AAr?$AAe?$AA?$AA@ 0000000000025728     WebServer:PageList.obj
 0002:000034e0       ??_C@_1BC@DHBFPADP@?$AAF?$AAi?$AAr?$AAm?$AAw?$AAa?$AAr?$AAe?$AA?$AA@ 0000000000025740     WebServer:PageList.obj
 0002:000034f8       ??_C@_1BC@MAPKBEHD@?$AA?1?$AAH?$AAa?$AAn?$AAd?$AAl?$AAe?$AAs?$AA?$AA@ 0000000000025758     WebServer:PageList.obj
 0002:00003510       ??_C@_1FM@PIIEOBJP@?$AAD?$AAi?$AAs?$AAp?$AAl?$AAa?$AAy?$AA?5?$AAh?$AAa?$AAn?$AAd?$AAl?$AAe?$AAs?$AA?5?$AAa?$AAn?$AAd?$AA?5?$AAa?$AAs?$AAs?$AAo?$AAc?$AAi?$AAa?$AAt?$AAe?$AAd?$AA?5?$AAp@ 0000000000025770     WebServer:PageList.obj
 0002:00003570       ??_C@_1O@CPCCNJKM@?$AA?1?$AAH?$AAe?$AAl?$AAl?$AAo?$AA?$AA@ 00000000000257d0     WebServer:PageList.obj
 0002:00003580       ??_C@_1BI@JBHAIODP@?$AAH?$AAe?$AAl?$AAl?$AAo?$AA?5?$AAW?$AAo?$AAr?$AAl?$AAd?$AA?$AA@ 00000000000257e0     WebServer:PageList.obj
[...]
 0004:000000d0       $unwind$EstimateWtoM       000000000002c0d0     LibLocale:multibyte_Utf8.obj
 0004:000000d0       $unwind$InsertTailList     000000000002c0d0     BaseLib:LinkedList.obj
 0004:000000d0       $unwind$AsciiStrCmp        000000000002c0d0     BaseLib:String.obj
 0004:000000d0       $unwind$InternalBaseLibIsListValid 000000000002c0d0     BaseLib:LinkedList.obj
 0004:000000d0       $unwind$__Balloc_D2A       000000000002c0d0     LibGdtoa:misc.obj
 0004:000000d0       $unwind$da_ConClose        000000000002c0d0     DevConsole:daConsole.obj
 0004:000000d0       $unwind$__swsetup          000000000002c0d0     LibStdio:wsetup.obj
 0004:000000d0       $unwind$AsciiStrLen        000000000002c0d0     BaseLib:String.obj
 0004:000000d0       $unwind$LongJump           000000000002c0d0     BaseLib:LongJump.obj
 0004:000000d0       $unwind$EslTcp4RemoteAddressSet 000000000002c0d0     EfiSocketLib:Tcp4.obj
 0004:000000d0       $unwind$EslUdp4RemoteAddressGet 000000000002c0d0     EfiSocketLib:Udp4.obj
 0004:000000d0       $unwind$AllocateCopyPool   000000000002c0d0     UefiMemoryAllocationLib:MemoryAllocationLib.obj
 0004:000000d0       $unwind$EslTcp6RemoteAddressGet 000000000002c0d0     EfiSocketLib:Tcp6.obj
 0004:000000d0       $unwind$EslSocketPortCloseTxDone 000000000002c0d0     EfiSocketLib:Socket.obj
 0004:000000d0       $unwind$da_ShellStat       000000000002c0d0     DevShell:daShell.obj
 0004:000000d0       $unwind$EslTcp6RemoteAddressSet 000000000002c0d0     EfiSocketLib:Tcp6.obj
 0004:000000d0       $unwind$bind               000000000002c0d0     BsdSocketLib:bind.obj
 0004:000000d0       $unwind$EslUdp4LocalAddressGet 000000000002c0d0     EfiSocketLib:Udp4.obj
 0004:000000d0       $unwind$IIO_GetCursorPosition 000000000002c0d0     LibIIO:IIOutilities.obj
 0004:000000d0       $unwind$ShellLibDestructor 000000000002c0d0     UefiShellLib:UefiShellLib.obj
 0004:000000d0       $unwind$ZeroMem            000000000002c0d0     BaseMemoryLib:ZeroMemWrapper.obj
 0004:000000d0       $unwind$calloc             000000000002c0d0     LibStdLib:Malloc.obj
 0004:000000d0       $unwind$__Cons_deconstruct 000000000002c0d0     DevConsole:daConsole.obj
 0004:000000d0       $unwind$GetNextNode        000000000002c0d0     BaseLib:LinkedList.obj
 0004:000000d0       $unwind$EslTcp4LocalAddressGet 000000000002c0d0     EfiSocketLib:Tcp4.obj
 0004:000000d0       $unwind$FIFO_IsFull        000000000002c0d0     LibContainer:Fifo.obj
 0004:000000d0       $unwind$EslTcp6ConnectComplete 000000000002c0d0     EfiSocketLib:Tcp6.obj
 0004:000000d0       $unwind$EslUdp6LocalAddressGet 000000000002c0d0     EfiSocketLib:Udp6.obj
 0004:000000d0       $unwind$EslSocketPortCloseComplete 000000000002c0d0     EfiSocketLib:Socket.obj
 0004:000000d0       $unwind$New_cFIFO          000000000002c0d0     LibContainer:Fifo.obj
 0004:000000d0       $unwind$EslTcp4RemoteAddressGet 000000000002c0d0     EfiSocketLib:Tcp4.obj
 0004:000000dc       $unwind$EslSocketTransmit  000000000002c0dc     EfiSocketLib:Socket.obj
 0004:000000dc       $unwind$__Cons_construct   000000000002c0dc     DevConsole:daConsole.obj
 0004:000000f8       $unwind$ShellFindSE2       000000000002c0f8     UefiShellLib:UefiShellLib.obj
 0004:0000010c       $unwind$free               000000000002c10c     LibStdLib:Malloc.obj
 0004:0000010c       $unwind$EslTcp6PortAllocate 000000000002c10c     EfiSocketLib:Tcp6.obj
 0004:0000010c       $unwind$ShellLibConstructorWorker 000000000002c10c     UefiShellLib:UefiShellLib.obj
 0004:0000010c       $unwind$EslTcp4PortAllocate 000000000002c10c     EfiSocketLib:Tcp4.obj
 0004:00000118       $unwind$ShellOpenFileByDevicePath 000000000002c118     UefiShellLib:UefiShellLib.obj
 0004:00000134       $unwind$ShellOpenFileByName 000000000002c134     UefiShellLib:UefiShellLib.obj
 0004:00000144       $unwind$ShellFindFirstFile 000000000002c144     UefiShellLib:UefiShellLib.obj
 0004:00000154       $unwind$da_ShellMkdir      000000000002c154     DevShell:daShell.obj
 0004:00000168       $unwind$da_ShellOpen       000000000002c168     DevShell:daShell.obj
 0004:00000180       $unwind$da_ShellRmdir      000000000002c180     DevShell:daShell.obj
 0004:00000194       $unwind$__ujtoa            000000000002c194     LibStdio:vfprintf.obj
 0004:00000194       $unwind$__ctor_DevShell    000000000002c194     DevShell:daShell.obj
 0004:0000019c       $unwind$EslServiceNetworkConnect 000000000002c19c     EfiSocketLib:UseEfiSocketLib.obj
 0004:000001b0       $unwind$EslServiceNetworkDisconnect 000000000002c1b0     EfiSocketLib:UseEfiSocketLib.obj
 0004:000001c4       $unwind$EslServiceConnect  000000000002c1c4     EfiSocketLib:Service.obj
 0004:000001dc       $unwind$EslSocket          000000000002c1dc     EfiSocketLib:Socket.obj
 0004:000001ec       $unwind$EslSocketCopyFragmentedBuffer 000000000002c1ec     EfiSocketLib:Socket.obj
 0004:000001ec       $unwind$FIFO_Enqueue       000000000002c1ec     LibContainer:Fifo.obj
 0004:000001ec       $unwind$EslSocketRxComplete 000000000002c1ec     EfiSocketLib:Socket.obj
 0004:000001ec       $unwind$EslSocketAccept    000000000002c1ec     EfiSocketLib:Socket.obj
 0004:000001ec       $unwind$EslSocketGetLocalAddress 000000000002c1ec     EfiSocketLib:Socket.obj
 0004:000001ec       $unwind$EslSocketGetPeerAddress 000000000002c1ec     EfiSocketLib:Socket.obj
 0004:00000208       $unwind$EslSocketAllocate  000000000002c208     EfiSocketLib:Socket.obj
 0004:00000220       $unwind$EslSocketBind      000000000002c220     EfiSocketLib:Socket.obj
 0004:00000234       $unwind$EslSocketCloseStart 000000000002c234     EfiSocketLib:Socket.obj
 0004:0000024c       $unwind$EslUdp4SocketIsConfigured 000000000002c24c     EfiSocketLib:Udp4.obj
 0004:0000024c       $unwind$EslSocketConnect   000000000002c24c     EfiSocketLib:Socket.obj
 0004:00000268       $unwind$EslTcp6Listen      000000000002c268     EfiSocketLib:Tcp6.obj
 0004:00000268       $unwind$EslSocketIoInit    000000000002c268     EfiSocketLib:Socket.obj
 0004:00000268       $unwind$EslTcp4Listen      000000000002c268     EfiSocketLib:Tcp4.obj
 0004:00000268       $unwind$poll               000000000002c268     LibUefi:SysCalls.obj
 0004:00000268       $unwind$EslSocketListen    000000000002c268     EfiSocketLib:Socket.obj
 0004:00000280       $unwind$EslSocketOptionGet 000000000002c280     EfiSocketLib:Socket.obj
 0004:00000298       $unwind$EslSocketPacketAllocate 000000000002c298     EfiSocketLib:Socket.obj
 0004:000002ac       $unwind$__mult_D2A         000000000002c2ac     LibGdtoa:misc.obj
 0004:000002ac       $unwind$FIFO_Dequeue       000000000002c2ac     LibContainer:Fifo.obj
 0004:000002ac       $unwind$EslSocketPoll      000000000002c2ac     EfiSocketLib:Socket.obj
 0004:000002ac       $unwind$__quorem_D2A       000000000002c2ac     LibGdtoa:dmisc.obj
 0004:000002c8       $unwind$EslSocketPortAllocate 000000000002c2c8     EfiSocketLib:Socket.obj
 0004:000002e4       $unwind$EslSocketReceive   000000000002c2e4     EfiSocketLib:Socket.obj
 0004:00000300       $unwind$EslSocketRxStart   000000000002c300     EfiSocketLib:Socket.obj
 0004:00000314       $unwind$EslSocketShutdown  000000000002c314     EfiSocketLib:Socket.obj
 0004:00000314       $unwind$__grow_type_table  000000000002c314     LibStdio:vfprintf.obj
 0004:00000314       $unwind$__diff_D2A         000000000002c314     LibGdtoa:misc.obj
 0004:0000032c       $unwind$EslTcp6ConnectStart 000000000002c32c     EfiSocketLib:Tcp6.obj
 0004:0000032c       $unwind$EslTcp4ConnectStart 000000000002c32c     EfiSocketLib:Tcp4.obj
 0004:00000344       $unwind$EslTcp6ListenComplete 000000000002c344     EfiSocketLib:Tcp6.obj
 0004:00000358       $unwind$EslTcp4TxBuffer    000000000002c358     EfiSocketLib:Tcp4.obj
 0004:00000358       $unwind$EslTcp6TxBuffer    000000000002c358     EfiSocketLib:Tcp6.obj
 0004:00000370       $unwind$EslUdp4TxComplete  000000000002c370     EfiSocketLib:Udp4.obj
 0004:00000370       $unwind$EslTcp6TxComplete  000000000002c370     EfiSocketLib:Tcp6.obj
 0004:00000370       $unwind$EslTcp4TxOobComplete 000000000002c370     EfiSocketLib:Tcp4.obj
 0004:00000370       $unwind$EslTcp4TxComplete  000000000002c370     EfiSocketLib:Tcp4.obj
 0004:00000370       $unwind$EslIp4TxComplete   000000000002c370     EfiSocketLib:Ip4.obj
 0004:00000370       $unwind$EslTcp6TxOobComplete 000000000002c370     EfiSocketLib:Tcp6.obj
 0004:00000370       $unwind$EslUdp6TxComplete  000000000002c370     EfiSocketLib:Udp6.obj
 0004:00000378       $unwind$EslTcp6VerifyLocalIpAddress 000000000002c378     EfiSocketLib:Tcp6.obj
 0004:00000378       $unwind$EslUdp6VerifyLocalIpAddress 000000000002c378     EfiSocketLib:Udp6.obj
 0004:00000388       $unwind$EslIp4Receive      000000000002c388     EfiSocketLib:Ip4.obj
 0004:00000388       $unwind$realloc            000000000002c388     LibStdLib:Malloc.obj
 0004:000003a0       $unwind$EslIp4SocketIsConfigured 000000000002c3a0     EfiSocketLib:Ip4.obj
 0004:000003bc       $unwind$EslIp4TxBuffer     000000000002c3bc     EfiSocketLib:Ip4.obj
 0004:000003bc       $unwind$EslUdp6TxBuffer    000000000002c3bc     EfiSocketLib:Udp6.obj
 0004:000003d8       $unwind$EslTcp4VerifyLocalIpAddress 000000000002c3d8     EfiSocketLib:Tcp4.obj
 0004:000003d8       $unwind$EslUdp4VerifyLocalIpAddress 000000000002c3d8     EfiSocketLib:Udp4.obj
 0004:000003d8       $unwind$EslIp4VerifyLocalIpAddress 000000000002c3d8     EfiSocketLib:Ip4.obj
 0004:000003e8       $unwind$EslTcp4ListenComplete 000000000002c3e8     EfiSocketLib:Tcp4.obj
 0004:000003fc       $unwind$EslUdp4TxBuffer    000000000002c3fc     EfiSocketLib:Udp4.obj
 0004:00000414       $unwind$EslUdp6SocketIsConfigured 000000000002c414     EfiSocketLib:Udp6.obj
 0004:0000042c       $unwind$main               000000000002c42c     WebServer:WebServer.obj
 0004:0000042c       $unwind$PortAdd            000000000002c42c     WebServer:WebServer.obj
 0004:00000434       $unwind$HttpFlush          000000000002c434     WebServer:HTTP.obj
 0004:00000434       $unwind$PortRemove         000000000002c434     WebServer:WebServer.obj
 0004:0000043c       $unwind$HttpSendDump       000000000002c43c     WebServer:HTTP.obj
 0004:0000043c       $unwind$PortWork           000000000002c43c     WebServer:WebServer.obj
 0004:00000444       $unwind$SocketPoll         000000000002c444     WebServer:WebServer.obj
 0004:0000044c       $unwind$WebServerListen    000000000002c44c     WebServer:WebServer.obj
 0004:00000454       $unwind$HttpMatch          000000000002c454     WebServer:HTTP.obj
 0004:0000045c       $unwind$HttpPageNotFound   000000000002c45c     WebServer:HTTP.obj
 0004:0000045c       $unwind$HelloPage          000000000002c45c     WebServer:Hello.obj
 0004:0000045c       $unwind$RebootPage         000000000002c45c     WebServer:Reboot.obj
 0004:0000045c       $unwind$FirmwarePage       000000000002c45c     WebServer:Firmware.obj
 0004:0000045c       $unwind$ExitPage           000000000002c45c     WebServer:Exit.obj
 0004:0000045c       $unwind$TableTrailer       000000000002c45c     WebServer:SystemTable.obj
 0004:0000045c       $unwind$HttpSendByte       000000000002c45c     WebServer:HTTP.obj
 0004:0000045c       $unwind$HttpPageHeader     000000000002c45c     WebServer:HTTP.obj
 0004:0000045c       $unwind$HttpSendAnsiString 000000000002c45c     WebServer:HTTP.obj
 0004:00000464       $unwind$HttpSendIpAddress  000000000002c464     WebServer:HTTP.obj
 0004:00000464       $unwind$HttpPageTrailer    000000000002c464     WebServer:HTTP.obj
 0004:00000464       $unwind$AcpiRsdtPage       000000000002c464     WebServer:ACPI.obj
 0004:0000046c       $unwind$PortsPage          000000000002c46c     WebServer:Ports.obj
 0004:0000046c       $unwind$MemoryMapPage      000000000002c46c     WebServer:MemoryMap.obj
 0004:0000046c       $unwind$HttpRequest        000000000002c46c     WebServer:HTTP.obj
 0004:00000474       $unwind$RowBytes           000000000002c474     WebServer:ACPI.obj
 0004:00000474       $unwind$HttpSend           000000000002c474     WebServer:HTTP.obj
 0004:0000047c       $unwind$RowUnicodeString   000000000002c47c     WebServer:SystemTable.obj
 0004:0000047c       $unwind$RowHexValue        000000000002c47c     WebServer:SystemTable.obj
 0004:0000047c       $unwind$RowDump            000000000002c47c     WebServer:ACPI.obj
 0004:0000047c       $unwind$RowGenericAddress  000000000002c47c     WebServer:ACPI.obj
 0004:0000047c       $unwind$HttpSendCharacter  000000000002c47c     WebServer:HTTP.obj
 0004:0000047c       $unwind$RowDecimalValue    000000000002c47c     WebServer:SystemTable.obj
 0004:0000047c       $unwind$RowPointer         000000000002c47c     WebServer:SystemTable.obj
 0004:0000047c       $unwind$MtrrDisplayFixedRow 000000000002c47c     WebServer:Mtrr.obj
 0004:0000047c       $unwind$TableHeader        000000000002c47c     WebServer:SystemTable.obj
 0004:0000047c       $unwind$HttpSendHexBits    000000000002c47c     WebServer:HTTP.obj
 0004:0000047c       $unwind$RowRevision        000000000002c47c     WebServer:SystemTable.obj
 0004:00000484       $unwind$HttpSendUnicodeString 000000000002c484     WebServer:HTTP.obj
 0004:00000484       $unwind$BootServicesTablePage 000000000002c484     WebServer:BootServicesTable.obj
 0004:00000484       $unwind$DxeServicesTablePage 000000000002c484     WebServer:DxeServicesTable.obj
 0004:00000484       $unwind$SystemTablePage    000000000002c484     WebServer:SystemTable.obj
 0004:00000484       $unwind$HttpSendHexValue   000000000002c484     WebServer:HTTP.obj
 0004:00000484       $unwind$AcpiTcpaPage       000000000002c484     WebServer:ACPI.obj
 0004:00000484       $unwind$AcpiBgrtPage       000000000002c484     WebServer:ACPI.obj
 0004:00000484       $unwind$HttpSendGuid       000000000002c484     WebServer:HTTP.obj
 0004:00000484       $unwind$AcpiHpetPage       000000000002c484     WebServer:ACPI.obj
 0004:00000484       $unwind$AcpiMcfgPage       000000000002c484     WebServer:ACPI.obj
 0004:00000484       $unwind$EfiTableHeader     000000000002c484     WebServer:SystemTable.obj
 0004:00000484       $unwind$AcpiRsdp10Page     000000000002c484     WebServer:ACPI.obj
 0004:00000484       $unwind$AcpiApicPage       000000000002c484     WebServer:ACPI.obj
 0004:00000484       $unwind$AcpiSsdtPage       000000000002c484     WebServer:ACPI.obj
 0004:00000484       $unwind$RuntimeSservicesTablePage 000000000002c484     WebServer:RuntimeServicesTable.obj
 0004:00000484       $unwind$IndexPage          000000000002c484     WebServer:Index.obj
 0004:00000484       $unwind$AcpiUefiPage       000000000002c484     WebServer:ACPI.obj
 0004:00000484       $unwind$AcpiRsdp30Page     000000000002c484     WebServer:ACPI.obj
 0004:0000048c       $unwind$HttpSendIp6Value   000000000002c48c     WebServer:HTTP.obj
 0004:00000494       $unwind$DhcpOptionsPage    000000000002c494     WebServer:DhcpOptions.obj
 0004:00000494       $unwind$HttpSendValue      000000000002c494     WebServer:HTTP.obj
 0004:0000049c       $unwind$LocateRsdt         000000000002c49c     WebServer:ACPI.obj
 0004:000004a4       $unwind$LocateTable        000000000002c4a4     WebServer:ACPI.obj
 0004:000004ac       $unwind$RowGuid            000000000002c4ac     WebServer:ConfigurationTable.obj
 0004:000004ac       $unwind$RowAnsiArray       000000000002c4ac     WebServer:ACPI.obj
 0004:000004b4       $unwind$AcpiDsdtPage       000000000002c4b4     WebServer:ACPI.obj
 0004:000004b4       $unwind$AcpiFadtPage       000000000002c4b4     WebServer:ACPI.obj
 0004:000004b4       $unwind$ConfigurationTablePage 000000000002c4b4     WebServer:ConfigurationTable.obj
 0004:000004bc       $unwind$HandlePage         000000000002c4bc     WebServer:Handles.obj
 0004:000004c4       $unwind$MemoryTypeRegistersPage 000000000002c4c4     WebServer:Mtrr.obj
 0004:000004cc       $unwind$timesub            000000000002c4cc     LibTime:Time.obj
 0004:000004e0       $unwind$normalize_overflow 000000000002c4e0     LibTime:Time.obj
 0004:000004e8       $unwind$time2sub           000000000002c4e8     LibTime:Time.obj
 0004:00000500       $unwind$time1              000000000002c500     LibTime:Time.obj
 0004:00000520       $unwind$Time2Efi           000000000002c520     LibTime:TimeEfi.obj
 0004:0000052c       $unwind$transtime          000000000002c52c     LibTime:ZoneProc.obj
 0004:00000544       $unwind$tzparse            000000000002c544     LibTime:ZoneProc.obj
 0004:0000055c       $unwind$ParsePath          000000000002c55c     DevUtility:Path.obj
 0004:00000574       $unwind$open               000000000002c574     LibUefi:SysCalls.obj
 0004:00000588       $unwind$__sbprintf         000000000002c588     LibStdio:vfprintf.obj
 0004:0000059c       $unwind$__wcsconv          000000000002c59c     LibStdio:vfprintf.obj
 0004:000005ac       $unwind$__vfprintf_unlocked 000000000002c5ac     LibStdio:vfprintf.obj
 0004:000005c8       $unwind$__find_arguments   000000000002c5c8     LibStdio:vfprintf.obj
 0004:000005e0       $unwind$cvt                000000000002c5e0     LibStdio:vfprintf.obj
 0004:00000600       $unwind$exponent           000000000002c600     LibStdio:vfprintf.obj
 0004:00000608       $unwind$__sfvwrite         000000000002c608     LibStdio:fvwrite.obj
 0004:00000620       $unwind$__smakebuf         000000000002c620     LibStdio:makebuf.obj
 0004:00000630       $unwind$__swhatbuf         000000000002c630     LibStdio:makebuf.obj
 0004:00000644       $unwind$malloc             000000000002c644     LibStdLib:Malloc.obj
 0004:00000650       $unwind$AsciiSPrint        000000000002c650     BasePrintLib:PrintLib.obj
 0004:00000658       $unwind$BasePrintLibValueToString 000000000002c658     BasePrintLib:PrintLibInternal.obj
 0004:00000658       $unwind$FileHandleGetInfo  000000000002c658     UefiFileHandleLib:UefiFileHandleLib.obj
 0004:00000664       $unwind$BasePrintLibSPrintMarker 000000000002c664     BasePrintLib:PrintLibInternal.obj
 0004:00000680       $unwind$BasePrintLibSPrint 000000000002c680     BasePrintLib:PrintLibInternal.obj
 0004:00000688       $unwind$recv               000000000002c688     BsdSocketLib:recv.obj
 0004:00000688       $unwind$__assert           000000000002c688     LibC:assert.obj
 0004:00000688       $unwind$BslSocketRead      000000000002c688     BsdSocketLib:read.obj
 0004:00000688       $unwind$IsMtrrSupported    000000000002c688     MtrrLib:MtrrLib.obj
 0004:00000690       $unwind$IIO_Read           000000000002c690     LibIIO:IIO.obj
 0004:000006a4       $unwind$IIO_Write          000000000002c6a4     LibIIO:IIO.obj
 0004:000006bc       $unwind$IIO_Echo           000000000002c6bc     LibIIO:IIO.obj
 0004:000006d8       $unwind$IIO_Delete         000000000002c6d8     LibIIO:IIO.obj
 0004:000006e0       $unwind$New_cIIO           000000000002c6e0     LibIIO:IIO.obj
 0004:000006ec       $unwind$IIO_GetOutputSize  000000000002c6ec     LibIIO:IIOutilities.obj
 0004:00000700       $unwind$IIO_WriteOne       000000000002c700     LibIIO:IIOwrite.obj
 0004:0000071c       $unwind$IIO_EchoOne        000000000002c71c     LibIIO:IIOecho.obj
 0004:00000734       $unwind$IIO_CanonRead      000000000002c734     LibIIO:CanonRead.obj
 0004:0000074c       $unwind$socket             000000000002c74c     BsdSocketLib:socket.obj
 0004:00000760       $unwind$AcceptWork         000000000002c760     BsdSocketLib:accept.obj
 0004:00000778       $unwind$send               000000000002c778     BsdSocketLib:send.obj
 0004:00000790       $unwind$recvfrom           000000000002c790     BsdSocketLib:recvfrom.obj
 0004:000007ac       $unwind$__dtoa             000000000002c7ac     LibGdtoa:dtoa.obj
 0004:000007cc       $unwind$__lshift_D2A       000000000002c7cc     LibGdtoa:misc.obj
 0004:000007e8       $unwind$__d2b_D2A          000000000002c7e8     LibGdtoa:misc.obj
 0004:000007f4       $unwind$StrnCat            000000000002c7f4     BaseLib:String.obj
